Linux 5.14.0-570.60.1.el9_6.x86_64 *****) 	03/24/2026 	_x86_64_	(64 CPU)

04:08:04 PM   UID       PID    %usr %system  %guest   %wait    %CPU   CPU  Command
04:08:05 PM  1000   2977950  286.00    5.00    0.00    0.00  291.00     2  java
04:08:06 PM  1000   2977950  293.00    8.00    0.00    0.00  301.00     2  java
04:08:07 PM  1000   2977950  284.00    4.00    0.00    0.00  288.00     2  java
04:08:08 PM  1000   2977950  230.00    7.00    0.00    0.00  237.00     2  java
04:08:09 PM  1000   2977950  232.00    5.00    0.00    0.00  237.00     2  java
04:08:10 PM  1000   2977950  292.00    4.00    0.00    0.00  296.00     2  java
04:08:11 PM  1000   2977950   85.00    0.00    0.00    0.00   85.00     2  java
04:08:12 PM  1000   2977950    1.00    0.00    0.00    0.00    1.00     2  java
04:08:13 PM  1000   2977950    0.00    0.00    0.00    0.00    0.00     2  java
04:08:14 PM  1000   2977950  195.00   11.00    0.00    0.00  206.00     2  java
04:08:15 PM  1000   2977950  366.00   30.00    0.00    0.00  396.00     2  java
04:08:16 PM  1000   2977950  368.00   27.00    0.00    0.00  395.00     2  java
04:08:17 PM  1000   2977950  349.00   45.00    0.00    0.00  394.00     2  java
04:08:18 PM  1000   2977950  360.00   36.00    0.00    0.00  396.00     2  java
04:08:19 PM  1000   2977950  375.00   19.00    0.00    0.00  394.00     2  java
04:08:20 PM  1000   2977950  376.00   18.00    0.00    0.00  394.00     2  java
04:08:21 PM  1000   2977950  374.00   21.00    0.00    0.00  395.00     2  java
04:08:22 PM  1000   2977950  332.00   62.00    0.00    0.00  394.00     2  java
04:08:23 PM  1000   2977950  353.00   41.00    0.00    0.00  394.00     2  java
04:08:24 PM  1000   2977950  357.00   37.00    0.00    0.00  394.00     2  java
04:08:25 PM  1000   2977950  334.00   59.00    0.00    0.00  393.00     2  java
04:08:26 PM  1000   2977950  301.00   95.00    0.00    0.00  396.00     2  java
04:08:27 PM  1000   2977950  300.00   94.00    0.00    0.00  394.00     2  java
04:08:28 PM  1000   2977950  320.00   74.00    0.00    0.00  394.00     2  java
04:08:29 PM  1000   2977950  300.00   94.00    0.00    0.00  394.00     2  java
04:08:30 PM  1000   2977950  291.00  102.00    0.00    0.00  393.00     2  java
04:08:31 PM  1000   2977950  299.00   95.00    0.00    0.00  394.00     2  java
04:08:32 PM  1000   2977950  314.00   79.00    0.00    0.00  393.00     2  java
04:08:33 PM  1000   2977950  348.00   43.00    0.00    0.00  391.00     2  java
04:08:34 PM  1000   2977950  351.00   41.00    0.00    0.00  392.00     2  java
04:08:35 PM  1000   2977950  365.00   27.00    0.00    0.00  392.00     2  java
04:08:36 PM  1000   2977950  359.00   34.00    0.00    0.00  393.00     2  java
04:08:37 PM  1000   2977950  356.00   35.00    0.00    0.00  391.00     2  java
04:08:38 PM  1000   2977950  357.00   35.00    0.00    0.00  392.00     2  java
04:08:39 PM  1000   2977950  353.00   38.00    0.00    0.00  391.00     2  java
04:08:40 PM  1000   2977950  353.00   37.00    0.00    0.00  390.00     2  java
04:08:41 PM  1000   2977950  292.00  101.00    0.00    0.00  393.00     2  java
04:08:42 PM  1000   2977950  228.00  165.00    0.00    0.00  393.00     2  java
04:08:43 PM  1000   2977950  296.00   96.00    0.00    0.00  392.00     2  java
04:08:44 PM  1000   2977950  334.00   55.00    0.00    0.00  389.00     2  java
04:08:45 PM  1000   2977950  333.00   57.00    0.00    0.00  390.00     2  java
04:08:46 PM  1000   2977950  262.00  130.00    0.00    0.00  392.00     2  java
04:08:47 PM  1000   2977950  266.00  126.00    0.00    0.00  392.00     2  java
04:08:48 PM  1000   2977950  251.00  140.00    0.00    0.00  391.00     2  java
04:08:49 PM  1000   2977950  313.00   75.00    0.00    0.00  388.00     2  java
04:08:50 PM  1000   2977950  327.00   63.00    0.00    0.00  390.00     2  java
04:08:51 PM  1000   2977950  323.00   65.00    0.00    0.00  388.00     2  java
04:08:52 PM  1000   2977950  336.00   52.00    0.00    0.00  388.00     2  java
04:08:53 PM  1000   2977950  336.00   52.00    0.00    0.00  388.00     2  java
04:08:54 PM  1000   2977950  337.00   51.00    0.00    0.00  388.00     2  java
04:08:55 PM  1000   2977950  341.00   47.00    0.00    0.00  388.00     2  java
04:08:56 PM  1000   2977950  342.00   47.00    0.00    0.00  389.00     2  java
04:08:57 PM  1000   2977950  339.00   50.00    0.00    0.00  389.00     2  java
04:08:58 PM  1000   2977950  335.00   53.00    0.00    0.00  388.00     2  java
04:08:59 PM  1000   2977950  325.00   63.00    0.00    0.00  388.00     2  java
04:09:00 PM  1000   2977950  341.00   48.00    0.00    0.00  389.00     2  java
04:09:01 PM  1000   2977950  338.00   50.00    0.00    0.00  388.00     2  java
04:09:02 PM  1000   2977950  306.00   84.00    0.00    0.00  390.00     2  java
04:09:03 PM  1000   2977950  301.00   85.00    0.00    0.00  386.00     2  java
04:09:04 PM  1000   2977950  339.00   50.00    0.00    0.00  389.00     2  java
04:09:05 PM  1000   2977950  339.00   49.00    0.00    0.00  388.00     2  java
04:09:06 PM  1000   2977950  327.00   61.00    0.00    0.00  388.00     2  java
04:09:07 PM  1000   2977950  341.00   47.00    0.00    0.00  388.00     2  java
04:09:08 PM  1000   2977950  324.00   65.00    0.00    0.00  389.00     2  java
04:09:09 PM  1000   2977950  339.00   50.00    0.00    0.00  389.00     2  java
04:09:10 PM  1000   2977950  334.00   53.00    0.00    0.00  387.00     2  java
04:09:11 PM  1000   2977950  331.00   57.00    0.00    0.00  388.00     2  java
04:09:12 PM  1000   2977950  335.00   52.00    0.00    0.00  387.00     2  java
04:09:13 PM  1000   2977950  332.00   56.00    0.00    0.00  388.00     2  java
04:09:14 PM  1000   2977950  331.00   56.00    0.00    0.00  387.00     2  java
04:09:15 PM  1000   2977950  329.00   58.00    0.00    0.00  387.00     2  java
04:09:16 PM  1000   2977950  332.00   56.00    0.00    0.00  388.00     2  java
04:09:17 PM  1000   2977950  335.00   53.00    0.00    0.00  388.00     2  java
04:09:18 PM  1000   2977950  308.00   77.00    0.00    0.00  385.00     2  java
04:09:19 PM  1000   2977950  250.00  138.00    0.00    0.00  388.00     2  java
04:09:20 PM  1000   2977950  255.00  133.00    0.00    0.00  388.00     2  java
04:09:21 PM  1000   2977950  261.00  126.00    0.00    0.00  387.00     2  java
04:09:22 PM  1000   2977950  253.00  135.00    0.00    0.00  388.00     2  java
04:09:23 PM  1000   2977950  258.00  130.00    0.00    0.00  388.00     2  java
04:09:24 PM  1000   2977950  269.00  118.00    0.00    0.00  387.00     2  java
04:09:25 PM  1000   2977950  280.00  106.00    0.00    0.00  386.00     2  java
04:09:26 PM  1000   2977950  272.00  116.00    0.00    0.00  388.00     2  java
04:09:27 PM  1000   2977950  279.00  108.00    0.00    0.00  387.00     2  java
04:09:28 PM  1000   2977950  298.00   86.00    0.00    0.00  384.00     2  java
04:09:29 PM  1000   2977950  290.00   96.00    0.00    0.00  386.00     2  java
04:09:30 PM  1000   2977950  274.00  113.00    0.00    0.00  387.00     2  java
04:09:31 PM  1000   2977950  275.00  112.00    0.00    0.00  387.00     2  java
04:09:32 PM  1000   2977950  264.00  124.00    0.00    0.00  388.00     2  java
04:09:33 PM  1000   2977950  285.00  101.00    0.00    0.00  386.00     2  java
04:09:34 PM  1000   2977950  215.00  175.00    0.00    0.00  390.00     2  java
04:09:35 PM  1000   2977950  266.00  120.00    0.00    0.00  386.00     2  java
04:09:36 PM  1000   2977950  262.00  125.00    0.00    0.00  387.00     2  java
04:09:37 PM  1000   2977950  269.00  118.00    0.00    0.00  387.00     2  java
04:09:38 PM  1000   2977950  269.00  118.00    0.00    0.00  387.00     2  java
04:09:39 PM  1000   2977950  270.00  117.00    0.00    0.00  387.00     2  java
04:09:40 PM  1000   2977950  294.00   91.00    0.00    0.00  385.00     2  java
04:09:41 PM  1000   2977950  280.00  106.00    0.00    0.00  386.00     2  java
04:09:42 PM  1000   2977950  252.00  136.00    0.00    0.00  388.00     2  java
04:09:43 PM  1000   2977950  270.00  116.00    0.00    0.00  386.00     2  java
04:09:44 PM  1000   2977950  302.00   81.00    0.00    0.00  383.00     2  java
04:09:45 PM  1000   2977950  252.00  136.00    0.00    0.00  388.00     2  java
04:09:46 PM  1000   2977950  266.00  119.00    0.00    0.00  385.00     2  java
04:09:47 PM  1000   2977950  241.00  146.00    0.00    0.00  387.00     2  java
04:09:48 PM  1000   2977950  263.00  123.00    0.00    0.00  386.00     2  java
04:09:49 PM  1000   2977950  269.00  116.00    0.00    0.00  385.00     2  java
04:09:50 PM  1000   2977950  285.00   98.00    0.00    0.00  383.00     2  java
04:09:51 PM  1000   2977950  236.00  152.00    0.00    0.00  388.00     2  java
04:09:52 PM  1000   2977950  261.00  125.00    0.00    0.00  386.00     2  java
04:09:53 PM  1000   2977950  287.00   98.00    0.00    0.00  385.00     2  java
04:09:54 PM  1000   2977950  259.00  127.00    0.00    0.00  386.00     2  java
04:09:55 PM  1000   2977950  251.00  135.00    0.00    0.00  386.00     2  java
04:09:56 PM  1000   2977950  281.00  104.00    0.00    0.00  385.00     2  java
04:09:57 PM  1000   2977950  236.00  151.00    0.00    0.00  387.00     2  java
04:09:58 PM  1000   2977950  254.00  131.00    0.00    0.00  385.00     2  java
04:09:59 PM  1000   2977950  275.00  110.00    0.00    0.00  385.00     2  java
04:10:00 PM  1000   2977950  252.00  134.00    0.00    0.00  386.00     2  java
04:10:01 PM  1000   2977950  260.00  126.00    0.00    0.00  386.00     2  java
04:10:02 PM  1000   2977950  253.00  133.00    0.00    0.00  386.00     2  java
04:10:03 PM  1000   2977950  267.00  118.00    0.00    0.00  385.00     2  java
04:10:04 PM  1000   2977950  248.00  138.00    0.00    0.00  386.00     2  java
04:10:05 PM  1000   2977950  258.00  127.00    0.00    0.00  385.00     2  java
04:10:06 PM  1000   2977950  265.00  120.00    0.00    0.00  385.00     2  java
04:10:07 PM  1000   2977950  264.00  121.00    0.00    0.00  385.00     2  java
04:10:08 PM  1000   2977950  281.00  102.00    0.00    0.00  383.00     2  java
04:10:09 PM  1000   2977950  265.00  119.00    0.00    0.00  384.00     2  java
04:10:10 PM  1000   2977950  229.00  157.00    0.00    0.00  386.00     2  java
04:10:11 PM  1000   2977950  248.00  137.00    0.00    0.00  385.00     2  java
04:10:12 PM  1000   2977950  256.00  128.00    0.00    0.00  384.00     2  java
04:10:13 PM  1000   2977950  237.00  150.00    0.00    0.00  387.00     2  java
04:10:14 PM  1000   2977950  265.00  117.00    0.00    0.00  382.00     2  java
04:10:15 PM  1000   2977950  270.00  115.00    0.00    0.00  385.00     2  java
04:10:16 PM  1000   2977950  237.00  149.00    0.00    0.00  386.00     2  java
04:10:17 PM  1000   2977950  232.00  153.00    0.00    0.00  385.00     2  java
04:10:18 PM  1000   2977950  268.00  117.00    0.00    0.00  385.00     2  java
04:10:19 PM  1000   2977950  264.00  119.00    0.00    0.00  383.00     2  java
04:10:20 PM  1000   2977950  232.00   78.00    0.00    0.00  310.00     2  java
04:10:21 PM  1000   2977950  199.00    0.00    0.00    0.00  199.00     2  java
04:10:22 PM  1000   2977950  199.00    0.00    0.00    0.00  199.00     2  java
04:10:23 PM  1000   2977950  199.00    0.00    0.00    0.00  199.00     2  java
04:10:24 PM  1000   2977950  199.00    0.00    0.00    0.00  199.00     2  java
04:10:25 PM  1000   2977950  199.00    0.00    0.00    0.00  199.00     2  java
04:10:26 PM  1000   2977950   95.00    1.00    0.00    0.00   96.00     2  java
04:10:27 PM  1000   2977950    3.00    0.00    0.00    0.00    3.00     2  java
04:10:28 PM  1000   2977950    0.00    0.00    0.00    0.00    0.00     2  java
04:10:29 PM  1000   2977950    0.00    0.00    0.00    0.00    0.00     2  java
04:10:30 PM  1000   2977950    0.00    0.00    0.00    0.00    0.00     2  java
04:10:31 PM  1000   2977950    0.00    0.00    0.00    0.00    0.00     2  java
04:10:32 PM  1000   2977950    0.00    0.00    0.00    0.00    0.00     2  java
04:10:33 PM  1000   2977950    0.00    0.00    0.00    0.00    0.00     2  java
04:10:34 PM  1000   2977950    0.00    0.00    0.00    0.00    0.00     2  java
04:10:35 PM  1000   2977950    1.00    0.00    0.00    0.00    1.00     2  java
04:10:36 PM  1000   2977950    0.00    0.00    0.00    0.00    0.00     2  java
04:10:37 PM  1000   2977950    0.00    0.00    0.00    0.00    0.00     2  java
04:10:38 PM  1000   2977950    0.00    0.00    0.00    0.00    0.00     2  java
04:10:39 PM  1000   2977950    0.00    0.00    0.00    0.00    0.00     2  java
04:10:40 PM  1000   2977950    0.00    0.00    0.00    0.00    0.00     2  java
04:10:41 PM  1000   2977950    0.00    0.00    0.00    0.00    0.00     2  java
04:10:42 PM  1000   2977950    0.00    0.00    0.00    0.00    0.00     2  java
04:10:43 PM  1000   2977950    0.00    0.00    0.00    0.00    0.00     2  java
04:10:44 PM  1000   2977950    0.00    0.00    0.00    0.00    0.00     2  java
04:10:45 PM  1000   2977950    0.00    0.00    0.00    0.00    0.00     2  java
04:10:46 PM  1000   2977950    0.00    0.00    0.00    0.00    0.00     2  java
04:10:47 PM  1000   2977950    0.00    0.00    0.00    0.00    0.00     2  java
04:10:48 PM  1000   2977950    1.00    0.00    0.00    0.00    1.00     2  java
04:10:49 PM  1000   2977950    0.00    0.00    0.00    0.00    0.00     2  java
04:10:50 PM  1000   2977950    0.00    0.00    0.00    0.00    0.00     2  java
04:10:51 PM  1000   2977950    0.00    0.00    0.00    0.00    0.00     2  java
04:10:52 PM  1000   2977950    0.00    0.00    0.00    0.00    0.00     2  java
04:10:53 PM  1000   2977950    0.00    0.00    0.00    0.00    0.00     2  java
04:10:54 PM  1000   2977950    0.00    0.00    0.00    0.00    0.00     2  java
04:10:55 PM  1000   2977950  133.00  114.00    0.00    0.00  247.00     2  java
04:10:56 PM  1000   2977950  241.00  140.00    0.00    0.00  381.00     2  java
04:10:57 PM  1000   2977950  266.00  113.00    0.00    0.00  379.00     2  java
04:10:58 PM  1000   2977950  226.00  158.00    0.00    0.00  384.00     2  java
04:10:59 PM  1000   2977950  233.00  146.00    0.00    0.00  379.00     2  java
04:11:00 PM  1000   2977950  224.00  155.00    0.00    0.00  379.00     2  java
04:11:01 PM  1000   2977950  225.00  151.00    0.00    0.00  376.00     2  java
04:11:02 PM  1000   2977950  195.00  188.00    0.00    0.00  383.00     2  java
04:11:03 PM  1000   2977950  192.00  190.00    0.00    0.00  382.00     2  java
04:11:04 PM  1000   2977950  230.00  149.00    0.00    0.00  379.00     2  java
04:11:05 PM  1000   2977950  235.00  141.00    0.00    0.00  376.00     2  java
04:11:06 PM  1000   2977950  220.00  159.00    0.00    0.00  379.00     2  java
04:11:07 PM  1000   2977950  222.00  155.00    0.00    0.00  377.00     2  java
04:11:08 PM  1000   2977950  214.00  163.00    0.00    0.00  377.00     2  java
04:11:09 PM  1000   2977950  219.00  160.00    0.00    0.00  379.00     2  java
04:11:10 PM  1000   2977950  177.00  207.00    0.00    0.00  384.00     2  java
04:11:11 PM  1000   2977950  204.00  177.00    0.00    0.00  381.00     2  java
04:11:12 PM  1000   2977950  213.00  167.00    0.00    0.00  380.00     2  java
04:11:13 PM  1000   2977950  228.00  151.00    0.00    0.00  379.00     2  java
04:11:14 PM  1000   2977950  188.00  195.00    0.00    0.00  383.00     2  java
04:11:15 PM  1000   2977950  222.00  156.00    0.00    0.00  378.00     2  java
04:11:16 PM  1000   2977950  213.00  167.00    0.00    0.00  380.00     2  java
04:11:17 PM  1000   2977950  193.00  189.00    0.00    0.00  382.00     2  java
04:11:18 PM  1000   2977950  216.00  164.00    0.00    0.00  380.00     2  java
04:11:19 PM  1000   2977950  232.00  145.00    0.00    0.00  377.00     2  java
04:11:20 PM  1000   2977950  217.00  161.00    0.00    0.00  378.00     2  java
04:11:21 PM  1000   2977950  231.00  147.00    0.00    0.00  378.00     2  java
04:11:22 PM  1000   2977950  209.00  170.00    0.00    0.00  379.00     2  java
04:11:23 PM  1000   2977950  206.00  175.00    0.00    0.00  381.00     2  java
04:11:24 PM  1000   2977950  238.00  139.00    0.00    0.00  377.00     2  java
04:11:25 PM  1000   2977950  206.00  174.00    0.00    0.00  380.00     2  java
04:11:26 PM  1000   2977950  214.00  165.00    0.00    0.00  379.00     2  java
04:11:27 PM  1000   2977950  210.00  170.00    0.00    0.00  380.00     2  java
04:11:28 PM  1000   2977950  202.00  180.00    0.00    0.00  382.00     2  java
04:11:29 PM  1000   2977950  220.00  159.00    0.00    0.00  379.00     2  java
04:11:30 PM  1000   2977950  214.00  165.00    0.00    0.00  379.00     2  java
04:11:31 PM  1000   2977950   90.00   57.00    0.00    0.00  147.00     2  java
04:11:32 PM  1000   2977950    0.00    0.00    0.00    0.00    0.00     2  java
04:11:33 PM  1000   2977950    0.00    0.00    0.00    0.00    0.00     2  java
04:11:34 PM  1000   2977950    0.00    0.00    0.00    0.00    0.00     2  java
