Linux 5.14.0-570.60.1.el9_6.x86_64 *****) 	03/24/2026 	_x86_64_	(64 CPU)

07:15:12 PM   UID       PID    %usr %system  %guest   %wait    %CPU   CPU  Command
07:15:13 PM  1000   3101885   44.00   41.00    0.00    0.00   85.00     2  springboot4
07:15:14 PM  1000   3101885    2.00    0.00    0.00    0.00    2.00     2  springboot4
07:15:15 PM  1000   3101885    0.00    0.00    0.00    0.00    0.00     2  springboot4
07:15:16 PM  1000   3101885    0.00    0.00    0.00    0.00    0.00     2  springboot4
07:15:17 PM  1000   3101885    0.00    0.00    0.00    0.00    0.00     2  springboot4
07:15:18 PM  1000   3101885    0.00    1.00    0.00    0.00    1.00     2  springboot4
07:15:19 PM  1000   3101885    0.00    0.00    0.00    0.00    0.00     2  springboot4
07:15:20 PM  1000   3101885    0.00    0.00    0.00    0.00    0.00     2  springboot4
07:15:21 PM  1000   3101885    1.00    0.00    0.00    0.00    1.00     2  springboot4
07:15:22 PM  1000   3101885  104.00   31.00    0.00    0.00  135.00     6  springboot4
07:15:23 PM  1000   3101885  240.00  118.00    0.00    0.00  358.00     6  springboot4
07:15:24 PM  1000   3101885  285.00   74.00    0.00    0.00  359.00     8  springboot4
07:15:25 PM  1000   3101885  229.00  133.00    0.00    0.00  362.00     6  springboot4
07:15:26 PM  1000   3101885  266.00  107.00    0.00    0.00  373.00     6  springboot4
07:15:27 PM  1000   3101885  253.00  104.00    0.00    0.00  357.00     6  springboot4
07:15:28 PM  1000   3101885  298.00   71.00    0.00    0.00  369.00     6  springboot4
07:15:29 PM  1000   3101885  266.00  100.00    0.00    0.00  366.00     6  springboot4
07:15:30 PM  1000   3101885  302.00   74.00    0.00    0.00  376.00     6  springboot4
07:15:31 PM  1000   3101885  297.00   65.00    0.00    0.00  362.00     6  springboot4
07:15:32 PM  1000   3101885  250.00  125.00    0.00    0.00  375.00     6  springboot4
07:15:33 PM  1000   3101885  259.00  106.00    0.00    0.00  365.00     6  springboot4
07:15:34 PM  1000   3101885  245.00  129.00    0.00    0.00  374.00     6  springboot4
07:15:35 PM  1000   3101885  235.00  125.00    0.00    0.00  360.00     6  springboot4
07:15:36 PM  1000   3101885  278.00   93.00    0.00    0.00  371.00     6  springboot4
07:15:37 PM  1000   3101885  259.00  104.00    0.00    0.00  363.00     6  springboot4
07:15:38 PM  1000   3101885  259.00  113.00    0.00    0.00  372.00     6  springboot4
07:15:39 PM  1000   3101885  270.00   93.00    0.00    0.00  363.00     6  springboot4
07:15:40 PM  1000   3101885  275.00   94.00    0.00    0.00  369.00     6  springboot4
07:15:41 PM  1000   3101885  231.00  132.00    0.00    0.00  363.00     6  springboot4
07:15:42 PM  1000   3101885  243.00  133.00    0.00    0.00  376.00     6  springboot4
07:15:43 PM  1000   3101885  244.00  119.00    0.00    0.00  363.00     6  springboot4
07:15:44 PM  1000   3101885  272.00  102.00    0.00    0.00  374.00     6  springboot4
07:15:45 PM  1000   3101885  247.00  114.00    0.00    0.00  361.00     6  springboot4
07:15:46 PM  1000   3101885  265.00  111.00    0.00    0.00  376.00     6  springboot4
07:15:47 PM  1000   3101885  275.00  103.00    0.00    0.00  378.00     6  springboot4
07:15:48 PM  1000   3101885  267.00   91.00    0.00    0.00  358.00     6  springboot4
07:15:49 PM  1000   3101885  246.00  133.00    0.00    0.00  379.00     6  springboot4
07:15:50 PM  1000   3101885  266.00   99.00    0.00    0.00  365.00     6  springboot4
07:15:51 PM  1000   3101885  288.00   80.00    0.00    0.00  368.00     6  springboot4
07:15:52 PM  1000   3101885  286.00   78.00    0.00    0.00  364.00     6  springboot4
07:15:53 PM  1000   3101885  220.00  160.00    0.00    0.00  380.00     6  springboot4
07:15:54 PM  1000   3101885  218.00  145.00    0.00    0.00  363.00     6  springboot4
07:15:55 PM  1000   3101885  262.00  110.00    0.00    0.00  372.00     6  springboot4
07:15:56 PM  1000   3101885  285.00   73.00    0.00    0.00  358.00     6  springboot4
07:15:57 PM  1000   3101885  256.00  104.00    0.00    0.00  360.00     6  springboot4
07:15:58 PM  1000   3101885  256.00  120.00    0.00    0.00  376.00     6  springboot4
07:15:59 PM  1000   3101885  256.00  124.00    0.00    0.00  380.00     6  springboot4
07:16:00 PM  1000   3101885  265.00   97.00    0.00    0.00  362.00     6  springboot4
07:16:01 PM  1000   3101885  262.00  113.00    0.00    0.00  375.00     6  springboot4
07:16:02 PM  1000   3101885  234.00  128.00    0.00    0.00  362.00     6  springboot4
07:16:03 PM  1000   3101885  240.00  137.00    0.00    0.00  377.00     6  springboot4
07:16:04 PM  1000   3101885  232.00  129.00    0.00    0.00  361.00     6  springboot4
07:16:05 PM  1000   3101885  270.00   99.00    0.00    0.00  369.00     6  springboot4
07:16:06 PM  1000   3101885  273.00   87.00    0.00    0.00  360.00     6  springboot4
07:16:07 PM  1000   3101885  272.00  102.00    0.00    0.00  374.00     6  springboot4
07:16:08 PM  1000   3101885  270.00   88.00    0.00    0.00  358.00     6  springboot4
07:16:09 PM  1000   3101885  273.00   98.00    0.00    0.00  371.00     6  springboot4
07:16:10 PM  1000   3101885  268.00   97.00    0.00    0.00  365.00     6  springboot4
07:16:11 PM  1000   3101885  266.00  102.00    0.00    0.00  368.00     6  springboot4
07:16:12 PM  1000   3101885  230.00  135.00    0.00    0.00  365.00     6  springboot4
07:16:13 PM  1000   3101885  292.00   83.00    0.00    0.00  375.00     6  springboot4
07:16:14 PM  1000   3101885  255.00  109.00    0.00    0.00  364.00     6  springboot4
07:16:15 PM  1000   3101885  261.00  112.00    0.00    0.00  373.00     6  springboot4
07:16:16 PM  1000   3101885  257.00  105.00    0.00    0.00  362.00     6  springboot4
07:16:17 PM  1000   3101885  267.00  106.00    0.00    0.00  373.00     6  springboot4
07:16:18 PM  1000   3101885  251.00  116.00    0.00    0.00  367.00     6  springboot4
07:16:19 PM  1000   3101885  238.00  135.00    0.00    0.00  373.00     6  springboot4
07:16:20 PM  1000   3101885  278.00   86.00    0.00    0.00  364.00     6  springboot4
07:16:21 PM  1000   3101885  267.00  108.00    0.00    0.00  375.00     6  springboot4
07:16:22 PM  1000   3101885  244.00  119.00    0.00    0.00  363.00     6  springboot4
07:16:23 PM  1000   3101885  266.00  102.00    0.00    0.00  368.00     6  springboot4
07:16:24 PM  1000   3101885  255.00  107.00    0.00    0.00  362.00     6  springboot4
07:16:25 PM  1000   3101885  269.00  100.00    0.00    0.00  369.00     6  springboot4
07:16:26 PM  1000   3101885  270.00   93.00    0.00    0.00  363.00     6  springboot4
07:16:27 PM  1000   3101885  271.00  101.00    0.00    0.00  372.00     6  springboot4
07:16:28 PM  1000   3101885  257.00  107.00    0.00    0.00  364.00     6  springboot4
07:16:29 PM  1000   3101885  302.00   68.00    0.00    0.00  370.00     6  springboot4
07:16:30 PM  1000   3101885  265.00  103.00    0.00    0.00  368.00     6  springboot4
07:16:31 PM  1000   3101885  293.00   76.00    0.00    0.00  369.00     6  springboot4
07:16:32 PM  1000   3101885  260.00  105.00    0.00    0.00  365.00     6  springboot4
07:16:33 PM  1000   3101885  266.00  104.00    0.00    0.00  370.00     6  springboot4
07:16:34 PM  1000   3101885  250.00  130.00    0.00    0.00  380.00     6  springboot4
07:16:35 PM  1000   3101885  251.00  109.00    0.00    0.00  360.00     6  springboot4
07:16:36 PM  1000   3101885  266.00   90.00    0.00    0.00  356.00     6  springboot4
07:16:37 PM  1000   3101885  240.00  131.00    0.00    0.00  371.00     6  springboot4
07:16:38 PM  1000   3101885  267.00  110.00    0.00    0.00  377.00     6  springboot4
07:16:39 PM  1000   3101885  252.00  110.00    0.00    0.00  362.00     6  springboot4
07:16:40 PM  1000   3101885  284.00   92.00    0.00    0.00  376.00     6  springboot4
07:16:41 PM  1000   3101885  258.00  103.00    0.00    0.00  361.00     8  springboot4
07:16:42 PM  1000   3101885  226.00  151.00    0.00    0.00  377.00     8  springboot4
07:16:43 PM  1000   3101885  274.00   93.00    0.00    0.00  367.00     8  springboot4
07:16:44 PM  1000   3101885  238.00  136.00    0.00    0.00  374.00     8  springboot4
07:16:45 PM  1000   3101885  285.00   75.00    0.00    0.00  360.00     8  springboot4
07:16:46 PM  1000   3101885  283.00   91.00    0.00    0.00  374.00     8  springboot4
07:16:47 PM  1000   3101885  252.00  104.00    0.00    0.00  356.00     8  springboot4
07:16:48 PM  1000   3101885  249.00  125.00    0.00    0.00  374.00     8  springboot4
07:16:49 PM  1000   3101885  241.00  121.00    0.00    0.00  362.00     8  springboot4
07:16:50 PM  1000   3101885  261.00   97.00    0.00    0.00  358.00     8  springboot4
07:16:51 PM  1000   3101885  262.00  113.00    0.00    0.00  375.00     8  springboot4
07:16:52 PM  1000   3101885  270.00   91.00    0.00    0.00  361.00     8  springboot4
07:16:53 PM  1000   3101885  226.00  156.00    0.00    0.00  382.00     8  springboot4
07:16:54 PM  1000   3101885  252.00  119.00    0.00    0.00  371.00     8  springboot4
07:16:55 PM  1000   3101885  238.00  125.00    0.00    0.00  363.00     8  springboot4
07:16:56 PM  1000   3101885  223.00  152.00    0.00    0.00  375.00     8  springboot4
07:16:57 PM  1000   3101885  239.00  123.00    0.00    0.00  362.00     8  springboot4
07:16:58 PM  1000   3101885  249.00  126.00    0.00    0.00  375.00     8  springboot4
07:16:59 PM  1000   3101885  231.00  134.00    0.00    0.00  365.00     8  springboot4
07:17:00 PM  1000   3101885  274.00  103.00    0.00    0.00  377.00     8  springboot4
07:17:01 PM  1000   3101885  242.00  125.00    0.00    0.00  367.00     8  springboot4
07:17:02 PM  1000   3101885  228.00  146.00    0.00    0.00  374.00     8  springboot4
07:17:03 PM  1000   3101885  240.00  135.00    0.00    0.00  375.00     8  springboot4
07:17:04 PM  1000   3101885  264.00   98.00    0.00    0.00  362.00     8  springboot4
07:17:05 PM  1000   3101885  237.00  141.00    0.00    0.00  378.00     8  springboot4
07:17:06 PM  1000   3101885  289.00   73.00    0.00    0.00  362.00     8  springboot4
07:17:07 PM  1000   3101885  259.00  120.00    0.00    0.00  379.00     8  springboot4
07:17:08 PM  1000   3101885  240.00  125.00    0.00    0.00  365.00     8  springboot4
07:17:09 PM  1000   3101885  283.00   86.00    0.00    0.00  369.00     8  springboot4
07:17:10 PM  1000   3101885  277.00   82.00    0.00    0.00  359.00     8  springboot4
07:17:11 PM  1000   3101885  269.00  105.00    0.00    0.00  374.00     8  springboot4
07:17:12 PM  1000   3101885  247.00  117.00    0.00    0.00  364.00     8  springboot4
07:17:13 PM  1000   3101885  233.00  144.00    0.00    0.00  377.00     8  springboot4
07:17:14 PM  1000   3101885  263.00  100.00    0.00    0.00  363.00     8  springboot4
07:17:15 PM  1000   3101885  227.00  150.00    0.00    0.00  377.00     8  springboot4
07:17:16 PM  1000   3101885  252.00  127.00    0.00    0.00  379.00     8  springboot4
07:17:17 PM  1000   3101885  255.00  111.00    0.00    0.00  366.00     8  springboot4
07:17:18 PM  1000   3101885  280.00   93.00    0.00    0.00  373.00     8  springboot4
07:17:19 PM  1000   3101885  240.00  127.00    0.00    0.00  367.00     8  springboot4
07:17:20 PM  1000   3101885  260.00  112.00    0.00    0.00  372.00     8  springboot4
07:17:21 PM  1000   3101885  281.00   77.00    0.00    0.00  358.00     8  springboot4
07:17:22 PM  1000   3101885  247.00  131.00    0.00    0.00  378.00     8  springboot4
07:17:23 PM  1000   3101885  244.00  119.00    0.00    0.00  363.00     8  springboot4
07:17:24 PM  1000   3101885  263.00  114.00    0.00    0.00  377.00     8  springboot4
07:17:25 PM  1000   3101885  253.00  112.00    0.00    0.00  365.00     8  springboot4
07:17:26 PM  1000   3101885  244.00  131.00    0.00    0.00  375.00     8  springboot4
07:17:27 PM  1000   3101885  268.00   94.00    0.00    0.00  362.00     8  springboot4
07:17:28 PM  1000   3101885  118.00  112.00    0.00    0.00  230.00     8  springboot4
07:17:29 PM  1000   3101885    0.00    0.00    0.00    0.00    0.00     8  springboot4
07:17:30 PM  1000   3101885    0.00    0.00    0.00    0.00    0.00     8  springboot4
07:17:31 PM  1000   3101885    0.00    0.00    0.00    0.00    0.00     8  springboot4
07:17:32 PM  1000   3101885    0.00    0.00    0.00    0.00    0.00     8  springboot4
07:17:33 PM  1000   3101885    1.00    0.00    0.00    0.00    1.00     8  springboot4
07:17:34 PM  1000   3101885    0.00    0.00    0.00    0.00    0.00     8  springboot4
07:17:35 PM  1000   3101885    0.00    0.00    0.00    0.00    0.00     8  springboot4
07:17:36 PM  1000   3101885    0.00    0.00    0.00    0.00    0.00     8  springboot4
07:17:37 PM  1000   3101885    0.00    0.00    0.00    0.00    0.00     8  springboot4
07:17:38 PM  1000   3101885    1.00    0.00    0.00    0.00    1.00     8  springboot4
07:17:39 PM  1000   3101885    0.00    0.00    0.00    0.00    0.00     8  springboot4
07:17:40 PM  1000   3101885    0.00    0.00    0.00    0.00    0.00     8  springboot4
07:17:41 PM  1000   3101885    0.00    0.00    0.00    0.00    0.00     4  springboot4
07:17:42 PM  1000   3101885    0.00    0.00    0.00    0.00    0.00     4  springboot4
07:17:43 PM  1000   3101885    0.00    0.00    0.00    0.00    0.00     4  springboot4
07:17:44 PM  1000   3101885    1.00    0.00    0.00    0.00    1.00     4  springboot4
07:17:45 PM  1000   3101885    0.00    0.00    0.00    0.00    0.00     4  springboot4
07:17:46 PM  1000   3101885    0.00    0.00    0.00    0.00    0.00     4  springboot4
07:17:47 PM  1000   3101885    0.00    0.00    0.00    0.00    0.00     4  springboot4
07:17:48 PM  1000   3101885    0.00    0.00    0.00    0.00    0.00     4  springboot4
07:17:49 PM  1000   3101885    0.00    0.00    0.00    0.00    0.00     4  springboot4
07:17:50 PM  1000   3101885    0.00    0.00    0.00    0.00    0.00     4  springboot4
07:17:51 PM  1000   3101885    0.00    0.00    0.00    0.00    0.00     4  springboot4
07:17:52 PM  1000   3101885    0.00    0.00    0.00    0.00    0.00     4  springboot4
07:17:53 PM  1000   3101885    1.00    0.00    0.00    0.00    1.00     4  springboot4
07:17:54 PM  1000   3101885    0.00    0.00    0.00    0.00    0.00     4  springboot4
07:17:55 PM  1000   3101885    0.00    0.00    0.00    0.00    0.00     4  springboot4
07:17:56 PM  1000   3101885    0.00    0.00    0.00    0.00    0.00     4  springboot4
07:17:57 PM  1000   3101885    0.00    0.00    0.00    0.00    0.00     4  springboot4
07:17:58 PM  1000   3101885    0.00    0.00    0.00    0.00    0.00     4  springboot4
07:17:59 PM  1000   3101885    0.00    0.00    0.00    0.00    0.00     4  springboot4
07:18:00 PM  1000   3101885    0.00    0.00    0.00    0.00    0.00     4  springboot4
07:18:01 PM  1000   3101885    0.00    0.00    0.00    0.00    0.00     4  springboot4
07:18:02 PM  1000   3101885    1.00    0.00    0.00    0.00    1.00     4  springboot4
07:18:03 PM  1000   3101885  158.00   66.00    0.00    0.00  224.00     6  springboot4
07:18:04 PM  1000   3101885  244.00  118.00    0.00    0.00  362.00     6  springboot4
07:18:05 PM  1000   3101885  220.00  162.00    0.00    0.00  382.00     6  springboot4
07:18:06 PM  1000   3101885  283.00   90.00    0.00    0.00  373.00     6  springboot4
07:18:07 PM  1000   3101885  280.00   86.00    0.00    0.00  366.00     6  springboot4
07:18:08 PM  1000   3101885  301.00   74.00    0.00    0.00  375.00     6  springboot4
07:18:09 PM  1000   3101885  276.00   82.00    0.00    0.00  358.00     6  springboot4
07:18:10 PM  1000   3101885  235.00  143.00    0.00    0.00  378.00     6  springboot4
07:18:11 PM  1000   3101885  245.00  117.00    0.00    0.00  362.00     6  springboot4
07:18:12 PM  1000   3101885  291.00   84.00    0.00    0.00  375.00     6  springboot4
07:18:13 PM  1000   3101885  279.00   84.00    0.00    0.00  363.00     8  springboot4
07:18:14 PM  1000   3101885  285.00   87.00    0.00    0.00  372.00     8  springboot4
07:18:15 PM  1000   3101885  278.00   82.00    0.00    0.00  360.00     8  springboot4
07:18:16 PM  1000   3101885  276.00   94.00    0.00    0.00  370.00     8  springboot4
07:18:17 PM  1000   3101885  274.00   92.00    0.00    0.00  366.00     8  springboot4
07:18:18 PM  1000   3101885  272.00  102.00    0.00    0.00  374.00     8  springboot4
07:18:19 PM  1000   3101885  224.00  139.00    0.00    0.00  363.00     8  springboot4
07:18:20 PM  1000   3101885  278.00   94.00    0.00    0.00  372.00     8  springboot4
07:18:21 PM  1000   3101885  268.00   95.00    0.00    0.00  363.00     8  springboot4
07:18:22 PM  1000   3101885  291.00   84.00    0.00    0.00  375.00     8  springboot4
07:18:23 PM  1000   3101885  295.00   67.00    0.00    0.00  362.00     8  springboot4
07:18:24 PM  1000   3101885  277.00   95.00    0.00    0.00  372.00     8  springboot4
07:18:25 PM  1000   3101885  249.00  117.00    0.00    0.00  366.00     8  springboot4
07:18:26 PM  1000   3101885  244.00  127.00    0.00    0.00  371.00     8  springboot4
07:18:27 PM  1000   3101885  227.00  155.00    0.00    0.00  382.00     8  springboot4
07:18:28 PM  1000   3101885  290.00   71.00    0.00    0.00  361.00     8  springboot4
07:18:29 PM  1000   3101885  253.00  124.00    0.00    0.00  377.00     8  springboot4
07:18:30 PM  1000   3101885  282.00   76.00    0.00    0.00  358.00     8  springboot4
07:18:31 PM  1000   3101885  232.00  148.00    0.00    0.00  380.00     8  springboot4
07:18:32 PM  1000   3101885  260.00  104.00    0.00    0.00  364.00     8  springboot4
07:18:33 PM  1000   3101885  295.00   78.00    0.00    0.00  373.00     8  springboot4
07:18:34 PM  1000   3101885  261.00   98.00    0.00    0.00  359.00     8  springboot4
07:18:35 PM  1000   3101885  244.00  130.00    0.00    0.00  374.00     8  springboot4
07:18:36 PM  1000   3101885  267.00   98.00    0.00    0.00  365.00     8  springboot4
07:18:37 PM  1000   3101885  235.00  138.00    0.00    0.00  373.00     8  springboot4
07:18:38 PM  1000   3101885  257.00  105.00    0.00    0.00  362.00     8  springboot4
07:18:39 PM  1000   3101885  132.00   44.00    0.00    0.00  176.00     8  springboot4
07:18:40 PM  1000   3101885    0.00    0.00    0.00    0.00    0.00     8  springboot4
07:18:41 PM  1000   3101885    0.00    0.00    0.00    0.00    0.00     8  springboot4
07:18:42 PM  1000   3101885    0.00    0.00    0.00    0.00    0.00     8  springboot4
