Linux 5.14.0-570.60.1.el9_6.x86_64 *****) 	03/24/2026 	_x86_64_	(64 CPU)

05:34:11 PM   UID       PID    %usr %system  %guest   %wait    %CPU   CPU  Command
05:34:12 PM  1000   3035194   14.00    3.00    0.00    0.00   17.00     6  springboot3
05:34:13 PM  1000   3035194    0.00    0.00    0.00    0.00    0.00     6  springboot3
05:34:14 PM  1000   3035194    0.00    0.00    0.00    0.00    0.00     6  springboot3
05:34:15 PM  1000   3035194    0.00    0.00    0.00    0.00    0.00     6  springboot3
05:34:16 PM  1000   3035194    0.00    0.00    0.00    0.00    0.00     6  springboot3
05:34:17 PM  1000   3035194    0.00    0.00    0.00    0.00    0.00     6  springboot3
05:34:18 PM  1000   3035194    1.00    0.00    0.00    0.00    1.00     6  springboot3
05:34:19 PM  1000   3035194    0.00    0.00    0.00    0.00    0.00     6  springboot3
05:34:20 PM  1000   3035194    0.00    0.00    0.00    0.00    0.00     6  springboot3
05:34:21 PM  1000   3035194  113.00   30.00    0.00    0.00  143.00     4  springboot3
05:34:22 PM  1000   3035194  298.00   68.00    0.00    0.00  366.00     2  springboot3
05:34:23 PM  1000   3035194  308.00   71.00    0.00    0.00  379.00     2  springboot3
05:34:24 PM  1000   3035194  292.00   72.00    0.00    0.00  364.00     2  springboot3
05:34:25 PM  1000   3035194  305.00   73.00    0.00    0.00  378.00     2  springboot3
05:34:26 PM  1000   3035194  298.00   69.00    0.00    0.00  367.00     2  springboot3
05:34:27 PM  1000   3035194  302.00   72.00    0.00    0.00  374.00     2  springboot3
05:34:28 PM  1000   3035194  309.00   71.00    0.00    0.00  380.00     2  springboot3
05:34:29 PM  1000   3035194  301.00   64.00    0.00    0.00  365.00     2  springboot3
05:34:30 PM  1000   3035194  299.00   72.00    0.00    0.00  371.00     2  springboot3
05:34:31 PM  1000   3035194  295.00   71.00    0.00    0.00  366.00     8  springboot3
05:34:32 PM  1000   3035194  309.00   67.00    0.00    0.00  376.00     8  springboot3
05:34:33 PM  1000   3035194  311.00   67.00    0.00    0.00  378.00     8  springboot3
05:34:34 PM  1000   3035194  298.00   69.00    0.00    0.00  367.00     8  springboot3
05:34:35 PM  1000   3035194  297.00   77.00    0.00    0.00  374.00     8  springboot3
05:34:36 PM  1000   3035194  299.00   69.00    0.00    0.00  368.00     2  springboot3
05:34:37 PM  1000   3035194  308.00   72.00    0.00    0.00  380.00     2  springboot3
05:34:38 PM  1000   3035194  300.00   69.00    0.00    0.00  369.00     2  springboot3
05:34:39 PM  1000   3035194  305.00   71.00    0.00    0.00  376.00     2  springboot3
05:34:40 PM  1000   3035194  307.00   69.00    0.00    0.00  376.00     2  springboot3
05:34:41 PM  1000   3035194  306.00   62.00    0.00    0.00  368.00     2  springboot3
05:34:42 PM  1000   3035194  307.00   71.00    0.00    0.00  378.00     6  springboot3
05:34:43 PM  1000   3035194  298.00   67.00    0.00    0.00  365.00     6  springboot3
05:34:44 PM  1000   3035194  307.00   71.00    0.00    0.00  378.00     6  springboot3
05:34:45 PM  1000   3035194  294.00   71.00    0.00    0.00  365.00     6  springboot3
05:34:46 PM  1000   3035194  305.00   72.00    0.00    0.00  377.00     6  springboot3
05:34:47 PM  1000   3035194  301.00   65.00    0.00    0.00  366.00     6  springboot3
05:34:48 PM  1000   3035194  204.00  176.00    0.00    0.00  380.00     4  springboot3
05:34:49 PM  1000   3035194  290.00   82.00    0.00    0.00  372.00     8  springboot3
05:34:50 PM  1000   3035194  223.00  146.00    0.00    0.00  369.00     8  springboot3
05:34:51 PM  1000   3035194  212.00  174.00    0.00    0.00  386.00     8  springboot3
05:34:52 PM  1000   3035194  235.00  141.00    0.00    0.00  376.00     8  springboot3
05:34:53 PM  1000   3035194  222.00  148.00    0.00    0.00  370.00     8  springboot3
05:34:54 PM  1000   3035194  264.00  110.00    0.00    0.00  374.00     8  springboot3
05:34:55 PM  1000   3035194  207.00  165.00    0.00    0.00  372.00     8  springboot3
05:34:56 PM  1000   3035194  233.00  144.00    0.00    0.00  377.00     8  springboot3
05:34:57 PM  1000   3035194  238.00  139.00    0.00    0.00  377.00     8  springboot3
05:34:58 PM  1000   3035194  206.00  165.00    0.00    0.00  371.00     8  springboot3
05:34:59 PM  1000   3035194  253.00  122.00    0.00    0.00  375.00     8  springboot3
05:35:00 PM  1000   3035194  255.00  111.00    0.00    0.00  366.00     8  springboot3
05:35:01 PM  1000   3035194  266.00  105.00    0.00    0.00  371.00     8  springboot3
05:35:02 PM  1000   3035194  199.00  174.00    0.00    0.00  373.00     8  springboot3
05:35:03 PM  1000   3035194  230.00  148.00    0.00    0.00  378.00     8  springboot3
05:35:04 PM  1000   3035194  227.00  157.00    0.00    0.00  384.00     8  springboot3
05:35:05 PM  1000   3035194  225.00  144.00    0.00    0.00  369.00     8  springboot3
05:35:06 PM  1000   3035194  193.00  186.00    0.00    0.00  379.00     8  springboot3
05:35:07 PM  1000   3035194  254.00  112.00    0.00    0.00  366.00     8  springboot3
05:35:08 PM  1000   3035194  218.00  161.00    0.00    0.00  379.00     8  springboot3
05:35:09 PM  1000   3035194  252.00  123.00    0.00    0.00  375.00     8  springboot3
05:35:10 PM  1000   3035194  228.00  138.00    0.00    0.00  366.00     8  springboot3
05:35:11 PM  1000   3035194  289.00   85.00    0.00    0.00  374.00     8  springboot3
05:35:12 PM  1000   3035194  243.00  124.00    0.00    0.00  367.00     8  springboot3
05:35:13 PM  1000   3035194  180.00  204.00    0.00    0.00  384.00     8  springboot3
05:35:14 PM  1000   3035194  259.00  115.00    0.00    0.00  374.00     8  springboot3
05:35:15 PM  1000   3035194  240.00  127.00    0.00    0.00  367.00     8  springboot3
05:35:16 PM  1000   3035194  223.00  157.00    0.00    0.00  380.00     8  springboot3
05:35:17 PM  1000   3035194  256.00  108.00    0.00    0.00  364.00     8  springboot3
05:35:18 PM  1000   3035194  206.00  174.00    0.00    0.00  380.00     8  springboot3
05:35:19 PM  1000   3035194  221.00  148.00    0.00    0.00  369.00     8  springboot3
05:35:20 PM  1000   3035194  206.00  174.00    0.00    0.00  380.00     8  springboot3
05:35:21 PM  1000   3035194  269.00  106.00    0.00    0.00  375.00     6  springboot3
05:35:22 PM  1000   3035194  283.00   80.00    0.00    0.00  363.00     6  springboot3
05:35:23 PM  1000   3035194  273.00  102.00    0.00    0.00  375.00     6  springboot3
05:35:24 PM  1000   3035194  229.00  140.00    0.00    0.00  369.00     6  springboot3
05:35:25 PM  1000   3035194  250.00  125.00    0.00    0.00  375.00     6  springboot3
05:35:26 PM  1000   3035194  255.00  111.00    0.00    0.00  366.00     6  springboot3
05:35:27 PM  1000   3035194  276.00   98.00    0.00    0.00  374.00     6  springboot3
05:35:28 PM  1000   3035194  213.00  158.00    0.00    0.00  371.00     6  springboot3
05:35:29 PM  1000   3035194  218.00  160.00    0.00    0.00  378.00     6  springboot3
05:35:30 PM  1000   3035194  186.00  198.00    0.00    0.00  384.00     6  springboot3
05:35:31 PM  1000   3035194  263.00  103.00    0.00    0.00  366.00     6  springboot3
05:35:32 PM  1000   3035194  264.00  111.00    0.00    0.00  375.00     6  springboot3
05:35:33 PM  1000   3035194  214.00  152.00    0.00    0.00  366.00     6  springboot3
05:35:34 PM  1000   3035194  257.00  120.00    0.00    0.00  377.00     6  springboot3
05:35:35 PM  1000   3035194  227.00  153.00    0.00    0.00  380.00     6  springboot3
05:35:36 PM  1000   3035194  249.00  120.00    0.00    0.00  369.00     6  springboot3
05:35:37 PM  1000   3035194  210.00  170.00    0.00    0.00  380.00     6  springboot3
05:35:38 PM  1000   3035194  232.00  137.00    0.00    0.00  369.00     6  springboot3
05:35:39 PM  1000   3035194  215.00  161.00    0.00    0.00  376.00     6  springboot3
05:35:40 PM  1000   3035194  258.00  117.00    0.00    0.00  375.00     6  springboot3
05:35:41 PM  1000   3035194  280.00   85.00    0.00    0.00  365.00     6  springboot3
05:35:42 PM  1000   3035194  232.00  149.00    0.00    0.00  381.00     6  springboot3
05:35:43 PM  1000   3035194  268.32   90.10    0.00    0.00  358.42     6  springboot3
05:35:44 PM  1000   3035194  260.00  116.00    0.00    0.00  376.00     6  springboot3
05:35:45 PM  1000   3035194  246.00  120.00    0.00    0.00  366.00     6  springboot3
05:35:46 PM  1000   3035194  252.00  126.00    0.00    0.00  378.00     6  springboot3
05:35:47 PM  1000   3035194  255.00  121.00    0.00    0.00  376.00     6  springboot3
05:35:48 PM  1000   3035194  208.00  164.00    0.00    0.00  372.00     6  springboot3
05:35:49 PM  1000   3035194  279.00   92.00    0.00    0.00  371.00     6  springboot3
05:35:50 PM  1000   3035194  243.00  126.00    0.00    0.00  369.00     6  springboot3
05:35:51 PM  1000   3035194  231.00  145.00    0.00    0.00  376.00     6  springboot3
05:35:52 PM  1000   3035194  205.00  168.00    0.00    0.00  373.00     6  springboot3
05:35:53 PM  1000   3035194  250.00  126.00    0.00    0.00  376.00     6  springboot3
05:35:54 PM  1000   3035194  232.00  131.00    0.00    0.00  363.00     6  springboot3
05:35:55 PM  1000   3035194  239.00  139.00    0.00    0.00  378.00     6  springboot3
05:35:56 PM  1000   3035194  220.00  163.00    0.00    0.00  383.00     6  springboot3
05:35:57 PM  1000   3035194  199.00  169.00    0.00    0.00  368.00     6  springboot3
05:35:58 PM  1000   3035194  235.00  144.00    0.00    0.00  379.00     6  springboot3
05:35:59 PM  1000   3035194  271.00  105.00    0.00    0.00  376.00     6  springboot3
05:36:00 PM  1000   3035194  184.00  189.00    0.00    0.00  373.00     6  springboot3
05:36:01 PM  1000   3035194  202.00  177.00    0.00    0.00  379.00     6  springboot3
05:36:02 PM  1000   3035194  214.00  167.00    0.00    0.00  381.00     6  springboot3
05:36:03 PM  1000   3035194  230.00  136.00    0.00    0.00  366.00     6  springboot3
05:36:04 PM  1000   3035194  250.00  125.00    0.00    0.00  375.00     6  springboot3
05:36:05 PM  1000   3035194  181.00  192.00    0.00    0.00  373.00     6  springboot3
05:36:06 PM  1000   3035194  190.00  193.00    0.00    0.00  383.00     6  springboot3
05:36:07 PM  1000   3035194  257.00  119.00    0.00    0.00  376.00     6  springboot3
05:36:08 PM  1000   3035194  200.00  173.00    0.00    0.00  373.00     6  springboot3
05:36:09 PM  1000   3035194  258.00  117.00    0.00    0.00  375.00     6  springboot3
05:36:10 PM  1000   3035194  268.00   97.00    0.00    0.00  365.00     6  springboot3
05:36:11 PM  1000   3035194  248.00  128.00    0.00    0.00  376.00     6  springboot3
05:36:12 PM  1000   3035194  212.00  168.00    0.00    0.00  380.00     6  springboot3
05:36:13 PM  1000   3035194  281.00   85.00    0.00    0.00  366.00     6  springboot3
05:36:14 PM  1000   3035194  250.00  128.00    0.00    0.00  378.00     6  springboot3
05:36:15 PM  1000   3035194  222.00  159.00    0.00    0.00  381.00     6  springboot3
05:36:16 PM  1000   3035194  236.00  132.00    0.00    0.00  368.00     6  springboot3
05:36:17 PM  1000   3035194  232.00  144.00    0.00    0.00  376.00     6  springboot3
05:36:18 PM  1000   3035194  279.00   85.00    0.00    0.00  364.00     6  springboot3
05:36:19 PM  1000   3035194  230.00  148.00    0.00    0.00  378.00     6  springboot3
05:36:20 PM  1000   3035194  239.00  140.00    0.00    0.00  379.00     6  springboot3
05:36:21 PM  1000   3035194  257.00  105.00    0.00    0.00  362.00     6  springboot3
05:36:22 PM  1000   3035194  277.00   99.00    0.00    0.00  376.00     6  springboot3
05:36:23 PM  1000   3035194  202.00  166.00    0.00    0.00  368.00     6  springboot3
05:36:24 PM  1000   3035194  289.00   85.00    0.00    0.00  374.00     6  springboot3
05:36:25 PM  1000   3035194  198.00  172.00    0.00    0.00  370.00     6  springboot3
05:36:26 PM  1000   3035194  215.00  164.00    0.00    0.00  379.00     6  springboot3
05:36:27 PM  1000   3035194  125.00   94.00    0.00    0.00  219.00     6  springboot3
05:36:28 PM  1000   3035194    0.00    0.00    0.00    0.00    0.00     6  springboot3
05:36:29 PM  1000   3035194    1.00    0.00    0.00    0.00    1.00     6  springboot3
05:36:30 PM  1000   3035194    0.00    0.00    0.00    0.00    0.00     6  springboot3
05:36:31 PM  1000   3035194    0.00    0.00    0.00    0.00    0.00     6  springboot3
05:36:32 PM  1000   3035194    0.00    0.00    0.00    0.00    0.00     6  springboot3
05:36:33 PM  1000   3035194    0.00    0.00    0.00    0.00    0.00     6  springboot3
05:36:34 PM  1000   3035194    0.00    0.00    0.00    0.00    0.00     6  springboot3
05:36:35 PM  1000   3035194    1.00    0.00    0.00    0.00    1.00     6  springboot3
05:36:36 PM  1000   3035194    0.00    0.00    0.00    0.00    0.00     6  springboot3
05:36:37 PM  1000   3035194    0.00    0.00    0.00    0.00    0.00     6  springboot3
05:36:38 PM  1000   3035194    0.00    0.00    0.00    0.00    0.00     6  springboot3
05:36:39 PM  1000   3035194    0.00    0.00    0.00    0.00    0.00     6  springboot3
05:36:40 PM  1000   3035194    0.00    0.00    0.00    0.00    0.00     6  springboot3
05:36:41 PM  1000   3035194    0.00    0.00    0.00    0.00    0.00     6  springboot3
05:36:42 PM  1000   3035194    0.00    0.00    0.00    0.00    0.00     6  springboot3
05:36:43 PM  1000   3035194    0.00    0.00    0.00    0.00    0.00     6  springboot3
05:36:44 PM  1000   3035194    1.00    0.00    0.00    0.00    1.00     6  springboot3
05:36:45 PM  1000   3035194    0.00    0.00    0.00    0.00    0.00     6  springboot3
05:36:46 PM  1000   3035194    0.00    0.00    0.00    0.00    0.00     6  springboot3
05:36:47 PM  1000   3035194    0.00    0.00    0.00    0.00    0.00     6  springboot3
05:36:48 PM  1000   3035194    0.00    0.00    0.00    0.00    0.00     6  springboot3
05:36:49 PM  1000   3035194    0.00    0.00    0.00    0.00    0.00     6  springboot3
05:36:50 PM  1000   3035194    0.00    0.00    0.00    0.00    0.00     6  springboot3
05:36:51 PM  1000   3035194    0.00    0.00    0.00    0.00    0.00     6  springboot3
05:36:52 PM  1000   3035194    0.00    0.00    0.00    0.00    0.00     6  springboot3
05:36:53 PM  1000   3035194    1.00    0.00    0.00    0.00    1.00     6  springboot3
05:36:54 PM  1000   3035194    0.00    0.00    0.00    0.00    0.00     6  springboot3
05:36:55 PM  1000   3035194    0.00    0.00    0.00    0.00    0.00     6  springboot3
05:36:56 PM  1000   3035194    0.00    0.00    0.00    0.00    0.00     6  springboot3
05:36:57 PM  1000   3035194    0.00    0.00    0.00    0.00    0.00     6  springboot3
05:36:58 PM  1000   3035194    0.00    0.00    0.00    0.00    0.00     6  springboot3
05:36:59 PM  1000   3035194    0.00    0.00    0.00    0.00    0.00     6  springboot3
05:37:00 PM  1000   3035194    0.00    0.00    0.00    0.00    0.00     6  springboot3
05:37:01 PM  1000   3035194    0.00    0.00    0.00    0.00    0.00     6  springboot3
05:37:02 PM  1000   3035194  145.00   86.00    0.00    0.00  231.00     8  springboot3
05:37:03 PM  1000   3035194  239.00  136.00    0.00    0.00  375.00     8  springboot3
05:37:04 PM  1000   3035194  277.00   84.00    0.00    0.00  361.00     8  springboot3
05:37:05 PM  1000   3035194  276.00  100.00    0.00    0.00  376.00     8  springboot3
05:37:06 PM  1000   3035194  223.00  155.00    0.00    0.00  378.00     8  springboot3
05:37:07 PM  1000   3035194  245.00  124.00    0.00    0.00  369.00     8  springboot3
05:37:08 PM  1000   3035194  247.00  127.00    0.00    0.00  374.00     8  springboot3
05:37:09 PM  1000   3035194  233.00  134.00    0.00    0.00  367.00     8  springboot3
05:37:10 PM  1000   3035194  225.00  152.00    0.00    0.00  377.00     8  springboot3
05:37:11 PM  1000   3035194  240.00  137.00    0.00    0.00  377.00     8  springboot3
05:37:12 PM  1000   3035194  231.00  138.00    0.00    0.00  369.00     8  springboot3
05:37:13 PM  1000   3035194  204.00  179.00    0.00    0.00  383.00     8  springboot3
05:37:14 PM  1000   3035194  209.00  160.00    0.00    0.00  369.00     8  springboot3
05:37:15 PM  1000   3035194  212.00  171.00    0.00    0.00  383.00     8  springboot3
05:37:16 PM  1000   3035194  199.00  182.00    0.00    0.00  381.00     8  springboot3
05:37:17 PM  1000   3035194  196.00  172.00    0.00    0.00  368.00     8  springboot3
05:37:18 PM  1000   3035194  189.00  195.00    0.00    0.00  384.00     8  springboot3
05:37:19 PM  1000   3035194  269.00   93.00    0.00    0.00  362.00     8  springboot3
05:37:20 PM  1000   3035194  275.00  100.00    0.00    0.00  375.00     8  springboot3
05:37:21 PM  1000   3035194  239.00  138.00    0.00    0.00  377.00     8  springboot3
05:37:22 PM  1000   3035194  262.00  102.00    0.00    0.00  364.00     8  springboot3
05:37:23 PM  1000   3035194  282.00   94.00    0.00    0.00  376.00     8  springboot3
05:37:24 PM  1000   3035194  271.00   89.00    0.00    0.00  360.00     8  springboot3
05:37:25 PM  1000   3035194  293.00   85.00    0.00    0.00  378.00     8  springboot3
05:37:26 PM  1000   3035194  247.00  133.00    0.00    0.00  380.00     8  springboot3
05:37:27 PM  1000   3035194  242.00  120.00    0.00    0.00  362.00     8  springboot3
05:37:28 PM  1000   3035194  190.00  193.00    0.00    0.00  383.00     8  springboot3
05:37:29 PM  1000   3035194  221.00  149.00    0.00    0.00  370.00     8  springboot3
05:37:30 PM  1000   3035194  260.00  114.00    0.00    0.00  374.00     8  springboot3
05:37:31 PM  1000   3035194  264.00  112.00    0.00    0.00  376.00     8  springboot3
05:37:32 PM  1000   3035194  243.00  123.00    0.00    0.00  366.00     8  springboot3
05:37:33 PM  1000   3035194  210.00  168.00    0.00    0.00  378.00     8  springboot3
05:37:34 PM  1000   3035194  282.00   84.00    0.00    0.00  366.00     8  springboot3
05:37:35 PM  1000   3035194  277.00   96.00    0.00    0.00  373.00     8  springboot3
05:37:36 PM  1000   3035194  181.00  193.00    0.00    0.00  374.00     8  springboot3
05:37:37 PM  1000   3035194  216.00  167.00    0.00    0.00  383.00     8  springboot3
05:37:38 PM  1000   3035194   58.00  123.00    0.00    0.00  181.00     2  springboot3
05:37:39 PM  1000   3035194    1.00    0.00    0.00    0.00    1.00     2  springboot3
05:37:40 PM  1000   3035194    0.00    0.00    0.00    0.00    0.00     2  springboot3
05:37:41 PM  1000   3035194    0.00    0.00    0.00    0.00    0.00     2  springboot3
