Linux 5.14.0-570.60.1.el9_6.x86_64 *****) 	03/24/2026 	_x86_64_	(64 CPU)

03:46:24 PM   UID       PID    %usr %system  %guest   %wait    %CPU   CPU  Command
03:46:25 PM  1000   2962241    0.00    0.00    0.00    0.00    0.00     2  quarkus3-runner
03:46:26 PM  1000   2962241    0.00    0.00    0.00    0.00    0.00     2  quarkus3-runner
03:46:27 PM  1000   2962241    0.00    0.00    0.00    0.00    0.00     2  quarkus3-runner
03:46:28 PM  1000   2962241    0.00    0.00    0.00    0.00    0.00     2  quarkus3-runner
03:46:29 PM  1000   2962241    0.00    0.00    0.00    0.00    0.00     2  quarkus3-runner
03:46:30 PM  1000   2962241    0.00    0.00    0.00    0.00    0.00     2  quarkus3-runner
03:46:31 PM  1000   2962241    0.00    0.00    0.00    0.00    0.00     2  quarkus3-runner
03:46:32 PM  1000   2962241    0.00    0.00    0.00    0.00    0.00     2  quarkus3-runner
03:46:33 PM  1000   2962241    0.00    0.00    0.00    0.00    0.00     2  quarkus3-runner
03:46:34 PM  1000   2962241  112.00   41.00    0.00    0.00  153.00     2  quarkus3-runner
03:46:35 PM  1000   2962241  262.00   91.00    0.00    0.00  353.00     2  quarkus3-runner
03:46:36 PM  1000   2962241  274.00   94.00    0.00    0.00  368.00     2  quarkus3-runner
03:46:37 PM  1000   2962241  262.00  100.00    0.00    0.00  362.00     2  quarkus3-runner
03:46:38 PM  1000   2962241  264.00  101.00    0.00    0.00  365.00     2  quarkus3-runner
03:46:39 PM  1000   2962241  270.00   99.00    0.00    0.00  369.00     2  quarkus3-runner
03:46:40 PM  1000   2962241  257.00  105.00    0.00    0.00  362.00     2  quarkus3-runner
03:46:41 PM  1000   2962241  262.00  104.00    0.00    0.00  366.00     2  quarkus3-runner
03:46:42 PM  1000   2962241  269.00  106.00    0.00    0.00  375.00     2  quarkus3-runner
03:46:43 PM  1000   2962241  267.00   99.00    0.00    0.00  366.00     2  quarkus3-runner
03:46:44 PM  1000   2962241  259.00  105.00    0.00    0.00  364.00     2  quarkus3-runner
03:46:45 PM  1000   2962241  260.00  104.00    0.00    0.00  364.00     2  quarkus3-runner
03:46:46 PM  1000   2962241  276.00   98.00    0.00    0.00  374.00     2  quarkus3-runner
03:46:47 PM  1000   2962241  263.00  102.00    0.00    0.00  365.00     2  quarkus3-runner
03:46:48 PM  1000   2962241  263.00  103.00    0.00    0.00  366.00     2  quarkus3-runner
03:46:49 PM  1000   2962241  274.00  100.00    0.00    0.00  374.00     2  quarkus3-runner
03:46:50 PM  1000   2962241  252.00  111.00    0.00    0.00  363.00     2  quarkus3-runner
03:46:51 PM  1000   2962241  247.00  116.00    0.00    0.00  363.00     2  quarkus3-runner
03:46:52 PM  1000   2962241  255.00  114.00    0.00    0.00  369.00     2  quarkus3-runner
03:46:53 PM  1000   2962241  247.00  115.00    0.00    0.00  362.00     2  quarkus3-runner
03:46:54 PM  1000   2962241  252.00  110.00    0.00    0.00  362.00     2  quarkus3-runner
03:46:55 PM  1000   2962241  252.00  117.00    0.00    0.00  369.00     2  quarkus3-runner
03:46:56 PM  1000   2962241  249.00  114.00    0.00    0.00  363.00     2  quarkus3-runner
03:46:57 PM  1000   2962241  247.00  114.00    0.00    0.00  361.00     2  quarkus3-runner
03:46:58 PM  1000   2962241  253.00  117.00    0.00    0.00  370.00     2  quarkus3-runner
03:46:59 PM  1000   2962241  248.00  114.00    0.00    0.00  362.00     2  quarkus3-runner
03:47:00 PM  1000   2962241  246.00  116.00    0.00    0.00  362.00     2  quarkus3-runner
03:47:01 PM  1000   2962241  257.00  112.00    0.00    0.00  369.00     2  quarkus3-runner
03:47:02 PM  1000   2962241  250.00  113.00    0.00    0.00  363.00     2  quarkus3-runner
03:47:03 PM  1000   2962241  249.00  112.00    0.00    0.00  361.00     2  quarkus3-runner
03:47:04 PM  1000   2962241  247.00  116.00    0.00    0.00  363.00     2  quarkus3-runner
03:47:05 PM  1000   2962241  258.00  111.00    0.00    0.00  369.00     2  quarkus3-runner
03:47:06 PM  1000   2962241  248.00  118.00    0.00    0.00  366.00     2  quarkus3-runner
03:47:07 PM  1000   2962241  249.00  114.00    0.00    0.00  363.00     2  quarkus3-runner
03:47:08 PM  1000   2962241  256.00  114.00    0.00    0.00  370.00     2  quarkus3-runner
03:47:09 PM  1000   2962241  248.00  116.00    0.00    0.00  364.00     2  quarkus3-runner
03:47:10 PM  1000   2962241  251.00  113.00    0.00    0.00  364.00     2  quarkus3-runner
03:47:11 PM  1000   2962241  248.00  115.00    0.00    0.00  363.00     2  quarkus3-runner
03:47:12 PM  1000   2962241  251.00  112.00    0.00    0.00  363.00     2  quarkus3-runner
03:47:13 PM  1000   2962241  256.00  114.00    0.00    0.00  370.00     2  quarkus3-runner
03:47:14 PM  1000   2962241  251.00  113.00    0.00    0.00  364.00     2  quarkus3-runner
03:47:15 PM  1000   2962241  247.00  115.00    0.00    0.00  362.00     2  quarkus3-runner
03:47:16 PM  1000   2962241  246.00  117.00    0.00    0.00  363.00     2  quarkus3-runner
03:47:17 PM  1000   2962241  251.00  112.00    0.00    0.00  363.00     2  quarkus3-runner
03:47:18 PM  1000   2962241  252.00  118.00    0.00    0.00  370.00     2  quarkus3-runner
03:47:19 PM  1000   2962241  252.00  109.00    0.00    0.00  361.00     2  quarkus3-runner
03:47:20 PM  1000   2962241  251.00  112.00    0.00    0.00  363.00     2  quarkus3-runner
03:47:21 PM  1000   2962241  250.00  114.00    0.00    0.00  364.00     2  quarkus3-runner
03:47:22 PM  1000   2962241  247.00  116.00    0.00    0.00  363.00     2  quarkus3-runner
03:47:23 PM  1000   2962241  249.00  120.00    0.00    0.00  369.00     2  quarkus3-runner
03:47:24 PM  1000   2962241  251.00  114.00    0.00    0.00  365.00     2  quarkus3-runner
03:47:25 PM  1000   2962241  247.00  117.00    0.00    0.00  364.00     2  quarkus3-runner
03:47:26 PM  1000   2962241  249.00  115.00    0.00    0.00  364.00     2  quarkus3-runner
03:47:27 PM  1000   2962241  251.00  118.00    0.00    0.00  369.00     2  quarkus3-runner
03:47:28 PM  1000   2962241  247.00  115.00    0.00    0.00  362.00     2  quarkus3-runner
03:47:29 PM  1000   2962241  246.00  117.00    0.00    0.00  363.00     2  quarkus3-runner
03:47:30 PM  1000   2962241  249.00  113.00    0.00    0.00  362.00     2  quarkus3-runner
03:47:31 PM  1000   2962241  251.00  113.00    0.00    0.00  364.00     2  quarkus3-runner
03:47:32 PM  1000   2962241  249.00  119.00    0.00    0.00  368.00     2  quarkus3-runner
03:47:33 PM  1000   2962241  249.00  115.00    0.00    0.00  364.00     2  quarkus3-runner
03:47:34 PM  1000   2962241  248.00  115.00    0.00    0.00  363.00     2  quarkus3-runner
03:47:35 PM  1000   2962241  248.00  112.00    0.00    0.00  360.00     2  quarkus3-runner
03:47:36 PM  1000   2962241  244.00  119.00    0.00    0.00  363.00     2  quarkus3-runner
03:47:37 PM  1000   2962241  243.00  120.00    0.00    0.00  363.00     2  quarkus3-runner
03:47:38 PM  1000   2962241  249.00  122.00    0.00    0.00  371.00     2  quarkus3-runner
03:47:39 PM  1000   2962241  250.00  113.00    0.00    0.00  363.00     2  quarkus3-runner
03:47:40 PM  1000   2962241  248.00  115.00    0.00    0.00  363.00     2  quarkus3-runner
03:47:41 PM  1000   2962241  252.00  113.00    0.00    0.00  365.00     2  quarkus3-runner
03:47:42 PM  1000   2962241  250.00  119.00    0.00    0.00  369.00     2  quarkus3-runner
03:47:43 PM  1000   2962241  251.00  115.00    0.00    0.00  366.00     2  quarkus3-runner
03:47:44 PM  1000   2962241  256.00  109.00    0.00    0.00  365.00     2  quarkus3-runner
03:47:45 PM  1000   2962241  252.00  111.00    0.00    0.00  363.00     2  quarkus3-runner
03:47:46 PM  1000   2962241  249.00  114.00    0.00    0.00  363.00     2  quarkus3-runner
03:47:47 PM  1000   2962241  253.00  117.00    0.00    0.00  370.00     2  quarkus3-runner
03:47:48 PM  1000   2962241  255.00  108.00    0.00    0.00  363.00     2  quarkus3-runner
03:47:49 PM  1000   2962241  248.00  116.00    0.00    0.00  364.00     2  quarkus3-runner
03:47:50 PM  1000   2962241  248.00  114.00    0.00    0.00  362.00     2  quarkus3-runner
03:47:51 PM  1000   2962241  250.00  113.00    0.00    0.00  363.00     2  quarkus3-runner
03:47:52 PM  1000   2962241  254.00  109.00    0.00    0.00  363.00     2  quarkus3-runner
03:47:53 PM  1000   2962241  252.00  118.00    0.00    0.00  370.00     2  quarkus3-runner
03:47:54 PM  1000   2962241  253.00  110.00    0.00    0.00  363.00     2  quarkus3-runner
03:47:55 PM  1000   2962241  248.00  116.00    0.00    0.00  364.00     2  quarkus3-runner
03:47:56 PM  1000   2962241  247.00  116.00    0.00    0.00  363.00     2  quarkus3-runner
03:47:57 PM  1000   2962241  248.00  119.00    0.00    0.00  367.00     2  quarkus3-runner
03:47:58 PM  1000   2962241  248.00  114.00    0.00    0.00  362.00     2  quarkus3-runner
03:47:59 PM  1000   2962241  247.00  117.00    0.00    0.00  364.00     2  quarkus3-runner
03:48:00 PM  1000   2962241  248.00  114.00    0.00    0.00  362.00     2  quarkus3-runner
03:48:01 PM  1000   2962241  256.00  114.00    0.00    0.00  370.00     2  quarkus3-runner
03:48:02 PM  1000   2962241  252.00  112.00    0.00    0.00  364.00     2  quarkus3-runner
03:48:03 PM  1000   2962241  246.00  118.00    0.00    0.00  364.00     2  quarkus3-runner
03:48:04 PM  1000   2962241  244.00  119.00    0.00    0.00  363.00     2  quarkus3-runner
03:48:05 PM  1000   2962241  250.00  113.00    0.00    0.00  363.00     2  quarkus3-runner
03:48:06 PM  1000   2962241  249.00  114.00    0.00    0.00  363.00     2  quarkus3-runner
03:48:07 PM  1000   2962241  246.00  116.00    0.00    0.00  362.00     2  quarkus3-runner
03:48:08 PM  1000   2962241  248.00  114.00    0.00    0.00  362.00     2  quarkus3-runner
03:48:09 PM  1000   2962241  251.00  113.00    0.00    0.00  364.00     2  quarkus3-runner
03:48:10 PM  1000   2962241  253.00  110.00    0.00    0.00  363.00     2  quarkus3-runner
03:48:11 PM  1000   2962241  253.00  110.00    0.00    0.00  363.00     2  quarkus3-runner
03:48:12 PM  1000   2962241  253.00  113.00    0.00    0.00  366.00     2  quarkus3-runner
03:48:13 PM  1000   2962241  250.00  118.00    0.00    0.00  368.00     2  quarkus3-runner
03:48:14 PM  1000   2962241  252.00  114.00    0.00    0.00  366.00     2  quarkus3-runner
03:48:15 PM  1000   2962241  252.00  111.00    0.00    0.00  363.00     2  quarkus3-runner
03:48:16 PM  1000   2962241  251.00  112.00    0.00    0.00  363.00     2  quarkus3-runner
03:48:17 PM  1000   2962241  254.00  109.00    0.00    0.00  363.00     2  quarkus3-runner
03:48:18 PM  1000   2962241  244.00  120.00    0.00    0.00  364.00     2  quarkus3-runner
03:48:19 PM  1000   2962241  251.00  113.00    0.00    0.00  364.00     2  quarkus3-runner
03:48:20 PM  1000   2962241  255.00  108.00    0.00    0.00  363.00     2  quarkus3-runner
03:48:21 PM  1000   2962241  254.00  115.00    0.00    0.00  369.00     2  quarkus3-runner
03:48:22 PM  1000   2962241  255.00  109.00    0.00    0.00  364.00     2  quarkus3-runner
03:48:23 PM  1000   2962241  248.00  115.00    0.00    0.00  363.00     2  quarkus3-runner
03:48:24 PM  1000   2962241  252.00  112.00    0.00    0.00  364.00     2  quarkus3-runner
03:48:25 PM  1000   2962241  253.00  111.00    0.00    0.00  364.00     2  quarkus3-runner
03:48:26 PM  1000   2962241  253.00  117.00    0.00    0.00  370.00     2  quarkus3-runner
03:48:27 PM  1000   2962241  253.00  111.00    0.00    0.00  364.00     2  quarkus3-runner
03:48:28 PM  1000   2962241  248.00  113.00    0.00    0.00  361.00     2  quarkus3-runner
03:48:29 PM  1000   2962241  254.00  108.00    0.00    0.00  362.00     2  quarkus3-runner
03:48:30 PM  1000   2962241  257.00  109.00    0.00    0.00  366.00     2  quarkus3-runner
03:48:31 PM  1000   2962241  267.00  100.00    0.00    0.00  367.00     2  quarkus3-runner
03:48:32 PM  1000   2962241  261.00  107.00    0.00    0.00  368.00     2  quarkus3-runner
03:48:33 PM  1000   2962241  268.00  106.00    0.00    0.00  374.00     2  quarkus3-runner
03:48:34 PM  1000   2962241  251.00  113.00    0.00    0.00  364.00     2  quarkus3-runner
03:48:35 PM  1000   2962241  249.00  114.00    0.00    0.00  363.00     2  quarkus3-runner
03:48:36 PM  1000   2962241  248.00  115.00    0.00    0.00  363.00     2  quarkus3-runner
03:48:37 PM  1000   2962241  245.00  119.00    0.00    0.00  364.00     2  quarkus3-runner
03:48:38 PM  1000   2962241  254.00  117.00    0.00    0.00  371.00     2  quarkus3-runner
03:48:39 PM  1000   2962241  250.00  113.00    0.00    0.00  363.00     2  quarkus3-runner
03:48:40 PM  1000   2962241  141.00   58.00    0.00    0.00  199.00     2  quarkus3-runner
03:48:41 PM  1000   2962241    0.00    0.00    0.00    0.00    0.00     2  quarkus3-runner
03:48:42 PM  1000   2962241    0.00    0.00    0.00    0.00    0.00     2  quarkus3-runner
03:48:43 PM  1000   2962241    0.00    0.00    0.00    0.00    0.00     2  quarkus3-runner
03:48:44 PM  1000   2962241    0.00    0.00    0.00    0.00    0.00     2  quarkus3-runner
03:48:45 PM  1000   2962241    0.00    0.00    0.00    0.00    0.00     2  quarkus3-runner
03:48:46 PM  1000   2962241    0.00    0.00    0.00    0.00    0.00     2  quarkus3-runner
03:48:47 PM  1000   2962241    0.00    0.00    0.00    0.00    0.00     2  quarkus3-runner
03:48:48 PM  1000   2962241    0.00    0.00    0.00    0.00    0.00     2  quarkus3-runner
03:48:49 PM  1000   2962241    0.00    0.00    0.00    0.00    0.00     2  quarkus3-runner
03:48:50 PM  1000   2962241    0.00    0.00    0.00    0.00    0.00     2  quarkus3-runner
03:48:51 PM  1000   2962241    0.00    0.00    0.00    0.00    0.00     2  quarkus3-runner
03:48:52 PM  1000   2962241    0.00    0.00    0.00    0.00    0.00     2  quarkus3-runner
03:48:53 PM  1000   2962241    0.00    0.00    0.00    0.00    0.00     2  quarkus3-runner
03:48:54 PM  1000   2962241    0.00    0.00    0.00    0.00    0.00     2  quarkus3-runner
03:48:55 PM  1000   2962241    0.00    0.00    0.00    0.00    0.00     2  quarkus3-runner
03:48:56 PM  1000   2962241    0.00    0.00    0.00    0.00    0.00     2  quarkus3-runner
03:48:57 PM  1000   2962241    0.00    0.00    0.00    0.00    0.00     2  quarkus3-runner
03:48:58 PM  1000   2962241    0.00    0.00    0.00    0.00    0.00     2  quarkus3-runner
03:48:59 PM  1000   2962241    0.00    0.00    0.00    0.00    0.00     2  quarkus3-runner
03:49:00 PM  1000   2962241    0.00    0.00    0.00    0.00    0.00     2  quarkus3-runner
03:49:01 PM  1000   2962241    0.00    0.00    0.00    0.00    0.00     2  quarkus3-runner
03:49:02 PM  1000   2962241    0.00    0.00    0.00    0.00    0.00     2  quarkus3-runner
03:49:03 PM  1000   2962241    0.00    0.00    0.00    0.00    0.00     2  quarkus3-runner
03:49:04 PM  1000   2962241    0.00    0.00    0.00    0.00    0.00     2  quarkus3-runner
03:49:05 PM  1000   2962241    0.00    0.00    0.00    0.00    0.00     2  quarkus3-runner
03:49:06 PM  1000   2962241    0.00    0.00    0.00    0.00    0.00     2  quarkus3-runner
03:49:07 PM  1000   2962241    0.00    0.00    0.00    0.00    0.00     2  quarkus3-runner
03:49:08 PM  1000   2962241    0.00    0.00    0.00    0.00    0.00     2  quarkus3-runner
03:49:09 PM  1000   2962241    0.00    0.00    0.00    0.00    0.00     2  quarkus3-runner
03:49:10 PM  1000   2962241    0.00    0.00    0.00    0.00    0.00     2  quarkus3-runner
03:49:11 PM  1000   2962241    0.00    0.00    0.00    0.00    0.00     2  quarkus3-runner
03:49:12 PM  1000   2962241    0.00    0.00    0.00    0.00    0.00     2  quarkus3-runner
03:49:13 PM  1000   2962241    0.00    0.00    0.00    0.00    0.00     2  quarkus3-runner
03:49:14 PM  1000   2962241    0.00    0.00    0.00    0.00    0.00     2  quarkus3-runner
03:49:15 PM  1000   2962241  173.00   75.00    0.00    0.00  248.00     2  quarkus3-runner
03:49:16 PM  1000   2962241  249.00  112.00    0.00    0.00  361.00     2  quarkus3-runner
03:49:17 PM  1000   2962241  254.00  111.00    0.00    0.00  365.00     2  quarkus3-runner
03:49:18 PM  1000   2962241  248.00  116.00    0.00    0.00  364.00     2  quarkus3-runner
03:49:19 PM  1000   2962241  251.00  119.00    0.00    0.00  370.00     2  quarkus3-runner
03:49:20 PM  1000   2962241  250.00  113.00    0.00    0.00  363.00     2  quarkus3-runner
03:49:21 PM  1000   2962241  243.00  115.00    0.00    0.00  358.00     2  quarkus3-runner
03:49:22 PM  1000   2962241  254.00  109.00    0.00    0.00  363.00     2  quarkus3-runner
03:49:23 PM  1000   2962241  247.00  115.00    0.00    0.00  362.00     2  quarkus3-runner
03:49:24 PM  1000   2962241  255.00  114.00    0.00    0.00  369.00     2  quarkus3-runner
03:49:25 PM  1000   2962241  249.00  114.00    0.00    0.00  363.00     2  quarkus3-runner
03:49:26 PM  1000   2962241  253.00  109.00    0.00    0.00  362.00     2  quarkus3-runner
03:49:27 PM  1000   2962241  253.00  110.00    0.00    0.00  363.00     2  quarkus3-runner
03:49:28 PM  1000   2962241  249.00  114.00    0.00    0.00  363.00     2  quarkus3-runner
03:49:29 PM  1000   2962241  254.00  116.00    0.00    0.00  370.00     2  quarkus3-runner
03:49:30 PM  1000   2962241  251.00  112.00    0.00    0.00  363.00     2  quarkus3-runner
03:49:31 PM  1000   2962241  249.00  115.00    0.00    0.00  364.00     2  quarkus3-runner
03:49:32 PM  1000   2962241  248.00  114.00    0.00    0.00  362.00     2  quarkus3-runner
03:49:33 PM  1000   2962241  247.00  116.00    0.00    0.00  363.00     2  quarkus3-runner
03:49:34 PM  1000   2962241  254.00  115.00    0.00    0.00  369.00     2  quarkus3-runner
03:49:35 PM  1000   2962241  254.00  109.00    0.00    0.00  363.00     2  quarkus3-runner
03:49:36 PM  1000   2962241  253.00  111.00    0.00    0.00  364.00     2  quarkus3-runner
03:49:37 PM  1000   2962241  247.00  115.00    0.00    0.00  362.00     2  quarkus3-runner
03:49:38 PM  1000   2962241  256.00  113.00    0.00    0.00  369.00     2  quarkus3-runner
03:49:39 PM  1000   2962241  251.00  111.00    0.00    0.00  362.00     2  quarkus3-runner
03:49:40 PM  1000   2962241  249.00  114.00    0.00    0.00  363.00     2  quarkus3-runner
03:49:41 PM  1000   2962241  250.00  113.00    0.00    0.00  363.00     2  quarkus3-runner
03:49:42 PM  1000   2962241  246.00  114.00    0.00    0.00  360.00     2  quarkus3-runner
03:49:43 PM  1000   2962241  246.00  122.00    0.00    0.00  368.00     2  quarkus3-runner
03:49:44 PM  1000   2962241  244.00  118.00    0.00    0.00  362.00     2  quarkus3-runner
03:49:45 PM  1000   2962241  253.00  112.00    0.00    0.00  365.00     2  quarkus3-runner
03:49:46 PM  1000   2962241  247.00  115.00    0.00    0.00  362.00     2  quarkus3-runner
03:49:47 PM  1000   2962241  248.00  115.00    0.00    0.00  363.00     2  quarkus3-runner
03:49:48 PM  1000   2962241  257.00  112.00    0.00    0.00  369.00     2  quarkus3-runner
03:49:49 PM  1000   2962241  248.00  115.00    0.00    0.00  363.00     2  quarkus3-runner
03:49:50 PM  1000   2962241  249.00  114.00    0.00    0.00  363.00     2  quarkus3-runner
03:49:51 PM  1000   2962241   86.00   36.00    0.00    0.00  122.00     2  quarkus3-runner
03:49:52 PM  1000   2962241    0.00    0.00    0.00    0.00    0.00     2  quarkus3-runner
03:49:53 PM  1000   2962241    0.00    0.00    0.00    0.00    0.00     2  quarkus3-runner
03:49:54 PM  1000   2962241    0.00    0.00    0.00    0.00    0.00     2  quarkus3-runner
03:49:55 PM  1000   2962241    0.00    0.00    0.00    0.00    0.00     2  quarkus3-runner
