Linux 5.14.0-570.60.1.el9_6.x86_64 *****) 	03/24/2026 	_x86_64_	(64 CPU)

05:29:45 PM   UID       PID    %usr %system  %guest   %wait    %CPU   CPU  Command
05:29:46 PM  1000   3032478   13.00    2.00    0.00    0.00   15.00     2  springboot3
05:29:47 PM  1000   3032478    0.00    0.00    0.00    0.00    0.00     2  springboot3
05:29:48 PM  1000   3032478    1.00    0.00    0.00    0.00    1.00     2  springboot3
05:29:49 PM  1000   3032478    0.00    0.00    0.00    0.00    0.00     2  springboot3
05:29:50 PM  1000   3032478    0.00    0.00    0.00    0.00    0.00     2  springboot3
05:29:51 PM  1000   3032478    0.00    0.00    0.00    0.00    0.00     2  springboot3
05:29:52 PM  1000   3032478    0.00    0.00    0.00    0.00    0.00     2  springboot3
05:29:53 PM  1000   3032478    0.00    0.00    0.00    0.00    0.00     2  springboot3
05:29:54 PM  1000   3032478    1.00    0.00    0.00    0.00    1.00     2  springboot3
05:29:55 PM  1000   3032478  117.00   34.00    0.00    0.00  151.00     6  springboot3
05:29:56 PM  1000   3032478  286.00   79.00    0.00    0.00  365.00     6  springboot3
05:29:57 PM  1000   3032478  296.00   81.00    0.00    0.00  377.00     6  springboot3
05:29:58 PM  1000   3032478  260.00  109.00    0.00    0.00  369.00     6  springboot3
05:29:59 PM  1000   3032478  302.00   75.00    0.00    0.00  377.00     6  springboot3
05:30:00 PM  1000   3032478  289.00   79.00    0.00    0.00  368.00     6  springboot3
05:30:01 PM  1000   3032478  300.00   72.00    0.00    0.00  372.00     6  springboot3
05:30:02 PM  1000   3032478  236.00  131.00    0.00    0.00  367.00     6  springboot3
05:30:03 PM  1000   3032478  217.00  162.00    0.00    0.00  379.00     6  springboot3
05:30:04 PM  1000   3032478  275.00  100.00    0.00    0.00  375.00     6  springboot3
05:30:05 PM  1000   3032478  188.00  183.00    0.00    0.00  371.00     6  springboot3
05:30:06 PM  1000   3032478  202.00  181.00    0.00    0.00  383.00     6  springboot3
05:30:07 PM  1000   3032478  212.00  171.00    0.00    0.00  383.00     6  springboot3
05:30:08 PM  1000   3032478  275.00   88.00    0.00    0.00  363.00     6  springboot3
05:30:09 PM  1000   3032478  251.00  125.00    0.00    0.00  376.00     6  springboot3
05:30:10 PM  1000   3032478  232.00  136.00    0.00    0.00  368.00     6  springboot3
05:30:11 PM  1000   3032478  211.00  167.00    0.00    0.00  378.00     6  springboot3
05:30:12 PM  1000   3032478  183.00  200.00    0.00    0.00  383.00     6  springboot3
05:30:13 PM  1000   3032478  253.00  114.00    0.00    0.00  367.00     6  springboot3
05:30:14 PM  1000   3032478  278.00   96.00    0.00    0.00  374.00     6  springboot3
05:30:15 PM  1000   3032478  256.00  108.00    0.00    0.00  364.00     6  springboot3
05:30:16 PM  1000   3032478  257.00  118.00    0.00    0.00  375.00     6  springboot3
05:30:17 PM  1000   3032478  287.00   87.00    0.00    0.00  374.00     6  springboot3
05:30:18 PM  1000   3032478  217.00  154.00    0.00    0.00  371.00     6  springboot3
05:30:19 PM  1000   3032478  312.00   64.00    0.00    0.00  376.00     6  springboot3
05:30:20 PM  1000   3032478  311.00   67.00    0.00    0.00  378.00     6  springboot3
05:30:21 PM  1000   3032478  300.00   67.00    0.00    0.00  367.00     6  springboot3
05:30:22 PM  1000   3032478  304.00   72.00    0.00    0.00  376.00     6  springboot3
05:30:23 PM  1000   3032478  311.00   66.00    0.00    0.00  377.00     6  springboot3
05:30:24 PM  1000   3032478  299.00   67.00    0.00    0.00  366.00     6  springboot3
05:30:25 PM  1000   3032478  306.00   69.00    0.00    0.00  375.00     6  springboot3
05:30:26 PM  1000   3032478  297.00   68.00    0.00    0.00  365.00     6  springboot3
05:30:27 PM  1000   3032478  307.00   68.00    0.00    0.00  375.00     6  springboot3
05:30:28 PM  1000   3032478  292.00   72.00    0.00    0.00  364.00     6  springboot3
05:30:29 PM  1000   3032478  305.00   70.00    0.00    0.00  375.00     6  springboot3
05:30:30 PM  1000   3032478  300.00   67.00    0.00    0.00  367.00     6  springboot3
05:30:31 PM  1000   3032478  302.00   71.00    0.00    0.00  373.00     6  springboot3
05:30:32 PM  1000   3032478  304.00   74.00    0.00    0.00  378.00     6  springboot3
05:30:33 PM  1000   3032478  301.00   65.00    0.00    0.00  366.00     6  springboot3
05:30:34 PM  1000   3032478  307.00   68.00    0.00    0.00  375.00     6  springboot3
05:30:35 PM  1000   3032478  298.00   68.00    0.00    0.00  366.00     6  springboot3
05:30:36 PM  1000   3032478  304.00   73.00    0.00    0.00  377.00     6  springboot3
05:30:37 PM  1000   3032478  300.00   67.00    0.00    0.00  367.00     6  springboot3
05:30:38 PM  1000   3032478  305.00   71.00    0.00    0.00  376.00     6  springboot3
05:30:39 PM  1000   3032478  296.00   70.00    0.00    0.00  366.00     6  springboot3
05:30:40 PM  1000   3032478  306.00   70.00    0.00    0.00  376.00     6  springboot3
05:30:41 PM  1000   3032478  302.00   63.00    0.00    0.00  365.00     6  springboot3
05:30:42 PM  1000   3032478  305.00   70.00    0.00    0.00  375.00     6  springboot3
05:30:43 PM  1000   3032478  298.00   66.00    0.00    0.00  364.00     6  springboot3
05:30:44 PM  1000   3032478  310.00   70.00    0.00    0.00  380.00     4  springboot3
05:30:45 PM  1000   3032478  305.00   73.00    0.00    0.00  378.00     4  springboot3
05:30:46 PM  1000   3032478  298.00   68.00    0.00    0.00  366.00     4  springboot3
05:30:47 PM  1000   3032478  282.00   95.00    0.00    0.00  377.00     4  springboot3
05:30:48 PM  1000   3032478  265.00  112.00    0.00    0.00  377.00     4  springboot3
05:30:49 PM  1000   3032478  299.00   68.00    0.00    0.00  367.00     4  springboot3
05:30:50 PM  1000   3032478  306.00   69.00    0.00    0.00  375.00     4  springboot3
05:30:51 PM  1000   3032478  303.00   65.00    0.00    0.00  368.00     4  springboot3
05:30:52 PM  1000   3032478  302.00   72.00    0.00    0.00  374.00     4  springboot3
05:30:53 PM  1000   3032478  300.00   67.00    0.00    0.00  367.00     4  springboot3
05:30:54 PM  1000   3032478  308.00   66.00    0.00    0.00  374.00     4  springboot3
05:30:55 PM  1000   3032478  306.00   71.00    0.00    0.00  377.00     2  springboot3
05:30:56 PM  1000   3032478  301.00   67.00    0.00    0.00  368.00     2  springboot3
05:30:57 PM  1000   3032478  309.00   67.00    0.00    0.00  376.00     2  springboot3
05:30:58 PM  1000   3032478  298.00   67.00    0.00    0.00  365.00     2  springboot3
05:30:59 PM  1000   3032478  300.00   74.00    0.00    0.00  374.00     2  springboot3
05:31:00 PM  1000   3032478  296.00   67.00    0.00    0.00  363.00     2  springboot3
05:31:01 PM  1000   3032478  310.00   68.00    0.00    0.00  378.00     2  springboot3
05:31:02 PM  1000   3032478  297.00   70.00    0.00    0.00  367.00     2  springboot3
05:31:03 PM  1000   3032478  309.00   66.00    0.00    0.00  375.00     2  springboot3
05:31:04 PM  1000   3032478  299.00   68.00    0.00    0.00  367.00     2  springboot3
05:31:05 PM  1000   3032478  301.00   72.00    0.00    0.00  373.00     2  springboot3
05:31:06 PM  1000   3032478  311.00   65.00    0.00    0.00  376.00     2  springboot3
05:31:07 PM  1000   3032478  294.00   70.00    0.00    0.00  364.00     2  springboot3
05:31:08 PM  1000   3032478  311.00   67.00    0.00    0.00  378.00     2  springboot3
05:31:09 PM  1000   3032478  301.00   65.00    0.00    0.00  366.00     2  springboot3
05:31:10 PM  1000   3032478  307.00   66.00    0.00    0.00  373.00     2  springboot3
05:31:11 PM  1000   3032478  301.00   66.00    0.00    0.00  367.00     2  springboot3
05:31:12 PM  1000   3032478  302.00   71.00    0.00    0.00  373.00     2  springboot3
05:31:13 PM  1000   3032478  305.00   63.00    0.00    0.00  368.00     2  springboot3
05:31:14 PM  1000   3032478  307.00   68.00    0.00    0.00  375.00     6  springboot3
05:31:15 PM  1000   3032478  301.00   66.00    0.00    0.00  367.00     6  springboot3
05:31:16 PM  1000   3032478  272.00  101.00    0.00    0.00  373.00     6  springboot3
05:31:17 PM  1000   3032478  262.00  115.00    0.00    0.00  377.00     6  springboot3
05:31:18 PM  1000   3032478  266.00   99.00    0.00    0.00  365.00     6  springboot3
05:31:19 PM  1000   3032478  193.00  190.00    0.00    0.00  383.00     6  springboot3
05:31:20 PM  1000   3032478  241.00  124.00    0.00    0.00  365.00     6  springboot3
05:31:21 PM  1000   3032478  234.00  147.00    0.00    0.00  381.00     6  springboot3
05:31:22 PM  1000   3032478  217.00  161.00    0.00    0.00  378.00     6  springboot3
05:31:23 PM  1000   3032478  207.00  160.00    0.00    0.00  367.00     6  springboot3
05:31:24 PM  1000   3032478  249.00  132.00    0.00    0.00  381.00     6  springboot3
05:31:25 PM  1000   3032478  292.00   82.00    0.00    0.00  374.00     6  springboot3
05:31:26 PM  1000   3032478  231.00  136.00    0.00    0.00  367.00     6  springboot3
05:31:27 PM  1000   3032478  245.00  131.00    0.00    0.00  376.00     6  springboot3
05:31:28 PM  1000   3032478  247.00  119.00    0.00    0.00  366.00     6  springboot3
05:31:29 PM  1000   3032478  300.00   77.00    0.00    0.00  377.00     6  springboot3
05:31:30 PM  1000   3032478  304.00   72.00    0.00    0.00  376.00     6  springboot3
05:31:31 PM  1000   3032478  306.00   64.00    0.00    0.00  370.00     6  springboot3
05:31:32 PM  1000   3032478  257.00  121.00    0.00    0.00  378.00     6  springboot3
05:31:33 PM  1000   3032478  295.00   72.00    0.00    0.00  367.00     6  springboot3
05:31:34 PM  1000   3032478  307.00   69.00    0.00    0.00  376.00     6  springboot3
05:31:35 PM  1000   3032478  307.00   70.00    0.00    0.00  377.00     6  springboot3
05:31:36 PM  1000   3032478  301.00   66.00    0.00    0.00  367.00     6  springboot3
05:31:37 PM  1000   3032478  304.00   71.00    0.00    0.00  375.00     6  springboot3
05:31:38 PM  1000   3032478  301.00   68.00    0.00    0.00  369.00     2  springboot3
05:31:39 PM  1000   3032478  302.00   75.00    0.00    0.00  377.00     2  springboot3
05:31:40 PM  1000   3032478  293.00   72.00    0.00    0.00  365.00     2  springboot3
05:31:41 PM  1000   3032478  206.00  172.00    0.00    0.00  378.00     2  springboot3
05:31:42 PM  1000   3032478  215.00  153.00    0.00    0.00  368.00     2  springboot3
05:31:43 PM  1000   3032478  257.00  121.00    0.00    0.00  378.00     2  springboot3
05:31:44 PM  1000   3032478  191.00  190.00    0.00    0.00  381.00     2  springboot3
05:31:45 PM  1000   3032478  266.00   98.00    0.00    0.00  364.00     2  springboot3
05:31:46 PM  1000   3032478  244.00  136.00    0.00    0.00  380.00     2  springboot3
05:31:47 PM  1000   3032478  202.00  167.00    0.00    0.00  369.00     2  springboot3
05:31:48 PM  1000   3032478  205.00  175.00    0.00    0.00  380.00     2  springboot3
05:31:49 PM  1000   3032478  236.00  130.00    0.00    0.00  366.00     2  springboot3
05:31:50 PM  1000   3032478  255.00  121.00    0.00    0.00  376.00     2  springboot3
05:31:51 PM  1000   3032478  267.00  108.00    0.00    0.00  375.00     2  springboot3
05:31:52 PM  1000   3032478  203.00  166.00    0.00    0.00  369.00     2  springboot3
05:31:53 PM  1000   3032478  222.00  161.00    0.00    0.00  383.00     2  springboot3
05:31:54 PM  1000   3032478  253.00  125.00    0.00    0.00  378.00     2  springboot3
05:31:55 PM  1000   3032478  212.00  158.00    0.00    0.00  370.00     2  springboot3
05:31:56 PM  1000   3032478  230.00  148.00    0.00    0.00  378.00     2  springboot3
05:31:57 PM  1000   3032478  248.00  118.00    0.00    0.00  366.00     2  springboot3
05:31:58 PM  1000   3032478  241.00  141.00    0.00    0.00  382.00     2  springboot3
05:31:59 PM  1000   3032478  303.00   72.00    0.00    0.00  375.00     2  springboot3
05:32:00 PM  1000   3032478  300.00   68.00    0.00    0.00  368.00     2  springboot3
05:32:01 PM  1000   3032478  175.00   39.00    0.00    0.00  214.00     2  springboot3
05:32:02 PM  1000   3032478    0.00    0.00    0.00    0.00    0.00     2  springboot3
05:32:03 PM  1000   3032478    0.00    0.00    0.00    0.00    0.00     2  springboot3
05:32:04 PM  1000   3032478    0.00    0.00    0.00    0.00    0.00     2  springboot3
05:32:05 PM  1000   3032478    0.00    0.00    0.00    0.00    0.00     2  springboot3
05:32:06 PM  1000   3032478    1.00    0.00    0.00    0.00    1.00     2  springboot3
05:32:07 PM  1000   3032478    0.00    0.00    0.00    0.00    0.00     2  springboot3
05:32:08 PM  1000   3032478    0.00    0.00    0.00    0.00    0.00     2  springboot3
05:32:09 PM  1000   3032478    0.00    0.00    0.00    0.00    0.00     2  springboot3
05:32:10 PM  1000   3032478    0.00    0.00    0.00    0.00    0.00     2  springboot3
05:32:11 PM  1000   3032478    0.00    0.00    0.00    0.00    0.00     2  springboot3
05:32:12 PM  1000   3032478    0.00    0.00    0.00    0.00    0.00     2  springboot3
05:32:13 PM  1000   3032478    0.00    0.00    0.00    0.00    0.00     2  springboot3
05:32:14 PM  1000   3032478    1.00    0.00    0.00    0.00    1.00     2  springboot3
05:32:15 PM  1000   3032478    0.00    0.00    0.00    0.00    0.00     2  springboot3
05:32:16 PM  1000   3032478    0.00    0.00    0.00    0.00    0.00     2  springboot3
05:32:17 PM  1000   3032478    0.00    0.00    0.00    0.00    0.00     2  springboot3
05:32:18 PM  1000   3032478    0.00    0.00    0.00    0.00    0.00     2  springboot3
05:32:19 PM  1000   3032478    0.00    0.00    0.00    0.00    0.00     2  springboot3
05:32:20 PM  1000   3032478    0.00    0.00    0.00    0.00    0.00     2  springboot3
05:32:21 PM  1000   3032478    0.00    0.00    0.00    0.00    0.00     2  springboot3
05:32:22 PM  1000   3032478    1.00    0.00    0.00    0.00    1.00     2  springboot3
05:32:23 PM  1000   3032478    0.00    0.00    0.00    0.00    0.00     2  springboot3
05:32:24 PM  1000   3032478    0.00    0.00    0.00    0.00    0.00     2  springboot3
05:32:25 PM  1000   3032478    0.00    0.00    0.00    0.00    0.00     2  springboot3
05:32:26 PM  1000   3032478    0.00    0.00    0.00    0.00    0.00     2  springboot3
05:32:27 PM  1000   3032478    0.00    0.00    0.00    0.00    0.00     2  springboot3
05:32:28 PM  1000   3032478    0.00    0.00    0.00    0.00    0.00     2  springboot3
05:32:29 PM  1000   3032478    0.00    0.00    0.00    0.00    0.00     2  springboot3
05:32:30 PM  1000   3032478    0.00    0.00    0.00    0.00    0.00     2  springboot3
05:32:31 PM  1000   3032478    0.00    0.00    0.00    0.00    0.00     2  springboot3
05:32:32 PM  1000   3032478    1.00    0.00    0.00    0.00    1.00     2  springboot3
05:32:33 PM  1000   3032478    0.00    0.00    0.00    0.00    0.00     2  springboot3
05:32:34 PM  1000   3032478    0.00    0.00    0.00    0.00    0.00     2  springboot3
05:32:35 PM  1000   3032478    0.00    0.00    0.00    0.00    0.00     2  springboot3
05:32:36 PM  1000   3032478  193.00   47.00    0.00    0.00  240.00     2  springboot3
05:32:37 PM  1000   3032478  298.00   68.00    0.00    1.00  366.00     4  springboot3
05:32:38 PM  1000   3032478  306.00   70.00    0.00    0.00  376.00     4  springboot3
05:32:39 PM  1000   3032478  299.00   65.00    0.00    0.00  364.00     4  springboot3
05:32:40 PM  1000   3032478  306.00   70.00    0.00    0.00  376.00     4  springboot3
05:32:41 PM  1000   3032478  301.00   67.00    0.00    0.00  368.00     4  springboot3
05:32:42 PM  1000   3032478  303.00   69.00    0.00    0.00  372.00     4  springboot3
05:32:43 PM  1000   3032478  305.00   72.00    0.00    0.00  377.00     4  springboot3
05:32:44 PM  1000   3032478  300.00   66.00    0.00    0.00  366.00     4  springboot3
05:32:45 PM  1000   3032478  301.00   74.00    0.00    0.00  375.00     4  springboot3
05:32:46 PM  1000   3032478  297.00   69.00    0.00    0.00  366.00     4  springboot3
05:32:47 PM  1000   3032478  304.00   73.00    0.00    0.00  377.00     4  springboot3
05:32:48 PM  1000   3032478  299.00   65.00    0.00    0.00  364.00     2  springboot3
05:32:49 PM  1000   3032478  298.00   79.00    0.00    0.00  377.00     2  springboot3
05:32:50 PM  1000   3032478  296.00   66.00    0.00    0.00  362.00     2  springboot3
05:32:51 PM  1000   3032478  307.00   69.00    0.00    0.00  376.00     2  springboot3
05:32:52 PM  1000   3032478  294.00   69.00    0.00    0.00  363.00     2  springboot3
05:32:53 PM  1000   3032478  300.00   75.00    0.00    0.00  375.00     2  springboot3
05:32:54 PM  1000   3032478  306.00   70.00    0.00    0.00  376.00     2  springboot3
05:32:55 PM  1000   3032478  298.00   68.00    0.00    0.00  366.00     2  springboot3
05:32:56 PM  1000   3032478  306.00   71.00    0.00    0.00  377.00     2  springboot3
05:32:57 PM  1000   3032478  305.00   62.00    0.00    0.00  367.00     2  springboot3
05:32:58 PM  1000   3032478  304.00   72.00    0.00    0.00  376.00     2  springboot3
05:32:59 PM  1000   3032478  300.00   67.00    0.00    0.00  367.00     2  springboot3
05:33:00 PM  1000   3032478  309.00   69.00    0.00    0.00  378.00     2  springboot3
05:33:01 PM  1000   3032478  302.00   64.00    0.00    0.00  366.00     2  springboot3
05:33:02 PM  1000   3032478  307.00   70.00    0.00    0.00  377.00     2  springboot3
05:33:03 PM  1000   3032478  296.00   69.00    0.00    0.00  365.00     2  springboot3
05:33:04 PM  1000   3032478  308.00   67.00    0.00    0.00  375.00     2  springboot3
05:33:05 PM  1000   3032478  308.00   70.00    0.00    0.00  378.00     2  springboot3
05:33:06 PM  1000   3032478  299.00   70.00    0.00    0.00  369.00     2  springboot3
05:33:07 PM  1000   3032478  304.00   73.00    0.00    0.00  377.00     2  springboot3
05:33:08 PM  1000   3032478  303.00   73.00    0.00    0.00  376.00     2  springboot3
05:33:09 PM  1000   3032478  304.00   64.00    0.00    0.00  368.00     2  springboot3
05:33:10 PM  1000   3032478  309.00   66.00    0.00    0.00  375.00     2  springboot3
05:33:11 PM  1000   3032478  299.00   67.00    0.00    0.00  366.00     2  springboot3
05:33:12 PM  1000   3032478  120.00   26.00    0.00    0.00  146.00     2  springboot3
05:33:13 PM  1000   3032478    0.00    0.00    0.00    0.00    0.00     2  springboot3
05:33:14 PM  1000   3032478    0.00    0.00    0.00    0.00    0.00     2  springboot3
