Linux 5.14.0-570.60.1.el9_6.x86_64 *****) 	03/24/2026 	_x86_64_	(64 CPU)

03:24:25 PM   UID       PID    %usr %system  %guest   %wait    %CPU   CPU  Command
03:24:26 PM  1000   2948889  223.00    7.00    0.00    0.00  230.00     2  java
03:24:27 PM  1000   2948889   92.00    4.00    0.00    0.00   96.00     2  java
03:24:28 PM  1000   2948889    1.00    0.00    0.00    0.00    1.00     2  java
03:24:29 PM  1000   2948889    0.00    0.00    0.00    0.00    0.00     2  java
03:24:30 PM  1000   2948889    0.00    0.00    0.00    0.00    0.00     2  java
03:24:31 PM  1000   2948889    0.00    0.00    0.00    0.00    0.00     2  java
03:24:32 PM  1000   2948889    0.00    0.00    0.00    0.00    0.00     2  java
03:24:33 PM  1000   2948889    0.00    0.00    0.00    0.00    0.00     2  java
03:24:34 PM  1000   2948889    0.00    0.00    0.00    0.00    0.00     2  java
03:24:35 PM  1000   2948889  196.00   11.00    0.00    0.00  207.00     2  java
03:24:36 PM  1000   2948889  381.00   14.00    0.00    0.00  395.00     2  java
03:24:37 PM  1000   2948889  366.00   25.00    0.00    0.00  391.00     2  java
03:24:38 PM  1000   2948889  358.00   31.00    0.00    0.00  389.00     2  java
03:24:39 PM  1000   2948889  361.00   29.00    0.00    0.00  390.00     2  java
03:24:40 PM  1000   2948889  362.00   27.00    0.00    0.00  389.00     2  java
03:24:41 PM  1000   2948889  354.00   33.00    0.00    0.00  387.00     2  java
03:24:42 PM  1000   2948889  351.00   35.00    0.00    0.00  386.00     2  java
03:24:43 PM  1000   2948889  352.00   37.00    0.00    0.00  389.00     2  java
03:24:44 PM  1000   2948889  353.00   34.00    0.00    0.00  387.00     2  java
03:24:45 PM  1000   2948889  346.00   39.00    0.00    0.00  385.00     2  java
03:24:46 PM  1000   2948889  344.00   41.00    0.00    0.00  385.00     2  java
03:24:47 PM  1000   2948889  333.00   50.00    0.00    0.00  383.00     2  java
03:24:48 PM  1000   2948889  331.00   51.00    0.00    0.00  382.00     2  java
03:24:49 PM  1000   2948889  316.00   64.00    0.00    0.00  380.00     2  java
03:24:50 PM  1000   2948889  322.00   59.00    0.00    0.00  381.00     2  java
03:24:51 PM  1000   2948889  310.00   70.00    0.00    0.00  380.00     2  java
03:24:52 PM  1000   2948889  282.00   94.00    0.00    0.00  376.00     2  java
03:24:53 PM  1000   2948889  283.00   92.00    0.00    0.00  375.00     2  java
03:24:54 PM  1000   2948889  276.00   99.00    0.00    0.00  375.00     2  java
03:24:55 PM  1000   2948889  278.00   97.00    0.00    0.00  375.00     2  java
03:24:56 PM  1000   2948889  280.00   95.00    0.00    0.00  375.00     2  java
03:24:57 PM  1000   2948889  280.00   95.00    0.00    0.00  375.00     2  java
03:24:58 PM  1000   2948889  282.00   94.00    0.00    0.00  376.00     2  java
03:24:59 PM  1000   2948889  283.00   94.00    0.00    0.00  377.00     2  java
03:25:00 PM  1000   2948889  282.00   93.00    0.00    0.00  375.00     2  java
03:25:01 PM  1000   2948889  282.00   93.00    0.00    0.00  375.00     2  java
03:25:02 PM  1000   2948889  280.00   95.00    0.00    0.00  375.00     2  java
03:25:03 PM  1000   2948889  276.00   99.00    0.00    0.00  375.00     2  java
03:25:04 PM  1000   2948889  279.00   96.00    0.00    0.00  375.00     2  java
03:25:05 PM  1000   2948889  280.00   96.00    0.00    0.00  376.00     2  java
03:25:06 PM  1000   2948889  304.00   75.00    0.00    0.00  379.00     2  java
03:25:07 PM  1000   2948889  313.00   65.00    0.00    0.00  378.00     2  java
03:25:08 PM  1000   2948889  307.00   73.00    0.00    0.00  380.00     2  java
03:25:09 PM  1000   2948889  301.00   75.00    0.00    0.00  376.00     2  java
03:25:10 PM  1000   2948889  296.00   81.00    0.00    0.00  377.00     2  java
03:25:11 PM  1000   2948889  292.00   86.00    0.00    0.00  378.00     2  java
03:25:12 PM  1000   2948889  288.00   88.00    0.00    0.00  376.00     2  java
03:25:13 PM  1000   2948889  287.00   88.00    0.00    0.00  375.00     2  java
03:25:14 PM  1000   2948889  287.00   90.00    0.00    0.00  377.00     2  java
03:25:15 PM  1000   2948889  288.00   87.00    0.00    0.00  375.00     2  java
03:25:16 PM  1000   2948889  287.00   89.00    0.00    0.00  376.00     2  java
03:25:17 PM  1000   2948889  285.00   90.00    0.00    0.00  375.00     2  java
03:25:18 PM  1000   2948889  299.00   79.00    0.00    0.00  378.00     2  java
03:25:19 PM  1000   2948889  285.00   91.00    0.00    0.00  376.00     2  java
03:25:20 PM  1000   2948889  284.00   91.00    0.00    0.00  375.00     2  java
03:25:21 PM  1000   2948889  290.00   85.00    0.00    0.00  375.00     2  java
03:25:22 PM  1000   2948889  286.00   89.00    0.00    0.00  375.00     2  java
03:25:23 PM  1000   2948889  283.00   92.00    0.00    0.00  375.00     2  java
03:25:24 PM  1000   2948889  282.00   94.00    0.00    0.00  376.00     2  java
03:25:25 PM  1000   2948889  288.00   88.00    0.00    0.00  376.00     2  java
03:25:26 PM  1000   2948889  303.00   76.00    0.00    0.00  379.00     2  java
03:25:27 PM  1000   2948889  285.00   90.00    0.00    0.00  375.00     2  java
03:25:28 PM  1000   2948889  278.00   96.00    0.00    0.00  374.00     2  java
03:25:29 PM  1000   2948889  279.00   97.00    0.00    0.00  376.00     2  java
03:25:30 PM  1000   2948889  282.00   93.00    0.00    0.00  375.00     2  java
03:25:31 PM  1000   2948889  277.00   98.00    0.00    0.00  375.00     2  java
03:25:32 PM  1000   2948889  274.00   99.00    0.00    0.00  373.00     2  java
03:25:33 PM  1000   2948889  280.00   94.00    0.00    0.00  374.00     2  java
03:25:34 PM  1000   2948889  279.00   97.00    0.00    0.00  376.00     2  java
03:25:35 PM  1000   2948889  279.00   95.00    0.00    0.00  374.00     2  java
03:25:36 PM  1000   2948889  284.00   92.00    0.00    0.00  376.00     2  java
03:25:37 PM  1000   2948889  281.00   94.00    0.00    0.00  375.00     2  java
03:25:38 PM  1000   2948889  298.00   77.00    0.00    0.00  375.00     2  java
03:25:39 PM  1000   2948889  300.00   77.00    0.00    0.00  377.00     2  java
03:25:40 PM  1000   2948889  283.00   93.00    0.00    0.00  376.00     2  java
03:25:41 PM  1000   2948889  284.00   91.00    0.00    0.00  375.00     2  java
03:25:42 PM  1000   2948889  286.00   89.00    0.00    0.00  375.00     2  java
03:25:43 PM  1000   2948889  284.00   91.00    0.00    0.00  375.00     2  java
03:25:44 PM  1000   2948889  280.00   94.00    0.00    0.00  374.00     2  java
03:25:45 PM  1000   2948889  285.00   91.00    0.00    0.00  376.00     2  java
03:25:46 PM  1000   2948889  285.00   89.00    0.00    0.00  374.00     2  java
03:25:47 PM  1000   2948889  285.00   91.00    0.00    0.00  376.00     2  java
03:25:48 PM  1000   2948889  283.00   92.00    0.00    0.00  375.00     2  java
03:25:49 PM  1000   2948889  279.00   96.00    0.00    0.00  375.00     2  java
03:25:50 PM  1000   2948889  278.00   97.00    0.00    0.00  375.00     2  java
03:25:51 PM  1000   2948889  281.00   94.00    0.00    0.00  375.00     2  java
03:25:52 PM  1000   2948889  279.00   96.00    0.00    0.00  375.00     2  java
03:25:53 PM  1000   2948889  277.00   97.00    0.00    0.00  374.00     2  java
03:25:54 PM  1000   2948889  274.00  100.00    0.00    0.00  374.00     2  java
03:25:55 PM  1000   2948889  281.00   94.00    0.00    0.00  375.00     2  java
03:25:56 PM  1000   2948889  279.00   94.00    0.00    0.00  373.00     2  java
03:25:57 PM  1000   2948889  277.00   97.00    0.00    0.00  374.00     2  java
03:25:58 PM  1000   2948889  280.00   96.00    0.00    0.00  376.00     2  java
03:25:59 PM  1000   2948889  282.00   93.00    0.00    0.00  375.00     2  java
03:26:00 PM  1000   2948889  281.00   93.00    0.00    0.00  374.00     2  java
03:26:01 PM  1000   2948889  277.00   97.00    0.00    0.00  374.00     2  java
03:26:02 PM  1000   2948889  281.00   95.00    0.00    0.00  376.00     2  java
03:26:03 PM  1000   2948889  279.00   95.00    0.00    0.00  374.00     2  java
03:26:04 PM  1000   2948889  284.00   91.00    0.00    0.00  375.00     2  java
03:26:05 PM  1000   2948889  272.28   99.01    0.00    0.00  371.29     2  java
03:26:06 PM  1000   2948889  284.00   92.00    0.00    0.00  376.00     2  java
03:26:07 PM  1000   2948889  280.00   95.00    0.00    0.00  375.00     2  java
03:26:08 PM  1000   2948889  276.00   96.00    0.00    0.00  372.00     2  java
03:26:09 PM  1000   2948889  283.00   92.00    0.00    0.00  375.00     2  java
03:26:10 PM  1000   2948889  278.00   96.00    0.00    0.00  374.00     2  java
03:26:11 PM  1000   2948889  280.00   95.00    0.00    0.00  375.00     2  java
03:26:12 PM  1000   2948889  279.00   96.00    0.00    0.00  375.00     2  java
03:26:13 PM  1000   2948889  280.00   94.00    0.00    0.00  374.00     2  java
03:26:14 PM  1000   2948889  281.00   93.00    0.00    0.00  374.00     2  java
03:26:15 PM  1000   2948889  276.00   99.00    0.00    0.00  375.00     2  java
03:26:16 PM  1000   2948889  280.00   95.00    0.00    0.00  375.00     2  java
03:26:17 PM  1000   2948889  276.00   99.00    0.00    0.00  375.00     2  java
03:26:18 PM  1000   2948889  274.00  101.00    0.00    0.00  375.00     2  java
03:26:19 PM  1000   2948889  279.00   94.00    0.00    0.00  373.00     2  java
03:26:20 PM  1000   2948889  281.00   95.00    0.00    0.00  376.00     2  java
03:26:21 PM  1000   2948889  282.00   92.00    0.00    0.00  374.00     2  java
03:26:22 PM  1000   2948889  277.00   98.00    0.00    0.00  375.00     2  java
03:26:23 PM  1000   2948889  279.00   95.00    0.00    0.00  374.00     2  java
03:26:24 PM  1000   2948889  278.00   97.00    0.00    0.00  375.00     2  java
03:26:25 PM  1000   2948889  281.00   92.00    0.00    0.00  373.00     2  java
03:26:26 PM  1000   2948889  293.00   81.00    0.00    0.00  374.00     2  java
03:26:27 PM  1000   2948889  291.00   86.00    0.00    0.00  377.00     2  java
03:26:28 PM  1000   2948889  278.00   97.00    0.00    0.00  375.00     2  java
03:26:29 PM  1000   2948889  279.00   96.00    0.00    0.00  375.00     2  java
03:26:30 PM  1000   2948889  285.00   90.00    0.00    0.00  375.00     2  java
03:26:31 PM  1000   2948889  285.00   90.00    0.00    0.00  375.00     2  java
03:26:32 PM  1000   2948889  281.00   94.00    0.00    0.00  375.00     2  java
03:26:33 PM  1000   2948889  282.00   94.00    0.00    0.00  376.00     2  java
03:26:34 PM  1000   2948889  281.00   93.00    0.00    0.00  374.00     2  java
03:26:35 PM  1000   2948889  279.00   96.00    0.00    0.00  375.00     2  java
03:26:36 PM  1000   2948889  282.00   94.00    0.00    0.00  376.00     2  java
03:26:37 PM  1000   2948889  281.00   94.00    0.00    0.00  375.00     2  java
03:26:38 PM  1000   2948889  273.00   98.00    0.00    0.00  371.00     2  java
03:26:39 PM  1000   2948889  278.00   98.00    0.00    0.00  376.00     2  java
03:26:40 PM  1000   2948889  280.00   95.00    0.00    0.00  375.00     2  java
03:26:41 PM  1000   2948889  124.00   41.00    0.00    0.00  165.00     2  java
03:26:42 PM  1000   2948889    6.00    0.00    0.00    0.00    6.00     2  java
03:26:43 PM  1000   2948889    1.00    1.00    0.00    0.00    2.00     2  java
03:26:44 PM  1000   2948889    0.00    0.00    0.00    0.00    0.00     2  java
03:26:45 PM  1000   2948889    0.00    0.00    0.00    0.00    0.00     2  java
03:26:46 PM  1000   2948889    0.00    0.00    0.00    0.00    0.00     2  java
03:26:47 PM  1000   2948889    0.00    0.00    0.00    0.00    0.00     2  java
03:26:48 PM  1000   2948889    0.00    0.00    0.00    0.00    0.00     2  java
03:26:49 PM  1000   2948889    0.00    0.00    0.00    0.00    0.00     2  java
03:26:50 PM  1000   2948889    0.00    0.00    0.00    0.00    0.00     2  java
03:26:51 PM  1000   2948889    0.00    0.00    0.00    0.00    0.00     2  java
03:26:52 PM  1000   2948889    1.00    0.00    0.00    0.00    1.00     2  java
03:26:53 PM  1000   2948889    0.00    0.00    0.00    0.00    0.00     2  java
03:26:54 PM  1000   2948889    0.00    0.00    0.00    0.00    0.00     2  java
03:26:55 PM  1000   2948889    0.00    0.00    0.00    0.00    0.00     2  java
03:26:56 PM  1000   2948889    0.00    0.00    0.00    0.00    0.00     2  java
03:26:57 PM  1000   2948889    0.00    0.00    0.00    0.00    0.00     2  java
03:26:58 PM  1000   2948889    0.00    0.00    0.00    0.00    0.00     2  java
03:26:59 PM  1000   2948889    0.00    0.00    0.00    0.00    0.00     2  java
03:27:00 PM  1000   2948889    0.00    0.00    0.00    0.00    0.00     2  java
03:27:01 PM  1000   2948889    0.00    0.00    0.00    0.00    0.00     2  java
03:27:02 PM  1000   2948889    0.00    0.00    0.00    0.00    0.00     2  java
03:27:03 PM  1000   2948889    2.00    0.00    0.00    0.00    2.00     2  java
03:27:04 PM  1000   2948889    0.00    0.00    0.00    0.00    0.00     2  java
03:27:05 PM  1000   2948889    0.00    0.00    0.00    0.00    0.00     2  java
03:27:06 PM  1000   2948889    0.00    0.00    0.00    0.00    0.00     2  java
03:27:07 PM  1000   2948889    0.00    0.00    0.00    0.00    0.00     2  java
03:27:08 PM  1000   2948889    0.00    0.00    0.00    0.00    0.00     2  java
03:27:09 PM  1000   2948889    0.00    0.00    0.00    0.00    0.00     2  java
03:27:10 PM  1000   2948889    0.00    0.00    0.00    0.00    0.00     2  java
03:27:11 PM  1000   2948889    0.00    0.00    0.00    0.00    0.00     2  java
03:27:12 PM  1000   2948889    0.00    0.00    0.00    0.00    0.00     2  java
03:27:13 PM  1000   2948889    0.00    0.00    0.00    0.00    0.00     2  java
03:27:14 PM  1000   2948889    0.00    0.00    0.00    0.00    0.00     2  java
03:27:15 PM  1000   2948889    0.00    0.00    0.00    0.00    0.00     2  java
03:27:16 PM  1000   2948889  278.00   49.00    0.00    0.00  327.00     2  java
03:27:17 PM  1000   2948889  295.00   83.00    0.00    0.00  378.00     2  java
03:27:18 PM  1000   2948889  285.00   92.00    0.00    0.00  377.00     2  java
03:27:19 PM  1000   2948889  288.00   89.00    0.00    0.00  377.00     2  java
03:27:20 PM  1000   2948889  286.00   89.00    0.00    0.00  375.00     2  java
03:27:21 PM  1000   2948889  284.00   92.00    0.00    0.00  376.00     2  java
03:27:22 PM  1000   2948889  278.00   94.00    0.00    0.00  372.00     2  java
03:27:23 PM  1000   2948889  279.00   96.00    0.00    0.00  375.00     2  java
03:27:24 PM  1000   2948889  285.00   90.00    0.00    0.00  375.00     2  java
03:27:25 PM  1000   2948889  284.00   91.00    0.00    0.00  375.00     2  java
03:27:26 PM  1000   2948889  284.00   89.00    0.00    0.00  373.00     2  java
03:27:27 PM  1000   2948889  284.00   92.00    0.00    0.00  376.00     2  java
03:27:28 PM  1000   2948889  286.00   90.00    0.00    0.00  376.00     2  java
03:27:29 PM  1000   2948889  285.00   91.00    0.00    0.00  376.00     2  java
03:27:30 PM  1000   2948889  284.00   92.00    0.00    0.00  376.00     2  java
03:27:31 PM  1000   2948889  286.00   90.00    0.00    0.00  376.00     2  java
03:27:32 PM  1000   2948889  284.00   91.00    0.00    0.00  375.00     2  java
03:27:33 PM  1000   2948889  284.00   92.00    0.00    0.00  376.00     2  java
03:27:34 PM  1000   2948889  278.00   97.00    0.00    0.00  375.00     2  java
03:27:35 PM  1000   2948889  282.00   93.00    0.00    0.00  375.00     2  java
03:27:36 PM  1000   2948889  283.00   92.00    0.00    0.00  375.00     2  java
03:27:37 PM  1000   2948889  280.00   94.00    0.00    0.00  374.00     2  java
03:27:38 PM  1000   2948889  282.00   93.00    0.00    0.00  375.00     2  java
03:27:39 PM  1000   2948889  286.00   90.00    0.00    0.00  376.00     2  java
03:27:40 PM  1000   2948889  279.00   97.00    0.00    0.00  376.00     2  java
03:27:41 PM  1000   2948889  281.00   94.00    0.00    0.00  375.00     2  java
03:27:42 PM  1000   2948889  282.00   93.00    0.00    0.00  375.00     2  java
03:27:43 PM  1000   2948889  286.00   89.00    0.00    0.00  375.00     2  java
03:27:44 PM  1000   2948889  286.00   90.00    0.00    0.00  376.00     2  java
03:27:45 PM  1000   2948889  287.00   89.00    0.00    0.00  376.00     2  java
03:27:46 PM  1000   2948889  279.00   96.00    0.00    0.00  375.00     2  java
03:27:47 PM  1000   2948889  278.00   97.00    0.00    0.00  375.00     2  java
03:27:48 PM  1000   2948889  279.00   97.00    0.00    0.00  376.00     2  java
03:27:49 PM  1000   2948889  283.00   93.00    0.00    0.00  376.00     2  java
03:27:50 PM  1000   2948889  277.00   98.00    0.00    0.00  375.00     2  java
03:27:51 PM  1000   2948889  285.00   90.00    0.00    0.00  375.00     2  java
03:27:52 PM  1000   2948889   53.00   15.00    0.00    0.00   68.00     2  java
03:27:53 PM  1000   2948889    2.00    0.00    0.00    0.00    2.00     2  java
03:27:54 PM  1000   2948889    1.00    0.00    0.00    0.00    1.00     2  java
03:27:55 PM  1000   2948889    0.00    0.00    0.00    0.00    0.00     2  java
