procs -----------memory---------- ---swap-- -----io---- -system-- ------cpu-----
 r  b   swpd   free   buff  cache   si   so    bi    bo   in   cs us sy id wa st
 6  0   1768 390445728      0 967348    0    0     2     1    0    0  0  0 100  0  0
 4  0   1768 390366144      0 1018016    0    0 51088 52668 8860 8165  5  0 94  1  0
 3  0   1768 390310240      0 1027408    0    0  9900    16 12226 7765  5  1 94  0  0
 2  0   1768 390223232      0 1037636    0    0  9528    12 8782 6856  4  0 95  0  0
 2  0   1768 390127136      0 1042960    0    0  5648     0 13779 8467  4  1 95  0  0
 4  0   1768 390106816      0 1046520    0    0  3372    36 5442 4273  4  0 95  0  0
 4  0   1768 390083008      0 1057012    0    0 10476 18196 6553 5677  5  0 95  0  0
 2  0   1768 390019232      0 1069776    0    0 14596   852 8293 10496  5  0 94  0  0
 2  0   1768 389930304      0 1079692    0    0 11724    16 4401 6796  2  0 97  0  0
 0  0   1768 389915456      0 1082808    0    0  2856    12 2466 2885  1  0 98  0  0
 6  0   1768 389879296      0 1084916    0    0  1848     4 4134 7110  3  0 97  0  0
 8  0   1768 389844992      0 1088692    0    0  3996   172 9215 16060  7  0 93  0  0
10  0   1768 389840224      0 1088892    0    0   128     4 9071 19688  7  0 93  0  0
 9  0   1768 389824928      0 1089648    0    0   748     0 10342 26807  7  1 93  0  0
 7  0   1768 389780864      0 1089864    0    0   100     8 11817 33705  8  1 92  0  0
 7  0   1768 389768416      0 1090484    0    0   160    16 13285 47171  7  1 92  0  0
 6  0   1768 389723680      0 1093944    0    0   364    52 14245 51076  7  1 92  0  0
 7  0   1768 389712128      0 1094100    0    0     0   296 13488 55636  7  1 93  0  0
 7  0   1768 389681376      0 1094308    0    0     0    12 12751 50667  7  1 93  0  0
 6  0   1768 389599296      0 1094984    0    0   120     8 13289 50259  6  1 93  0  0
 6  0   1768 389581696      0 1095404    0    0     0     8 13375 55344  6  1 93  0  0
procs -----------memory---------- ---swap-- -----io---- -system-- ------cpu-----
 r  b   swpd   free   buff  cache   si   so    bi    bo   in   cs us sy id wa st
 6  0   1768 389549248      0 1096948    0    0   544   604 14337 65154  7  1 92  0  0
 6  0   1768 389547904      0 1097116    0    0     0    12 14829 66894  6  1 93  0  0
 6  0   1768 389545024      0 1098056    0    0   656    40 16257 78011  6  1 92  0  0
 7  0   1768 389512416      0 1099176    0    0   216     4 15829 75167  7  1 92  0  0
 8  0   1768 389510048      0 1099508    0    0     4    12 17586 84775  7  1 92  0  0
 7  0   1768 389500192      0 1100020    0    0   112     0 17531 89030  6  1 92  0  0
10  0   1768 389498080      0 1100388    0    0     0     8 16788 76398  6  1 92  0  0
 9  0   1768 389447776      0 1101020    0    0    32    36 18507 92918  6  1 92  0  0
 6  0   1768 389440128      0 1101716    0    0     0    52 17965 89615  6  1 92  0  0
12  0   1768 389439136      0 1102720    0    0   344     4 21844 116221  7  2 92  0  0
13  0   1768 389358144      0 1103492    0    0   516   132 21677 101072  7  2 91  0  0
 7  0   1768 389342784      0 1107300    0    0   416    16 24298 123764  7  2 92  0  0
 7  0   1768 389337056      0 1108128    0    0    28    24 27680 145550  7  2 91  0  0
 5  0   1768 389336640      0 1108692    0    0     0     4 26066 156226  7  2 91  0  0
 9  0   1768 389334432      0 1100100    0    0     0    40 33722 206950  7  3 90  0  0
10  0   1768 389331936      0 1100480    0    0   296     4 32220 208803  7  3 90  0  0
 9  0   1768 389330080      0 1101420    0    0    64    12 32805 211148  7  3 90  0  0
 9  0   1768 389328320      0 1102808    0    0    52   344 31198 208242  7  3 90  0  0
 7  0   1768 389307776      0 1103624    0    0     0    20 29043 192913  8  3 89  0  0
 9  0   1768 389224320      0 1105552    0    0     0     4 29047 190190  7  3 90  0  0
13  0   1768 389204160      0 1106760    0    0   688   124 29276 175965  7  3 90  0  0
procs -----------memory---------- ---swap-- -----io---- -system-- ------cpu-----
 r  b   swpd   free   buff  cache   si   so    bi    bo   in   cs us sy id wa st
 6  0   1768 389150848      0 1115340    0    0  1172    52 37858 214036  8  3 89  0  0
 8  0   1768 389053344      0 1115660    0    0     0   108 34168 216283  7  3 90  0  0
11  0   1768 389050400      0 1116600    0    0    64     8 33166 207932  7  3 90  0  0
12  0   1768 389047872      0 1117648    0    0     0     8 34453 212456  7  3 90  0  0
 6  0   1768 389019872      0 1120456    0    0   452   424 34463 213741  8  3 89  0  0
13  0   1768 389006720      0 1121920    0    0    16   856 34943 215669  8  3 89  0  0
 5  0   1768 388986912      0 1124768    0    0    16    16 34291 218038  7  3 90  0  0
 5  0   1768 388986976      0 1126516    0    0     0     8 33749 215546  7  3 90  0  0
14  0   1768 388983744      0 1126952    0    0     0     4 33220 219618  7  3 90  0  0
11  0   1768 388980640      0 1128616    0    0   192   136 34068 211667  7  3 90  0  0
 8  0   1768 388979680      0 1135700    0    0     4 45108 33998 215864  8  3 89  0  0
 9  0   1768 388984320      0 1137940    0    0   172     4 34745 221287  7  3 90  0  0
 9  0   1768 388986080      0 1139996    0    0    88    12 35125 212543  7  3 89  0  0
 8  0   1768 388988928      0 1141364    0    0   116     8 35156 194504  7  4 89  0  0
 7  0   1768 388993472      0 1142184    0    0     0     8 34185 194572  7  4 90  0  0
10  0   1768 388996384      0 1143840    0    0     0     8 35382 194228  7  4 89  0  0
 9  0   1768 388997440      0 1144864    0    0    20     4 34619 193958  7  4 90  0  0
11  0   1768 388999520      0 1145796    0    0     0    24 35388 195032  7  4 89  0  0
14  0   1768 388995904      0 1146856    0    0   124     4 34164 194481  7  4 90  0  0
 7  0   1768 388994976      0 1148832    0    0     0   132 34889 195058  7  4 89  0  0
 8  0   1768 388975616      0 1155312    0    0     0    12 34175 186866  8  4 89  0  0
procs -----------memory---------- ---swap-- -----io---- -system-- ------cpu-----
 r  b   swpd   free   buff  cache   si   so    bi    bo   in   cs us sy id wa st
 7  0   1768 388975296      0 1156324    0    0     0    16 35704 194628  7  4 90  0  0
 7  0   1768 388974176      0 1157432    0    0   104     4 33748 193579  7  3 90  0  0
 7  0   1768 388975136      0 1158476    0    0    68     8 34746 194280  7  4 89  0  0
 9  0   1768 388974304      0 1159776    0    0   252   204 35070 186042  7  4 89  0  0
 5  0   1768 388973248      0 1162064    0    0     0     8 34590 189539  7  4 89  0  0
12  0   1768 388962080      0 1162600    0    0    92     0 32906 192659  7  4 89  0  0
 6  0   1768 388946752      0 1165852    0    0    16    28 33657 193259  7  4 89  0  0
 9  0   1768 388945792      0 1166572    0    0     0    12 34856 194498  7  4 90  0  0
 7  0   1768 388935040      0 1168868    0    0     0   128 34582 190567  8  4 89  0  0
 8  0   1768 388925632      0 1176044    0    0     0     8 35980 192168  7  4 89  0  0
 8  0   1768 388923936      0 1176484    0    0     0     0 35459 192034  7  4 89  0  0
 6  0   1768 388922176      0 1179880    0    0   128    24 34853 193944  7  4 89  0  0
10  0   1768 388921056      0 1180608    0    0     0    16 32581 185136  7  3 90  0  0
 8  0   1768 388922304      0 1181652    0    0   128   156 33374 216524  7  3 90  0  0
 9  0   1768 388922944      0 1183164    0    0     0   528 32984 218191  7  3 90  0  0
 8  0   1768 388920864      0 1184384    0    0    12 47264 34074 217957  7  3 89  0  0
 5  0   1768 388918016      0 1186324    0    0     0     0 32820 214565  7  3 90  0  0
 2  0   1768 388916800      0 1188560    0    0     0    16 31016 192578  8  3 89  0  0
 9  0   1768 388914656      0 1188632    0    0    64   600 33653 219828  7  3 90  0  0
 9  0   1768 388882944      0 1194416    0    0   208     8 34931 213781  9  3 88  0  0
11  0   1768 388832640      0 1197032    0    0   208  1116 34711 217689  9  3 88  0  0
procs -----------memory---------- ---swap-- -----io---- -system-- ------cpu-----
 r  b   swpd   free   buff  cache   si   so    bi    bo   in   cs us sy id wa st
15  0   1768 388830656      0 1197976    0    0     0     4 35916 209077  9  3 88  0  0
 7  0   1768 388733824      0 1190400    0    0     0    16 34475 211347  8  3 89  0  0
 7  0   1768 388733440      0 1191268    0    0     0     0 31798 198339  7  3 90  0  0
 5  0   1768 388732192      0 1192768    0    0     0    16 32865 216065  7  3 91  0  0
 7  1   1768 388729216      0 1194532    0    0    76 32852 34881 217008  8  3 89  0  0
 9  0   1768 388728448      0 1197028    0    0     0  8128 33794 206057  8  3 89  0  0
 8  0   1768 388726720      0 1197464    0    0     0   132 32372 205270  7  3 90  0  0
 7  0   1768 388724256      0 1199552    0    0     0     8 33283 214604  7  3 90  0  0
 5  0   1768 388722048      0 1206868    0    0    76    16 33381 211998  8  3 89  0  0
 8  0   1768 388720544      0 1208136    0    0     0     8 34492 218109  7  3 90  0  0
 7  0   1768 388756032      0 1209216    0    0     0     4 34423 217304  7  3 90  0  0
 9  0   1768 388753824      0 1211256    0    0     0     8 34990 210498  8  3 89  0  0
11  0   1768 388750752      0 1211676    0    0   100     4 33009 216382  7  3 90  0  0
 7  0   1768 388749024      0 1212748    0    0     0     0 31170 199831  7  3 90  0  0
 5  0   1768 388749056      0 1214944    0    0     0   208 35586 204106  7  4 89  0  0
 7  0   1768 388748128      0 1215956    0    0     0     8 33774 192628  7  4 90  0  0
 6  0   1768 388750560      0 1217972    0    0     0    28 34014 182008  7  4 89  0  0
 9  0   1768 388750336      0 1218108    0    0   128   128 34425 185936  7  4 90  0  0
 7  0   1768 388750176      0 1223880    0    0   128    12 34148 193011  7  4 89  0  0
11  0   1768 388749472      0 1224824    0    0     0     0 34281 195599  7  4 90  0  0
 6  0   1768 388751232      0 1227488    0    0     0    16 35069 194337  7  4 89  0  0
procs -----------memory---------- ---swap-- -----io---- -system-- ------cpu-----
 r  b   swpd   free   buff  cache   si   so    bi    bo   in   cs us sy id wa st
 8  0   1768 388751424      0 1228460    0    0     0    16 35354 195750  7  4 89  0  0
10  0   1768 388750304      0 1229520    0    0     0     8 37515 191575  7  4 89  0  0
 6  0   1768 388748800      0 1231608    0    0    16   648 34598 192418  7  4 89  0  0
 4  0   1768 388747200      0 1233324    0    0     0    12 33786 195300  7  4 89  0  0
 9  0   1768 388747680      0 1234856    0    0     0 42288 36618 192186  7  4 89  0  0
 9  0   1768 388747104      0 1237340    0    0     0    12 35573 193044  8  4 89  0  0
 8  0   1768 388745280      0 1237880    0    0    48    16 35409 211791  7  3 90  0  0
 6  0   1768 388768128      0 1245176    0    0     0     8 35041 189128  7  4 89  0  0
 9  0   1768 388803552      0 1245672    0    0     0     0 34181 185094  7  4 90  0  0
 7  0   1768 388831424      0 1247540    0    0     0    12 34005 184835  7  4 90  0  0
 8  0   1768 388846816      0 1248700    0    0     0     8 34425 193785  7  4 90  0  0
 8  0   1768 388843872      0 1249300    0    0     0     8 34278 211586  7  3 90  0  0
 6  0   1768 388842496      0 1251208    0    0     0     8 33013 213859  7  3 90  0  0
 8  0   1768 388844096      0 1253560    0    0     0     4 34835 215572  8  3 89  0  0
 8  0   1768 388843040      0 1254076    0    0     0     8 33007 203812  7  3 90  0  0
11  0   1768 388840704      0 1254508    0    0     0    16 33990 183627  7  4 89  0  0
10  0   1768 388742496      0 1258076    0    0     0     0 35610 190893  8  4 89  0  0
12  0   1768 388713760      0 1263216    0    0     0    16 34828 191915  7  4 89  0  0
11  0   1768 388728544      0 1264392    0    0     0     8 36883 185922  7  4 89  0  0
10  0   1768 388701216      0 1266120    0    0     0     4 32930 195603  7  4 89  0  0
 9  0   1768 388699584      0 1268676    0    0     0 40496 34917 188493  7  4 89  0  0
procs -----------memory---------- ---swap-- -----io---- -system-- ------cpu-----
 r  b   swpd   free   buff  cache   si   so    bi    bo   in   cs us sy id wa st
 7  0   1768 388730208      0 1269800    0    0     0    12 34744 194121  7  4 89  0  0
 9  0   1768 388729536      0 1270680    0    0     0     8 34064 193706  7  4 90  0  0
10  0   1768 388729600      0 1272928    0    0     0   208 37327 193054  8  4 89  0  0
10  0   1768 388728384      0 1273360    0    0     0     8 33785 195846  7  4 89  0  0
 9  0   1768 388727776      0 1275104    0    0    16    16 33822 195034  7  4 90  0  0
 5  0   1768 388728096      0 1277716    0    0     4     0 35056 194051  7  4 89  0  0
 4  0   1768 388755456      0 1285492    0    0     0    20 37287 192040  8  4 89  0  0
 6  0   1768 388782720      0 1287508    0    0     0     8 35483 196037  7  4 89  0  0
 9  0   1768 388790112      0 1288836    0    0     0     8 35135 191158  7  4 89  0  0
 7  0   1768 388778368      0 1290320    0    0     0     8 33833 194073  7  4 90  0  0
 0  0   1768 388782560      0 1291976    0    0   100   960 22187 114875  5  2 92  0  0
 0  0   1768 388927488      0 1292860    0    0     8    48 1427 2198  0  0 100  0  0
 0  0   1768 388927744      0 1292864    0    0     0   528  952 1746  0  0 100  0  0
 3  0   1768 388927744      0 1292880    0    0     0     0  964 1671  0  0 100  0  0
 0  0   1768 388927744      0 1293436    0    0     0     8 1111 1715  0  0 100  0  0
 1  0   1768 388928256      0 1294228    0    0     0    20 1955 2642  1  0 99  0  0
 0  0   1768 388929024      0 1298840    0    0    64    12 1282 1939  0  0 100  0  0
 0  0   1768 388929024      0 1298848    0    0     0     0  973 1779  0  0 100  0  0
 0  0   1768 388929024      0 1298860    0    0     0     4  887 1661  0  0 100  0  0
 0  0   1768 388928064      0 1299268    0    0     0     0 1966 2556  1  0 99  0  0
 0  0   1768 388929344      0 1300004    0    0     0     4 1487 2101  0  0 100  0  0
procs -----------memory---------- ---swap-- -----io---- -system-- ------cpu-----
 r  b   swpd   free   buff  cache   si   so    bi    bo   in   cs us sy id wa st
 0  0   1768 388928576      0 1300008    0    0     0     8  981 1845  0  0 100  0  0
 0  0   1768 388928832      0 1300008    0    0     0     4  831 1592  0  0 100  0  0
 0  0   1768 388929088      0 1300008    0    0     0     0  998 1896  0  0 100  0  0
 0  0   1768 388930048      0 1300012    0    0     0     4  930 1780  0  0 100  0  0
 1  0   1768 388934080      0 1300044    0    0     0    24 1636 2038  0  0 100  0  0
 1  0   1768 388957760      0 1300044    0    0     0     0 2880 2095  2  0 98  0  0
 2  0   1768 388957760      0 1300044    0    0     0     8 2229 2084  2  0 98  0  0
 0  0   1768 388835328      0 1288868    0    0     0     8 1699 2025  1  0 99  0  0
 0  0   1768 388835072      0 1288868    0    0     0     0 1667 2230  0  0 100  0  0
 0  0   1768 388835072      0 1288872    0    0     0     4 1115 2029  0  0 100  0  0
 0  0   1768 388835072      0 1288872    0    0     0 37144 1079 2197  0  0 100  0  0
 0  0   1768 388836864      0 1289080    0    0     0     8  908 1717  0  0 100  0  0
 0  0   1768 388837120      0 1289084    0    0     0     8  919 1753  0  0 100  0  0
 0  0   1768 388837120      0 1289092    0    0     0   200  921 1737  0  0 100  0  0
 0  0   1768 388837376      0 1289100    0    0     0     0 1228 2324  0  0 100  0  0
 0  0   1768 388837632      0 1289112    0    0     0  9064  836 1542  0  0 100  0  0
 0  0   1768 388837888      0 1289120    0    0     0     0  822 1610  0  0 100  0  0
 0  0   1768 388838112      0 1289136    0    0     0     8  863 1627  0  0 100  0  0
 0  0   1768 388836704      0 1289256    0    0     0     8 1582 2147  0  0 100  0  0
 0  0   1768 388836448      0 1289264    0    0     4   408  978 1820  0  0 100  0  0
 0  0   1768 388836704      0 1289272    0    0     0   188  958 1802  0  0 100  0  0
procs -----------memory---------- ---swap-- -----io---- -system-- ------cpu-----
 r  b   swpd   free   buff  cache   si   so    bi    bo   in   cs us sy id wa st
 1  0   1768 388850112      0 1289312    0    0     0   452 4479 6822  3  0 96  0  0
 2  0   1768 388758240      0 1289460    0    0     0     4 4088 5040  3  0 97  0  0
 0  0   1768 388736320      0 1289464    0    0     0     0 1586 2169  1  0 99  0  0
 7  0   1768 388725504      0 1289720    0    0   136    20 28685 113447  6  2 91  0  0
 7  0   1768 388773696      0 1289948    0    0    16     4 46684 207241  8  4 88  0  0
 5  0   1768 388870880      0 1290788    0    0     0     8 40853 199569  8  4 89  0  0
 5  0   1768 388902208      0 1292332    0    0   228     8 37560 195898  7  4 90  0  0
 8  0   1768 388930560      0 1292880    0    0     0    16 37466 192198  7  4 89  0  0
 6  0   1768 388929056      0 1294256    0    0     0   472 33030 186292  7  4 90  0  0
 8  0   1768 388929792      0 1294264    0    0     0     0 34324 186475  7  4 89  0  0
 5  0   1768 388929472      0 1296216    0    0     0     4 35686 191667  7  4 90  0  0
 6  0   1768 388928960      0 1297264    0    0    28     8 36944 191399  7  4 90  0  0
 9  0   1768 388928640      0 1298844    0    0    24     4 37358 195042  7  4 89  0  0
 8  0   1768 388889056      0 1298976    0    0   128     0 37652 190963  7  4 89  0  0
 9  0   1768 388894752      0 1306176    0    0     0    32 39184 196219  7  4 89  0  0
10  0   1768 388890592      0 1306688    0    0     0     0 35764 205115  7  3 90  0  0
 9  0   1768 388823136      0 1310156    0    0     0    12 34994 203981  7  3 89  0  0
 6  0   1768 388824640      0 1311348    0    0    68     8 37456 214504  7  3 90  0  0
 9  0   1768 388822400      0 1312664    0    0    36     4 33520 217273  8  3 89  0  0
 9  0   1768 388783072      0 1313640    0    0     0    28 34164 216091  8  3 89  0  0
 7  0   1768 388768544      0 1316416    0    0     0     8 33779 215774  7  3 90  0  0
procs -----------memory---------- ---swap-- -----io---- -system-- ------cpu-----
 r  b   swpd   free   buff  cache   si   so    bi    bo   in   cs us sy id wa st
 6  0   1768 388765280      0 1317420    0    0     0     8 33416 219242  7  3 90  0  0
 5  0   1768 388789568      0 1318428    0    0     0     4 33994 214365  7  3 90  0  0
 8  0   1768 388795776      0 1318944    0    0     0   212 36040 217070  7  3 90  0  0
12  0   1768 388794848      0 1326624    0    0     0    24 33660 218226  7  3 90  0  0
 7  0   1768 388804480      0 1327660    0    0     0     4 32135 206495  7  3 90  0  0
 6  0   1768 388862624      0 1329468    0    0    16     8 36384 213870  7  3 90  0  0
 8  0   1768 388865920      0 1330836    0    0     0     0 33279 211355  7  3 90  0  0
 7  0   1768 388865920      0 1331856    0    0     0    12 35414 220194  7  3 89  0  0
 6  1   1768 388862592      0 1334156    0    0    64 19136 32695 218796  8  3 89  0  0
10  0   1768 388822816      0 1336224    0    0     0 21084 33344 217174  7  3 90  0  0
 6  0   1768 388820096      0 1337164    0    0     0     0 34911 218794  7  3 90  0  0
 7  0   1768 388818208      0 1338180    0    0     0     8 33314 217513  7  3 90  0  0
 9  0   1768 388826112      0 1338624    0    0     0     0 32611 203359  7  3 90  0  0
 5  0   1768 388825440      0 1345264    0    0     0   332 35058 216059  8  3 89  0  0
 6  0   1768 388826624      0 1346744    0    0     0    32 33357 220404  7  3 90  0  0
 4  0   1768 388815840      0 1348052    0    0     0     4 33301 203023  7  3 89  0  0
 8  0   1768 388817280      0 1349540    0    0     0     0 35332 198097  7  4 89  0  0
 6  0   1768 388816416      0 1351088    0    0     0     8 34493 193557  7  4 89  0  0
 3  0   1768 388745120      0 1351320    0    0    16     0 13596 66727  3  1 95  0  0
 0  0   1768 388742144      0 1354420    0    0     0     8 2449 2545  1  0 99  0  0
 0  0   1768 388826848      0 1355116    0    0     0     0 2107 2182  1  0 99  0  0
procs -----------memory---------- ---swap-- -----io---- -system-- ------cpu-----
 r  b   swpd   free   buff  cache   si   so    bi    bo   in   cs us sy id wa st
 0  0   1768 388826336      0 1355656    0    0     0     4 1519 2153  0  0 100  0  0
