procs -----------memory---------- ---swap-- -----io---- -system-- ------cpu-----
 r  b   swpd   free   buff  cache   si   so    bi    bo   in   cs us sy id wa st
 1  0   1768 389394464      0 1002516    0    0     2     1    0    0  0  0 100  0  0
 0  0   1768 389357216      0 1045404    0    0 43628     0 3775 4728  0  0 99  0  0
 0  0   1768 389341600      0 1048912    0    0  1164    12 9019 7528  1  1 99  0  0
 1  0   1768 389324640      0 1049008    0    0    44    12 3822 3331  0  0 100  0  0
 0  0   1768 389319424      0 1049064    0    0     0     4 9006 5220  0  1 99  0  0
 3  0   1768 389206336      0 1100680    0    0 53132    32 6162 7809  2  0 97  0  0
 2  0   1768 389114240      0 1122048    0    0 20820     4 4952 8193  3  0 97  0  0
 0  0   1768 389052288      0 1129228    0    0  8776   612 4198 5413  2  0 97  0  0
 3  0   1768 389039456      0 1129948    0    0   960     0 1305 2261  0  0 99  0  0
14  0   1768 388985824      0 1138340    0    0  8360    12 16345 104898  7  2 91  0  0
64  0   1768 388973312      0 1138788    0    0   288     4 17703 261193  7  2 91  0  0
99  0   1768 388949792      0 1139932    0    0   240    52 17737 866453  5  3 92  0  0
15  0   1768 388924832      0 1140312    0    0    20     4 16218 101236  6  2 92  0  0
17  0   1768 388910080      0 1140736    0    0    60     8 16481 91551  6  2 92  0  0
 9  0   1768 388894784      0 1141356    0    0   260    64 14962 88074  5  2 92  0  0
73  0   1768 388867968      0 1141724    0    0    60   284 17158 276743  5  2 92  0  0
80  0   1768 388847648      0 1143460    0    0  1004     4 18829 1545148  4  3 92  0  0
52  0   1768 388821856      0 1144284    0    0   120    48 17022 739740  5  3 92  0  0
56  0   1768 388817120      0 1144488    0    0    16     4 17155 1097955  4  3 93  0  0
75  0   1768 388665056      0 1147088    0    0   184     8 20787 1914639  4  4 92  0  0
89  0   1768 388662272      0 1147912    0    0   316    32 19504 2017193  3  4 93  0  0
procs -----------memory---------- ---swap-- -----io---- -system-- ------cpu-----
 r  b   swpd   free   buff  cache   si   so    bi    bo   in   cs us sy id wa st
32  0   1768 388608704      0 1148616    0    0   160    16 16893 986130  4  3 93  0  0
83  0   1768 388593376      0 1149452    0    0     0     4 17479 135932  6  3 92  0  0
47  0   1768 388596992      0 1150660    0    0   384    48 17937 958287  5  3 92  0  0
84  0   1768 388605408      0 1151484    0    0    96     4 18710 1845992  4  3 93  0  0
48  0   1768 388606112      0 1151764    0    0     8    40 18842 1627579  4  3 93  0  0
28  0   1768 388614496      0 1152044    0    0     0     0 16948 1324380  4  3 93  0  0
61  0   1768 388610336      0 1152244    0    0    20 13480 16598 602961  5  3 93  0  0
41  0   1768 388607840      0 1153000    0    0    32     4 16489 274209  5  3 92  0  0
19  0   1768 388604768      0 1155736    0    0     4   172 16785 1045953  4  3 93  0  0
20  0   1768 388606816      0 1156444    0    0   320    12 16229 293709  5  3 92  0  0
48  0   1768 388592640      0 1156876    0    0    60    32 16291 873823  4  3 93  0  0
17  0   1768 388584672      0 1157352    0    0     0    20 16042 569684  5  3 92  0  0
39  0   1768 388587520      0 1157924    0    0     0    16 15196 91742  6  2 92  0  0
39  0   1768 388590048      0 1159208    0    0   260     4 14599 87588  6  2 92  0  0
32  0   1768 388590976      0 1159792    0    0   224    40 14260 91433  5  2 93  0  0
13  0   1768 388590592      0 1160240    0    0     0    12 14149 90549  6  2 92  0  0
15  0   1768 388592736      0 1160784    0    0   104     0 14294 88403  6  2 92  0  0
18  0   1768 388557984      0 1162852    0    0   144    40 15467 90829  7  2 91  0  0
27  0   1768 388532608      0 1165116    0    0  1588   324 14545 88759  6  2 92  0  0
36  0   1768 388482048      0 1168332    0    0     0    12 15363 91697  6  2 92  0  0
34  0   1768 388476416      0 1168696    0    0     0     0 13903 87296  5  2 93  0  0
procs -----------memory---------- ---swap-- -----io---- -system-- ------cpu-----
 r  b   swpd   free   buff  cache   si   so    bi    bo   in   cs us sy id wa st
14  0   1768 388473984      0 1169052    0    0     0    12 15372 91855  6  2 92  0  0
33  0   1768 388473248      0 1169500    0    0     0   464 13856 91510  5  2 93  0  0
41  0   1768 388479616      0 1170252    0    0     0   324 14675 88908  6  2 92  0  0
23  0   1768 388471104      0 1171852    0    0   364   548 14767 90851  6  2 92  0  0
11  0   1768 388471264      0 1172744    0    0     0     8 13818 88897  6  2 92  0  0
24  0   1768 388474784      0 1173532    0    0     0  1544 14759 92790  6  2 92  0  0
37  0   1768 388471744      0 1174120    0    0    28     8 13531 88196  5  2 93  0  0
14  0   1768 388471904      0 1174480    0    0     0    32 13875 90475  6  2 92  0  0
30  0   1768 388472768      0 1178984    0    0   192    12 14747 92373  6  2 92  0  0
14  0   1768 388475136      0 1180280    0    0    28     8 14152 88173  6  2 92  0  0
17  0   1768 388474752      0 1180896    0    0   132  4940 15346 92937  6  2 92  0  0
22  0   1768 388482944      0 1181500    0    0   172     8 13915 87224  5  2 93  0  0
19  0   1768 388482560      0 1181872    0    0     0     4 13945 91426  6  2 92  0  0
 7  0   1768 388492352      0 1182260    0    0    24     8 13801 88484  5  2 93  0  0
56  0   1768 388490656      0 1183116    0    0     0     0 14043 90755  6  2 92  0  0
 1  0   1768 388468352      0 1183436    0    0     0     8 14536 88535  5  2 93  0  0
17  0   1768 388467424      0 1184476    0    0   240  2148 14639 93523  6  2 92  0  0
10  0   1768 388462016      0 1185348    0    0     0     0 14524 92599  6  2 92  0  0
32  0   1768 388457344      0 1189372    0    0     4    16 14639 89523  5  2 93  0  0
15  0   1768 388445920      0 1189840    0    0   104     0 17853 1002684  5  3 93  0  0
32  0   1768 388466816      0 1191192    0    0     8     0 15151 89251  6  2 92  0  0
procs -----------memory---------- ---swap-- -----io---- -system-- ------cpu-----
 r  b   swpd   free   buff  cache   si   so    bi    bo   in   cs us sy id wa st
20  0   1768 388454912      0 1191560    0    0     8 35260 13493 91999  5  2 92  0  0
35  0   1768 388454624      0 1192344    0    0     0     4 13745 91917  6  2 92  0  0
33  0   1768 388461824      0 1192700    0    0     0     8 13664 88788  5  2 93  0  0
18  0   1768 388462592      0 1193216    0    0    64     4 12747 90680  6  2 92  0  0
18  0   1768 388464448      0 1193580    0    0     0   204 12923 88607  5  2 93  0  0
30  0   1768 388451328      0 1194440    0    0     4     8 13543 91373  6  2 92  0  0
14  0   1768 388413376      0 1196208    0    0   264     8 14101 88739  6  2 91  0  0
16  0   1768 388413760      0 1200144    0    0     0    28 14996 92117  6  2 92  0  0
 1  0   1768 388396288      0 1201756    0    0     0     0 15479 89403  6  2 92  0  0
 9  0   1768 388398208      0 1202152    0    0     0    12 13821 90157  6  2 92  0  0
19  0   1768 388389504      0 1203076    0    0    76     0 13231 87463  5  2 93  0  0
31  0   1768 388382336      0 1203520    0    0    80   196 13692 91862  6  2 92  0  0
 7  0   1768 388346944      0 1204772    0    0     0   564 15943 91259  6  2 92  0  0
30  0   1768 388348064      0 1205128    0    0     0    16 12997 87976  6  2 92  0  0
 9  0   1768 388351520      0 1205492    0    0     0     0 12755 90375  6  2 93  0  0
13  0   1768 388342528      0 1206376    0    0     0    12 13415 87399  6  2 92  0  0
25  0   1768 388332096      0 1206748    0    0     4     0 13055 90646  6  2 92  0  0
57  0   1768 388338688      0 1210828    0    0   128     4 14570 87851  7  2 91  0  0
53  0   1768 388306912      0 1211984    0    0     0   164 15103 89571  8  2 90  0  0
31  0   1768 388321664      0 1205212    0    0    96     4 14090 88229  6  2 92  0  0
22  0   1768 388323584      0 1205804    0    0   164   964 13612 91923  5  2 93  0  0
procs -----------memory---------- ---swap-- -----io---- -system-- ------cpu-----
 r  b   swpd   free   buff  cache   si   so    bi    bo   in   cs us sy id wa st
 2  0   1768 388326240      0 1206980    0    0     8 24572 14758 91954  6  2 92  0  0
21  0   1768 388358464      0 1207344    0    0     0     8 14313 88700  6  2 92  0  0
20  0   1768 388350912      0 1208216    0    0     0     0 14097 90551  6  2 93  0  0
15  0   1768 388350528      0 1208656    0    0    68     8 12538 88057  5  2 93  0  0
36  0   1768 388351360      0 1209012    0    0     0    12 14443 91181  6  2 92  0  0
76  0   1768 388341824      0 1209456    0    0     0  5676 15284 220901  5  2 92  0  0
61  0   1768 388339296      0 1213232    0    0     0    24 16951 603546  5  3 92  0  0
38  0   1768 388344000      0 1213988    0    0     0     0 16085 317306  5  3 92  0  0
72  0   1768 388344576      0 1215828    0    0     0     0 19651 1246269  5  3 91  0  0
18  0   1768 388342656      0 1216496    0    0     0     8 17852 1754020  4  3 93  0  0
93  0   1768 388340000      0 1216772    0    0     0    16 15825 389968  5  3 93  0  0
74  0   1768 388339392      0 1217060    0    0     0     0 18584 1806235  4  3 93  0  0
 1  0   1768 388340224      0 1217348    0    0     0     4 18222 1470239  4  3 93  0  0
66  0   1768 388362464      0 1217624    0    0     0     8 17017 941264  5  3 92  0  0
30  0   1768 388364768      0 1217912    0    0     0     0 16289 917828  4  3 93  0  0
77  0   1768 388344224      0 1218860    0    0     0   208 17079 714624  6  3 92  0  0
46  0   1768 388343072      0 1222472    0    0     0    20 16260 661983  5  3 92  0  0
24  0   1768 388330496      0 1223060    0    0     0    12 17001 951899  4  3 93  0  0
38  0   1768 388340160      0 1223536    0    0     0    12 16714 577636  5  3 92  0  0
43  0   1768 388342016      0 1224328    0    0     0     0 15097 91116  6  2 92  0  0
 1  0   1768 388345440      0 1225076    0    0     0     0 14601 89591  6  2 92  0  0
procs -----------memory---------- ---swap-- -----io---- -system-- ------cpu-----
 r  b   swpd   free   buff  cache   si   so    bi    bo   in   cs us sy id wa st
63  0   1768 388358688      0 1225892    0    0    16    36 15449 427833  5  2 92  0  0
31  0   1768 388363808      0 1226256    0    0     0   620 15065 561495  5  2 93  0  0
33  0   1768 388375168      0 1227348    0    0     0     8 15510 86949  6  2 92  0  0
18  0   1768 388370144      0 1227708    0    0     0     4 14515 90861  5  2 93  0  0
13  0   1768 388370976      0 1231524    0    0    68    12 15360 87783  6  2 92  0  0
18  0   1768 388368224      0 1231968    0    0     0     0 15334 91894  5  2 92  0  0
30  0   1768 388361632      0 1232336    0    0     0     8 14845 87705  5  2 93  0  0
42  0   1768 388361216      0 1232888    0    0     0   160 16011 92612  6  2 92  0  0
12  0   1768 388361280      0 1233728    0    0     0     0 15481 92440  6  2 92  0  0
50  0   1768 388363680      0 1234648    0    0   128   768 17585 1069198  5  3 92  0  0
64  0   1768 388388320      0 1235540    0    0     0     0 18928 1477444  4  3 93  0  0
36  0   1768 388385152      0 1235748    0    0     0     0 15684 645935  4  3 93  0  0
71  0   1768 388383488      0 1236480    0    0     0    16 18180 1742890  4  4 93  0  0
 1  0   1768 388388192      0 1236764    0    0     0     4 17202 1275999  4  3 93  0  0
55  0   1768 388389344      0 1236960    0    0     0     8 16087 100283  6  3 92  0  0
94  0   1768 388390464      0 1241552    0    0     0  1132 18577 1636488  4  3 92  0  0
27  0   1768 388390432      0 1242572    0    0     0     8 18918 2048084  4  4 93  0  0
24  0   1768 388393472      0 1243356    0    0     0     8 18491 1226155  4  3 92  0  0
61  0   1768 388400800      0 1243920    0    0     4   952 16945 1055662  4  3 93  0  0
67  0   1768 388406176      0 1244548    0    0     0    12 16735 521095  5  3 92  0  0
69  0   1768 388403136      0 1245260    0    0     0  8512 17090 599590  5  3 93  0  0
procs -----------memory---------- ---swap-- -----io---- -system-- ------cpu-----
 r  b   swpd   free   buff  cache   si   so    bi    bo   in   cs us sy id wa st
100  0   1768 388398272      0 1245548    0    0     0     4 18213 1863495  3  4 93  0  0
10  0   1768 388399808      0 1245752    0    0     0     8 17905 1333830  4  3 93  0  0
54  0   1768 388411392      0 1246044    0    0     0     0 16690 734918  5  3 93  0  0
71  0   1768 388409568      0 1248652    0    0     0    12 18968 1774506  4  3 92  0  0
15  0   1768 388410144      0 1249672    0    0     4  4596 16231 455105  5  3 93  0  0
78  0   1768 388405504      0 1249952    0    0     0    12 17457 1066437  4  3 93  0  0
 9  0   1768 388403104      0 1250720    0    0     0    16 16644 634061  5  3 92  0  0
13  0   1768 388415232      0 1251004    0    0     0     0 14117 89173  5  2 93  0  0
26  0   1768 388419840      0 1251828    0    0     0     8 14555 91395  6  2 92  0  0
 0  0   1768 388416704      0 1252536    0    0    64  2788 2782 5690  1  0 99  0  0
 0  0   1768 388598912      0 1252680    0    0     8   424 1345 2231  0  0 100  0  0
 0  0   1768 388599936      0 1253424    0    0     0     0 1315 1994  0  0 100  0  0
 0  0   1768 388600224      0 1253440    0    0     0     4  865 1661  0  0 100  0  0
 0  0   1768 388600224      0 1256076    0    0     0     4 1125 1696  0  0 100  0  0
 0  0   1768 388600224      0 1256092    0    0     8  6704 1551 3064  0  0 100  0  0
 0  0   1768 388600224      0 1256160    0    0     0     8 1102 1901  0  0 100  0  0
 0  0   1768 388600512      0 1256708    0    0     0     8 1887 2355  1  0 99  0  0
 0  0   1768 388600480      0 1256984    0    0     0     0 1134 1981  0  0 100  0  0
 0  0   1768 388601504      0 1257012    0    0     0   148 1004 1874  0  0 100  0  0
 0  0   1768 388602016      0 1257020    0    0     0  3516  973 1832  0  0 100  0  0
 0  0   1768 388602240      0 1257032    0    0     0     0  854 1600  0  0 100  0  0
procs -----------memory---------- ---swap-- -----io---- -system-- ------cpu-----
 r  b   swpd   free   buff  cache   si   so    bi    bo   in   cs us sy id wa st
 0  0   1768 388602496      0 1257044    0    0     0     8  837 1592  0  0 100  0  0
 0  0   1768 388603264      0 1257056    0    0     0     4  914 1726  0  0 100  0  0
 1  0   1768 388603008      0 1257360    0    0     0     4 1334 1757  0  0 100  0  0
 1  0   1768 388603008      0 1257376    0    0     0  6240 2427 2173  2  0 98  0  0
 0  0   1768 388560192      0 1251072    0    0     0     0 1379 1853  0  0 99  0  0
 0  0   1768 388560224      0 1251196    0    0     0    12 1652 2320  0  0 100  0  0
 0  0   1768 388560960      0 1251336    0    0   128     8  922 1731  0  0 100  0  0
 0  0   1768 388561216      0 1251344    0    0     0     4  886 1664  0  0 100  0  0
 0  0   1768 388561504      0 1251356    0    0     0  3956 1238 2213  0  0 100  0  0
 0  0   1768 388561504      0 1251368    0    0     0     4  908 1754  0  0 100  0  0
 0  0   1768 388562240      0 1251380    0    0     0     0  792 1472  0  0 100  0  0
 0  0   1768 388562240      0 1251400    0    0     0     0  721 1443  0  0 100  0  0
 0  0   1768 388563520      0 1251412    0    0     0    12  868 1683  0  0 100  0  0
 0  0   1768 388563520      0 1251424    0    0     0  1540 1041 2108  0  0 100  0  0
 0  0   1768 388564544      0 1251432    0    0     0   196  843 1623  0  0 100  0  0
 0  0   1768 388565792      0 1251568    0    0     0     4 1566 2171  0  0 100  0  0
 0  0   1768 388566304      0 1251576    0    0     0   468  831 1618  0  0 100  0  0
 0  0   1768 388566816      0 1251588    0    0     0     0  892 1760  0  0 100  0  0
 0  0   1768 388567296      0 1251600    0    0     0   172 1003 1865  0  0 100  0  0
 4  0   1768 388498016      0 1251644    0    0     0  2392 2866 4508  2  0 98  0  0
 1  0   1768 388490720      0 1252044    0    0   600   396 4095 5939  3  0 97  0  0
procs -----------memory---------- ---swap-- -----io---- -system-- ------cpu-----
 r  b   swpd   free   buff  cache   si   so    bi    bo   in   cs us sy id wa st
 0  0   1768 388445376      0 1252372    0    0     0     4 3188 3630  2  0 98  0  0
18  0   1768 388438880      0 1252516    0    0     0     0 4493 17072  2  0 97  0  0
32  0   1768 388440224      0 1252592    0    0    64     0 16033 90363  7  2 91  0  0
19  0   1768 388455360      0 1252856    0    0     0  1632 15989 87094  7  2 91  0  0
49  0   1768 388459616      0 1253336    0    0     0    64 16436 91720  7  2 91  0  0
37  0   1768 388493056      0 1253784    0    0     0     0 15514 87165  6  2 92  0  0
12  0   1768 388515232      0 1254160    0    0     0     8 14577 89550  6  2 92  0  0
22  0   1768 388602528      0 1254600    0    0     0   160 14982 88199  6  2 92  0  0
 9  0   1768 388602272      0 1254964    0    0     0  1448 15168 91251  6  2 92  0  0
39  0   1768 388620160      0 1255708    0    0     0     8 15288 88203  6  2 92  0  0
22  0   1768 388628768      0 1256116    0    0    40     4 16081 90717  6  2 92  0  0
 6  0   1768 388586144      0 1258624    0    0     0     0 14962 86850  6  2 92  0  0
17  0   1768 388558464      0 1259784    0    0     0     4 15551 91601  6  2 92  0  0
43  0   1768 388554816      0 1260468    0    0     0 11932 15799 92128  6  2 92  0  0
38  0   1768 388568928      0 1261500    0    0     0     8 14394 97204  6  2 92  0  0
14  0   1768 388566624      0 1261896    0    0     0     0 13769 262306  5  2 93  0  0
 1  0   1768 388560224      0 1262256    0    0     0    12 13739 87610  6  2 93  0  0
12  0   1768 388528256      0 1263712    0    0   128     0 14234 91868  6  2 92  0  0
10  0   1768 388531264      0 1264568    0    0    36     4 12938 87521  5  2 93  0  0
13  0   1768 388470880      0 1265352    0    0     0     8 13309 91130  6  2 92  0  0
26  0   1768 388473728      0 1266196    0    0     0     0 14330 88849  6  2 92  0  0
procs -----------memory---------- ---swap-- -----io---- -system-- ------cpu-----
 r  b   swpd   free   buff  cache   si   so    bi    bo   in   cs us sy id wa st
14  0   1768 388459296      0 1267148    0    0     0     8 15438 90206  6  2 92  0  0
52  0   1768 388498368      0 1270496    0    0     0    16 15542 88691  6  2 92  0  0
 9  0   1768 388489280      0 1271812    0    0     0     0 15680 90954  6  2 92  0  0
19  0   1768 388492352      0 1272640    0    0     4   824 15088 88662  6  2 92  0  0
10  0   1768 388493312      0 1273080    0    0     0   540 14764 91567  5  2 93  0  0
11  0   1768 388486176      0 1273720    0    0     0     4 15139 91805  6  2 92  0  0
11  0   1768 388496352      0 1274180    0    0    16   288 14479 88471  5  2 93  0  0
35  0   1768 388490144      0 1274548    0    0     0 21020 14681 92453  5  2 92  0  0
32  0   1768 388487168      0 1275436    0    0     0   104 15876 86870  6  2 92  0  0
19  0   1768 388465024      0 1276224    0    0     0    48 15256 91299  6  2 92  0  0
15  0   1768 388463840      0 1277052    0    0     0     8 15816 92100  6  2 92  0  0
39  0   1768 388464288      0 1281068    0    0     0     4 15936 88613  6  2 92  0  0
10  0   1768 388464448      0 1281512    0    0     0     8 15248 91418  5  2 93  0  0
31  0   1768 388465472      0 1282444    0    0     0    36 15389 88170  6  2 92  0  0
36  0   1768 388489376      0 1282888    0    0     0    28 16181 91844  6  2 92  0  0
10  0   1768 388490528      0 1283252    0    0     0    12 15131 87702  5  2 93  0  0
 0  0   1768 388489888      0 1284060    0    0   216     8 13959 76678  5  2 93  0  0
 0  0   1768 388646016      0 1284652    0    0     0     0 2025 2265  1  0 99  0  0
 0  0   1768 388595392      0 1285216    0    0     0   128 1658 1981  0  0 99  0  0
 0  0   1768 388595392      0 1285268    0    0    40   236 1464 2169  0  0 100  0  0
