procs -----------memory---------- ---swap-- -----io---- -system-- ------cpu-----
 r  b   swpd   free   buff  cache   si   so    bi    bo   in   cs us sy id wa st
 5  0   1768 390086272      0 963980    0    0     2     1    0    0  0  0 100  0  0
 3  0   1768 389957536      0 1019276    0    0 56388     0 9383 7936  5  0 94  0  0
 2  0   1768 389817696      0 1029204    0    0  9916   848 13209 10325  4  1 95  0  0
 7  0   1768 389772192      0 1032784    0    0  3160     0 7895 6310  4  0 95  0  0
 2  0   1768 389724736      0 1036264    0    0  3500    16 14285 9177  5  1 94  0  0
 2  0   1768 389712736      0 1050396    0    0 15340    32 6920 8722  3  0 96  0  0
 1  0   1768 389628096      0 1066636    0    0 16184     8 4619 7312  3  0 97  0  0
 0  0   1768 389584800      0 1071064    0    0  5900   828 3861 5007  2  0 98  0  0
17  0   1768 389549920      0 1072320    0    0  1408    16 2417 7836  1  0 98  0  0
77  0   1768 389512288      0 1073900    0    0  1196   140 8511 45591  6  1 93  0  0
101  0   1768 389509248      0 1074204    0    0   292     4 8673 143572  7  1 93  0  0
86  0   1768 389491904      0 1074420    0    0    68    44 8748 83557  7  1 93  0  0
103  0   1768 389474784      0 1078540    0    0  4132     4 10675 269376  7  1 92  0  0
104  0   1768 389470816      0 1078984    0    0   316     0 9233 211007  6  1 93  0  0
26  0   1768 389444896      0 1080016    0    0   796    20 9637 50903  7  1 93  0  0
104  0   1768 389441376      0 1080144    0    0    32    16 10127 300488  6  1 93  0  0
84  0   1768 389431840      0 1080160    0    0     0     4 9847 177388  6  1 93  0  0
103  0   1768 389413152      0 1080368    0    0    32    40 9736 26187  6  1 93  0  0
99  0   1768 389411072      0 1080376    0    0     0     4 9642 199964  6  1 93  0  0
95  0   1768 389406048      0 1081220    0    0   352   144 9611 30648  6  1 93  0  0
68  0   1768 389392864      0 1081904    0    0   560     0 11347 735926  5  2 93  0  0
procs -----------memory---------- ---swap-- -----io---- -system-- ------cpu-----
 r  b   swpd   free   buff  cache   si   so    bi    bo   in   cs us sy id wa st
103  0   1768 389389760      0 1082028    0    0    16    16 11232 815248  5  2 93  0  0
97  0   1768 389387264      0 1082616    0    0    12     0 12204 1177517  5  2 93  0  0
103  0   1768 389318048      0 1083260    0    0   264    52 12042 921765  5  2 93  0  0
98  0   1768 389302208      0 1083732    0    0    68    40 14028 967937  6  2 93  0  0
82  0   1768 389285632      0 1084200    0    0    72   336 11869 674698  5  2 93  0  0
91  0   1768 389286144      0 1084440    0    0     0    20 11509 733153  5  2 93  0  0
103  0   1768 389217568      0 1085936    0    0   728 40040 11799 614420  5  2 93  0  0
63  0   1768 389211616      0 1086056    0    0    40    64 10155 54145  6  1 93  0  0
30  0   1768 389210112      0 1086460    0    0    92   168 10198 36670  6  1 93  0  0
104  0   1768 389210080      0 1086676    0    0     0    12 10076 38559  6  1 93  0  0
35  0   1768 389176672      0 1087556    0    0   412     0 10706 77146  6  1 93  0  0
106  0   1768 389174592      0 1088636    0    0     4    28 10502 47796  6  1 93  0  0
 5  0   1768 389172928      0 1089436    0    0    28    16 11003 42737  6  1 93  0  0
105  0   1768 389171488      0 1077388    0    0    12     4 12459 355467  6  1 92  0  0
50  0   1768 389170848      0 1077716    0    0   124    48 13291 834118  5  2 93  0  0
105  0   1768 389167168      0 1078256    0    0     0     4 13443 1103404  5  2 93  0  0
47  0   1768 389166048      0 1078368    0    0    12    56 12253 608144  5  2 93  0  0
101  0   1768 389134752      0 1078884    0    0     8   344 13475 887596  5  2 93  0  0
103  0   1768 389134560      0 1079080    0    0     0   140 12796 737133  5  2 93  0  0
102  0   1768 389107776      0 1079744    0    0   236    12 12804 492283  6  2 93  0  0
104  0   1768 389101888      0 1080364    0    0     0     0 12417 388954  6  2 93  0  0
procs -----------memory---------- ---swap-- -----io---- -system-- ------cpu-----
 r  b   swpd   free   buff  cache   si   so    bi    bo   in   cs us sy id wa st
100  0   1768 389098144      0 1081940    0    0     0     8 14095 1194159  5  2 93  0  0
97  0   1768 389094912      0 1082224    0    0    24   108 13722 1021274  5  2 93  0  0
26  0   1768 389075872      0 1082848    0    0    16    24 14314 466298  6  2 92  0  0
81  0   1768 389073120      0 1083040    0    0     0    16 12775 66947  6  2 93  0  0
34  0   1768 388992064      0 1083948    0    0     4     4 12427 63502  6  1 92  0  0
27  0   1768 388985888      0 1085036    0    0   360     0 12866 67154  6  1 93  0  0
32  0   1768 388984640      0 1085672    0    0     0    16 14177 514610  6  2 92  0  0
79  0   1768 388982976      0 1085960    0    0     0   124 13173 69975  6  2 93  0  0
27  0   1768 388983552      0 1087464    0    0  1216    28 13554 69649  6  1 93  0  0
51  0   1768 388980768      0 1088472    0    0    64     8 13184 67114  6  1 92  0  0
64  0   1768 388980800      0 1090720    0    0    16 18256 14265 69520  6  1 92  0  0
43  0   1768 388980608      0 1091404    0    0   396     0 13231 68473  6  2 93  0  0
85  0   1768 388984928      0 1094172    0    0    64   416 13732 69451  6  2 92  0  0
33  0   1768 388979008      0 1094464    0    0     0   560 13635 227084  6  1 93  0  0
26  0   1768 388953440      0 1095152    0    0    96    20 13951 69668  6  1 93  0  0
64  0   1768 388932704      0 1096588    0    0   216    16 13689 70773  6  2 92  0  0
37  0   1768 388933312      0 1096940    0    0    64    20 12755 66527  6  1 93  0  0
84  0   1768 388933088      0 1097228    0    0     4   600 13678 69937  6  1 93  0  0
30  0   1768 388930688      0 1098120    0    0   216     4 12775 67468  6  1 92  0  0
73  0   1768 388921056      0 1098980    0    0    64    20 13495 71965  6  2 92  0  0
102  0   1768 388920352      0 1102276    0    0     0     4 15832 608156  6  2 92  0  0
procs -----------memory---------- ---swap-- -----io---- -system-- ------cpu-----
 r  b   swpd   free   buff  cache   si   so    bi    bo   in   cs us sy id wa st
103  0   1768 388920320      0 1102572    0    0    20     8 16289 863004  5  3 93  0  0
96  0   1768 388917440      0 1103316    0    0     0    12 17356 1208490  5  3 92  0  0
53  0   1768 388915264      0 1103636    0    0     0     0 14301 392798  5  2 93  0  0
56  0   1768 388914496      0 1104228    0    0     0     4 15476 259987  6  2 92  0  0
50  0   1768 388913696      0 1104876    0    0     0   208 16434 1076162  5  3 92  0  0
29  0   1768 388912736      0 1105164    0    0     0    20 15266 624484  5  2 93  0  0
73  0   1768 388913088      0 1105520    0    0    72   164 15575 661234  5  3 93  0  0
73  0   1768 388913600      0 1105804    0    0     0     4 15861 759098  5  3 93  0  0
92  0   1768 388902080      0 1106080    0    0     0     8 16333 1314051  5  3 93  0  0
76  0   1768 388883968      0 1109732    0    0    64     8 19931 939928  5  3 92  0  0
19  0   1768 388884032      0 1110268    0    0     0     0 16075 671230  5  3 92  0  0
86  0   1768 388887424      0 1111012    0    0     0    28 16603 426803  6  2 92  0  0
100  0   1768 388887968      0 1111296    0    0     0     8 16271 911429  5  3 93  0  0
53  0   1768 388887808      0 1112288    0    0    16    12 17706 840648  5  3 92  0  0
91  0   1768 388887584      0 1113300    0    0     0    72 18223 844835  5  3 92  0  0
101  0   1768 388887680      0 1114072    0    0     0     4 16756 654858  5  3 92  0  0
103  0   1768 388887808      0 1114276    0    0     0   132 16648 874345  5  3 93  0  0
72  0   1768 388886752      0 1114660    0    0     0     0 17306 1192429  4  3 93  0  0
24  0   1768 388869856      0 1115308    0    0     0     8 17954 875201  5  3 92  0  0
71  0   1768 388865152      0 1118176    0    0    84    16 18444 786838  6  3 91  0  0
97  0   1768 388820544      0 1114836    0    0   196 24068 18595 1078818  6  3 91  0  0
procs -----------memory---------- ---swap-- -----io---- -system-- ------cpu-----
 r  b   swpd   free   buff  cache   si   so    bi    bo   in   cs us sy id wa st
18  0   1768 388817952      0 1115156    0    0     0   160 17508 862636  5  3 92  0  0
93  0   1768 388815264      0 1115508    0    0    64   644 16811 836916  5  3 92  0  0
65  0   1768 388809120      0 1116164    0    0     0     0 15960 404880  5  2 92  0  0
85  0   1768 388809344      0 1116800    0    0     0    16 15475 185716  5  2 92  0  0
71  0   1768 388808736      0 1117084    0    0     0     4 17580 994748  5  3 92  0  0
37  0   1768 388783968      0 1118228    0    0     0   140 18081 972580  5  3 92  0  0
88  0   1768 388763712      0 1118872    0    0     0    16 17985 1064773  5  3 92  0  0
43  0   1768 388763456      0 1119508    0    0     0     4 16813 716010  5  3 92  0  0
32  0   1768 388764256      0 1122260    0    0     0     0 16771 567855  5  3 92  0  0
19  0   1768 388764032      0 1122640    0    0     0     8 17483 978318  5  3 92  0  0
83  0   1768 388764416      0 1123608    0    0    64     4 19051 817701  5  3 92  0  0
84  0   1768 388765440      0 1123808    0    0     0     8 17654 857503  5  3 92  0  0
87  0   1768 388757152      0 1124188    0    0     0     4 17820 1375529  4  3 92  0  0
35  0   1768 388757152      0 1124896    0    0    96     0 17252 850737  5  3 92  0  0
88  0   1768 388740992      0 1125528    0    0     0     0 16640 249693  5  3 92  0  0
69  0   1768 388743456      0 1126292    0    0     0   168 19039 1411783  4  3 93  0  0
67  0   1768 388743712      0 1126668    0    0     0     8 17233 841074  5  3 92  0  0
96  0   1768 388744192      0 1126956    0    0     0     0 17972 805756  5  3 92  0  0
25  0   1768 388743904      0 1130432    0    0     0    20 17634 445092  6  3 91  0  0
89  0   1768 388737536      0 1131224    0    0     0     0 18089 1020572  5  3 92  0  0
29  0   1768 388754528      0 1132440    0    0   192     0 17469 383753  6  2 91  0  0
procs -----------memory---------- ---swap-- -----io---- -system-- ------cpu-----
 r  b   swpd   free   buff  cache   si   so    bi    bo   in   cs us sy id wa st
12  0   1768 388754528      0 1133288    0    0    76   104 16435 517263  5  3 92  0  0
42  0   1768 388754560      0 1134020    0    0     0     4 14303 88886  6  2 92  0  0
22  0   1768 388754816      0 1134436    0    0   128     0 14802 95164  6  2 92  0  0
10  0   1768 388754880      0 1134888    0    0     0    12 14628 96554  6  2 92  0  0
34  0   1768 388754432      0 1135352    0    0     0 29900 14496 97326  6  2 92  0  0
24  0   1768 388754208      0 1136228    0    0     0     4 15325 146121  6  2 92  0  0
41  0   1768 388751872      0 1137004    0    0     0     8 15148 109459  6  2 92  0  0
48  0   1768 388718272      0 1140964    0    0     0    16 14442 97654  6  2 91  0  0
42  0   1768 388718848      0 1141416    0    0     0     0 14325 100144  5  2 92  0  0
54  0   1768 388727072      0 1142392    0    0    16     4 16297 109328  6  2 92  0  0
32  0   1768 388727104      0 1142840    0    0     0     4 15029 102888  6  2 92  0  0
25  0   1768 388725984      0 1144452    0    0   720   452 14697 96726  6  2 92  0  0
13  0   1768 388712000      0 1145748    0    0     0     8 16753 124133  6  3 92  0  0
13  0   1768 388680384      0 1146684    0    0     0    12 15562 103536  6  2 92  0  0
13  0   1768 388681216      0 1147604    0    0     8   540 15410 110830  6  2 92  0  0
22  0   1768 388682112      0 1148556    0    0     0    20 15215 113054  6  2 92  0  0
24  0   1768 388682368      0 1149020    0    0     0     8 16835 121082  6  3 91  0  0
27  0   1768 388683264      0 1154428    0    0     0     4 16998 148469  6  3 91  0  0
67  0   1768 388682944      0 1154968    0    0     0     8 19334 323691  5  3 92  0  0
53  0   1768 388682720      0 1156084    0    0    64    12 18812 1371287  5  4 91  0  0
29  0   1768 388681568      0 1156568    0    0   108     0 15125 120494  6  3 92  0  0
procs -----------memory---------- ---swap-- -----io---- -system-- ------cpu-----
 r  b   swpd   free   buff  cache   si   so    bi    bo   in   cs us sy id wa st
14  0   1768 388693248      0 1157104    0    0     0    16 16803 130028  5  3 92  0  0
11  0   1768 388691872      0 1157652    0    0     0     0 15829 122610  6  3 91  0  0
22  0   1768 388693152      0 1158764    0    0     0     0 16124 510083  6  3 91  0  0
90  0   1768 388654016      0 1159784    0    0     0   144 16356 443568  6  3 91  0  0
44  0   1768 388653088      0 1160768    0    0     0    28 15566 218500  5  3 92  0  0
50  0   1768 388648320      0 1161416    0    0     0     8 17481 770001  5  3 91  0  0
66  0   1768 388644032      0 1167296    0    0     0    12 22820 524221  6  4 91  0  0
75  0   1768 388646144      0 1168212    0    0     0     8 22095 618067  5  4 91  0  0
 5  0   1768 388646528      0 1168964    0    0    76     0 20125 428619  6  3 91  0  0
 2  0   1768 388854304      0 1169620    0    0    24     8 4529 3475  4  0 96  0  0
 0  0   1768 388853792      0 1169988    0    0     0    96 1983 2044  1  0 99  0  0
 0  0   1768 388841216      0 1170968    0    0    84     0 1390 1889  0  0 99  0  0
 0  0   1768 388840960      0 1170968    0    0     0     4  984 1840  0  0 100  0  0
 0  0   1768 388816512      0 1171504    0    0     0   124 1401 2067  0  0 100  0  0
 0  0   1768 388817504      0 1172316    0    0    64   232 1925 2935  0  0 100  0  0
 0  0   1768 388817760      0 1172480    0    0     0     8  936 1732  0  0 100  0  0
 1  0   1768 388842208      0 1175948    0    0     0     8 4256 2213  2  0 98  0  0
 1  0   1768 388854816      0 1176020    0    0    64     0 2736 2199  2  0 98  0  0
 0  0   1768 388837184      0 1169264    0    0   112     4 2129 2490  1  0 99  0  0
 0  0   1768 388837664      0 1169272    0    0     0  2784 1016 1973  0  0 100  0  0
 0  0   1768 388838016      0 1169284    0    0     0   444  954 1801  0  0 100  0  0
procs -----------memory---------- ---swap-- -----io---- -system-- ------cpu-----
 r  b   swpd   free   buff  cache   si   so    bi    bo   in   cs us sy id wa st
 0  0   1768 388838016      0 1169296    0    0     0     8 1004 1909  0  0 100  0  0
 0  0   1768 388838016      0 1169308    0    0     0     4  888 1771  0  0 100  0  0
 0  0   1768 388813568      0 1169580    0    0     0   128 1039 1847  0  0 100  0  0
 0  0   1768 388813568      0 1169596    0    0     0  6336 1052 2042  0  0 100  0  0
 0  0   1768 388813824      0 1169612    0    0     0     0  986 1896  0  0 100  0  0
 0  0   1768 388814080      0 1169676    0    0     0     0  964 1827  0  0 100  0  0
 0  0   1768 388814336      0 1169692    0    0     0     8  901 1683  0  0 100  0  0
 0  0   1768 388814080      0 1169812    0    0     0     8 1649 2248  0  0 100  0  0
 0  0   1768 388814336      0 1169872    0    0    52     0 1205 2283  0  0 100  0  0
 0  0   1768 388814592      0 1169884    0    0     0  3056  951 1815  0  0 100  0  0
 0  0   1768 388814592      0 1169896    0    0     0     0  917 1738  0  0 100  0  0
 0  0   1768 388814752      0 1169908    0    0     0     0  924 1748  0  0 100  0  0
 0  0   1768 388814752      0 1169916    0    0     0   132 1034 1884  0  0 100  0  0
 0  0   1768 388814752      0 1169932    0    0     0     4  982 1882  0  0 100  0  0
 0  0   1768 388815008      0 1169936    0    0     0  3704  968 1802  0  0 100  0  0
 0  0   1768 388815008      0 1169956    0    0     0     4  938 1774  0  0 100  0  0
 0  0   1768 388815008      0 1169960    0    0     0     0  917 1771  0  0 100  0  0
 0  0   1768 388817024      0 1169972    0    0     0     0 1647 2224  0  0 100  0  0
 0  0   1768 388817024      0 1170044    0    0    64    12  991 1877  0  0 100  0  0
 1  0   1768 388728320      0 1170092    0    0   148  3756 3310 4799  2  0 97  0  0
 1  0   1768 388709952      0 1170260    0    0     0    88 3842 6026  3  0 97  0  0
procs -----------memory---------- ---swap-- -----io---- -system-- ------cpu-----
 r  b   swpd   free   buff  cache   si   so    bi    bo   in   cs us sy id wa st
 0  0   1768 388652768      0 1170440    0    0     0     4 2780 3390  2  0 98  0  0
49  0   1768 388617312      0 1170552    0    0     0   128 8673 35281  4  1 95  0  0
84  0   1768 388613664      0 1170628    0    0    64   196 23263 1362905  5  4 90  0  0
33  0   1768 388674688      0 1170836    0    0     0  5516 23262 226492  6  4 90  0  0
17  0   1768 388756832      0 1171300    0    0     0     4 24359 279179  5  4 91  0  0
86  0   1768 388756544      0 1172284    0    0     0     0 24101 758771  5  4 91  0  0
15  0   1768 388758272      0 1173608    0    0     0     8 19795 273111  6  4 91  0  0
24  0   1768 388758592      0 1174144    0    0     0   140 16525 152140  6  3 91  0  0
24  0   1768 388729056      0 1175784    0    0     0 14844 18748 153142  7  3 90  0  0
 4  0   1768 388713024      0 1176908    0    0     0     8 19429 147626  6  3 91  0  0
14  0   1768 388697856      0 1178244    0    0     0    12 20399 152322  6  4 91  0  0
10  0   1768 388694848      0 1179048    0    0    92   592 19798 441344  5  3 91  0  0
51  0   1768 388694368      0 1179752    0    0     0    12 20768 151621  6  3 91  0  0
12  0   1768 388692576      0 1180456    0    0     0   340 19499 151845  6  3 91  0  0
10  0   1768 388688064      0 1186084    0    0     0    16 20785 152874  7  3 90  0  0
45  0   1768 388688640      0 1186788    0    0     0     8 24609 841979  4  4 91  0  0
44  0   1768 388687296      0 1188080    0    0     0    12 25955 1357031  5  4 91  0  0
94  0   1768 388687616      0 1188536    0    0     0     0 24076 1297818  4  4 91  0  0
26  0   1768 388689856      0 1189696    0    0     0    68 24977 438874  5  4 91  0  0
69  0   1768 388691136      0 1190216    0    0    72     0 23202 2063538  4  4 92  0  0
83  0   1768 388690976      0 1191248    0    0     0     8 25504 822537  5  5 91  0  0
procs -----------memory---------- ---swap-- -----io---- -system-- ------cpu-----
 r  b   swpd   free   buff  cache   si   so    bi    bo   in   cs us sy id wa st
88  0   1768 388684864      0 1192280    0    0     0   132 25188 1005936  4  4 91  0  0
17  0   1768 388684672      0 1192812    0    0     0     4 23882 1155238  4  4 92  0  0
83  0   1768 388684576      0 1193340    0    0     0    16 25651 709692  5  4 91  0  0
84  0   1768 388687712      0 1198776    0    0     0     8 24853 1220980  5  4 91  0  0
67  0   1768 388689152      0 1199812    0    0     0     8 25234 729768  5  4 91  0  0
67  0   1768 388692352      0 1200264    0    0     0     0 25800 467494  5  4 91  0  0
58  0   1768 388712576      0 1201008    0    0     0     8 25587 441158  5  4 91  0  0
43  0   1768 388713696      0 1201632    0    0     0     4 24767 448693  5  4 91  0  0
27  0   1768 388716480      0 1202640    0    0    24    44 26396 729205  5  4 91  0  0
16  0   1768 388704416      0 1203268    0    0     0     8 26062 181163  5  4 91  0  0
 4  0   1768 388660288      0 1204840    0    0     0   228 24902 825129  5  4 91  0  0
63  0   1768 388576704      0 1206504    0    0     0     0 27208 682321  5  4 90  0  0
73  0   1768 388575648      0 1207460    0    0     0     0 25507 736612  5  4 91  0  0
91  0   1768 388570368      0 1213140    0    0     4 34748 26659 870544  6  4 89  0  0
12  0   1768 388571808      0 1209064    0    0   104     0 28494 421370  7  4 89  0  0
63  0   1768 388573792      0 1210252    0    0     0    12 27944 167727  6  4 90  0  0
 1  0   1768 388572640      0 1211156    0    0    36   212 18104 205181  4  3 93  0  0
 0  0   1768 388610688      0 1236616    0    0 29188   488 4098 5652  1  0 98  0  0
 1  0   1768 388601696      0 1237532    0    0    84     0 3040 2326  2  0 98  0  0
 1  0   1768 388593408      0 1239092    0    0  1756    16 2116 2332  1  0 99  0  0
