procs -----------memory---------- ---swap-- -----io---- -system-- ------cpu-----
 r  b   swpd   free   buff  cache   si   so    bi    bo   in   cs us sy id wa st
 3  0   1768 390066432      0 938296    0    0     2     1    0    0  0  0 100  0  0
 4  0   1768 389993632      0 988024    0    0 51020 49476 8873 7755  5  0 94  1  0
 1  0   1768 389936352      0 1005340    0    0 16844   960 13589 9898  4  1 95  0  0
 4  0   1768 389883904      0 1010876    0    0  5476     0 8700 8909  3  1 96  0  0
 3  0   1768 389841056      0 1014632    0    0  3700    16 13346 7612  5  1 94  0  0
 3  0   1768 389746560      0 1029840    0    0 17088    32 9469 9856  6  0 94  0  0
 3  0   1768 389724352      0 1046240    0    0 16256   108 4966 7675  3  0 97  0  0
 0  0   1768 389667136      0 1052376    0    0  7064     8 4154 5118  2  0 97  0  0
 7  0   1768 389632288      0 1053512    0    0  1032   872 1896 3581  1  0 99  0  0
88  0   1768 389596448      0 1054904    0    0  1080    12 8436 82198  7  1 93  0  0
83  0   1768 389583872      0 1054920    0    0   188     4 9140 251263  6  1 93  0  0
104  0   1768 389581344      0 1054936    0    0   140    44 9326 196503  7  1 93  0  0
104  0   1768 389569792      0 1058988    0    0  3908     4 10097 345844  6  1 93  0  0
43  0   1768 389561600      0 1059776    0    0   556     0 10466 221330  7  1 93  0  0
23  0   1768 389526368      0 1060220    0    0   128    12 9059 64466  6  1 93  0  0
103  0   1768 389521088      0 1060412    0    0   212     8 9493 27737  7  1 93  0  0
104  0   1768 389505216      0 1060732    0    0   212     4 10023 275804  6  1 93  0  0
104  0   1768 389491456      0 1060868    0    0     0    40 10730 600437  6  1 93  0  0
89  0   1768 389433376      0 1062084    0    0   936   136 10463 226562  6  1 93  0  0
104  0   1768 389427232      0 1062600    0    0     0     0 10450 326587  6  1 93  0  0
103  0   1768 389413760      0 1063040    0    0   320    24 11819 842637  5  2 93  0  0
procs -----------memory---------- ---swap-- -----io---- -system-- ------cpu-----
 r  b   swpd   free   buff  cache   si   so    bi    bo   in   cs us sy id wa st
66  0   1768 389386464      0 1063456    0    0     0    52 11701 906234  5  2 93  0  0
88  0   1768 389358496      0 1064372    0    0    80   224 12033 990814  5  2 93  0  0
102  0   1768 389357120      0 1064824    0    0   228    52 12594 907627  5  2 93  0  0
85  0   1768 389354368      0 1065232    0    0    16    12 12433 872342  5  2 93  0  0
82  0   1768 389353664      0 1065356    0    0     0     0 12142 932165  5  2 93  0  0
104  0   1768 389286592      0 1066040    0    0   196    20 12785 1011329  5  2 93  0  0
104  0   1768 389285504      0 1066356    0    0   192    20 11310 605781  5  1 93  0  0
103  0   1768 389276800      0 1066852    0    0   132   172 10878 217728  6  1 93  0  0
104  0   1768 389274496      0 1066976    0    0     0    44 10586 139520  6  1 93  0  0
103  0   1768 389268832      0 1067180    0    0     0    12 10451 117029  6  1 93  0  0
94  0   1768 389267840      0 1067596    0    0   344    12 10347 84273  6  1 93  0  0
100  0   1768 389265088      0 1068744    0    0    20  5884 10744 88931  6  1 93  0  0
103  0   1768 389259904      0 1069376    0    0     4     8 11886 121660  6  1 92  0  0
96  0   1768 389235488      0 1069704    0    0   116     0 10836 50342  6  1 93  0  0
94  0   1768 389235232      0 1070712    0    0   292    52 12622 402577  6  2 93  0  0
39  0   1768 389236224      0 1071208    0    0     0     4 14249 1467342  4  3 93  0  0
103  0   1768 389235712      0 1071412    0    0     0     0 13512 1336515  5  2 93  0  0
51  0   1768 389235136      0 1071528    0    0     8   488 12736 870555  5  2 93  0  0
97  0   1768 389233952      0 1071708    0    0     0    12 11044 99890  6  1 93  0  0
104  0   1768 389198496      0 1072544    0    0     0     4 13581 866683  5  2 92  0  0
100  0   1768 389198976      0 1072820    0    0    72     8 14137 1157536  5  2 93  0  0
procs -----------memory---------- ---swap-- -----io---- -system-- ------cpu-----
 r  b   swpd   free   buff  cache   si   so    bi    bo   in   cs us sy id wa st
88  0   1768 389198656      0 1074392    0    0     4     8 16244 1801488  4  3 93  0  0
72  0   1768 389172608      0 1078036    0    0    84   108 14772 729404  6  2 92  0  0
104  0   1768 389170880      0 1078244    0    0     0    12 12287 244914  6  2 93  0  0
101  0   1768 389168672      0 1078796    0    0     0     8 12262 105204  6  1 93  0  0
42  0   1768 389165728      0 1079468    0    0     0    12 12460 251163  6  2 93  0  0
36  0   1768 389163328      0 1080056    0    0   288     0 11882 62474  6  2 93  0  0
45  0   1768 389164352      0 1080272    0    0     4   612 12222 65918  6  1 93  0  0
36  0   1768 389153216      0 1081192    0    0     0    12 12418 65932  6  1 92  0  0
37  0   1768 389151744      0 1081624    0    0   148     0 13087 66073  6  1 92  0  0
41  0   1768 389149696      0 1081900    0    0     0   412 12266 66677  6  1 93  0  0
45  0   1768 389139136      0 1084136    0    0     0   516 12962 67415  6  2 92  0  0
34  0   1768 389133376      0 1084832    0    0   300 12868 14279 252301  6  2 92  0  0
32  0   1768 389095360      0 1086332    0    0    36     4 13143 66385  6  2 92  0  0
67  0   1768 389095136      0 1086976    0    0   104    16 11668 62592  6  1 93  0  0
100  0   1768 389088928      0 1087632    0    0     0     8 14890 550652  6  2 92  0  0
34  0   1768 389078464      0 1088156    0    0   232     8 12768 94387  6  1 93  0  0
63  0   1768 389070848      0 1088796    0    0     0   140 13639 630504  6  2 93  0  0
45  0   1768 389070976      0 1089196    0    0     0    16 11808 64828  6  1 93  0  0
61  0   1768 389057728      0 1090944    0    0  1160     4 12369 67735  6  1 92  0  0
12  0   1768 389054720      0 1091596    0    0     0     8 12370 297325  6  2 93  0  0
39  0   1768 389050688      0 1094416    0    0     0    16 13569 342173  6  2 92  0  0
procs -----------memory---------- ---swap-- -----io---- -system-- ------cpu-----
 r  b   swpd   free   buff  cache   si   so    bi    bo   in   cs us sy id wa st
54  0   1768 389049760      0 1095236    0    0    64     8 14175 65249  7  1 92  0  0
36  0   1768 388992512      0 1096340    0    0   132     4 13107 71417  6  2 92  0  0
80  0   1768 388988160      0 1096628    0    0     0     0 12759 76402  6  2 93  0  0
 9  0   1768 388987584      0 1096916    0    0     0    12 13037 129114  6  2 93  0  0
45  0   1768 388966432      0 1098032    0    0     0   204 12445 69901  6  2 92  0  0
27  0   1768 388966464      0 1098324    0    0     0   136 13267 75906  6  2 92  0  0
46  0   1768 388965344      0 1098616    0    0     0    40 12487 74287  6  2 93  0  0
 7  0   1768 388963872      0 1099240    0    0     0     4 12739 74208  6  2 92  0  0
17  0   1768 388955328      0 1099612    0    0     8     0 12297 71319  6  2 93  0  0
102  0   1768 388931200      0 1102528    0    0    88    16 14075 157395  6  2 92  0  0
24  0   1768 388931360      0 1102932    0    0     0    56 16381 569554  5  3 92  0  0
45  0   1768 388931104      0 1103300    0    0     8 18644 16592 1248596  4  3 93  0  0
94  0   1768 388874176      0 1104636    0    0    16     8 18357 1294151  5  3 92  0  0
82  0   1768 388873568      0 1104924    0    0     0    12 16315 750324  5  3 93  0  0
88  0   1768 388864800      0 1105508    0    0     0     0 17181 1058772  4  3 93  0  0
98  0   1768 388850464      0 1105792    0    0     0   140 16473 901903  5  3 92  0  0
83  0   1768 388851200      0 1106004    0    0     0     0 15597 663303  5  3 93  0  0
82  0   1768 388851328      0 1106328    0    0    36    20 16001 361212  5  2 92  0  0
23  0   1768 388851168      0 1106976    0    0    32     8 16793 1003757  5  3 93  0  0
86  0   1768 388851520      0 1110472    0    0   308   144 18302 532414  7  3 90  0  0
39  0   1768 388814112      0 1107020    0    0   128   536 17785 217848  7  2 91  0  0
procs -----------memory---------- ---swap-- -----io---- -system-- ------cpu-----
 r  b   swpd   free   buff  cache   si   so    bi    bo   in   cs us sy id wa st
100  0   1768 388811328      0 1107672    0    0     0    12 16641 773652  5  3 92  0  0
34  0   1768 388812032      0 1108044    0    0     0     0 16138 724638  5  3 93  0  0
44  0   1768 388811616      0 1108692    0    0     0    12 16827 682392  5  3 92  0  0
81  0   1768 388813408      0 1109040    0    0   128    16 16707 575647  5  3 93  0  0
37  0   1768 388829728      0 1109328    0    0     0   128 17333 1429482  4  3 93  0  0
83  0   1768 388830848      0 1109620    0    0     0    16 16683 1006089  4  3 93  0  0
64  0   1768 388830080      0 1109908    0    0     0    16 15539 583421  5  3 93  0  0
82  0   1768 388829632      0 1111464    0    0   208     0 18278 1276890  5  3 92  0  0
76  0   1768 388829792      0 1114164    0    0     0    12 17677 618665  5  3 92  0  0
99  0   1768 388832128      0 1114572    0    0     0    28 16335 548287  5  3 92  0  0
88  0   1768 388849888      0 1115216    0    0     0     4 18212 909331  5  3 92  0  0
92  0   1768 388849088      0 1115972    0    0     0     8 15426 439822  5  2 92  0  0
81  0   1768 388847072      0 1117088    0    0   284     4 17534 890406  5  3 92  0  0
26  0   1768 388854144      0 1117800    0    0     0    12 17255 1076215  5  3 92  0  0
33  0   1768 388881760      0 1118084    0    0     0   136 14811 80509  5  2 92  0  0
92  0   1768 388881824      0 1118772    0    0     0     8 18317 605859  5  3 92  0  0
99  0   1768 388881440      0 1119988    0    0     0    36 18164 742276  5  3 91  0  0
67  0   1768 388881024      0 1120424    0    0    68     0 17658 777472  5  3 92  0  0
94  0   1768 388882400      0 1123440    0    0   104    20 18494 1322829  4  3 92  0  0
73  0   1768 388893120      0 1124252    0    0     0     0 17393 258814  6  3 92  0  0
26  0   1768 388892000      0 1124532    0    0     0    20 17089 585115  5  3 92  0  0
procs -----------memory---------- ---swap-- -----io---- -system-- ------cpu-----
 r  b   swpd   free   buff  cache   si   so    bi    bo   in   cs us sy id wa st
21  0   1768 388891392      0 1124904    0    0     8 31812 17531 1078584  4  3 92  0  0
86  0   1768 388891776      0 1125264    0    0     0     8 17677 654969  5  3 92  0  0
52  0   1768 388892160      0 1125544    0    0     0     0 16915 617200  5  3 92  0  0
77  0   1768 388894144      0 1125904    0    0     0   556 18497 885839  5  3 92  0  0
86  0   1768 388894496      0 1126684    0    0     0     0 17825 744741  5  3 92  0  0
85  0   1768 388894208      0 1127752    0    0     0    20 18467 447381  5  3 92  0  0
79  0   1768 388890880      0 1128532    0    0     0     8 18578 923858  5  3 92  0  0
103  0   1768 388890048      0 1131808    0    0     0   112 19457 869958  5  3 92  0  0
37  0   1768 388886848      0 1133100    0    0   296   540 19720 653652  5  3 92  0  0
89  0   1768 388886272      0 1133476    0    0     0     4 19051 565814  5  3 92  0  0
97  0   1768 388886464      0 1134212    0    0     0    12 18294 934465  5  3 92  0  0
40  0   1768 388873536      0 1134968    0    0    16     8 18165 605765  5  3 92  0  0
38  0   1768 388873856      0 1135264    0    0     0     8 17268 956029  5  3 92  0  0
17  0   1768 388867680      0 1135960    0    0     0   140 17625 636305  5  3 92  0  0
86  0   1768 388871424      0 1136332    0    0     0     0 18232 1087422  4  3 92  0  0
32  0   1768 388862080      0 1136984    0    0     0    20 17990 1072070  5  3 92  0  0
90  0   1768 388862208      0 1137360    0    0     0     8 16619 304972  5  3 92  0  0
49  0   1768 388857920      0 1140604    0    0     0    16 17244 514792  5  3 92  0  0
77  0   1768 388855072      0 1141500    0    0     0    16 19180 594809  5  3 91  0  0
77  0   1768 388841344      0 1141872    0    0     0     4 17424 579016  5  3 92  0  0
92  0   1768 388841120      0 1143028    0    0     0     8 17682 992198  4  3 92  0  0
procs -----------memory---------- ---swap-- -----io---- -system-- ------cpu-----
 r  b   swpd   free   buff  cache   si   so    bi    bo   in   cs us sy id wa st
44  0   1768 388830656      0 1144224    0    0     0     4 19006 1245510  5  3 92  0  0
83  0   1768 388864640      0 1144604    0    0     0     8 18408 1028643  5  3 92  0  0
31  0   1768 388866176      0 1144896    0    0     0   128 17859 953976  5  3 92  0  0
22  0   1768 388884800      0 1145576    0    0    16    16 18407 588451  5  3 92  0  0
23  0   1768 388883968      0 1146384    0    0     0    28 17468 538267  5  3 92  0  0
84  0   1768 388882880      0 1146760    0    0     0     8 18020 1291125  4  3 93  0  0
34  0   1768 388882688      0 1150300    0    0     0    12 18792 954259  5  3 92  0  0
34  0   1768 388883008      0 1150700    0    0     0     8 16847 96041  6  3 92  0  0
16  0   1768 388883936      0 1151048    0    0     0     0 18764 1058193  5  3 92  0  0
 2  0   1768 388878496      0 1152784    0    0   384   232 5515 6240  5  0 95  0  0
 2  0   1768 389052640      0 1152936    0    0    32    40 3737 2319  3  0 97  0  0
 2  0   1768 389052640      0 1152936    0    0     0     0 3087 1781  3  0 97  0  0
 2  0   1768 389052672      0 1152936    0    0     0   132 3227 1945  3  0 97  0  0
 2  0   1768 389052992      0 1152936    0    0     0     0 3311 2293  3  0 97  0  0
 1  0   1768 389052736      0 1152940    0    0     0    84 3733 2959  3  0 97  0  0
 0  0   1768 389043424      0 1153820    0    0     0  4112 1127 1863  0  0 100  0  0
 0  0   1768 389071136      0 1156560    0    0     0   128 1618 1950  1  0 99  0  0
 0  0   1768 389106944      0 1157060    0    0     0   580 2077 2688  0  0 99  0  0
 0  0   1768 389106944      0 1157060    0    0     0     4  994 1891  0  0 100  0  0
 0  0   1768 389107200      0 1157404    0    0     0     0 1119 2013  0  0 100  0  0
 0  0   1768 389108032      0 1157472    0    0     0     0  884 1691  0  0 100  0  0
procs -----------memory---------- ---swap-- -----io---- -system-- ------cpu-----
 r  b   swpd   free   buff  cache   si   so    bi    bo   in   cs us sy id wa st
 0  0   1768 389108032      0 1157484    0    0     0  5812  962 1879  0  0 100  0  0
 0  0   1768 389108032      0 1157496    0    0     0   128  932 1755  0  0 100  0  0
 0  0   1768 389108288      0 1157500    0    0     0     0  931 1739  0  0 100  0  0
 0  0   1768 389108288      0 1157516    0    0     0     4 1027 1911  0  0 100  0  0
 0  0   1768 389108288      0 1157528    0    0     0    12  977 1768  0  0 100  0  0
 2  0   1768 389086624      0 1157668    0    0    32  1796 2294 2269  2  0 98  0  0
 0  0   1768 389022464      0 1151968    0    0     0    52 2515 2481  1  0 99  0  0
 0  0   1768 389022720      0 1151972    0    0     0     8  942 1716  0  0 100  0  0
 0  0   1768 389022720      0 1151980    0    0     0     0 1147 2313  0  0 100  0  0
 0  0   1768 389023456      0 1152108    0    0     0     4 1078 1945  0  0 100  0  0
 0  0   1768 389023456      0 1152120    0    0     4  4924 1004 1848  0  0 100  0  0
 0  0   1768 389024224      0 1152132    0    0     0   128  962 1804  0  0 100  0  0
 0  0   1768 389024224      0 1152140    0    0     0     8  852 1586  0  0 100  0  0
 0  0   1768 389024224      0 1152148    0    0     0     4 1050 2009  0  0 100  0  0
 0  0   1768 389024224      0 1152152    0    0     0    12  928 1732  0  0 100  0  0
 0  0   1768 389024224      0 1152172    0    0     0  2108 1018 1893  0  0 100  0  0
 0  0   1768 389024416      0 1152776    0    0     0     0 1961 2682  0  0 99  0  0
 0  0   1768 389024416      0 1152784    0    0     0     0  960 1801  0  0 100  0  0
 0  0   1768 389024416      0 1152792    0    0     0     8  919 1729  0  0 100  0  0
 4  0   1768 388952640      0 1152800    0    0    16   456 2669 4238  2  0 98  0  0
 1  0   1768 388912672      0 1152780    0    0     0  2508 4126 5741  3  0 97  0  0
procs -----------memory---------- ---swap-- -----io---- -system-- ------cpu-----
 r  b   swpd   free   buff  cache   si   so    bi    bo   in   cs us sy id wa st
 0  0   1768 388871136      0 1152960    0    0     0   612 3319 3736  2  0 98  0  0
84  0   1768 388854592      0 1153100    0    0     0     0 5451 381489  2  1 98  0  0
28  0   1768 388859008      0 1153248    0    0   140     0 22199 928603  6  4 90  0  0
50  0   1768 388858400      0 1153304    0    0     0     8 22268 327545  6  3 90  0  0
61  0   1768 388943936      0 1153672    0    0     0  1944 23239 458217  6  3 91  0  0
41  0   1768 388945024      0 1154248    0    0     0   340 24618 970659  5  4 91  0  0
42  0   1768 388945920      0 1154792    0    0     0     8 25775 374486  5  4 91  0  0
15  0   1768 388945408      0 1155248    0    0     0    12 24107 810779  5  4 91  0  0
56  0   1768 388946336      0 1155788    0    0     0     0 26814 634684  5  4 91  0  0
11  0   1768 388947840      0 1156780    0    0     0  1748 22588 1871961  4  4 92  0  0
15  0   1768 388919264      0 1157608    0    0     0   132 25303 377149  5  4 91  0  0
34  0   1768 388918560      0 1157980    0    0     0     8 24522 534018  5  4 91  0  0
34  0   1768 388919584      0 1158608    0    0     0     4 24758 488572  5  4 91  0  0
75  0   1768 388917760      0 1159508    0    0     0    16 24228 754287  5  4 91  0  0
56  0   1768 388807296      0 1164748    0    0   124     8 27267 314978  6  4 90  0  0
84  0   1768 388806208      0 1165728    0    0     0     8 26296 1040832  5  4 91  0  0
76  0   1768 388806848      0 1166772    0    0     0    60 25002 1409312  4  4 91  0  0
80  0   1768 388769184      0 1167880    0    0     0     0 25084 1134638  4  4 91  0  0
80  0   1768 388769184      0 1168332    0    0     0    12 23815 641625  4  4 91  0  0
25  0   1768 388769376      0 1168900    0    0     0     0 23406 528914  4  4 92  0  0
78  0   1768 388767616      0 1169992    0    0     0 11004 25672 1012369  5  4 91  0  0
procs -----------memory---------- ---swap-- -----io---- -system-- ------cpu-----
 r  b   swpd   free   buff  cache   si   so    bi    bo   in   cs us sy id wa st
18  0   1768 388766112      0 1171148    0    0     0     8 25185 950050  5  4 91  0  0
66  0   1768 388771264      0 1171680    0    0     0    12 24858 707583  4  4 92  0  0
30  0   1768 388772384      0 1172212    0    0     0     0 24551 590135  4  4 91  0  0
51  0   1768 388763424      0 1177624    0    0     0    32 25794 1139351  5  4 91  0  0
29  0   1768 388764352      0 1178872    0    0    76    12 26152 521065  5  4 91  0  0
59  0   1768 388768096      0 1179320    0    0     0     8 25380 505287  4  4 91  0  0
25  0   1768 388792160      0 1179932    0    0     0     0 27401 440858  5  4 91  0  0
87  0   1768 388794688      0 1181016    0    0     0     4 25567 351968  5  4 91  0  0
99  0   1768 388769632      0 1182220    0    0     4    40 24313 1230139  4  4 91  0  0
31  0   1768 388768960      0 1182848    0    0     0   336 25549 419117  5  4 91  0  0
18  0   1768 388767616      0 1183300    0    0     0     8 26047 844789  5  4 91  0  0
21  0   1768 388767648      0 1184476    0    0     0     0 25777 579059  5  4 91  0  0
33  0   1768 388766176      0 1185020    0    0     0     0 25138 464840  4  4 91  0  0
48  0   1768 388767616      0 1190544    0    0   128   608 26242 927426  5  4 90  0  0
59  0   1768 388769824      0 1191952    0    0    64   492 27664 890283  5  4 91  0  0
48  0   1768 388769664      0 1193444    0    0     0     4 26315 625739  5  4 90  0  0
 1  0   1768 388805376      0 1194764    0    0    16     8 23597 699299  5  3 92  0  0
 0  0   1768 388938976      0 1195032    0    0     0     0 1880 2453  1  0 99  0  0
 0  0   1768 388939040      0 1195500    0    0     0     0 1405 2118  0  0 100  0  0
 0  0   1768 388940448      0 1195848    0    0     0  1068 1642 2117  0  0 100  0  0
