procs -----------memory---------- ---swap-- -----io---- -system-- ------cpu-----
 r  b   swpd   free   buff  cache   si   so    bi    bo   in   cs us sy id wa st
 4  0   1768 390127840      0 939084    0    0     2     1    0    0  0  0 100  0  0
 3  0   1768 390056256      0 989768    0    0 51312     0 8234 6907  5  0 95  0  0
 4  0   1768 389994272      0 1000660    0    0 11420     0 13760 9439  5  1 94  0  0
 4  0   1768 389904896      0 1009700    0    0  8888     8 8943 6684  4  0 95  0  0
 3  0   1768 389847712      0 1014704    0    0  4912     4 13532 8613  4  1 95  0  0
 4  0   1768 389828576      0 1026000    0    0 11316    88 6138 4766  5  0 95  0  0
 4  0   1768 389795104      0 1030200    0    0  4084   476 6253 6331  5  0 95  0  0
 1  0   1768 389696576      0 1044332    0    0 15724   132 6456 9212  3  0 96  0  0
 2  0   1768 389634560      0 1054604    0    0 11716     0 4808 6771  3  0 97  0  0
 0  0   1768 389615680      0 1056376    0    0  1560     4 1905 2368  1  0 99  0  0
16  0   1768 389512960      0 1058688    0    0  2124    16 5817 18421  4  0 95  0  0
91  0   1768 389504160      0 1058876    0    0   272    44 9807 38582  7  1 93  0  0
89  0   1768 389498720      0 1062484    0    0  3284     4 11057 45710  7  1 93  0  0
49  0   1768 389495456      0 1063084    0    0   544     0 9880 86462  6  1 93  0  0
46  0   1768 389478336      0 1063112    0    0    40     8 10729 35290  7  1 93  0  0
93  0   1768 389468832      0 1063624    0    0   496     8 10514 54586  7  1 93  0  0
104  0   1768 389461536      0 1063732    0    0    24     4 10282 84269  6  1 93  0  0
74  0   1768 389455264      0 1063736    0    0     0    40 10389 43917  6  1 93  0  0
106  0   1768 389435744      0 1064240    0    0   400   132 11396 103938  6  1 93  0  0
99  0   1768 389432480      0 1064340    0    0     0     0 10283 192772  6  1 93  0  0
31  0   1768 389424960      0 1064764    0    0   416    12 10809 63407  6  1 93  0  0
procs -----------memory---------- ---swap-- -----io---- -system-- ------cpu-----
 r  b   swpd   free   buff  cache   si   so    bi    bo   in   cs us sy id wa st
104  0   1768 389412608      0 1065616    0    0   464     8 12133 136050  6  1 93  0  0
102  0   1768 389406112      0 1066376    0    0   208     4 13479 272432  6  1 93  0  0
103  0   1768 389261280      0 1067164    0    0   200    48 11581 95657  6  1 93  0  0
97  0   1768 389253120      0 1067344    0    0    76     4 15520 112842  6  1 93  0  0
105  0   1768 389248512      0 1067444    0    0     0     4 11808 110684  6  1 93  0  0
97  0   1768 389247712      0 1067988    0    0    48     8 17013 168635  6  1 93  0  0
103  0   1768 389247680      0 1068972    0    0   680 18136 12056 55788  6  1 93  0  0
100  0   1768 389214336      0 1069428    0    0   100    52 13344 725466  5  2 93  0  0
92  0   1768 389214240      0 1069644    0    0     0    44 12339 145957  6  1 93  0  0
106  0   1768 389199104      0 1070212    0    0   516    12 13040 181444  6  1 93  0  0
105  0   1768 389198592      0 1070864    0    0   128     0 12794 243293  6  1 93  0  0
102  0   1768 389176160      0 1072864    0    0    96    16 13480 115503  7  1 92  0  0
92  0   1768 389177120      0 1073092    0    0    24    24 13051 140887  6  1 93  0  0
102  0   1768 389176992      0 1073272    0    0     0     4 13196 341961  6  1 93  0  0
53  0   1768 389173376      0 1073504    0    0    72    48 12907 187283  6  1 93  0  0
107  0   1768 389171648      0 1073980    0    0     0   160 13492 141898  6  1 93  0  0
99  0   1768 389151648      0 1074396    0    0     0   428 14222 452821  6  1 93  0  0
103  0   1768 389148352      0 1074564    0    0     8   476 13227 365698  5  1 93  0  0
103  0   1768 389142816      0 1075036    0    0     4    12 15505 306001  6  1 93  0  0
14  0   1768 389143680      0 1075200    0    0     0    12 12821 284476  6  1 93  0  0
96  0   1768 389142080      0 1075304    0    0     0    44 13448 329391  5  1 93  0  0
procs -----------memory---------- ---swap-- -----io---- -system-- ------cpu-----
 r  b   swpd   free   buff  cache   si   so    bi    bo   in   cs us sy id wa st
106  0   1768 389142176      0 1077932    0    0    68    16 12627 89364  6  1 92  0  0
101  0   1768 389145536      0 1079696    0    0     0   100 14160 547351  5  2 93  0  0
103  0   1768 389147936      0 1080240    0    0     0    16 14452 292143  6  2 93  0  0
89  0   1768 389147872      0 1080708    0    0     0     8 14392 293582  6  2 93  0  0
101  0   1768 389148000      0 1080768    0    0     0    12 14398 514892  5  2 93  0  0
103  0   1768 389148256      0 1081224    0    0   284   596 14728 223633  6  2 93  0  0
79  0   1768 389136256      0 1081776    0    0     0     8 14132 261407  6  2 93  0  0
83  0   1768 389121312      0 1082404    0    0   148     4 16209 709778  5  2 93  0  0
92  0   1768 389122944      0 1082696    0    0    64     8 15604 446960  5  2 93  0  0
100  0   1768 389104256      0 1083504    0    0     0     8 14848 391033  6  2 92  0  0
104  0   1768 389076000      0 1085960    0    0    96    12 16589 499789  6  2 92  0  0
87  0   1768 389076160      0 1086356    0    0   232   932 16326 600438  5  2 93  0  0
104  0   1768 389076256      0 1086580    0    0     0    12 16094 763401  5  2 93  0  0
104  0   1768 389077824      0 1086748    0    0     0     4 17505 1336838  4  3 93  0  0
74  0   1768 389077696      0 1086976    0    0     0    16 18180 611810  5  2 93  0  0
87  0   1768 389076032      0 1087284    0    0     0     8 17463 570693  5  2 93  0  0
76  0   1768 389052000      0 1087856    0    0     0  1716 18336 868361  5  2 93  0  0
100  0   1768 389040416      0 1088424    0    0     0    24 17524 537869  5  2 93  0  0
18  0   1768 389036768      0 1088996    0    0     0     4 16568 933122  5  2 93  0  0
11  0   1768 389036800      0 1089224    0    0     0     8 16919 1179024  5  3 93  0  0
75  0   1768 389023008      0 1091176    0    0     0    12 14197 102113  6  2 92  0  0
procs -----------memory---------- ---swap-- -----io---- -system-- ------cpu-----
 r  b   swpd   free   buff  cache   si   so    bi    bo   in   cs us sy id wa st
88  0   1768 389022688      0 1091840    0    0    96  3448 16051 560910  5  2 93  0  0
76  0   1768 389022912      0 1092080    0    0    20     4 16257 313294  5  2 93  0  0
100  0   1768 389022944      0 1092312    0    0     0     8 14719 236089  5  2 93  0  0
55  0   1768 389023168      0 1092964    0    0     0   340 15577 711477  5  2 93  0  0
81  0   1768 389023328      0 1093128    0    0     0   772 17428 1009180  5  2 93  0  0
42  0   1768 389016544      0 1094052    0    0     0  1272 17550 308274  6  2 92  0  0
43  0   1768 389016416      0 1094412    0    0   128    20 16719 345036  5  2 93  0  0
74  0   1768 389013408      0 1094768    0    0    60    12 14591 269137  5  2 93  0  0
86  0   1768 389013696      0 1095456    0    0     0     0 16126 228093  6  2 92  0  0
50  0   1768 389013056      0 1094944    0    0    64   212 19843 351594  6  2 92  0  0
71  0   1768 389009152      0 1095176    0    0     0  1744 14730 689485  5  2 93  0  0
15  0   1768 389009696      0 1095472    0    0     0    20 15095 285801  5  2 93  0  0
49  0   1768 389008896      0 1096160    0    0    72     8 15050 386558  6  2 92  0  0
49  0   1768 389009920      0 1096388    0    0     0    12 16177 793215  5  2 93  0  0
49  0   1768 389010688      0 1096684    0    0    64     0 20034 948002  5  3 93  0  0
58  0   1768 389010336      0 1097288    0    0     0  1856 15212 327626  6  2 93  0  0
103  0   1768 389010176      0 1097520    0    0     0     0 17530 285699  5  2 93  0  0
84  0   1768 389010272      0 1097760    0    0     0     8 17225 384223  6  2 92  0  0
98  0   1768 389010560      0 1098344    0    0     0     8 18642 805864  5  2 93  0  0
90  0   1768 388980608      0 1101348    0    0   192    16 16404 262881  7  2 91  0  0
100  0   1768 388927808      0 1099048    0    0   280  2980 19847 447001  6  2 91  0  0
procs -----------memory---------- ---swap-- -----io---- -system-- ------cpu-----
 r  b   swpd   free   buff  cache   si   so    bi    bo   in   cs us sy id wa st
83  0   1768 388924160      0 1099352    0    0     0     4 13792 274117  5  2 93  0  0
59  0   1768 388920128      0 1099580    0    0     0     8 15470 348074  5  2 93  0  0
92  0   1768 388952928      0 1100240    0    0   104     8 17873 944059  5  3 93  0  0
102  0   1768 388958720      0 1100748    0    0   200    16 16084 830529  5  2 93  0  0
18  0   1768 388936640      0 1101648    0    0   320   756 19661 1128596  5  3 92  0  0
11  0   1768 388934848      0 1102704    0    0   304    16 16844 794522  5  2 93  0  0
28  0   1768 388944416      0 1103116    0    0     0    16 16047 454933  5  2 93  0  0
80  0   1768 388944608      0 1104088    0    0    28     8 16454 913465  5  2 92  0  0
82  0   1768 388945376      0 1106540    0    0    16     8 18185 1276808  5  3 92  0  0
54  0   1768 388945792      0 1106776    0    0     0  2156 15404 615697  5  2 93  0  0
87  0   1768 388946400      0 1107284    0    0     0    12 17006 806665  5  2 93  0  0
92  0   1768 388957376      0 1107588    0    0     0     0 16152 385464  5  2 93  0  0
101  0   1768 388958016      0 1108196    0    0     0   152 16414 656606  5  2 93  0  0
51  0   1768 388958624      0 1108748    0    0     0   472 15449 532346  5  2 93  0  0
29  0   1768 388958784      0 1108992    0    0     0   128 13707 218802  6  2 93  0  0
53  0   1768 388958848      0 1109692    0    0     4  2388 16534 494383  5  2 92  0  0
70  0   1768 388959200      0 1109992    0    0     0    20 15921 369334  5  2 93  0  0
48  0   1768 388958816      0 1110752    0    0   128     8 15768 378846  5  2 92  0  0
63  0   1768 388959456      0 1113676    0    0     0    12 17457 250450  7  2 91  0  0
25  0   1768 388959968      0 1114504    0    0     0     8 17853 917605  5  3 93  0  0
39  0   1768 388959424      0 1115992    0    0  1196  2372 16420 917937  5  2 93  0  0
procs -----------memory---------- ---swap-- -----io---- -system-- ------cpu-----
 r  b   swpd   free   buff  cache   si   so    bi    bo   in   cs us sy id wa st
26  0   1768 388956672      0 1116224    0    0     0    20 14301 268723  5  2 93  0  0
42  0   1768 388955808      0 1116440    0    0     0    12 17600 673211  5  2 93  0  0
73  0   1768 388943712      0 1117008    0    0    16     0 15298 283643  6  2 92  0  0
66  0   1768 388929472      0 1117636    0    0     0   600 18440 938037  5  3 93  0  0
73  0   1768 388927616      0 1117856    0    0     4  1784 15216 808871  5  2 93  0  0
38  0   1768 388927520      0 1118848    0    0   116     8 17423 443221  6  2 92  0  0
104  0   1768 388925760      0 1119428    0    0     0     8 15326 506163  5  2 93  0  0
102  0   1768 388924960      0 1122768    0    0     4     8 19674 284062  6  2 91  0  0
79  0   1768 388924544      0 1123064    0    0     0     0 16769 348742  5  2 93  0  0
81  0   1768 388924544      0 1123360    0    0     0  8640 16807 838889  5  2 93  0  0
50  0   1768 388920992      0 1124172    0    0   576     8 15801 385713  5  2 93  0  0
76  0   1768 388868544      0 1125192    0    0     0     8 16223 254493  6  2 92  0  0
98  0   1768 388868992      0 1125800    0    0     0     8 16899 733865  5  2 93  0  0
68  0   1768 388869120      0 1126092    0    0     0   136 17050 923117  5  2 93  0  0
89  0   1768 388880704      0 1126324    0    0     0  2528 18245 852762  5  3 93  0  0
26  0   1768 388879904      0 1126552    0    0     0    32 14576 298625  5  2 93  0  0
59  0   1768 388879968      0 1126788    0    0     0     0 13559 62708  6  2 93  0  0
102  0   1768 388880256      0 1129256    0    0     0    16 18981 843833  6  3 92  0  0
19  0   1768 388880512      0 1129892    0    0    16     8 17831 535646  5  2 92  0  0
66  0   1768 388881056      0 1130236    0    0     0  4252 14134 169425  5  2 93  0  0
72  0   1768 388880448      0 1130988    0    0   100     8 16628 775217  5  3 92  0  0
procs -----------memory---------- ---swap-- -----io---- -system-- ------cpu-----
 r  b   swpd   free   buff  cache   si   so    bi    bo   in   cs us sy id wa st
82  0   1768 388881216      0 1131648    0    0     0    12 15821 573278  5  2 92  0  0
81  0   1768 388879744      0 1131888    0    0     0   484 16531 868268  5  2 93  0  0
85  0   1768 388875488      0 1132128    0    0     0   132 17259 941222  5  3 93  0  0
82  0   1768 388873120      0 1133424    0    0     0  1632 17395 404723  6  2 92  0  0
78  0   1768 388873216      0 1134056    0    0     0    24 18785 683503  5  3 92  0  0
25  0   1768 388873056      0 1134356    0    0     0     0 18215 783746  5  2 93  0  0
83  0   1768 388873632      0 1137548    0    0     0    12 18508 479235  6  2 92  0  0
27  0   1768 388873536      0 1137840    0    0     0    16 14266 178663  5  2 93  0  0
19  0   1768 388873216      0 1138516    0    0     0  5296 16403 497463  5  2 92  0  0
93  0   1768 388872800      0 1138804    0    0     0    24 18466 383416  5  2 93  0  0
 2  0   1768 388866720      0 1139544    0    0   188     4 11471 269189  5  1 94  0  0
 2  0   1768 389003040      0 1139640    0    0     4   140 3636 2490  3  0 97  0  0
 2  0   1768 389002304      0 1139640    0    0     0     4 3162 1989  3  0 97  0  0
 2  0   1768 388992992      0 1139992    0    0     0     0 3243 1887  3  0 97  0  0
 2  0   1768 388992480      0 1139996    0    0     0  1268 3400 2627  3  0 97  0  0
 2  0   1768 388991744      0 1140424    0    0     4     8 3430 2106  3  0 97  0  0
 3  0   1768 388991040      0 1142528    0    0     0     8 4083 2451  4  0 96  0  0
 2  0   1768 388991040      0 1142936    0    0     0     0 3576 2213  3  0 97  0  0
 2  0   1768 388990784      0 1142936    0    0     0     4 3235 2054  3  0 97  0  0
 2  0   1768 388990272      0 1143136    0    0     0  6148 3204 2081  3  0 97  0  0
 2  0   1768 388989248      0 1143144    0    0     0     4 3162 1971  3  0 97  0  0
procs -----------memory---------- ---swap-- -----io---- -system-- ------cpu-----
 r  b   swpd   free   buff  cache   si   so    bi    bo   in   cs us sy id wa st
 0  0   1768 388989248      0 1143164    0    0     0     8 1314 1833  1  0 99  0  0
 0  0   1768 388989760      0 1143172    0    0     0   128 1192 2025  0  0 100  0  0
 0  0   1768 388989760      0 1143176    0    0     0     0  843 1664  0  0 100  0  0
 0  0   1768 388989760      0 1143448    0    0    16  2076 1135 2157  0  0 100  0  0
 0  0   1768 388989760      0 1143464    0    0     0    20  895 1717  0  0 100  0  0
 1  0   1768 388992576      0 1143624    0    0     0     4 2597 2431  1  0 99  0  0
 0  0   1768 389002624      0 1139256    0    0     0     8 1851 1972  1  0 99  0  0
 0  0   1768 389003392      0 1139260    0    0     0     8  940 1727  0  0 100  0  0
 0  0   1768 389004576      0 1139272    0    0     0  1688 1096 2202  0  0 100  0  0
 0  0   1768 389005056      0 1139280    0    0     0    60 1066 1987  0  0 100  0  0
 0  0   1768 389005568      0 1139292    0    0     0   636  945 1825  0  0 100  0  0
 0  0   1768 389005568      0 1139300    0    0     0     0  918 1720  0  0 100  0  0
 0  0   1768 389005568      0 1139304    0    0     0     8  918 1715  0  0 100  0  0
 3  0   1768 389000576      0 1139352    0    0   748  3228 2066 2754  0  0 100  0  0
 0  0   1768 389001184      0 1140672    0    0   956     0 4380 3060  0  0 100  0  0
 1  0   1768 389003008      0 1140688    0    0     0     4 1846 2362  0  0 100  0  0
 0  0   1768 389003040      0 1141200    0    0     0     0  946 1701  0  0 100  0  0
 0  0   1768 389003040      0 1141208    0    0     0     8 1007 1844  0  0 100  0  0
 0  0   1768 389003296      0 1141360    0    0   148  2952  922 1841  0  0 100  0  0
 0  0   1768 389003072      0 1141736    0    0    24   636  978 1891  0  0 100  0  0
 1  0   1768 388997120      0 1141744    0    0     0     4 1439 2632  0  0 100  0  0
procs -----------memory---------- ---swap-- -----io---- -system-- ------cpu-----
 r  b   swpd   free   buff  cache   si   so    bi    bo   in   cs us sy id wa st
 2  0   1768 389002656      0 1141752    0    0     0   592 4370 6369  3  0 96  0  0
 3  0   1768 388933664      0 1141992    0    0     0     0 3997 4932  3  0 97  0  0
 0  0   1768 388930368      0 1142084    0    0    84   800 1628 2662  0  0 100  0  0
35  0   1768 388905696      0 1142200    0    0     0     8 17049 924586  5  3 92  0  0
78  0   1768 388904672      0 1142320    0    0     0     4 24342 326961  7  3 90  0  0
77  0   1768 388901568      0 1142800    0    0   128     0 24780 508253  6  3 91  0  0
36  0   1768 388900928      0 1143296    0    0     0     8 21819 928471  4  4 92  0  0
72  0   1768 388889984      0 1143652    0    0     0  1876 22691 262409  6  3 91  0  0
35  0   1768 388889600      0 1144444    0    0     0     8 23075 179386  5  4 91  0  0
22  0   1768 388889536      0 1145008    0    0     0   132 23564 162269  5  4 91  0  0
16  0   1768 388906624      0 1145556    0    0     0     4 24930 492428  5  4 91  0  0
54  0   1768 388911200      0 1146508    0    0     0     0 24876 130405  6  4 91  0  0
53  0   1768 388908992      0 1147052    0    0     0   312 23663 397336  5  4 92  0  0
32  0   1768 388886112      0 1147600    0    0     0    24 23655 325210  5  4 91  0  0
11  0   1768 388885440      0 1150700    0    0     0     0 24864 876748  5  4 91  0  0
71  0   1768 388885248      0 1151704    0    0     0     0 24327 410253  5  4 91  0  0
12  0   1768 388884032      0 1152632    0    0     0    12 24581 943501  4  4 91  0  0
20  0   1768 388881248      0 1153568    0    0     0     0 25829 301754  5  4 91  0  0
21  0   1768 388880672      0 1155144    0    0     0  8520 26957 715707  5  4 91  0  0
79  0   1768 388880448      0 1155920    0    0     0   136 24583 432391  5  4 92  0  0
69  0   1768 388874560      0 1156828    0    0     0   616 24941 526084  5  4 91  0  0
procs -----------memory---------- ---swap-- -----io---- -system-- ------cpu-----
 r  b   swpd   free   buff  cache   si   so    bi    bo   in   cs us sy id wa st
77  0   1768 388874112      0 1157856    0    0     0     0 24242 607210  5  4 91  0  0
39  0   1768 388874048      0 1158348    0    0     0    12 25171 445903  5  4 92  0  0
81  0   1768 388873120      0 1158904    0    0     0   220 25609 392160  5  4 91  0  0
74  0   1768 388873504      0 1160116    0    0     0    12 25712 534419  6  4 90  0  0
69  0   1768 388854464      0 1166184    0    0     0     8 26420 783263  5  4 91  0  0
87  0   1768 388893216      0 1167196    0    0   112    12 30497 634146  5  4 91  0  0
83  0   1768 388901056      0 1167752    0    0     0     0 27168 717759  4  4 92  0  0
24  0   1768 388900416      0 1168244    0    0     0   252 25623 741907  4  4 92  0  0
23  0   1768 388888416      0 1170240    0    0     0   132 28394 590026  6  4 90  0  0
85  0   1768 388888608      0 1170792    0    0     0     4 25088 505777  5  4 92  0  0
55  0   1768 388880832      0 1171188    0    0     0    20 23514 407221  5  4 92  0  0
72  0   1768 388881408      0 1171804    0    0     0     0 25615 184428  5  4 91  0  0
62  0   1768 388881632      0 1172860    0    0     0     4 23866 313794  5  4 91  0  0
69  0   1768 388882240      0 1177120    0    0     8   336 26474 282164  6  4 90  0  0
23  0   1768 388881504      0 1178100    0    0     0     0 23303 433696  5  4 92  0  0
73  0   1768 388881984      0 1179136    0    0     0    12 27532 1035982  5  4 91  0  0
64  0   1768 388881600      0 1179628    0    0     0     0 25735 546357  5  4 91  0  0
62  0   1768 388881344      0 1180116    0    0     0    16 27319 307043  5  4 91  0  0
 3  0   1768 388879744      0 1180972    0    0   108     0 9721 76604  2  1 97  0  0
 0  0   1768 388897024      0 1183408    0    0     0   136 4331 3285  2  0 98  0  0
 0  0   1768 388895744      0 1183408    0    0     0    24 1373 2016  0  0 100  0  0
