procs -----------memory---------- ---swap-- -----io---- -system-- ------cpu-----
 r  b   swpd   free   buff  cache   si   so    bi    bo   in   cs us sy id wa st
 4  0   1768 389977152      0 929856    0    0     2     1    0    0  0  0 100  0  0
 3  0   1768 389950432      0 981444    0    0 52332  1344 8523 7675  5  0 95  0  0
 4  0   1768 389842656      0 989564    0    0  8264   852 13146 9047  5  1 94  0  0
 4  0   1768 389762144      0 998368    0    0  8724     0 8823 6530  5  0 95  0  0
 4  0   1768 389713920      0 1002160    0    0  3488    16 12644 7602  4  1 95  0  0
 4  0   1768 389683712      0 1011368    0    0  9064   592 6043 4529  5  0 95  0  0
 4  0   1768 389583936      0 1016816    0    0  6212     4 7297 8150  5  0 95  0  0
 3  0   1768 389536352      0 1033984    0    0 18444   896 5661 8940  3  0 97  0  0
 0  0   1768 389490016      0 1040556    0    0  7968   156 4318 5581  2  0 97  0  0
 4  0   1768 389469888      0 1041516    0    0  1012    12 1942 2698  1  0 99  0  0
62  0   1768 389389888      0 1043864    0    0  1800     4 7726 28962  6  0 93  0  0
75  0   1768 389363712      0 1047812    0    0  4100    44 10886 110959  6  1 93  0  0
85  0   1768 389361696      0 1048600    0    0   660     4 9123 61423  6  0 93  0  0
105  0   1768 389358176      0 1048636    0    0    24    16 10807 104005  7  1 93  0  0
36  0   1768 389345088      0 1048980    0    0   336     0 10007 76060  7  1 93  0  0
29  0   1768 389328000      0 1048988    0    0     0   136 11195 76604  6  1 93  0  0
106  0   1768 389314912      0 1049168    0    0    68     4 10246 142248  6  1 93  0  0
77  0   1768 389275872      0 1050296    0    0   776    40 9972 216575  6  1 93  0  0
100  0   1768 389251072      0 1050448    0    0   140    16 11798 380567  6  1 93  0  0
106  0   1768 389171584      0 1051120    0    0     0     0 13716 109767  6  1 93  0  0
103  0   1768 389162112      0 1052004    0    0   704    12 11774 273658  6  1 93  0  0
procs -----------memory---------- ---swap-- -----io---- -system-- ------cpu-----
 r  b   swpd   free   buff  cache   si   so    bi    bo   in   cs us sy id wa st
104  0   1768 389088000      0 1052552    0    0     0     8 10283 447111  6  1 93  0  0
87  0   1768 389086496      0 1052652    0    0    32    12 14055 488848  5  1 93  0  0
42  0   1768 389065248      0 1054928    0    0  1836    40 11941 304324  6  1 93  0  0
104  0   1768 389060928      0 1055004    0    0    64     4 11106 237235  6  1 93  0  0
105  0   1768 389059872      0 1055392    0    0   220   124 12102 509389  5  1 93  0  0
105  0   1768 389041440      0 1055932    0    0   116    12 14162 754286  5  2 93  0  0
104  0   1768 389040832      0 1056100    0    0    36    56 13497 450494  6  1 93  0  0
106  0   1768 389040224      0 1056560    0    0    32    36 13518 782725  5  2 93  0  0
99  0   1768 389038944      0 1056700    0    0     0    52 12379 250637  6  1 93  0  0
107  0   1768 389003296      0 1057688    0    0   432     4 11774 176186  6  1 93  0  0
70  0   1768 389000224      0 1058856    0    0    16     8 11040 199845  6  1 93  0  0
104  0   1768 388998944      0 1059488    0    0    96    20 10406 33571  6  1 93  0  0
27  0   1768 388988928      0 1059956    0    0    36    20 11036 222385  6  1 93  0  0
62  0   1768 388988416      0 1060124    0    0     0    12 10389 35477  6  1 93  0  0
47  0   1768 388989056      0 1060664    0    0     0   164 10585 112972  6  1 93  0  0
38  0   1768 388989152      0 1060836    0    0     0     4 11147 226791  6  1 93  0  0
37  0   1768 388988640      0 1061112    0    0   112   264 10669 70639  6  1 93  0  0
102  0   1768 388988608      0 1061348    0    0    12   344 18852 451352  6  1 93  0  0
66  0   1768 388950208      0 1062352    0    0    96   408 20114 1050245  5  2 93  0  0
58  0   1768 388949888      0 1062540    0    0     0     4 15203 508618  5  2 93  0  0
106  0   1768 388949568      0 1064104    0    0     0    12 14439 310832  6  1 93  0  0
procs -----------memory---------- ---swap-- -----io---- -system-- ------cpu-----
 r  b   swpd   free   buff  cache   si   so    bi    bo   in   cs us sy id wa st
105  0   1768 388948768      0 1064632    0    0    68     4 14404 567839  5  2 93  0  0
13  0   1768 388948288      0 1064804    0    0     0   108 12974 395675  6  1 93  0  0
105  0   1768 388918496      0 1065608    0    0     0    12 12776 177389  6  1 93  0  0
75  0   1768 388918624      0 1065780    0    0     0   144 12193 223704  6  1 93  0  0
102  0   1768 388914016      0 1066492    0    0   540     4 13954 424092  5  2 93  0  0
105  0   1768 388904448      0 1067104    0    0     0   380 13068 318575  6  1 93  0  0
101  0   1768 388905280      0 1067276    0    0     0     8 13866 537370  5  2 93  0  0
69  0   1768 388901056      0 1068144    0    0     0     8 14123 484150  6  2 92  0  0
66  0   1768 388898432      0 1068576    0    0   124    12 15320 909985  5  2 93  0  0
100  0   1768 388871264      0 1071096    0    0   124    12 19299 994060  5  2 92  0  0
28  0   1768 388867168      0 1071328    0    0    12  1216 13245 278964  6  2 93  0  0
69  0   1768 388865792      0 1071852    0    0   232     8 12245 55731  6  1 93  0  0
23  0   1768 388865632      0 1072468    0    0     0     4 12764 56528  6  1 93  0  0
30  0   1768 388862400      0 1072704    0    0   624   136 11647 52807  6  1 93  0  0
15  0   1768 388859520      0 1073728    0    0    72     8 12249 53186  6  1 93  0  0
43  0   1768 388860000      0 1073964    0    0     0   948 11847 51982  6  1 93  0  0
25  0   1768 388861632      0 1074252    0    0    64    28 12209 55575  6  1 93  0  0
56  0   1768 388858912      0 1075248    0    0    24     0 13195 53060  7  1 92  0  0
56  0   1768 388863072      0 1076624    0    0    64    12 12269 52388  6  1 92  0  0
62  0   1768 388862176      0 1078904    0    0     0     8 13104 56953  6  1 92  0  0
14  0   1768 388862112      0 1079296    0    0   100    24 12000 55849  6  1 93  0  0
procs -----------memory---------- ---swap-- -----io---- -system-- ------cpu-----
 r  b   swpd   free   buff  cache   si   so    bi    bo   in   cs us sy id wa st
103  0   1768 388862176      0 1079540    0    0     0  2776 12053 140231  6  1 93  0  0
97  0   1768 388862304      0 1080180    0    0    20    12 13462 405274  5  2 93  0  0
70  0   1768 388862784      0 1080872    0    0    36   600 14850 323712  6  2 92  0  0
68  0   1768 388841472      0 1081840    0    0     0    12 18159 980219  5  3 92  0  0
72  0   1768 388825504      0 1082076    0    0     0   200 14633 434027  5  2 93  0  0
32  0   1768 388813632      0 1082996    0    0   312  1496 14784 335877  6  2 92  0  0
104  0   1768 388813600      0 1083268    0    0     0   556 16504 458783  5  2 93  0  0
21  0   1768 388812416      0 1083948    0    0     0     4 14835 417748  6  2 92  0  0
101  0   1768 388811936      0 1086484    0    0    64    12 14191 113307  6  2 92  0  0
18  0   1768 388804352      0 1087476    0    0     0     8 15664 630249  5  2 92  0  0
38  0   1768 388804416      0 1088028    0    0     8  3120 14205 431409  5  2 93  0  0
88  0   1768 388805216      0 1088256    0    0     0    20 16086 481908  5  2 93  0  0
102  0   1768 388806080      0 1088492    0    0     0   136 17210 898015  5  2 93  0  0
95  0   1768 388805344      0 1088724    0    0     0    12 19742 650359  5  2 93  0  0
78  0   1768 388805728      0 1088960    0    0     0     0 18325 551503  5  2 93  0  0
 6  0   1768 388806784      0 1089116    0    0     0  1736 14988 394421  5  2 93  0  0
85  0   1768 388801600      0 1090204    0    0     4    12 18456 234465  6  2 92  0  0
51  0   1768 388801600      0 1090520    0    0     0     0 16003 227760  6  2 93  0  0
104  0   1768 388796512      0 1093348    0    0   128    20 17133 245186  6  2 92  0  0
19  0   1768 388757952      0 1090208    0    0     0     4 17515 318317  7  2 91  0  0
82  0   1768 388758784      0 1090440    0    0    16  2704 18201 439051  5  2 93  0  0
procs -----------memory---------- ---swap-- -----io---- -system-- ------cpu-----
 r  b   swpd   free   buff  cache   si   so    bi    bo   in   cs us sy id wa st
99  0   1768 388758944      0 1090736    0    0     0    12 16058 439084  5  2 93  0  0
41  0   1768 388748672      0 1091644    0    0     0   128 16930 491131  5  2 92  0  0
67  0   1768 388746048      0 1091948    0    0     0    24 15292 385997  5  2 93  0  0
70  0   1768 388743488      0 1092552    0    0     0     8 19520 1177630  5  3 93  0  0
97  0   1768 388737696      0 1093184    0    0     8  1100 16436 304510  6  2 92  0  0
90  0   1768 388737376      0 1094044    0    0   216    16 17721 443488  6  2 92  0  0
82  0   1768 388737728      0 1094352    0    0    32    16 16939 855978  5  2 93  0  0
52  0   1768 388737504      0 1096900    0    0     0     0 13664 216574  6  2 92  0  0
54  0   1768 388736704      0 1097136    0    0     0    12 12902 63835  6  2 93  0  0
96  0   1768 388736000      0 1097780    0    0     4  2456 14969 308562  6  2 92  0  0
33  0   1768 388736992      0 1098832    0    0     0     4 15764 454142  6  2 92  0  0
41  0   1768 388737312      0 1099560    0    0     4   140 15161 671237  5  2 93  0  0
44  0   1768 388737664      0 1099796    0    0     0     4 14144 619589  5  2 93  0  0
69  0   1768 388736832      0 1100096    0    0     8   216 13687 312946  6  2 93  0  0
30  0   1768 388737472      0 1100524    0    0   128  3632 15959 489108  5  2 93  0  0
19  0   1768 388737280      0 1100796    0    0    12   560 14142 69449  6  2 92  0  0
40  0   1768 388736768      0 1101176    0    0     0     8 14602 66341  6  2 92  0  0
17  0   1768 388721280      0 1104568    0    0     0    16 14804 290162  6  2 92  0  0
48  0   1768 388721152      0 1105312    0    0     0     4 13557 68798  6  2 93  0  0
39  0   1768 388720064      0 1105544    0    0     0     0 13515 71708  6  2 93  0  0
28  0   1768 388703200      0 1106728    0    0     0  2892 14263 71322  6  2 92  0  0
procs -----------memory---------- ---swap-- -----io---- -system-- ------cpu-----
 r  b   swpd   free   buff  cache   si   so    bi    bo   in   cs us sy id wa st
27  0   1768 388650240      0 1107456    0    0     4   148 13725 71041  6  2 93  0  0
17  0   1768 388628160      0 1107912    0    0   100    12 14023 72302  6  2 93  0  0
11  0   1768 388625888      0 1108284    0    0     0     0 14960 75886  6  2 92  0  0
43  0   1768 388715072      0 1108640    0    0     0    12 13243 71607  6  2 92  0  0
29  0   1768 388716000      0 1109044    0    0     0     0 15009 77013  6  2 92  0  0
65  0   1768 388690656      0 1109824    0    0     0    12 17924 454606  6  2 92  0  0
89  0   1768 388621344      0 1113868    0    0    28    20 20429 271674  6  3 91  0  0
72  0   1768 388618176      0 1114236    0    0     0     4 18662 421948  5  3 92  0  0
33  0   1768 388615008      0 1114756    0    0   164     8 21747 783330  5  3 92  0  0
82  0   1768 388614592      0 1115580    0    0   528  9136 17898 946565  5  3 92  0  0
78  0   1768 388640192      0 1115880    0    0     4     8 20951 329726  5  3 92  0  0
14  0   1768 388640896      0 1116648    0    0     0    16 20428 374604  5  3 92  0  0
80  0   1768 388640288      0 1117480    0    0     0     8 18041 317384  5  3 92  0  0
30  0   1768 388639456      0 1118552    0    0     0     4 19207 240050  6  3 92  0  0
57  0   1768 388632896      0 1119344    0    0     0  2864 17886 164818  6  2 92  0  0
39  0   1768 388638080      0 1120676    0    0     0    16 18513 382246  6  3 92  0  0
82  0   1768 388638720      0 1124060    0    0     0    16 20673 366202  6  3 92  0  0
77  0   1768 388638784      0 1124776    0    0     0     8 19089 196576  5  3 92  0  0
96  0   1768 388638848      0 1125144    0    0     0     8 19077 409509  5  3 92  0  0
 8  0   1768 388638400      0 1125500    0    0     0  4852 18522 230798  5  3 92  0  0
99  0   1768 388638048      0 1125868    0    0     0     0 20361 297989  5  3 92  0  0
procs -----------memory---------- ---swap-- -----io---- -system-- ------cpu-----
 r  b   swpd   free   buff  cache   si   so    bi    bo   in   cs us sy id wa st
98  0   1768 388639040      0 1126568    0    0     0    12 22949 968198  5  3 92  0  0
102  0   1768 388639648      0 1126936    0    0     0     0 21850 633165  5  3 92  0  0
95  0   1768 388642624      0 1127304    0    0     0   108 21665 448753  5  3 92  0  0
71  0   1768 388641440      0 1127700    0    0     0  2552 21102 230665  5  3 92  0  0
70  0   1768 388645152      0 1128136    0    0     0    24 19730 180101  5  3 92  0  0
90  0   1768 388645792      0 1132124    0    0     0     4 19989 424077  6  3 91  0  0
99  0   1768 388560096      0 1133380    0    0     0     8 20933 637448  5  3 92  0  0
20  0   1768 388560192      0 1133840    0    0   100     8 20666 458282  5  3 92  0  0
82  0   1768 388558752      0 1134692    0    0     0  6532 19085 237983  6  3 92  0  0
39  0   1768 388558368      0 1135048    0    0     0    16 17660 178448  5  3 92  0  0
 2  0   1768 388562144      0 1135816    0    0   164    12 6056 17091  4  0 95  0  0
 2  0   1768 388728832      0 1136012    0    0    32     0 3501 2133  3  0 97  0  0
 2  0   1768 388728320      0 1136504    0    0     0     4 3376 1919  3  0 97  0  0
 3  0   1768 388726816      0 1136556    0    0     0   972 3837 2393  3  0 97  0  0
 2  0   1768 388726592      0 1136640    0    0     4   940 3480 2502  3  0 97  0  0
 3  0   1768 388737728      0 1140692    0    0     0    16 5862 2436  4  0 96  0  0
 3  0   1768 388735456      0 1141680    0    0    84     4 4628 2110  5  0 95  0  0
 0  0   1768 388734464      0 1135924    0    0     0     0 2950 2183  3  0 97  0  0
 0  0   1768 388734720      0 1135940    0    0     0  2824 1131 2040  0  0 100  0  0
 0  0   1768 388734720      0 1135944    0    0     0     0 1085 2049  0  0 100  0  0
 0  0   1768 388734976      0 1135960    0    0     0     0  972 1801  0  0 100  0  0
procs -----------memory---------- ---swap-- -----io---- -system-- ------cpu-----
 r  b   swpd   free   buff  cache   si   so    bi    bo   in   cs us sy id wa st
 0  0   1768 388734976      0 1136356    0    0     0     8 1675 1928  0  0 100  0  0
 0  0   1768 388745280      0 1136492    0    0   128     4  982 1774  0  0 100  0  0
 1  0   1768 388746304      0 1136532    0    0     0     0 1549 2251  0  0 100  0  0
 0  0   1768 388765472      0 1136888    0    0     0  5036 1219 2134  0  0 100  0  0
 0  0   1768 388766080      0 1136948    0    0     0    60 1034 1922  0  0 100  0  0
 0  0   1768 388766560      0 1136956    0    0     0     0  921 1755  0  0 100  0  0
 0  0   1768 388767072      0 1136964    0    0     0    60  975 1839  0  0 100  0  0
 0  0   1768 388767072      0 1136968    0    0     0     8  878 1713  0  0 100  0  0
 0  0   1768 388768320      0 1136980    0    0     0  1924 1153 2305  0  0 100  0  0
 0  0   1768 388768576      0 1136992    0    0     0     4  920 1805  0  0 100  0  0
 0  0   1768 388768576      0 1137000    0    0     0    80 1082 1977  0  0 100  0  0
 0  0   1768 388768576      0 1137012    0    0     0   392  905 1771  0  0 100  0  0
 1  0   1768 388767392      0 1137052    0    0     0   588 1657 2404  0  0 100  0  0
 0  0   1768 388767392      0 1137132    0    0     0   836 1038 1973  0  0 100  0  0
 0  0   1768 388767872      0 1137236    0    0   100     0 1061 1989  0  0 100  0  0
 0  0   1768 388767872      0 1137236    0    0     0     4  882 1612  0  0 100  0  0
 0  0   1768 388768160      0 1137236    0    0     0     0  854 1654  0  0 100  0  0
 0  0   1768 388770944      0 1137204    0    0     0     0 1073 1723  0  0 100  0  0
 0  0   1768 388771200      0 1137208    0    0     0  4696 1146 2212  0  0 100  0  0
 0  0   1768 388771200      0 1137208    0    0    16   440  893 1714  0  0 100  0  0
 3  0   1768 388718272      0 1137336    0    0   128     0 2495 3986  2  0 98  0  0
procs -----------memory---------- ---swap-- -----io---- -system-- ------cpu-----
 r  b   swpd   free   buff  cache   si   so    bi    bo   in   cs us sy id wa st
 2  0   1768 388702656      0 1137456    0    0   168     4 4105 5869  3  0 97  0  0
 1  0   1768 388659104      0 1137828    0    0     0     0 4074 4269  3  0 97  0  0
31  0   1768 388638016      0 1138172    0    0   152  1140 4241 11855  2  0 98  0  0
46  0   1768 388636448      0 1138188    0    0     0     8 21066 1164550  6  4 91  0  0
27  0   1768 388635584      0 1138284    0    0     0     4 24514 459628  7  3 90  0  0
83  0   1768 388645216      0 1138852    0    0    76     4 22304 269065  6  3 91  0  0
100  0   1768 388689472      0 1139352    0    0     0     8 24331 1162726  4  4 92  0  0
72  0   1768 388688448      0 1139840    0    0     0 15076 26468 740690  5  4 91  0  0
16  0   1768 388688576      0 1140400    0    0   128     0 25364 648424  5  4 91  0  0
27  0   1768 388667840      0 1141644    0    0     0    16 25345 229348  6  4 90  0  0
69  0   1768 388634432      0 1142296    0    0     0     4 25123 385939  5  4 91  0  0
18  0   1768 388636672      0 1142960    0    0     0     0 27376 769699  5  4 91  0  0
67  0   1768 388640256      0 1144144    0    0    84   728 27255 822969  5  4 91  0  0
 9  0   1768 388616800      0 1148080    0    0    68    24 26779 437096  5  4 90  0  0
41  0   1768 388615616      0 1148580    0    0     0     4 24757 233986  5  4 91  0  0
66  0   1768 388574976      0 1149772    0    0     0     8 28076 919778  5  4 91  0  0
86  0   1768 388573856      0 1150708    0    0     0    52 27676 597345  5  4 91  0  0
14  0   1768 388582720      0 1151268    0    0     0   988 27241 255887  5  4 91  0  0
84  0   1768 388580128      0 1152332    0    0     0     4 27283 496441  5  4 91  0  0
 1  0   1768 388579648      0 1153448    0    0     0     0 25114 401118  5  4 91  0  0
82  0   1768 388580448      0 1153932    0    0     0    68 25086 133622  5  4 91  0  0
procs -----------memory---------- ---swap-- -----io---- -system-- ------cpu-----
 r  b   swpd   free   buff  cache   si   so    bi    bo   in   cs us sy id wa st
75  0   1768 388591552      0 1154712    0    0   120   520 25645 487198  6  4 90  0  0
39  0   1768 388576544      0 1156308    0    0     0     8 27459 592777  5  4 91  0  0
42  0   1768 388563264      0 1162236    0    0     0    12 26944 839041  5  4 91  0  0
20  0   1768 388563360      0 1162720    0    0     0   204 26043 429883  5  4 92  0  0
19  0   1768 388581824      0 1163568    0    0     0     8 26593 342912  5  4 91  0  0
44  0   1768 388630912      0 1164376    0    0   124     0 25917 291948  5  4 91  0  0
82  0   1768 388630240      0 1165816    0    0     0     0 27895 489929  5  4 91  0  0
65  0   1768 388630240      0 1166428    0    0     0 24872 25612 903647  4  4 92  0  0
23  0   1768 388625920      0 1166972    0    0     0    20 25540 257482  5  4 91  0  0
69  0   1768 388617984      0 1168032    0    0     0     4 26696 639057  5  4 91  0  0
81  0   1768 388603808      0 1169584    0    0     0     8 27529 632866  5  4 91  0  0
43  0   1768 388596864      0 1170728    0    0     0     0 27400 390827  5  4 91  0  0
36  0   1768 388583936      0 1175008    0    0     0  1196 27905 483034  5  4 91  0  0
46  0   1768 388585568      0 1171736    0    0     4   320 30874 642431  6  4 90  0  0
97  0   1768 388586048      0 1172304    0    0     0     0 27417 716689  5  4 91  0  0
22  0   1768 388625056      0 1172848    0    0     0    12 25687 524299  5  4 91  0  0
81  0   1768 388574912      0 1174372    0    0     0     0 28654 763365  5  4 91  0  0
 3  0   1768 388557504      0 1175424    0    0     4     8 23818 409180  5  4 91  0  0
 1  0   1768 388553984      0 1176008    0    0     0     0 2005 2452  1  0 99  0  0
 0  0   1768 388599328      0 1176792    0    0     0    12 1540 2147  1  0 99  0  0
 2  0   1768 388598464      0 1176844    0    0     0    28 2211 2634  0  0 100  0  0
procs -----------memory---------- ---swap-- -----io---- -system-- ------cpu-----
 r  b   swpd   free   buff  cache   si   so    bi    bo   in   cs us sy id wa st
 0  0   1768 388598240      0 1176928    0    0     0     4 1347 2150  0  0 100  0  0
