
  .   ____          _            __ _ _
 /\\ / ___'_ __ _ _(_)_ __  __ _ \ \ \ \
( ( )\___ | '_ | '_| | '_ \/ _` | \ \ \ \
 \\/  ___)| |_)| | | | | || (_| |  ) ) ) )
  '  |____| .__|_| |_|_| |_\__, | / / / /
 =========|_|==============|___/=/_/_/_/

 :: Spring Boot ::               (v3.5.11)

2026-03-10T07:19:03.882-04:00  INFO 3796142 --- [           main] org.acme.SpringBoot3Application          : Starting SpringBoot3Application v1.0 using Java 25.0.2 with PID 3796142 (/home/jenkins/spring-quarkus-perf-comparison/spring-quarkus-perf-comparison/springboot3/target/springboot3.jar started by jenkins in /home/jenkins/spring-quarkus-perf-comparison/spring-quarkus-perf-comparison/springboot3)
2026-03-10T07:19:03.886-04:00  INFO 3796142 --- [           main] org.acme.SpringBoot3Application          : No active profile set, falling back to 1 default profile: "default"
2026-03-10T07:19:05.174-04:00  INFO 3796142 --- [           main] .s.d.r.c.RepositoryConfigurationDelegate : Bootstrapping Spring Data JPA repositories in DEFAULT mode.
2026-03-10T07:19:05.231-04:00  INFO 3796142 --- [           main] .s.d.r.c.RepositoryConfigurationDelegate : Finished Spring Data repository scanning in 46 ms. Found 1 JPA repository interface.
2026-03-10T07:19:05.786-04:00  INFO 3796142 --- [           main] o.s.b.w.embedded.tomcat.TomcatWebServer  : Tomcat initialized with port 8080 (http)
2026-03-10T07:19:05.802-04:00  INFO 3796142 --- [           main] o.apache.catalina.core.StandardService   : Starting service [Tomcat]
2026-03-10T07:19:05.802-04:00  INFO 3796142 --- [           main] o.apache.catalina.core.StandardEngine    : Starting Servlet engine: [Apache Tomcat/10.1.52]
2026-03-10T07:19:05.832-04:00  INFO 3796142 --- [           main] o.a.c.c.C.[Tomcat].[localhost].[/]       : Initializing Spring embedded WebApplicationContext
2026-03-10T07:19:05.833-04:00  INFO 3796142 --- [           main] w.s.c.ServletWebServerApplicationContext : Root WebApplicationContext: initialization completed in 1885 ms
2026-03-10T07:19:06.342-04:00  INFO 3796142 --- [           main] com.zaxxer.hikari.HikariDataSource       : HikariPool-1 - Starting...
2026-03-10T07:19:06.579-04:00  INFO 3796142 --- [           main] com.zaxxer.hikari.pool.HikariPool        : HikariPool-1 - Added connection org.postgresql.jdbc.PgConnection@4ff66917
2026-03-10T07:19:06.581-04:00  INFO 3796142 --- [           main] com.zaxxer.hikari.HikariDataSource       : HikariPool-1 - Start completed.
2026-03-10T07:19:06.629-04:00  INFO 3796142 --- [           main] o.hibernate.jpa.internal.util.LogHelper  : HHH000204: Processing PersistenceUnitInfo [name: default]
2026-03-10T07:19:06.701-04:00  INFO 3796142 --- [           main] org.hibernate.Version                    : HHH000412: Hibernate ORM core version 6.6.42.Final
2026-03-10T07:19:06.741-04:00  INFO 3796142 --- [           main] o.h.c.internal.RegionFactoryInitiator    : HHH000025: Second-level cache region factory [org.hibernate.cache.jcache.internal.JCacheRegionFactory]
2026-03-10T07:19:07.112-04:00  INFO 3796142 --- [           main] o.s.o.j.p.SpringPersistenceUnitInfo      : No LoadTimeWeaver setup: ignoring JPA class transformer
2026-03-10T07:19:07.221-04:00  INFO 3796142 --- [           main] org.hibernate.orm.connections.pooling    : HHH10001005: Database info:
	Database JDBC URL [Connecting through datasource 'HikariDataSource (HikariPool-1)']
	Database driver: undefined/unknown
	Database version: 17.7
	Autocommit mode: undefined/unknown
	Isolation level: undefined/unknown
	Minimum pool size: undefined/unknown
	Maximum pool size: undefined/unknown
2026-03-10T07:19:08.279-04:00  INFO 3796142 --- [           main] o.h.e.t.j.p.i.JtaPlatformInitiator       : HHH000489: No JTA platform available (set 'hibernate.transaction.jta.platform' to enable JTA platform integration)
2026-03-10T07:19:08.283-04:00  INFO 3796142 --- [           main] j.LocalContainerEntityManagerFactoryBean : Initialized JPA EntityManagerFactory for persistence unit 'default'
2026-03-10T07:19:09.106-04:00  INFO 3796142 --- [           main] o.s.b.a.e.web.EndpointLinksResolver      : Exposing 1 endpoint beneath base path '/actuator'
2026-03-10T07:19:09.184-04:00  INFO 3796142 --- [           main] o.s.b.w.embedded.tomcat.TomcatWebServer  : Tomcat started on port 8080 (http) with context path '/'
2026-03-10T07:19:09.204-04:00  INFO 3796142 --- [           main] org.acme.SpringBoot3Application          : Started SpringBoot3Application in 5.902 seconds (process running for 6.57)
2026-03-10T07:19:09.250-04:00  INFO 3796142 --- [omcat-handler-0] o.a.c.c.C.[Tomcat].[localhost].[/]       : Initializing Spring DispatcherServlet 'dispatcherServlet'
2026-03-10T07:19:09.251-04:00  INFO 3796142 --- [omcat-handler-0] o.s.web.servlet.DispatcherServlet        : Initializing Servlet 'dispatcherServlet'
2026-03-10T07:19:09.252-04:00  INFO 3796142 --- [omcat-handler-0] o.s.web.servlet.DispatcherServlet        : Completed initialization in 1 ms
2026-03-10T07:19:09.964-04:00  INFO 3796142 --- [ionShutdownHook] o.s.b.w.e.tomcat.GracefulShutdown        : Commencing graceful shutdown. Waiting for active requests to complete
2026-03-10T07:19:09.967-04:00  INFO 3796142 --- [tomcat-shutdown] o.s.b.w.e.tomcat.GracefulShutdown        : Graceful shutdown complete
2026-03-10T07:19:09.984-04:00  INFO 3796142 --- [ionShutdownHook] j.LocalContainerEntityManagerFactoryBean : Closing JPA EntityManagerFactory for persistence unit 'default'
2026-03-10T07:19:09.988-04:00  INFO 3796142 --- [ionShutdownHook] com.zaxxer.hikari.HikariDataSource       : HikariPool-1 - Shutdown initiated...
2026-03-10T07:19:09.991-04:00  INFO 3796142 --- [ionShutdownHook] com.zaxxer.hikari.HikariDataSource       : HikariPool-1 - Shutdown completed.
