
  .   ____          _            __ _ _
 /\\ / ___'_ __ _ _(_)_ __  __ _ \ \ \ \
( ( )\___ | '_ | '_| | '_ \/ _` | \ \ \ \
 \\/  ___)| |_)| | | | | || (_| |  ) ) ) )
  '  |____| .__|_| |_|_| |_\__, | / / / /
 =========|_|==============|___/=/_/_/_/

 :: Spring Boot ::                (v4.0.3)

2026-03-10T05:51:53.707-04:00  INFO 3728253 --- [           main] org.acme.SpringBoot4Application          : Starting SpringBoot4Application v1.0 using Java 25.0.2 with PID 3728253 (/home/jenkins/spring-quarkus-perf-comparison/spring-quarkus-perf-comparison/springboot4/target/springboot4.jar started by jenkins in /home/jenkins/spring-quarkus-perf-comparison/spring-quarkus-perf-comparison/springboot4)
2026-03-10T05:51:53.713-04:00  INFO 3728253 --- [           main] org.acme.SpringBoot4Application          : No active profile set, falling back to 1 default profile: "default"
2026-03-10T05:51:54.801-04:00  INFO 3728253 --- [           main] .s.d.r.c.RepositoryConfigurationDelegate : Bootstrapping Spring Data JPA repositories in DEFAULT mode.
2026-03-10T05:51:54.866-04:00  INFO 3728253 --- [           main] .s.d.r.c.RepositoryConfigurationDelegate : Finished Spring Data repository scanning in 53 ms. Found 1 JPA repository interface.
2026-03-10T05:51:55.559-04:00  INFO 3728253 --- [           main] o.s.boot.tomcat.TomcatWebServer          : Tomcat initialized with port 8080 (http)
2026-03-10T05:51:55.577-04:00  INFO 3728253 --- [           main] o.apache.catalina.core.StandardService   : Starting service [Tomcat]
2026-03-10T05:51:55.577-04:00  INFO 3728253 --- [           main] o.apache.catalina.core.StandardEngine    : Starting Servlet engine: [Apache Tomcat/11.0.18]
2026-03-10T05:51:55.612-04:00  INFO 3728253 --- [           main] b.w.c.s.WebApplicationContextInitializer : Root WebApplicationContext: initialization completed in 1825 ms
2026-03-10T05:51:56.252-04:00  INFO 3728253 --- [           main] com.zaxxer.hikari.HikariDataSource       : HikariPool-1 - Starting...
2026-03-10T05:51:56.496-04:00  INFO 3728253 --- [           main] com.zaxxer.hikari.pool.HikariPool        : HikariPool-1 - Added connection org.postgresql.jdbc.PgConnection@3d71e10b
2026-03-10T05:51:56.497-04:00  INFO 3728253 --- [           main] com.zaxxer.hikari.HikariDataSource       : HikariPool-1 - Start completed.
2026-03-10T05:51:56.541-04:00  INFO 3728253 --- [           main] org.hibernate.orm.jpa                    : HHH008540: Processing PersistenceUnitInfo [name: default]
2026-03-10T05:51:56.655-04:00  INFO 3728253 --- [           main] org.hibernate.orm.core                   : HHH000001: Hibernate ORM core version 7.2.4.Final
2026-03-10T05:51:56.696-04:00  INFO 3728253 --- [           main] org.hibernate.orm.cache                  : HHH90001028: Second-level cache region factory [org.hibernate.cache.jcache.internal.JCacheRegionFactory]
2026-03-10T05:51:57.321-04:00  INFO 3728253 --- [           main] o.s.o.j.p.SpringPersistenceUnitInfo      : No LoadTimeWeaver setup: ignoring JPA class transformer
2026-03-10T05:51:57.457-04:00  INFO 3728253 --- [           main] org.hibernate.orm.connections.pooling    : HHH10001005: Database info:
	Database JDBC URL [jdbc:postgresql://localhost:5432/fruits]
	Database driver: PostgreSQL JDBC Driver
	Database dialect: PostgreSQLDialect
	Database version: 17.7
	Default catalog/schema: fruits/public
	Autocommit mode: undefined/unknown
	Isolation level: READ_COMMITTED [default READ_COMMITTED]
	JDBC fetch size: none
	Pool: DataSourceConnectionProvider
	Minimum pool size: undefined/unknown
	Maximum pool size: undefined/unknown
2026-03-10T05:51:58.741-04:00  INFO 3728253 --- [           main] org.hibernate.orm.core                   : HHH000489: No JTA platform available (set 'hibernate.transaction.jta.platform' to enable JTA platform integration)
2026-03-10T05:51:58.749-04:00  INFO 3728253 --- [           main] j.LocalContainerEntityManagerFactoryBean : Initialized JPA EntityManagerFactory for persistence unit 'default'
2026-03-10T05:51:58.828-04:00  INFO 3728253 --- [           main] o.s.d.j.r.query.QueryEnhancerFactories   : Hibernate is in classpath; If applicable, HQL parser will be used.
2026-03-10T05:51:59.483-04:00  INFO 3728253 --- [           main] o.s.b.a.e.web.EndpointLinksResolver      : Exposing 1 endpoint beneath base path '/actuator'
2026-03-10T05:51:59.555-04:00  INFO 3728253 --- [           main] o.s.boot.tomcat.TomcatWebServer          : Tomcat started on port 8080 (http) with context path '/'
2026-03-10T05:51:59.567-04:00  INFO 3728253 --- [           main] org.acme.SpringBoot4Application          : Started SpringBoot4Application in 6.478 seconds (process running for 7.212)
2026-03-10T05:51:59.615-04:00  INFO 3728253 --- [omcat-handler-0] o.a.c.c.C.[Tomcat].[localhost].[/]       : Initializing Spring DispatcherServlet 'dispatcherServlet'
2026-03-10T05:51:59.616-04:00  INFO 3728253 --- [omcat-handler-0] o.s.web.servlet.DispatcherServlet        : Initializing Servlet 'dispatcherServlet'
2026-03-10T05:51:59.617-04:00  INFO 3728253 --- [omcat-handler-0] o.s.web.servlet.DispatcherServlet        : Completed initialization in 1 ms
2026-03-10T05:52:00.391-04:00  INFO 3728253 --- [ionShutdownHook] o.s.boot.tomcat.GracefulShutdown         : Commencing graceful shutdown. Waiting for active requests to complete
2026-03-10T05:52:00.393-04:00  INFO 3728253 --- [tomcat-shutdown] o.s.boot.tomcat.GracefulShutdown         : Graceful shutdown complete
2026-03-10T05:52:00.398-04:00  INFO 3728253 --- [ionShutdownHook] j.LocalContainerEntityManagerFactoryBean : Closing JPA EntityManagerFactory for persistence unit 'default'
2026-03-10T05:52:00.401-04:00  INFO 3728253 --- [ionShutdownHook] com.zaxxer.hikari.HikariDataSource       : HikariPool-1 - Shutdown initiated...
2026-03-10T05:52:00.404-04:00  INFO 3728253 --- [ionShutdownHook] com.zaxxer.hikari.HikariDataSource       : HikariPool-1 - Shutdown completed.
