Linux 5.14.0-570.60.1.el9_6.x86_64 *****) 	03/10/2026 	_x86_64_	(64 CPU)

08:02:18 AM   UID       PID    %usr %system  %guest   %wait    %CPU   CPU  Command
08:02:19 AM  1000   3826625    0.00    0.00    0.00    0.00    0.00     2  springboot3
08:02:20 AM  1000   3826625    0.00    0.00    0.00    0.00    0.00     2  springboot3
08:02:21 AM  1000   3826625    0.00    0.00    0.00    0.00    0.00     2  springboot3
08:02:22 AM  1000   3826625    0.00    0.00    0.00    0.00    0.00     2  springboot3
08:02:23 AM  1000   3826625    0.00    0.00    0.00    0.00    0.00     2  springboot3
08:02:24 AM  1000   3826625    0.00    0.00    0.00    0.00    0.00     2  springboot3
08:02:25 AM  1000   3826625    0.00    0.00    0.00    0.00    0.00     2  springboot3
08:02:26 AM  1000   3826625    0.00    0.00    0.00    0.00    0.00     2  springboot3
08:02:27 AM  1000   3826625  170.00  133.00    0.00    0.00  303.00     1  springboot3
08:02:28 AM  1000   3826625  250.00  115.00    0.00    0.00  365.00     1  springboot3
08:02:29 AM  1000   3826625  236.00  134.00    0.00    0.00  370.00     1  springboot3
08:02:30 AM  1000   3826625  223.00  156.00    0.00    0.00  379.00     3  springboot3
08:02:31 AM  1000   3826625  234.00  135.00    0.00    0.00  369.00     3  springboot3
08:02:32 AM  1000   3826625  236.00  140.00    0.00    0.00  376.00     3  springboot3
08:02:33 AM  1000   3826625  197.00  174.00    0.00    0.00  371.00     3  springboot3
08:02:34 AM  1000   3826625  196.00  183.00    0.00    0.00  379.00     3  springboot3
08:02:35 AM  1000   3826625  222.00  156.00    0.00    0.00  378.00     3  springboot3
08:02:36 AM  1000   3826625  236.00  132.00    0.00    0.00  368.00     3  springboot3
08:02:37 AM  1000   3826625  208.00  161.00    0.00    0.00  369.00     3  springboot3
08:02:38 AM  1000   3826625  230.00  148.00    0.00    0.00  378.00     3  springboot3
08:02:39 AM  1000   3826625  240.00  127.00    0.00    0.00  367.00     3  springboot3
08:02:40 AM  1000   3826625  247.00  127.00    0.00    0.00  374.00     3  springboot3
08:02:41 AM  1000   3826625  220.00  154.00    0.00    0.00  374.00     3  springboot3
08:02:42 AM  1000   3826625  230.00  140.00    0.00    0.00  370.00     3  springboot3
08:02:43 AM  1000   3826625  194.00  187.00    0.00    0.00  381.00     3  springboot3
08:02:44 AM  1000   3826625  229.00  140.00    0.00    0.00  369.00     3  springboot3
08:02:45 AM  1000   3826625  258.00  115.00    0.00    0.00  373.00     3  springboot3
08:02:46 AM  1000   3826625  210.00  161.00    0.00    0.00  371.00     3  springboot3
08:02:47 AM  1000   3826625  240.00  133.00    0.00    0.00  373.00     3  springboot3
08:02:48 AM  1000   3826625  200.00  170.00    0.00    0.00  370.00     3  springboot3
08:02:49 AM  1000   3826625  236.00  140.00    0.00    0.00  376.00     3  springboot3
08:02:50 AM  1000   3826625  229.00  139.00    0.00    0.00  368.00     3  springboot3
08:02:51 AM  1000   3826625  228.00  144.00    0.00    0.00  372.00     3  springboot3
08:02:52 AM  1000   3826625  231.00  136.00    0.00    0.00  367.00     3  springboot3
08:02:53 AM  1000   3826625  229.00  150.00    0.00    0.00  379.00     3  springboot3
08:02:54 AM  1000   3826625  237.00  131.00    0.00    0.00  368.00     3  springboot3
08:02:55 AM  1000   3826625  221.00  159.00    0.00    0.00  380.00     3  springboot3
08:02:56 AM  1000   3826625  193.00  179.00    0.00    0.00  372.00     3  springboot3
08:02:57 AM  1000   3826625  228.00  148.00    0.00    0.00  376.00     3  springboot3
08:02:58 AM  1000   3826625  207.00  163.00    0.00    0.00  370.00     3  springboot3
08:02:59 AM  1000   3826625  225.00  152.00    0.00    0.00  377.00     3  springboot3
08:03:00 AM  1000   3826625  251.00  116.00    0.00    0.00  367.00     3  springboot3
08:03:01 AM  1000   3826625  237.00  136.00    0.00    0.00  373.00     3  springboot3
08:03:02 AM  1000   3826625  221.00  148.00    0.00    0.00  369.00     3  springboot3
08:03:03 AM  1000   3826625  230.00  147.00    0.00    0.00  377.00     3  springboot3
08:03:04 AM  1000   3826625  227.00  142.00    0.00    0.00  369.00     3  springboot3
08:03:05 AM  1000   3826625  269.00  103.00    0.00    0.00  372.00     3  springboot3
08:03:06 AM  1000   3826625  243.00  122.00    0.00    0.00  365.00     3  springboot3
08:03:07 AM  1000   3826625  233.00  145.00    0.00    0.00  378.00     3  springboot3
08:03:08 AM  1000   3826625  257.00  109.00    0.00    0.00  366.00     3  springboot3
08:03:09 AM  1000   3826625  228.00  149.00    0.00    0.00  377.00     3  springboot3
08:03:10 AM  1000   3826625  235.00  133.00    0.00    0.00  368.00     3  springboot3
08:03:11 AM  1000   3826625  222.00  153.00    0.00    0.00  375.00     3  springboot3
08:03:12 AM  1000   3826625  214.00  156.00    0.00    0.00  370.00     3  springboot3
08:03:13 AM  1000   3826625  215.00  166.00    0.00    0.00  381.00     3  springboot3
08:03:14 AM  1000   3826625  236.00  130.00    0.00    0.00  366.00     3  springboot3
08:03:15 AM  1000   3826625  227.00  152.00    0.00    0.00  379.00     3  springboot3
08:03:16 AM  1000   3826625  218.00  161.00    0.00    0.00  379.00     3  springboot3
08:03:17 AM  1000   3826625  201.00  173.00    0.00    0.00  374.00     3  springboot3
08:03:18 AM  1000   3826625  206.00  171.00    0.00    0.00  377.00     3  springboot3
08:03:19 AM  1000   3826625  252.00  111.00    0.00    0.00  363.00     3  springboot3
08:03:20 AM  1000   3826625  257.00  108.00    0.00    0.00  365.00     3  springboot3
08:03:21 AM  1000   3826625  220.00  162.00    0.00    0.00  382.00     3  springboot3
08:03:22 AM  1000   3826625  258.00  115.00    0.00    0.00  373.00     3  springboot3
08:03:23 AM  1000   3826625  201.00  174.00    0.00    0.00  375.00     3  springboot3
08:03:24 AM  1000   3826625  234.00  144.00    0.00    0.00  378.00     3  springboot3
08:03:25 AM  1000   3826625  264.00  100.00    0.00    0.00  364.00     3  springboot3
08:03:26 AM  1000   3826625  210.00  170.00    0.00    0.00  380.00     3  springboot3
08:03:27 AM  1000   3826625  209.00  171.00    0.00    0.00  380.00     3  springboot3
08:03:28 AM  1000   3826625  238.00  132.00    0.00    0.00  370.00     3  springboot3
08:03:29 AM  1000   3826625  240.00  125.00    0.00    0.00  365.00     3  springboot3
08:03:30 AM  1000   3826625  229.00  146.00    0.00    0.00  375.00     3  springboot3
08:03:31 AM  1000   3826625  224.00  146.00    0.00    0.00  370.00     3  springboot3
08:03:32 AM  1000   3826625  232.00  142.00    0.00    0.00  374.00     3  springboot3
08:03:33 AM  1000   3826625  242.00  125.00    0.00    0.00  367.00     3  springboot3
08:03:34 AM  1000   3826625  199.00  180.00    0.00    0.00  379.00     3  springboot3
08:03:35 AM  1000   3826625  238.00  129.00    0.00    0.00  367.00     3  springboot3
08:03:36 AM  1000   3826625  236.00  140.00    0.00    0.00  376.00     3  springboot3
08:03:37 AM  1000   3826625  250.00  117.00    0.00    0.00  367.00     3  springboot3
08:03:38 AM  1000   3826625  234.00  140.00    0.00    0.00  374.00     3  springboot3
08:03:39 AM  1000   3826625  232.00  137.00    0.00    0.00  369.00     3  springboot3
08:03:40 AM  1000   3826625  221.00  158.00    0.00    0.00  379.00     3  springboot3
08:03:41 AM  1000   3826625  233.00  133.00    0.00    0.00  366.00     3  springboot3
08:03:42 AM  1000   3826625  237.00  135.00    0.00    0.00  372.00     3  springboot3
08:03:43 AM  1000   3826625  206.00  167.00    0.00    0.00  373.00     3  springboot3
08:03:44 AM  1000   3826625  201.00  178.00    0.00    0.00  379.00     3  springboot3
08:03:45 AM  1000   3826625  205.00  166.00    0.00    0.00  371.00     3  springboot3
08:03:46 AM  1000   3826625  239.00  134.00    0.00    0.00  373.00     3  springboot3
08:03:47 AM  1000   3826625  228.00  142.00    0.00    0.00  370.00     3  springboot3
08:03:48 AM  1000   3826625  204.00  179.00    0.00    0.00  383.00     3  springboot3
08:03:49 AM  1000   3826625  229.00  138.00    0.00    0.00  367.00     3  springboot3
08:03:50 AM  1000   3826625  233.00  145.00    0.00    0.00  378.00     3  springboot3
08:03:51 AM  1000   3826625  204.00  169.00    0.00    0.00  373.00     3  springboot3
08:03:52 AM  1000   3826625  234.00  138.00    0.00    0.00  372.00     3  springboot3
08:03:53 AM  1000   3826625  224.00  141.00    0.00    0.00  365.00     3  springboot3
08:03:54 AM  1000   3826625  190.00  189.00    0.00    0.00  379.00     3  springboot3
08:03:55 AM  1000   3826625  217.00  151.00    0.00    0.00  368.00     3  springboot3
08:03:56 AM  1000   3826625  251.00  123.00    0.00    0.00  374.00     3  springboot3
08:03:57 AM  1000   3826625  216.00  149.00    0.00    0.00  365.00     3  springboot3
08:03:58 AM  1000   3826625  221.00  158.00    0.00    0.00  379.00     3  springboot3
08:03:59 AM  1000   3826625  224.00  146.00    0.00    0.00  370.00     3  springboot3
08:04:00 AM  1000   3826625  218.00  163.00    0.00    0.00  381.00     3  springboot3
08:04:01 AM  1000   3826625  217.00  155.00    0.00    0.00  372.00     3  springboot3
08:04:02 AM  1000   3826625  268.00  103.00    0.00    0.00  371.00     3  springboot3
08:04:03 AM  1000   3826625  226.00  146.00    0.00    0.00  372.00     3  springboot3
08:04:04 AM  1000   3826625  241.00  133.00    0.00    0.00  374.00     3  springboot3
08:04:05 AM  1000   3826625  216.00  154.00    0.00    0.00  370.00     3  springboot3
08:04:06 AM  1000   3826625  222.00  154.00    0.00    0.00  376.00     3  springboot3
08:04:07 AM  1000   3826625  226.00  141.00    0.00    0.00  367.00     3  springboot3
08:04:08 AM  1000   3826625  223.00  151.00    0.00    0.00  374.00     3  springboot3
08:04:09 AM  1000   3826625  258.00  109.00    0.00    0.00  367.00     3  springboot3
08:04:10 AM  1000   3826625  234.00  138.00    0.00    0.00  372.00     3  springboot3
08:04:11 AM  1000   3826625  240.00  129.00    0.00    0.00  369.00     3  springboot3
08:04:12 AM  1000   3826625  252.00  125.00    0.00    0.00  377.00     3  springboot3
08:04:13 AM  1000   3826625  255.00  114.00    0.00    0.00  369.00     3  springboot3
08:04:14 AM  1000   3826625  245.00  128.00    0.00    0.00  373.00     3  springboot3
08:04:15 AM  1000   3826625  243.00  125.00    0.00    0.00  368.00     3  springboot3
08:04:16 AM  1000   3826625  230.00  142.00    0.00    0.00  372.00     3  springboot3
08:04:17 AM  1000   3826625  243.00  127.00    0.00    0.00  370.00     3  springboot3
08:04:18 AM  1000   3826625  248.00  126.00    0.00    0.00  374.00     3  springboot3
08:04:19 AM  1000   3826625  230.00  139.00    0.00    0.00  369.00     3  springboot3
08:04:20 AM  1000   3826625  243.00  136.00    0.00    0.00  379.00     3  springboot3
08:04:21 AM  1000   3826625  213.00  157.00    0.00    0.00  370.00     3  springboot3
08:04:22 AM  1000   3826625  214.00  161.00    0.00    0.00  375.00     3  springboot3
08:04:23 AM  1000   3826625  265.00  101.00    0.00    0.00  366.00     3  springboot3
08:04:24 AM  1000   3826625  236.00  139.00    0.00    0.00  375.00     3  springboot3
08:04:25 AM  1000   3826625  208.00  161.00    0.00    0.00  369.00     3  springboot3
08:04:26 AM  1000   3826625  238.00  134.00    0.00    0.00  372.00     3  springboot3
08:04:27 AM  1000   3826625  219.00  146.00    0.00    0.00  365.00     3  springboot3
08:04:28 AM  1000   3826625  233.00  146.00    0.00    0.00  379.00     3  springboot3
08:04:29 AM  1000   3826625  202.00  168.00    0.00    0.00  370.00     3  springboot3
08:04:30 AM  1000   3826625  236.00  141.00    0.00    0.00  377.00     3  springboot3
08:04:31 AM  1000   3826625  193.00  180.00    0.00    0.00  373.00     3  springboot3
08:04:32 AM  1000   3826625  247.00  125.00    0.00    0.00  372.00     3  springboot3
08:04:33 AM  1000   3826625   39.00   22.00    0.00    0.00   61.00     3  springboot3
08:04:34 AM  1000   3826625    0.00    0.00    0.00    0.00    0.00     3  springboot3
08:04:35 AM  1000   3826625    0.00    0.00    0.00    0.00    0.00     3  springboot3
08:04:36 AM  1000   3826625    0.00    0.00    0.00    0.00    0.00     3  springboot3
08:04:37 AM  1000   3826625    0.00    0.00    0.00    0.00    0.00     3  springboot3
08:04:38 AM  1000   3826625    0.00    0.00    0.00    0.00    0.00     3  springboot3
08:04:39 AM  1000   3826625    0.00    0.00    0.00    0.00    0.00     3  springboot3
08:04:40 AM  1000   3826625    0.00    0.00    0.00    0.00    0.00     3  springboot3
08:04:41 AM  1000   3826625    0.00    0.00    0.00    0.00    0.00     3  springboot3
08:04:42 AM  1000   3826625    0.00    0.00    0.00    0.00    0.00     3  springboot3
08:04:43 AM  1000   3826625    0.00    0.00    0.00    0.00    0.00     3  springboot3
08:04:44 AM  1000   3826625    0.00    0.00    0.00    0.00    0.00     3  springboot3
08:04:45 AM  1000   3826625    0.00    0.00    0.00    0.00    0.00     3  springboot3
08:04:46 AM  1000   3826625    0.00    0.00    0.00    0.00    0.00     3  springboot3
08:04:47 AM  1000   3826625    1.00    0.00    0.00    0.00    1.00     3  springboot3
08:04:48 AM  1000   3826625    0.00    0.00    0.00    0.00    0.00     3  springboot3
08:04:49 AM  1000   3826625    0.00    0.00    0.00    0.00    0.00     3  springboot3
08:04:50 AM  1000   3826625    0.00    0.00    0.00    0.00    0.00     3  springboot3
08:04:51 AM  1000   3826625    0.00    0.00    0.00    0.00    0.00     3  springboot3
08:04:52 AM  1000   3826625    0.00    0.00    0.00    0.00    0.00     3  springboot3
08:04:53 AM  1000   3826625    0.00    0.00    0.00    0.00    0.00     3  springboot3
08:04:54 AM  1000   3826625    0.00    0.00    0.00    0.00    0.00     3  springboot3
08:04:55 AM  1000   3826625    0.00    0.00    0.00    0.00    0.00     3  springboot3
08:04:56 AM  1000   3826625    0.00    0.00    0.00    0.00    0.00     3  springboot3
08:04:57 AM  1000   3826625    0.00    0.00    0.00    0.00    0.00     3  springboot3
08:04:58 AM  1000   3826625    0.00    0.00    0.00    0.00    0.00     3  springboot3
08:04:59 AM  1000   3826625    0.00    0.00    0.00    0.00    0.00     3  springboot3
08:05:00 AM  1000   3826625    0.00    0.00    0.00    0.00    0.00     3  springboot3
08:05:01 AM  1000   3826625    0.00    0.00    0.00    0.00    0.00     3  springboot3
08:05:02 AM  1000   3826625    0.00    0.00    0.00    0.00    0.00     3  springboot3
08:05:03 AM  1000   3826625    0.00    0.00    0.00    0.00    0.00     3  springboot3
08:05:04 AM  1000   3826625    0.00    0.00    0.00    0.00    0.00     3  springboot3
08:05:05 AM  1000   3826625    0.00    0.00    0.00    0.00    0.00     3  springboot3
08:05:06 AM  1000   3826625    0.00    0.00    0.00    0.00    0.00     3  springboot3
08:05:07 AM  1000   3826625    0.00    0.00    0.00    0.00    0.00     3  springboot3
08:05:08 AM  1000   3826625  188.00  130.00    0.00    0.00  318.00     3  springboot3
08:05:09 AM  1000   3826625  226.00  144.00    0.00    0.00  370.00     3  springboot3
08:05:10 AM  1000   3826625  181.00  191.00    0.00    0.00  372.00     3  springboot3
08:05:11 AM  1000   3826625  229.00  143.00    0.00    0.00  372.00     3  springboot3
08:05:12 AM  1000   3826625  233.00  139.00    0.00    0.00  372.00     3  springboot3
08:05:13 AM  1000   3826625  223.00  151.00    0.00    0.00  374.00     3  springboot3
08:05:14 AM  1000   3826625  221.00  146.00    0.00    0.00  367.00     3  springboot3
08:05:15 AM  1000   3826625  251.00  123.00    0.00    0.00  374.00     3  springboot3
08:05:16 AM  1000   3826625  206.00  166.00    0.00    0.00  372.00     3  springboot3
08:05:17 AM  1000   3826625  223.00  155.00    0.00    0.00  378.00     3  springboot3
08:05:18 AM  1000   3826625  229.00  146.00    0.00    0.00  375.00     3  springboot3
08:05:19 AM  1000   3826625  223.00  145.00    0.00    0.00  368.00     3  springboot3
08:05:20 AM  1000   3826625  210.00  165.00    0.00    0.00  375.00     3  springboot3
08:05:21 AM  1000   3826625  201.00  168.00    0.00    0.00  369.00     3  springboot3
08:05:22 AM  1000   3826625  227.00  139.00    0.00    0.00  366.00     3  springboot3
08:05:23 AM  1000   3826625  198.00  186.00    0.00    0.00  384.00     3  springboot3
08:05:24 AM  1000   3826625  241.00  128.00    0.00    0.00  369.00     3  springboot3
08:05:25 AM  1000   3826625  249.00  125.00    0.00    0.00  374.00     3  springboot3
08:05:26 AM  1000   3826625  229.00  139.00    0.00    0.00  368.00     3  springboot3
08:05:27 AM  1000   3826625  230.00  139.00    0.00    0.00  369.00     3  springboot3
08:05:28 AM  1000   3826625  259.00  115.00    0.00    0.00  374.00     3  springboot3
08:05:29 AM  1000   3826625  247.00  119.00    0.00    0.00  366.00     3  springboot3
08:05:30 AM  1000   3826625  234.00  142.00    0.00    0.00  376.00     3  springboot3
08:05:31 AM  1000   3826625  215.00  157.00    0.00    0.00  372.00     3  springboot3
08:05:32 AM  1000   3826625  219.00  160.00    0.00    0.00  379.00     3  springboot3
08:05:33 AM  1000   3826625  193.00  183.00    0.00    0.00  376.00     3  springboot3
08:05:34 AM  1000   3826625  221.00  148.00    0.00    0.00  369.00     3  springboot3
08:05:35 AM  1000   3826625  231.00  144.00    0.00    0.00  375.00     3  springboot3
08:05:36 AM  1000   3826625  226.00  141.00    0.00    0.00  367.00     3  springboot3
08:05:37 AM  1000   3826625  216.00  164.00    0.00    0.00  380.00     3  springboot3
08:05:38 AM  1000   3826625  201.00  173.00    0.00    0.00  374.00     3  springboot3
08:05:39 AM  1000   3826625  239.00  136.00    0.00    0.00  375.00     3  springboot3
08:05:40 AM  1000   3826625  231.00  138.00    0.00    0.00  369.00     3  springboot3
08:05:41 AM  1000   3826625  244.00  120.00    0.00    0.00  364.00     3  springboot3
08:05:42 AM  1000   3826625  228.00  146.00    0.00    0.00  374.00     3  springboot3
08:05:43 AM  1000   3826625  256.00  114.00    0.00    0.00  370.00     3  springboot3
08:05:44 AM  1000   3826625   76.00   46.00    0.00    0.00  122.00     1  springboot3
08:05:45 AM  1000   3826625    0.00    0.00    0.00    0.00    0.00     1  springboot3
08:05:46 AM  1000   3826625    0.00    0.00    0.00    0.00    0.00     1  springboot3
