Linux 5.14.0-570.60.1.el9_6.x86_64 *****) 	03/10/2026 	_x86_64_	(64 CPU)

04:36:41 AM   UID       PID    %usr %system  %guest   %wait    %CPU   CPU  Command
04:36:42 AM  1000   3667461  223.00    7.00    0.00    0.00  230.00     0  java
04:36:43 AM  1000   3667461   76.00    2.00    0.00    0.00   78.00     0  java
04:36:44 AM  1000   3667461    0.00    0.00    0.00    0.00    0.00     0  java
04:36:45 AM  1000   3667461    0.00    0.00    0.00    0.00    0.00     0  java
04:36:46 AM  1000   3667461    0.00    0.00    0.00    0.00    0.00     0  java
04:36:47 AM  1000   3667461    0.00    0.00    0.00    0.00    0.00     0  java
04:36:48 AM  1000   3667461    0.00    0.00    0.00    0.00    0.00     0  java
04:36:49 AM  1000   3667461   34.00    4.00    0.00    0.00   38.00     0  java
04:36:50 AM  1000   3667461  326.00   15.00    0.00    0.00  341.00     0  java
04:36:51 AM  1000   3667461  375.00   18.00    0.00    0.00  393.00     0  java
04:36:52 AM  1000   3667461  363.00   29.00    0.00    0.00  392.00     0  java
04:36:53 AM  1000   3667461  355.00   34.00    0.00    0.00  389.00     0  java
04:36:54 AM  1000   3667461  355.00   32.00    0.00    0.00  387.00     0  java
04:36:55 AM  1000   3667461  352.00   34.00    0.00    0.00  386.00     0  java
04:36:56 AM  1000   3667461  359.00   30.00    0.00    0.00  389.00     0  java
04:36:57 AM  1000   3667461  344.00   40.00    0.00    0.00  384.00     0  java
04:36:58 AM  1000   3667461  338.00   43.00    0.00    0.00  381.00     0  java
04:36:59 AM  1000   3667461  334.00   46.00    0.00    0.00  380.00     0  java
04:37:00 AM  1000   3667461  317.00   61.00    0.00    0.00  378.00     0  java
04:37:01 AM  1000   3667461  312.00   65.00    0.00    0.00  377.00     0  java
04:37:02 AM  1000   3667461  283.00   83.00    0.00    0.00  366.00     0  java
04:37:03 AM  1000   3667461  247.00  115.00    0.00    0.00  362.00     0  java
04:37:04 AM  1000   3667461  249.00  114.00    0.00    0.00  363.00     0  java
04:37:05 AM  1000   3667461  243.00  114.00    0.00    0.00  357.00     0  java
04:37:06 AM  1000   3667461  248.00  114.00    0.00    0.00  362.00     0  java
04:37:07 AM  1000   3667461  247.00  112.00    0.00    0.00  359.00     0  java
04:37:08 AM  1000   3667461  246.00  116.00    0.00    0.00  362.00     0  java
04:37:09 AM  1000   3667461  244.00  119.00    0.00    0.00  363.00     0  java
04:37:10 AM  1000   3667461  253.00  108.00    0.00    0.00  361.00     0  java
04:37:11 AM  1000   3667461  244.00  116.00    0.00    0.00  360.00     0  java
04:37:12 AM  1000   3667461  247.00  115.00    0.00    0.00  362.00     0  java
04:37:13 AM  1000   3667461  246.00  113.00    0.00    0.00  359.00     0  java
04:37:14 AM  1000   3667461  245.00  117.00    0.00    0.00  362.00     0  java
04:37:15 AM  1000   3667461  251.00  111.00    0.00    0.00  362.00     0  java
04:37:16 AM  1000   3667461  248.00  114.00    0.00    0.00  362.00     0  java
04:37:17 AM  1000   3667461  244.00  117.00    0.00    0.00  361.00     0  java
04:37:18 AM  1000   3667461  249.00  114.00    0.00    0.00  363.00     0  java
04:37:19 AM  1000   3667461  245.54  112.87    0.00    0.00  358.42     0  java
04:37:20 AM  1000   3667461  245.00  117.00    0.00    0.00  362.00     0  java
04:37:21 AM  1000   3667461  244.00  117.00    0.00    0.00  361.00     0  java
04:37:22 AM  1000   3667461  250.00  111.00    0.00    0.00  361.00     0  java
04:37:23 AM  1000   3667461  246.00  116.00    0.00    0.00  362.00     0  java
04:37:24 AM  1000   3667461  246.00  116.00    0.00    0.00  362.00     0  java
04:37:25 AM  1000   3667461  251.00  111.00    0.00    0.00  362.00     0  java
04:37:26 AM  1000   3667461  248.00  113.00    0.00    0.00  361.00     0  java
04:37:27 AM  1000   3667461  243.00  118.00    0.00    0.00  361.00     0  java
04:37:28 AM  1000   3667461  242.00  121.00    0.00    0.00  363.00     0  java
04:37:29 AM  1000   3667461  243.00  115.00    0.00    0.00  358.00     0  java
04:37:30 AM  1000   3667461  248.00  114.00    0.00    0.00  362.00     0  java
04:37:31 AM  1000   3667461  249.00  113.00    0.00    0.00  362.00     0  java
04:37:32 AM  1000   3667461  248.00  112.00    0.00    0.00  360.00     0  java
04:37:33 AM  1000   3667461  242.00  117.00    0.00    0.00  359.00     0  java
04:37:34 AM  1000   3667461  246.00  113.00    0.00    0.00  359.00     0  java
04:37:35 AM  1000   3667461  248.00  114.00    0.00    0.00  362.00     0  java
04:37:36 AM  1000   3667461  244.00  117.00    0.00    0.00  361.00     0  java
04:37:37 AM  1000   3667461  246.00  117.00    0.00    0.00  363.00     0  java
04:37:38 AM  1000   3667461  248.00  114.00    0.00    0.00  362.00     0  java
04:37:39 AM  1000   3667461  241.00  118.00    0.00    0.00  359.00     0  java
04:37:40 AM  1000   3667461  244.00  115.00    0.00    0.00  359.00     0  java
04:37:41 AM  1000   3667461  243.00  119.00    0.00    0.00  362.00     0  java
04:37:42 AM  1000   3667461  245.00  116.00    0.00    0.00  361.00     0  java
04:37:43 AM  1000   3667461  266.00  100.00    0.00    0.00  366.00     0  java
04:37:44 AM  1000   3667461  247.00  116.00    0.00    0.00  363.00     0  java
04:37:45 AM  1000   3667461  247.00  114.00    0.00    0.00  361.00     0  java
04:37:46 AM  1000   3667461  245.00  117.00    0.00    0.00  362.00     0  java
04:37:47 AM  1000   3667461  242.00  119.00    0.00    0.00  361.00     0  java
04:37:48 AM  1000   3667461  244.00  118.00    0.00    0.00  362.00     0  java
04:37:49 AM  1000   3667461  240.00  121.00    0.00    0.00  361.00     0  java
04:37:50 AM  1000   3667461  245.00  114.00    0.00    0.00  359.00     0  java
04:37:51 AM  1000   3667461  244.00  118.00    0.00    0.00  362.00     0  java
04:37:52 AM  1000   3667461  246.00  116.00    0.00    0.00  362.00     0  java
04:37:53 AM  1000   3667461  252.00  109.00    0.00    0.00  361.00     0  java
04:37:54 AM  1000   3667461  249.00  113.00    0.00    0.00  362.00     0  java
04:37:55 AM  1000   3667461  250.00  112.00    0.00    0.00  362.00     0  java
04:37:56 AM  1000   3667461  246.00  115.00    0.00    0.00  361.00     0  java
04:37:57 AM  1000   3667461  239.00  120.00    0.00    0.00  359.00     0  java
04:37:58 AM  1000   3667461  244.00  117.00    0.00    0.00  361.00     0  java
04:37:59 AM  1000   3667461  246.00  115.00    0.00    0.00  361.00     0  java
04:38:00 AM  1000   3667461  251.00  109.00    0.00    0.00  360.00     0  java
04:38:01 AM  1000   3667461  238.00  122.00    0.00    0.00  360.00     0  java
04:38:02 AM  1000   3667461  246.00  115.00    0.00    0.00  361.00     0  java
04:38:03 AM  1000   3667461  242.00  119.00    0.00    0.00  361.00     0  java
04:38:04 AM  1000   3667461  249.00  113.00    0.00    0.00  362.00     0  java
04:38:05 AM  1000   3667461  251.00  111.00    0.00    0.00  362.00     0  java
04:38:06 AM  1000   3667461  244.00  117.00    0.00    0.00  361.00     0  java
04:38:07 AM  1000   3667461  245.00  117.00    0.00    0.00  362.00     0  java
04:38:08 AM  1000   3667461  248.00  113.00    0.00    0.00  361.00     0  java
04:38:09 AM  1000   3667461  245.00  114.00    0.00    0.00  359.00     0  java
04:38:10 AM  1000   3667461  245.00  114.00    0.00    0.00  359.00     0  java
04:38:11 AM  1000   3667461  244.00  117.00    0.00    0.00  361.00     0  java
04:38:12 AM  1000   3667461  244.00  117.00    0.00    0.00  361.00     0  java
04:38:13 AM  1000   3667461  250.00  113.00    0.00    0.00  363.00     0  java
04:38:14 AM  1000   3667461  248.00  113.00    0.00    0.00  361.00     0  java
04:38:15 AM  1000   3667461  237.00  123.00    0.00    0.00  360.00     0  java
04:38:16 AM  1000   3667461  247.00  115.00    0.00    0.00  362.00     0  java
04:38:17 AM  1000   3667461  243.00  120.00    0.00    0.00  363.00     0  java
04:38:18 AM  1000   3667461  245.00  117.00    0.00    0.00  362.00     0  java
04:38:19 AM  1000   3667461  244.00  119.00    0.00    0.00  363.00     0  java
04:38:20 AM  1000   3667461  248.00  114.00    0.00    0.00  362.00     0  java
04:38:21 AM  1000   3667461  245.00  116.00    0.00    0.00  361.00     0  java
04:38:22 AM  1000   3667461  243.00  113.00    0.00    0.00  356.00     0  java
04:38:23 AM  1000   3667461  248.00  114.00    0.00    0.00  362.00     0  java
04:38:24 AM  1000   3667461  247.00  115.00    0.00    0.00  362.00     0  java
04:38:25 AM  1000   3667461  245.00  115.00    0.00    0.00  360.00     0  java
04:38:26 AM  1000   3667461  244.00  115.00    0.00    0.00  359.00     0  java
04:38:27 AM  1000   3667461  244.00  118.00    0.00    0.00  362.00     0  java
04:38:28 AM  1000   3667461  240.00  121.00    0.00    0.00  361.00     0  java
04:38:29 AM  1000   3667461  243.00  117.00    0.00    0.00  360.00     0  java
04:38:30 AM  1000   3667461  244.00  117.00    0.00    0.00  361.00     0  java
04:38:31 AM  1000   3667461  243.00  119.00    0.00    0.00  362.00     0  java
04:38:32 AM  1000   3667461  240.00  120.00    0.00    0.00  360.00     0  java
04:38:33 AM  1000   3667461  246.00  115.00    0.00    0.00  361.00     0  java
04:38:34 AM  1000   3667461  243.00  120.00    0.00    0.00  363.00     0  java
04:38:35 AM  1000   3667461  246.00  115.00    0.00    0.00  361.00     0  java
04:38:36 AM  1000   3667461  243.00  120.00    0.00    0.00  363.00     0  java
04:38:37 AM  1000   3667461  244.00  119.00    0.00    0.00  363.00     0  java
04:38:38 AM  1000   3667461  244.00  116.00    0.00    0.00  360.00     0  java
04:38:39 AM  1000   3667461  248.00  114.00    0.00    0.00  362.00     0  java
04:38:40 AM  1000   3667461  244.00  117.00    0.00    0.00  361.00     0  java
04:38:41 AM  1000   3667461  243.00  118.00    0.00    0.00  361.00     0  java
04:38:42 AM  1000   3667461  264.00  101.00    0.00    0.00  365.00     0  java
04:38:43 AM  1000   3667461  241.00  119.00    0.00    0.00  360.00     0  java
04:38:44 AM  1000   3667461  245.00  115.00    0.00    0.00  360.00     0  java
04:38:45 AM  1000   3667461  245.00  117.00    0.00    0.00  362.00     0  java
04:38:46 AM  1000   3667461  249.00  114.00    0.00    0.00  363.00     0  java
04:38:47 AM  1000   3667461  249.00  113.00    0.00    0.00  362.00     0  java
04:38:48 AM  1000   3667461  245.00  118.00    0.00    0.00  363.00     0  java
04:38:49 AM  1000   3667461  247.00  114.00    0.00    0.00  361.00     0  java
04:38:50 AM  1000   3667461  241.00  120.00    0.00    0.00  361.00     0  java
04:38:51 AM  1000   3667461  243.00  119.00    0.00    0.00  362.00     0  java
04:38:52 AM  1000   3667461  243.00  118.00    0.00    0.00  361.00     0  java
04:38:53 AM  1000   3667461  243.00  119.00    0.00    0.00  362.00     0  java
04:38:54 AM  1000   3667461  245.00  117.00    0.00    0.00  362.00     0  java
04:38:55 AM  1000   3667461  230.00  102.00    0.00    0.00  332.00     0  java
04:38:56 AM  1000   3667461    0.00    0.00    0.00    0.00    0.00     0  java
04:38:57 AM  1000   3667461    0.00    0.00    0.00    0.00    0.00     0  java
04:38:58 AM  1000   3667461    0.00    0.00    0.00    0.00    0.00     0  java
04:38:59 AM  1000   3667461    0.00    0.00    0.00    0.00    0.00     0  java
04:39:00 AM  1000   3667461    0.00    0.00    0.00    0.00    0.00     0  java
04:39:01 AM  1000   3667461    1.00    0.00    0.00    0.00    1.00     0  java
04:39:02 AM  1000   3667461    0.00    0.00    0.00    0.00    0.00     0  java
04:39:03 AM  1000   3667461    0.00    0.00    0.00    0.00    0.00     0  java
04:39:04 AM  1000   3667461    0.00    0.00    0.00    0.00    0.00     0  java
04:39:05 AM  1000   3667461    0.00    0.00    0.00    0.00    0.00     0  java
04:39:06 AM  1000   3667461    0.00    0.00    0.00    0.00    0.00     0  java
04:39:07 AM  1000   3667461    0.00    0.00    0.00    0.00    0.00     0  java
04:39:08 AM  1000   3667461    0.00    0.00    0.00    0.00    0.00     0  java
04:39:09 AM  1000   3667461    0.00    0.00    0.00    0.00    0.00     0  java
04:39:10 AM  1000   3667461    0.00    0.00    0.00    0.00    0.00     0  java
04:39:11 AM  1000   3667461    0.00    0.00    0.00    0.00    0.00     0  java
04:39:12 AM  1000   3667461    0.00    0.00    0.00    0.00    0.00     0  java
04:39:13 AM  1000   3667461    0.00    0.00    0.00    0.00    0.00     0  java
04:39:14 AM  1000   3667461    0.00    0.00    0.00    0.00    0.00     0  java
04:39:15 AM  1000   3667461    0.00    0.00    0.00    0.00    0.00     0  java
04:39:16 AM  1000   3667461    0.00    0.00    0.00    0.00    0.00     0  java
04:39:17 AM  1000   3667461    0.00    0.00    0.00    0.00    0.00     0  java
04:39:18 AM  1000   3667461    0.00    0.00    0.00    0.00    0.00     0  java
04:39:19 AM  1000   3667461    0.00    0.00    0.00    0.00    0.00     0  java
04:39:20 AM  1000   3667461    0.00    0.00    0.00    0.00    0.00     0  java
04:39:21 AM  1000   3667461    0.00    0.00    0.00    0.00    0.00     0  java
04:39:22 AM  1000   3667461    0.00    0.00    0.00    0.00    0.00     0  java
04:39:23 AM  1000   3667461    0.00    0.00    0.00    0.00    0.00     0  java
04:39:24 AM  1000   3667461    0.00    0.00    0.00    0.00    0.00     0  java
04:39:25 AM  1000   3667461    0.00    0.00    0.00    0.00    0.00     0  java
04:39:26 AM  1000   3667461    0.00    0.00    0.00    0.00    0.00     0  java
04:39:27 AM  1000   3667461    0.00    0.00    0.00    0.00    0.00     0  java
04:39:28 AM  1000   3667461    0.00    0.00    0.00    0.00    0.00     0  java
04:39:29 AM  1000   3667461    0.00    0.00    0.00    0.00    0.00     0  java
04:39:30 AM  1000   3667461   62.00    9.00    0.00    0.00   71.00     0  java
04:39:31 AM  1000   3667461  268.00   99.00    0.00    0.00  367.00     0  java
04:39:32 AM  1000   3667461  245.00  114.00    0.00    0.00  359.00     0  java
04:39:33 AM  1000   3667461  245.00  116.00    0.00    0.00  361.00     0  java
04:39:34 AM  1000   3667461  250.00  111.00    0.00    0.00  361.00     0  java
04:39:35 AM  1000   3667461  241.00  120.00    0.00    0.00  361.00     0  java
04:39:36 AM  1000   3667461  245.00  114.00    0.00    0.00  359.00     0  java
04:39:37 AM  1000   3667461  244.00  114.00    0.00    0.00  358.00     0  java
04:39:38 AM  1000   3667461  245.00  117.00    0.00    0.00  362.00     0  java
04:39:39 AM  1000   3667461  249.00  113.00    0.00    0.00  362.00     0  java
04:39:40 AM  1000   3667461  248.00  114.00    0.00    0.00  362.00     0  java
04:39:41 AM  1000   3667461  244.00  116.00    0.00    0.00  360.00     0  java
04:39:42 AM  1000   3667461  244.00  117.00    0.00    0.00  361.00     0  java
04:39:43 AM  1000   3667461  244.00  117.00    0.00    0.00  361.00     0  java
04:39:44 AM  1000   3667461  242.00  120.00    0.00    0.00  362.00     0  java
04:39:45 AM  1000   3667461  243.00  119.00    0.00    0.00  362.00     0  java
04:39:46 AM  1000   3667461  241.00  120.00    0.00    0.00  361.00     0  java
04:39:47 AM  1000   3667461  244.00  118.00    0.00    0.00  362.00     0  java
04:39:48 AM  1000   3667461  240.00  118.00    0.00    0.00  358.00     0  java
04:39:49 AM  1000   3667461  248.00  115.00    0.00    0.00  363.00     0  java
04:39:50 AM  1000   3667461  248.00  114.00    0.00    0.00  362.00     0  java
04:39:51 AM  1000   3667461  249.00  113.00    0.00    0.00  362.00     0  java
04:39:52 AM  1000   3667461  239.00  123.00    0.00    0.00  362.00     0  java
04:39:53 AM  1000   3667461  242.00  119.00    0.00    0.00  361.00     0  java
04:39:54 AM  1000   3667461  240.00  122.00    0.00    0.00  362.00     0  java
04:39:55 AM  1000   3667461  242.00  120.00    0.00    0.00  362.00     0  java
04:39:56 AM  1000   3667461  248.00  114.00    0.00    0.00  362.00     0  java
04:39:57 AM  1000   3667461  241.00  120.00    0.00    0.00  361.00     0  java
04:39:58 AM  1000   3667461  241.00  120.00    0.00    0.00  361.00     0  java
04:39:59 AM  1000   3667461  244.00  118.00    0.00    0.00  362.00     0  java
04:40:00 AM  1000   3667461  249.00  113.00    0.00    0.00  362.00     0  java
04:40:01 AM  1000   3667461  251.00  111.00    0.00    0.00  362.00     0  java
04:40:02 AM  1000   3667461  244.00  119.00    0.00    0.00  363.00     0  java
04:40:03 AM  1000   3667461  239.00  122.00    0.00    0.00  361.00     0  java
04:40:04 AM  1000   3667461  244.00  118.00    0.00    0.00  362.00     0  java
04:40:05 AM  1000   3667461  244.00  117.00    0.00    0.00  361.00     0  java
04:40:06 AM  1000   3667461  202.00  101.00    0.00    0.00  303.00     0  java
04:40:07 AM  1000   3667461    0.00    0.00    0.00    0.00    0.00     0  java
04:40:08 AM  1000   3667461    0.00    0.00    0.00    0.00    0.00     0  java
04:40:09 AM  1000   3667461    0.00    0.00    0.00    0.00    0.00     0  java
04:40:10 AM  1000   3667461    0.00    0.00    0.00    0.00    0.00     0  java
