Linux 5.14.0-570.60.1.el9_6.x86_64 *****) 	03/10/2026 	_x86_64_	(64 CPU)

07:53:58 AM   UID       PID    %usr %system  %guest   %wait    %CPU   CPU  Command
07:53:59 AM  1000   3821375    0.00    0.00    0.00    0.00    0.00     0  springboot3
07:54:00 AM  1000   3821375    0.00    0.00    0.00    0.00    0.00     0  springboot3
07:54:01 AM  1000   3821375    0.00    0.00    0.00    0.00    0.00     0  springboot3
07:54:02 AM  1000   3821375    0.00    0.00    0.00    0.00    0.00     0  springboot3
07:54:03 AM  1000   3821375    0.00    0.00    0.00    0.00    0.00     0  springboot3
07:54:04 AM  1000   3821375    0.00    0.00    0.00    0.00    0.00     0  springboot3
07:54:05 AM  1000   3821375    0.00    0.00    0.00    0.00    0.00     0  springboot3
07:54:06 AM  1000   3821375    0.00    0.00    0.00    0.00    0.00     0  springboot3
07:54:07 AM  1000   3821375  203.00  117.00    0.00    0.00  320.00     0  springboot3
07:54:08 AM  1000   3821375  226.00  154.00    0.00    0.00  380.00     0  springboot3
07:54:09 AM  1000   3821375  247.00  119.00    0.00    0.00  366.00     1  springboot3
07:54:10 AM  1000   3821375  208.00  172.00    0.00    0.00  380.00     1  springboot3
07:54:11 AM  1000   3821375  234.00  137.00    0.00    0.00  371.00     1  springboot3
07:54:12 AM  1000   3821375  233.00  144.00    0.00    0.00  377.00     1  springboot3
07:54:13 AM  1000   3821375  205.00  158.00    0.00    0.00  363.00     1  springboot3
07:54:14 AM  1000   3821375  241.00  133.00    0.00    0.00  374.00     1  springboot3
07:54:15 AM  1000   3821375  224.00  148.00    0.00    0.00  372.00     1  springboot3
07:54:16 AM  1000   3821375  234.00  143.00    0.00    0.00  377.00     1  springboot3
07:54:17 AM  1000   3821375  231.00  147.00    0.00    0.00  378.00     1  springboot3
07:54:18 AM  1000   3821375  235.00  131.00    0.00    0.00  366.00     1  springboot3
07:54:19 AM  1000   3821375  238.00  136.00    0.00    0.00  374.00     1  springboot3
07:54:20 AM  1000   3821375  210.00  162.00    0.00    0.00  372.00     1  springboot3
07:54:21 AM  1000   3821375  260.00  112.00    0.00    0.00  372.00     1  springboot3
07:54:22 AM  1000   3821375  241.00  124.00    0.00    0.00  365.00     1  springboot3
07:54:23 AM  1000   3821375  228.00  151.00    0.00    0.00  379.00     1  springboot3
07:54:24 AM  1000   3821375  226.00  144.00    0.00    0.00  370.00     1  springboot3
07:54:25 AM  1000   3821375  240.00  138.00    0.00    0.00  378.00     1  springboot3
07:54:26 AM  1000   3821375  236.00  143.00    0.00    0.00  379.00     1  springboot3
07:54:27 AM  1000   3821375  216.00  154.00    0.00    0.00  370.00     1  springboot3
07:54:28 AM  1000   3821375  252.00  123.00    0.00    0.00  375.00     0  springboot3
07:54:29 AM  1000   3821375  209.00  164.00    0.00    0.00  373.00     0  springboot3
07:54:30 AM  1000   3821375  233.00  145.00    0.00    0.00  378.00     0  springboot3
07:54:31 AM  1000   3821375  232.00  135.00    0.00    0.00  367.00     0  springboot3
07:54:32 AM  1000   3821375  217.00  161.00    0.00    0.00  378.00     0  springboot3
07:54:33 AM  1000   3821375  213.00  149.00    0.00    0.00  362.00     0  springboot3
07:54:34 AM  1000   3821375  231.00  143.00    0.00    0.00  374.00     0  springboot3
07:54:35 AM  1000   3821375  218.00  150.00    0.00    0.00  368.00     0  springboot3
07:54:36 AM  1000   3821375  234.00  139.00    0.00    0.00  373.00     0  springboot3
07:54:37 AM  1000   3821375  230.00  137.00    0.00    0.00  367.00     0  springboot3
07:54:38 AM  1000   3821375  209.00  167.00    0.00    0.00  376.00     0  springboot3
07:54:39 AM  1000   3821375  239.00  131.00    0.00    0.00  370.00     0  springboot3
07:54:40 AM  1000   3821375  228.00  147.00    0.00    0.00  375.00     0  springboot3
07:54:41 AM  1000   3821375  244.00  124.00    0.00    0.00  368.00     0  springboot3
07:54:42 AM  1000   3821375  200.00  179.00    0.00    0.00  379.00     0  springboot3
07:54:43 AM  1000   3821375  230.00  135.00    0.00    0.00  365.00     0  springboot3
07:54:44 AM  1000   3821375  217.00  155.00    0.00    0.00  372.00     0  springboot3
07:54:45 AM  1000   3821375  228.00  147.00    0.00    0.00  375.00     0  springboot3
07:54:46 AM  1000   3821375  231.00  137.00    0.00    0.00  368.00     0  springboot3
07:54:47 AM  1000   3821375  238.00  139.00    0.00    0.00  377.00     0  springboot3
07:54:48 AM  1000   3821375  200.00  175.00    0.00    0.00  375.00     0  springboot3
07:54:49 AM  1000   3821375  209.00  168.00    0.00    0.00  377.00     0  springboot3
07:54:50 AM  1000   3821375  253.00  113.00    0.00    0.00  366.00     0  springboot3
07:54:51 AM  1000   3821375  265.00  106.00    0.00    0.00  371.00     0  springboot3
07:54:52 AM  1000   3821375  234.00  135.00    0.00    0.00  369.00     0  springboot3
07:54:53 AM  1000   3821375  251.00  125.00    0.00    0.00  376.00     0  springboot3
07:54:54 AM  1000   3821375  226.00  145.00    0.00    0.00  371.00     0  springboot3
07:54:55 AM  1000   3821375  247.00  127.00    0.00    0.00  374.00     0  springboot3
07:54:56 AM  1000   3821375  217.00  152.00    0.00    0.00  369.00     0  springboot3
07:54:57 AM  1000   3821375  239.00  136.00    0.00    0.00  375.00     0  springboot3
07:54:58 AM  1000   3821375  200.00  173.00    0.00    0.00  373.00     0  springboot3
07:54:59 AM  1000   3821375  229.00  143.00    0.00    0.00  372.00     0  springboot3
07:55:00 AM  1000   3821375  248.00  118.00    0.00    0.00  366.00     0  springboot3
07:55:01 AM  1000   3821375  222.00  157.00    0.00    0.00  379.00     0  springboot3
07:55:02 AM  1000   3821375  228.00  140.00    0.00    0.00  368.00     0  springboot3
07:55:03 AM  1000   3821375  199.00  172.00    0.00    0.00  371.00     0  springboot3
07:55:04 AM  1000   3821375  224.00  144.00    0.00    0.00  368.00     0  springboot3
07:55:05 AM  1000   3821375  208.00  172.00    0.00    0.00  380.00     0  springboot3
07:55:06 AM  1000   3821375  236.00  131.00    0.00    0.00  367.00     0  springboot3
07:55:07 AM  1000   3821375  246.00  119.00    0.00    0.00  365.00     0  springboot3
07:55:08 AM  1000   3821375  222.00  156.00    0.00    0.00  378.00     0  springboot3
07:55:09 AM  1000   3821375  239.00  138.00    0.00    0.00  377.00     0  springboot3
07:55:10 AM  1000   3821375  218.00  151.00    0.00    0.00  369.00     0  springboot3
07:55:11 AM  1000   3821375  216.00  162.00    0.00    0.00  378.00     0  springboot3
07:55:12 AM  1000   3821375  215.00  152.00    0.00    0.00  367.00     0  springboot3
07:55:13 AM  1000   3821375  242.00  126.00    0.00    0.00  368.00     0  springboot3
07:55:14 AM  1000   3821375  225.00  152.00    0.00    0.00  377.00     0  springboot3
07:55:15 AM  1000   3821375  240.00  136.00    0.00    0.00  376.00     0  springboot3
07:55:16 AM  1000   3821375  210.00  163.00    0.00    0.00  373.00     0  springboot3
07:55:17 AM  1000   3821375  205.00  174.00    0.00    0.00  379.00     0  springboot3
07:55:18 AM  1000   3821375  247.00  119.00    0.00    0.00  366.00     0  springboot3
07:55:19 AM  1000   3821375  246.00  128.00    0.00    0.00  374.00     0  springboot3
07:55:20 AM  1000   3821375  213.00  157.00    0.00    0.00  370.00     0  springboot3
07:55:21 AM  1000   3821375  218.00  162.00    0.00    0.00  380.00     0  springboot3
07:55:22 AM  1000   3821375  238.00  129.00    0.00    0.00  367.00     0  springboot3
07:55:23 AM  1000   3821375  233.00  139.00    0.00    0.00  372.00     0  springboot3
07:55:24 AM  1000   3821375  214.00  159.00    0.00    0.00  373.00     0  springboot3
07:55:25 AM  1000   3821375  227.00  149.00    0.00    0.00  376.00     0  springboot3
07:55:26 AM  1000   3821375  245.00  118.00    0.00    0.00  363.00     0  springboot3
07:55:27 AM  1000   3821375  201.00  171.00    0.00    0.00  372.00     0  springboot3
07:55:28 AM  1000   3821375  251.00  126.00    0.00    0.00  377.00     0  springboot3
07:55:29 AM  1000   3821375  233.00  135.00    0.00    0.00  368.00     0  springboot3
07:55:30 AM  1000   3821375  252.00  118.00    0.00    0.00  370.00     0  springboot3
07:55:31 AM  1000   3821375  239.00  129.00    0.00    0.00  368.00     0  springboot3
07:55:32 AM  1000   3821375  254.00  112.00    0.00    0.00  366.00     0  springboot3
07:55:33 AM  1000   3821375  236.00  135.00    0.00    0.00  371.00     0  springboot3
07:55:34 AM  1000   3821375  244.00  124.00    0.00    0.00  368.00     0  springboot3
07:55:35 AM  1000   3821375  254.00  115.00    0.00    0.00  369.00     0  springboot3
07:55:36 AM  1000   3821375  247.00  122.00    0.00    0.00  369.00     0  springboot3
07:55:37 AM  1000   3821375  230.00  148.00    0.00    0.00  378.00     0  springboot3
07:55:38 AM  1000   3821375  253.00  112.00    0.00    0.00  365.00     0  springboot3
07:55:39 AM  1000   3821375  215.00  163.00    0.00    0.00  378.00     0  springboot3
07:55:40 AM  1000   3821375  247.00  120.00    0.00    0.00  367.00     0  springboot3
07:55:41 AM  1000   3821375  210.00  167.00    0.00    0.00  377.00     0  springboot3
07:55:42 AM  1000   3821375  214.00  164.00    0.00    0.00  378.00     0  springboot3
07:55:43 AM  1000   3821375  203.00  164.00    0.00    0.00  367.00     0  springboot3
07:55:44 AM  1000   3821375  222.00  146.00    0.00    0.00  368.00     0  springboot3
07:55:45 AM  1000   3821375  232.00  146.00    0.00    0.00  378.00     0  springboot3
07:55:46 AM  1000   3821375  237.00  128.00    0.00    0.00  365.00     0  springboot3
07:55:47 AM  1000   3821375  214.00  164.00    0.00    0.00  378.00     0  springboot3
07:55:48 AM  1000   3821375  246.00  124.00    0.00    0.00  370.00     0  springboot3
07:55:49 AM  1000   3821375  242.00  133.00    0.00    0.00  375.00     0  springboot3
07:55:50 AM  1000   3821375  200.00  181.00    0.00    0.00  381.00     0  springboot3
07:55:51 AM  1000   3821375  224.00  145.00    0.00    0.00  369.00     0  springboot3
07:55:52 AM  1000   3821375  272.00   91.00    0.00    0.00  363.00     0  springboot3
07:55:53 AM  1000   3821375  231.00  147.00    0.00    0.00  378.00     0  springboot3
07:55:54 AM  1000   3821375  232.00  138.00    0.00    0.00  370.00     0  springboot3
07:55:55 AM  1000   3821375  257.00  117.00    0.00    0.00  374.00     0  springboot3
07:55:56 AM  1000   3821375  251.00  113.00    0.00    0.00  364.00     0  springboot3
07:55:57 AM  1000   3821375  257.00  119.00    0.00    0.00  376.00     0  springboot3
07:55:58 AM  1000   3821375  248.00  118.00    0.00    0.00  366.00     0  springboot3
07:55:59 AM  1000   3821375  218.00  160.00    0.00    0.00  378.00     0  springboot3
07:56:00 AM  1000   3821375  214.00  155.00    0.00    0.00  369.00     0  springboot3
07:56:01 AM  1000   3821375  228.00  147.00    0.00    0.00  375.00     0  springboot3
07:56:02 AM  1000   3821375  243.00  122.00    0.00    0.00  365.00     0  springboot3
07:56:03 AM  1000   3821375  238.00  141.00    0.00    0.00  379.00     0  springboot3
07:56:04 AM  1000   3821375  246.00  123.00    0.00    0.00  369.00     0  springboot3
07:56:05 AM  1000   3821375  229.00  148.00    0.00    0.00  377.00     0  springboot3
07:56:06 AM  1000   3821375  216.00  158.00    0.00    0.00  374.00     0  springboot3
07:56:07 AM  1000   3821375  259.00  111.00    0.00    0.00  370.00     0  springboot3
07:56:08 AM  1000   3821375  202.00  172.00    0.00    0.00  374.00     0  springboot3
07:56:09 AM  1000   3821375  239.00  138.00    0.00    0.00  377.00     0  springboot3
07:56:10 AM  1000   3821375  206.00  165.00    0.00    0.00  371.00     0  springboot3
07:56:11 AM  1000   3821375  235.00  134.00    0.00    0.00  369.00     0  springboot3
07:56:12 AM  1000   3821375  206.00  164.00    0.00    0.00  370.00     0  springboot3
07:56:13 AM  1000   3821375   33.00   22.00    0.00    0.00   55.00     0  springboot3
07:56:14 AM  1000   3821375    0.00    0.00    0.00    0.00    0.00     0  springboot3
07:56:15 AM  1000   3821375    0.00    0.00    0.00    0.00    0.00     0  springboot3
07:56:16 AM  1000   3821375    0.00    0.00    0.00    0.00    0.00     0  springboot3
07:56:17 AM  1000   3821375    0.00    0.00    0.00    0.00    0.00     0  springboot3
07:56:18 AM  1000   3821375    0.00    0.00    0.00    0.00    0.00     2  springboot3
07:56:19 AM  1000   3821375    0.00    0.00    0.00    0.00    0.00     2  springboot3
07:56:20 AM  1000   3821375    0.00    0.00    0.00    0.00    0.00     2  springboot3
07:56:21 AM  1000   3821375    0.00    0.00    0.00    0.00    0.00     2  springboot3
07:56:22 AM  1000   3821375    0.00    0.00    0.00    0.00    0.00     2  springboot3
07:56:23 AM  1000   3821375    0.00    0.00    0.00    0.00    0.00     2  springboot3
07:56:24 AM  1000   3821375    0.00    0.00    0.00    0.00    0.00     2  springboot3
07:56:25 AM  1000   3821375    0.00    0.00    0.00    0.00    0.00     2  springboot3
07:56:26 AM  1000   3821375    0.00    0.00    0.00    0.00    0.00     2  springboot3
07:56:27 AM  1000   3821375    0.00    0.00    0.00    0.00    0.00     2  springboot3
07:56:28 AM  1000   3821375    0.00    0.00    0.00    0.00    0.00     2  springboot3
07:56:29 AM  1000   3821375    0.00    0.00    0.00    0.00    0.00     2  springboot3
07:56:30 AM  1000   3821375    0.00    0.00    0.00    0.00    0.00     2  springboot3
07:56:31 AM  1000   3821375    0.00    0.00    0.00    0.00    0.00     2  springboot3
07:56:32 AM  1000   3821375    0.00    0.00    0.00    0.00    0.00     2  springboot3
07:56:33 AM  1000   3821375    0.00    0.00    0.00    0.00    0.00     2  springboot3
07:56:34 AM  1000   3821375    0.00    0.00    0.00    0.00    0.00     2  springboot3
07:56:35 AM  1000   3821375    0.00    0.00    0.00    0.00    0.00     2  springboot3
07:56:36 AM  1000   3821375    0.00    0.00    0.00    0.00    0.00     2  springboot3
07:56:37 AM  1000   3821375    0.00    0.00    0.00    0.00    0.00     2  springboot3
07:56:38 AM  1000   3821375    0.00    0.00    0.00    0.00    0.00     2  springboot3
07:56:39 AM  1000   3821375    0.00    0.00    0.00    0.00    0.00     2  springboot3
07:56:40 AM  1000   3821375    0.00    0.00    0.00    0.00    0.00     2  springboot3
07:56:41 AM  1000   3821375    0.00    0.00    0.00    0.00    0.00     2  springboot3
07:56:42 AM  1000   3821375    0.00    0.00    0.00    0.00    0.00     2  springboot3
07:56:43 AM  1000   3821375    0.00    0.00    0.00    0.00    0.00     2  springboot3
07:56:44 AM  1000   3821375    0.00    0.00    0.00    0.00    0.00     2  springboot3
07:56:45 AM  1000   3821375    0.00    0.00    0.00    0.00    0.00     2  springboot3
07:56:46 AM  1000   3821375    0.00    0.00    0.00    0.00    0.00     2  springboot3
07:56:47 AM  1000   3821375    0.00    0.00    0.00    0.00    0.00     2  springboot3
07:56:48 AM  1000   3821375  218.00   93.00    0.00    0.00  311.00     2  springboot3
07:56:49 AM  1000   3821375  261.00  110.00    0.00    0.00  371.00     2  springboot3
07:56:50 AM  1000   3821375  234.00  134.00    0.00    0.00  368.00     2  springboot3
07:56:51 AM  1000   3821375  231.00  147.00    0.00    0.00  378.00     2  springboot3
07:56:52 AM  1000   3821375  234.00  133.00    0.00    0.00  367.00     2  springboot3
07:56:53 AM  1000   3821375  221.00  157.00    0.00    0.00  378.00     2  springboot3
07:56:54 AM  1000   3821375  217.00  151.00    0.00    0.00  368.00     2  springboot3
07:56:55 AM  1000   3821375  227.00  141.00    0.00    0.00  368.00     2  springboot3
07:56:56 AM  1000   3821375  227.00  146.00    0.00    0.00  373.00     2  springboot3
07:56:57 AM  1000   3821375  224.00  145.00    0.00    0.00  369.00     2  springboot3
07:56:58 AM  1000   3821375  238.00  140.00    0.00    0.00  378.00     2  springboot3
07:56:59 AM  1000   3821375  221.00  147.00    0.00    0.00  368.00     2  springboot3
07:57:00 AM  1000   3821375  228.00  141.00    0.00    0.00  369.00     2  springboot3
07:57:01 AM  1000   3821375  242.00  133.00    0.00    0.00  375.00     2  springboot3
07:57:02 AM  1000   3821375  236.00  135.00    0.00    0.00  371.00     2  springboot3
07:57:03 AM  1000   3821375  256.00  119.00    0.00    0.00  375.00     2  springboot3
07:57:04 AM  1000   3821375  211.00  159.00    0.00    0.00  370.00     2  springboot3
07:57:05 AM  1000   3821375  231.00  142.00    0.00    0.00  373.00     2  springboot3
07:57:06 AM  1000   3821375  206.00  165.00    0.00    0.00  371.00     2  springboot3
07:57:07 AM  1000   3821375  234.00  135.00    0.00    0.00  369.00     2  springboot3
07:57:08 AM  1000   3821375  230.00  145.00    0.00    0.00  375.00     2  springboot3
07:57:09 AM  1000   3821375  252.00  115.00    0.00    0.00  367.00     2  springboot3
07:57:10 AM  1000   3821375  236.00  133.00    0.00    0.00  369.00     2  springboot3
07:57:11 AM  1000   3821375  259.00  117.00    0.00    0.00  376.00     2  springboot3
07:57:12 AM  1000   3821375  218.00  154.00    0.00    0.00  372.00     2  springboot3
07:57:13 AM  1000   3821375  203.00  177.00    0.00    0.00  380.00     2  springboot3
07:57:14 AM  1000   3821375  240.00  131.00    0.00    0.00  371.00     2  springboot3
07:57:15 AM  1000   3821375  257.00  115.00    0.00    0.00  372.00     2  springboot3
07:57:16 AM  1000   3821375  232.00  137.00    0.00    0.00  369.00     2  springboot3
07:57:17 AM  1000   3821375  213.00  160.00    0.00    0.00  373.00     2  springboot3
07:57:18 AM  1000   3821375  232.00  142.00    0.00    0.00  374.00     2  springboot3
07:57:19 AM  1000   3821375  239.00  127.00    0.00    0.00  366.00     2  springboot3
07:57:20 AM  1000   3821375  227.00  144.00    0.00    0.00  371.00     2  springboot3
07:57:21 AM  1000   3821375  258.00  119.00    0.00    0.00  377.00     2  springboot3
07:57:22 AM  1000   3821375  249.00  118.00    0.00    0.00  367.00     2  springboot3
07:57:23 AM  1000   3821375  194.00  188.00    0.00    0.00  382.00     2  springboot3
07:57:24 AM  1000   3821375   59.00   21.00    0.00    0.00   80.00     2  springboot3
07:57:25 AM  1000   3821375    0.00    0.00    0.00    0.00    0.00     2  springboot3
07:57:26 AM  1000   3821375    0.00    0.00    0.00    0.00    0.00     2  springboot3
07:57:27 AM  1000   3821375    0.00    0.00    0.00    0.00    0.00     2  springboot3
