Linux 5.14.0-570.60.1.el9_6.x86_64 *****) 	03/10/2026 	_x86_64_	(64 CPU)

06:46:18 AM   UID       PID    %usr %system  %guest   %wait    %CPU   CPU  Command
06:46:19 AM  1000   3769542  294.00    4.00    0.00    0.00  298.00     1  java
06:46:20 AM  1000   3769542  279.00    6.00    0.00    0.00  285.00     1  java
06:46:21 AM  1000   3769542  278.00    8.00    0.00    0.00  286.00     1  java
06:46:22 AM  1000   3769542  224.00    6.00    0.00    0.00  230.00     1  java
06:46:23 AM  1000   3769542  255.00    2.00    0.00    0.00  257.00     1  java
06:46:24 AM  1000   3769542   23.00    0.00    0.00    0.00   23.00     1  java
06:46:25 AM  1000   3769542    0.00    0.00    0.00    0.00    0.00     1  java
06:46:26 AM  1000   3769542    0.00    0.00    0.00    0.00    0.00     1  java
06:46:27 AM  1000   3769542  225.00   14.00    0.00    0.00  239.00     1  java
06:46:28 AM  1000   3769542  375.00   20.00    0.00    0.00  395.00     1  java
06:46:29 AM  1000   3769542  373.00   20.00    0.00    0.00  393.00     1  java
06:46:30 AM  1000   3769542  373.00   22.00    0.00    0.00  395.00     1  java
06:46:31 AM  1000   3769542  374.00   19.00    0.00    0.00  393.00     1  java
06:46:32 AM  1000   3769542  370.00   24.00    0.00    0.00  394.00     1  java
06:46:33 AM  1000   3769542  366.00   23.00    0.00    0.00  389.00     1  java
06:46:34 AM  1000   3769542  368.00   24.00    0.00    0.00  392.00     1  java
06:46:35 AM  1000   3769542  363.00   31.00    0.00    0.00  394.00     1  java
06:46:36 AM  1000   3769542  359.00   33.00    0.00    0.00  392.00     1  java
06:46:37 AM  1000   3769542  356.00   37.00    0.00    0.00  393.00     1  java
06:46:38 AM  1000   3769542  366.00   26.00    0.00    0.00  392.00     1  java
06:46:39 AM  1000   3769542  363.00   30.00    0.00    0.00  393.00     1  java
06:46:40 AM  1000   3769542  360.00   30.00    0.00    0.00  390.00     1  java
06:46:41 AM  1000   3769542  358.00   34.00    0.00    0.00  392.00     1  java
06:46:42 AM  1000   3769542  353.00   38.00    0.00    0.00  391.00     1  java
06:46:43 AM  1000   3769542  355.00   35.00    0.00    0.00  390.00     1  java
06:46:44 AM  1000   3769542  357.00   34.00    0.00    0.00  391.00     1  java
06:46:45 AM  1000   3769542  354.00   38.00    0.00    0.00  392.00     1  java
06:46:46 AM  1000   3769542  335.00   57.00    0.00    0.00  392.00     1  java
06:46:47 AM  1000   3769542  337.00   53.00    0.00    0.00  390.00     1  java
06:46:48 AM  1000   3769542  350.00   40.00    0.00    0.00  390.00     1  java
06:46:49 AM  1000   3769542  340.00   50.00    0.00    0.00  390.00     1  java
06:46:50 AM  1000   3769542  339.00   52.00    0.00    0.00  391.00     1  java
06:46:51 AM  1000   3769542  327.00   64.00    0.00    0.00  391.00     1  java
06:46:52 AM  1000   3769542  347.00   43.00    0.00    0.00  390.00     1  java
06:46:53 AM  1000   3769542  345.00   44.00    0.00    0.00  389.00     1  java
06:46:54 AM  1000   3769542  342.00   47.00    0.00    0.00  389.00     1  java
06:46:55 AM  1000   3769542  340.00   49.00    0.00    0.00  389.00     1  java
06:46:56 AM  1000   3769542  340.00   49.00    0.00    0.00  389.00     1  java
06:46:57 AM  1000   3769542  333.00   55.00    0.00    0.00  388.00     1  java
06:46:58 AM  1000   3769542  335.00   54.00    0.00    0.00  389.00     1  java
06:46:59 AM  1000   3769542  338.00   51.00    0.00    0.00  389.00     1  java
06:47:00 AM  1000   3769542  338.00   49.00    0.00    0.00  387.00     1  java
06:47:01 AM  1000   3769542  335.00   53.00    0.00    0.00  388.00     1  java
06:47:02 AM  1000   3769542  305.00   82.00    0.00    0.00  387.00     1  java
06:47:03 AM  1000   3769542  323.00   64.00    0.00    0.00  387.00     1  java
06:47:04 AM  1000   3769542  318.00   69.00    0.00    0.00  387.00     1  java
06:47:05 AM  1000   3769542  306.00   83.00    0.00    0.00  389.00     1  java
06:47:06 AM  1000   3769542  300.00   88.00    0.00    0.00  388.00     1  java
06:47:07 AM  1000   3769542  284.00  107.00    0.00    0.00  391.00     1  java
06:47:08 AM  1000   3769542  302.00   86.00    0.00    0.00  388.00     1  java
06:47:09 AM  1000   3769542  277.00  113.00    0.00    0.00  390.00     1  java
06:47:10 AM  1000   3769542  274.00  116.00    0.00    0.00  390.00     1  java
06:47:11 AM  1000   3769542  303.00   84.00    0.00    0.00  387.00     1  java
06:47:12 AM  1000   3769542  267.00  123.00    0.00    0.00  390.00     1  java
06:47:13 AM  1000   3769542  283.00  105.00    0.00    0.00  388.00     1  java
06:47:14 AM  1000   3769542  296.00   90.00    0.00    0.00  386.00     1  java
06:47:15 AM  1000   3769542  298.00   90.00    0.00    0.00  388.00     1  java
06:47:16 AM  1000   3769542  273.00  115.00    0.00    0.00  388.00     1  java
06:47:17 AM  1000   3769542  274.00  115.00    0.00    0.00  389.00     1  java
06:47:18 AM  1000   3769542  275.00  109.00    0.00    0.00  384.00     1  java
06:47:19 AM  1000   3769542  285.00  103.00    0.00    0.00  388.00     1  java
06:47:20 AM  1000   3769542  277.00  111.00    0.00    0.00  388.00     1  java
06:47:21 AM  1000   3769542  270.00  119.00    0.00    0.00  389.00     1  java
06:47:22 AM  1000   3769542  262.00  123.00    0.00    0.00  385.00     1  java
06:47:23 AM  1000   3769542  285.00  103.00    0.00    0.00  388.00     1  java
06:47:24 AM  1000   3769542  260.00  129.00    0.00    0.00  389.00     1  java
06:47:25 AM  1000   3769542  291.00   96.00    0.00    0.00  387.00     1  java
06:47:26 AM  1000   3769542  270.00  119.00    0.00    0.00  389.00     1  java
06:47:27 AM  1000   3769542  281.00  107.00    0.00    0.00  388.00     1  java
06:47:28 AM  1000   3769542  307.00   80.00    0.00    0.00  387.00     1  java
06:47:29 AM  1000   3769542  294.00   91.00    0.00    0.00  385.00     1  java
06:47:30 AM  1000   3769542  289.00   96.00    0.00    0.00  385.00     1  java
06:47:31 AM  1000   3769542  298.00   89.00    0.00    0.00  387.00     1  java
06:47:32 AM  1000   3769542  263.00  127.00    0.00    0.00  390.00     1  java
06:47:33 AM  1000   3769542  286.00  101.00    0.00    0.00  387.00     1  java
06:47:34 AM  1000   3769542  289.00   98.00    0.00    0.00  387.00     1  java
06:47:35 AM  1000   3769542  312.00   74.00    0.00    0.00  386.00     1  java
06:47:36 AM  1000   3769542  259.00  129.00    0.00    0.00  388.00     1  java
06:47:37 AM  1000   3769542  307.00   80.00    0.00    0.00  387.00     1  java
06:47:38 AM  1000   3769542  301.00   85.00    0.00    0.00  386.00     1  java
06:47:39 AM  1000   3769542  267.00  121.00    0.00    0.00  388.00     1  java
06:47:40 AM  1000   3769542  249.00  141.00    0.00    0.00  390.00     1  java
06:47:41 AM  1000   3769542  288.00   97.00    0.00    0.00  385.00     1  java
06:47:42 AM  1000   3769542  270.00  117.00    0.00    0.00  387.00     1  java
06:47:43 AM  1000   3769542  304.00   83.00    0.00    0.00  387.00     1  java
06:47:44 AM  1000   3769542  292.00   94.00    0.00    0.00  386.00     1  java
06:47:45 AM  1000   3769542  284.00   97.00    0.00    0.00  381.00     1  java
06:47:46 AM  1000   3769542  268.00  120.00    0.00    0.00  388.00     1  java
06:47:47 AM  1000   3769542  281.00  107.00    0.00    0.00  388.00     1  java
06:47:48 AM  1000   3769542  299.00   88.00    0.00    0.00  387.00     1  java
06:47:49 AM  1000   3769542  307.00   78.00    0.00    0.00  385.00     1  java
06:47:50 AM  1000   3769542  302.00   84.00    0.00    0.00  386.00     1  java
06:47:51 AM  1000   3769542  300.00   86.00    0.00    0.00  386.00     1  java
06:47:52 AM  1000   3769542  284.00  103.00    0.00    0.00  387.00     1  java
06:47:53 AM  1000   3769542  290.00   96.00    0.00    0.00  386.00     1  java
06:47:54 AM  1000   3769542  296.00   90.00    0.00    0.00  386.00     1  java
06:47:55 AM  1000   3769542  307.00   78.00    0.00    0.00  385.00     1  java
06:47:56 AM  1000   3769542  261.00  126.00    0.00    0.00  387.00     1  java
06:47:57 AM  1000   3769542  251.00  137.00    0.00    0.00  388.00     1  java
06:47:58 AM  1000   3769542  307.00   78.00    0.00    0.00  385.00     1  java
06:47:59 AM  1000   3769542  264.00  124.00    0.00    0.00  388.00     1  java
06:48:00 AM  1000   3769542  249.00  139.00    0.00    0.00  388.00     1  java
06:48:01 AM  1000   3769542  278.00  106.00    0.00    0.00  384.00     1  java
06:48:02 AM  1000   3769542  287.00   97.00    0.00    0.00  384.00     1  java
06:48:03 AM  1000   3769542  265.00  124.00    0.00    0.00  389.00     1  java
06:48:04 AM  1000   3769542  237.00  151.00    0.00    0.00  388.00     1  java
06:48:05 AM  1000   3769542  298.00   87.00    0.00    0.00  385.00     1  java
06:48:06 AM  1000   3769542  273.00  113.00    0.00    0.00  386.00     1  java
06:48:07 AM  1000   3769542  255.00  133.00    0.00    0.00  388.00     1  java
06:48:08 AM  1000   3769542  295.00   88.00    0.00    0.00  383.00     1  java
06:48:09 AM  1000   3769542  292.00   92.00    0.00    0.00  384.00     1  java
06:48:10 AM  1000   3769542  250.00  136.00    0.00    0.00  386.00     1  java
06:48:11 AM  1000   3769542  274.00  111.00    0.00    0.00  385.00     1  java
06:48:12 AM  1000   3769542  259.00  127.00    0.00    0.00  386.00     1  java
06:48:13 AM  1000   3769542  252.00  135.00    0.00    0.00  387.00     1  java
06:48:14 AM  1000   3769542  237.00  151.00    0.00    0.00  388.00     1  java
06:48:15 AM  1000   3769542  262.00  123.00    0.00    0.00  385.00     1  java
06:48:16 AM  1000   3769542  273.00  112.00    0.00    0.00  385.00     1  java
06:48:17 AM  1000   3769542  277.00  109.00    0.00    0.00  386.00     1  java
06:48:18 AM  1000   3769542  242.00  146.00    0.00    0.00  388.00     1  java
06:48:19 AM  1000   3769542  237.00  148.00    0.00    0.00  385.00     1  java
06:48:20 AM  1000   3769542  249.00  135.00    0.00    0.00  384.00     1  java
06:48:21 AM  1000   3769542  244.00  142.00    0.00    0.00  386.00     1  java
06:48:22 AM  1000   3769542  253.00  133.00    0.00    0.00  386.00     1  java
06:48:23 AM  1000   3769542  263.00  120.00    0.00    0.00  383.00     1  java
06:48:24 AM  1000   3769542  254.00  129.00    0.00    0.00  383.00     1  java
06:48:25 AM  1000   3769542  261.00  124.00    0.00    0.00  385.00     1  java
06:48:26 AM  1000   3769542  245.00  137.00    0.00    0.00  382.00     1  java
06:48:27 AM  1000   3769542  242.00  143.00    0.00    0.00  385.00     1  java
06:48:28 AM  1000   3769542  251.00  132.00    0.00    0.00  383.00     1  java
06:48:29 AM  1000   3769542  255.00  130.00    0.00    0.00  385.00     1  java
06:48:30 AM  1000   3769542  260.00  124.00    0.00    0.00  384.00     1  java
06:48:31 AM  1000   3769542  248.00  135.00    0.00    0.00  383.00     1  java
06:48:32 AM  1000   3769542  250.00  134.00    0.00    0.00  384.00     1  java
06:48:33 AM  1000   3769542  237.00   49.00    0.00    0.00  286.00     1  java
06:48:34 AM  1000   3769542  199.00    0.00    0.00    0.00  199.00     1  java
06:48:35 AM  1000   3769542  198.00    0.00    0.00    0.00  198.00     1  java
06:48:36 AM  1000   3769542  199.00    0.00    0.00    0.00  199.00     1  java
06:48:37 AM  1000   3769542  199.00    0.00    0.00    0.00  199.00     1  java
06:48:38 AM  1000   3769542  160.00    0.00    0.00    0.00  160.00     1  java
06:48:39 AM  1000   3769542    0.00    0.00    0.00    0.00    0.00     1  java
06:48:40 AM  1000   3769542    0.00    0.00    0.00    0.00    0.00     1  java
06:48:41 AM  1000   3769542    0.00    0.00    0.00    0.00    0.00     1  java
06:48:42 AM  1000   3769542    0.00    0.00    0.00    0.00    0.00     1  java
06:48:43 AM  1000   3769542    0.00    0.00    0.00    0.00    0.00     1  java
06:48:44 AM  1000   3769542    0.00    0.00    0.00    0.00    0.00     1  java
06:48:45 AM  1000   3769542    0.00    0.00    0.00    0.00    0.00     1  java
06:48:46 AM  1000   3769542    0.00    0.00    0.00    0.00    0.00     1  java
06:48:47 AM  1000   3769542    0.00    0.00    0.00    0.00    0.00     1  java
06:48:48 AM  1000   3769542    0.00    0.00    0.00    0.00    0.00     1  java
06:48:49 AM  1000   3769542    0.00    0.00    0.00    0.00    0.00     1  java
06:48:50 AM  1000   3769542    0.00    0.00    0.00    0.00    0.00     1  java
06:48:51 AM  1000   3769542    0.00    0.00    0.00    0.00    0.00     1  java
06:48:52 AM  1000   3769542    0.00    0.00    0.00    0.00    0.00     1  java
06:48:53 AM  1000   3769542    0.00    0.00    0.00    0.00    0.00     1  java
06:48:54 AM  1000   3769542    0.00    0.00    0.00    0.00    0.00     1  java
06:48:55 AM  1000   3769542    0.00    0.00    0.00    0.00    0.00     1  java
06:48:56 AM  1000   3769542    0.00    0.00    0.00    0.00    0.00     1  java
06:48:57 AM  1000   3769542    0.00    0.00    0.00    0.00    0.00     1  java
06:48:58 AM  1000   3769542    0.00    0.00    0.00    0.00    0.00     1  java
06:48:59 AM  1000   3769542    0.00    0.00    0.00    0.00    0.00     1  java
06:49:00 AM  1000   3769542    0.00    0.00    0.00    0.00    0.00     1  java
06:49:01 AM  1000   3769542    0.00    0.00    0.00    0.00    0.00     1  java
06:49:02 AM  1000   3769542    0.00    0.00    0.00    0.00    0.00     1  java
06:49:03 AM  1000   3769542    0.00    0.00    0.00    0.00    0.00     1  java
06:49:04 AM  1000   3769542    1.00    0.00    0.00    0.00    1.00     1  java
06:49:05 AM  1000   3769542    0.00    0.00    0.00    0.00    0.00     1  java
06:49:06 AM  1000   3769542    0.00    0.00    0.00    0.00    0.00     1  java
06:49:07 AM  1000   3769542    0.00    0.00    0.00    0.00    0.00     1  java
06:49:08 AM  1000   3769542  156.00   77.00    0.00    0.00  233.00     1  java
06:49:09 AM  1000   3769542  214.00  170.00    0.00    0.00  384.00     1  java
06:49:10 AM  1000   3769542  207.00  178.00    0.00    0.00  385.00     1  java
06:49:11 AM  1000   3769542  200.00  183.00    0.00    0.00  383.00     1  java
06:49:12 AM  1000   3769542  227.00  152.00    0.00    0.00  379.00     1  java
06:49:13 AM  1000   3769542  144.00  244.00    0.00    0.00  388.00     1  java
06:49:14 AM  1000   3769542  209.00  156.00    0.00    0.00  365.00     1  java
06:49:15 AM  1000   3769542  194.00  187.00    0.00    0.00  381.00     1  java
06:49:16 AM  1000   3769542  198.00  182.00    0.00    0.00  380.00     1  java
06:49:17 AM  1000   3769542  196.00  176.00    0.00    0.00  372.00     1  java
06:49:18 AM  1000   3769542  156.00  226.00    0.00    0.00  382.00     1  java
06:49:19 AM  1000   3769542  185.00  188.00    0.00    0.00  373.00     1  java
06:49:20 AM  1000   3769542  198.00  180.00    0.00    0.00  378.00     1  java
06:49:21 AM  1000   3769542  193.00  185.00    0.00    0.00  378.00     1  java
06:49:22 AM  1000   3769542  194.00  184.00    0.00    0.00  378.00     1  java
06:49:23 AM  1000   3769542  200.00  177.00    0.00    0.00  377.00     1  java
06:49:24 AM  1000   3769542  215.00  161.00    0.00    0.00  376.00     1  java
06:49:25 AM  1000   3769542  194.00  181.00    0.00    0.00  375.00     1  java
06:49:26 AM  1000   3769542  175.00  206.00    0.00    0.00  381.00     1  java
06:49:27 AM  1000   3769542  187.00  191.00    0.00    0.00  378.00     1  java
06:49:28 AM  1000   3769542  143.00  243.00    0.00    0.00  386.00     1  java
06:49:29 AM  1000   3769542  188.00  193.00    0.00    0.00  381.00     1  java
06:49:30 AM  1000   3769542  174.00  205.00    0.00    0.00  379.00     1  java
06:49:31 AM  1000   3769542  183.00  194.00    0.00    0.00  377.00     1  java
06:49:32 AM  1000   3769542  161.00  223.00    0.00    0.00  384.00     1  java
06:49:33 AM  1000   3769542  165.00  218.00    0.00    0.00  383.00     1  java
06:49:34 AM  1000   3769542  180.00  197.00    0.00    0.00  377.00     1  java
06:49:35 AM  1000   3769542  177.00  202.00    0.00    0.00  379.00     1  java
06:49:36 AM  1000   3769542  199.00  175.00    0.00    0.00  374.00     1  java
06:49:37 AM  1000   3769542  186.00  195.00    0.00    0.00  381.00     1  java
06:49:38 AM  1000   3769542  200.00  178.00    0.00    0.00  378.00     1  java
06:49:39 AM  1000   3769542  199.00  175.00    0.00    0.00  374.00     1  java
06:49:40 AM  1000   3769542  185.00  190.00    0.00    0.00  375.00     1  java
06:49:41 AM  1000   3769542  185.00  187.00    0.00    0.00  372.00     1  java
06:49:42 AM  1000   3769542  206.00  169.00    0.00    0.00  375.00     1  java
06:49:43 AM  1000   3769542  204.00  172.00    0.00    0.00  376.00     1  java
06:49:44 AM  1000   3769542   94.00   67.00    0.00    0.00  161.00     1  java
06:49:45 AM  1000   3769542    0.00    0.00    0.00    0.00    0.00     1  java
06:49:46 AM  1000   3769542    0.00    0.00    0.00    0.00    0.00     1  java
06:49:47 AM  1000   3769542    0.00    0.00    0.00    0.00    0.00     1  java
