Linux 5.14.0-570.60.1.el9_6.x86_64 *****) 	03/10/2026 	_x86_64_	(64 CPU)

07:58:08 AM   UID       PID    %usr %system  %guest   %wait    %CPU   CPU  Command
07:58:09 AM  1000   3824361    0.00    0.00    0.00    0.00    0.00     0  springboot3
07:58:10 AM  1000   3824361    0.00    0.00    0.00    0.00    0.00     0  springboot3
07:58:11 AM  1000   3824361    0.00    0.00    0.00    0.00    0.00     0  springboot3
07:58:12 AM  1000   3824361    0.00    0.00    0.00    0.00    0.00     0  springboot3
07:58:13 AM  1000   3824361    0.00    0.00    0.00    0.00    0.00     0  springboot3
07:58:14 AM  1000   3824361    0.00    0.00    0.00    0.00    0.00     0  springboot3
07:58:15 AM  1000   3824361    0.00    0.00    0.00    0.00    0.00     0  springboot3
07:58:16 AM  1000   3824361    0.00    0.00    0.00    0.00    0.00     0  springboot3
07:58:17 AM  1000   3824361  204.00  108.00    0.00    0.00  312.00     2  springboot3
07:58:18 AM  1000   3824361  253.00  122.00    0.00    0.00  375.00     3  springboot3
07:58:19 AM  1000   3824361  214.00  160.00    0.00    0.00  374.00     3  springboot3
07:58:20 AM  1000   3824361  252.00  123.00    0.00    0.00  375.00     3  springboot3
07:58:21 AM  1000   3824361  228.00  143.00    0.00    0.00  371.00     1  springboot3
07:58:22 AM  1000   3824361  215.00  162.00    0.00    0.00  377.00     1  springboot3
07:58:23 AM  1000   3824361  264.00  105.00    0.00    0.00  369.00     1  springboot3
07:58:24 AM  1000   3824361  203.00  167.00    0.00    0.00  370.00     1  springboot3
07:58:25 AM  1000   3824361  223.00  154.00    0.00    0.00  377.00     1  springboot3
07:58:26 AM  1000   3824361  227.00  135.00    0.00    0.00  362.00     1  springboot3
07:58:27 AM  1000   3824361  229.00  145.00    0.00    0.00  374.00     1  springboot3
07:58:28 AM  1000   3824361  195.00  163.00    0.00    0.00  358.00     1  springboot3
07:58:29 AM  1000   3824361  212.00  164.00    0.00    0.00  376.00     1  springboot3
07:58:30 AM  1000   3824361  246.00  132.00    0.00    0.00  378.00     1  springboot3
07:58:31 AM  1000   3824361  217.00  151.00    0.00    0.00  368.00     1  springboot3
07:58:32 AM  1000   3824361  202.00  176.00    0.00    0.00  378.00     1  springboot3
07:58:33 AM  1000   3824361  201.00  165.00    0.00    0.00  366.00     1  springboot3
07:58:34 AM  1000   3824361  286.00   86.00    0.00    0.00  372.00     1  springboot3
07:58:35 AM  1000   3824361  194.00  175.00    0.00    0.00  369.00     1  springboot3
07:58:36 AM  1000   3824361  273.00   94.00    0.00    0.00  367.00     1  springboot3
07:58:37 AM  1000   3824361  225.00  136.00    0.00    0.00  361.00     1  springboot3
07:58:38 AM  1000   3824361  245.00  124.00    0.00    0.00  369.00     1  springboot3
07:58:39 AM  1000   3824361  266.00   97.00    0.00    0.00  363.00     1  springboot3
07:58:40 AM  1000   3824361  219.00  161.00    0.00    0.00  380.00     1  springboot3
07:58:41 AM  1000   3824361  233.00  137.00    0.00    0.00  370.00     1  springboot3
07:58:42 AM  1000   3824361  233.00  131.00    0.00    0.00  364.00     1  springboot3
07:58:43 AM  1000   3824361  230.00  141.00    0.00    0.00  371.00     1  springboot3
07:58:44 AM  1000   3824361  233.00  131.00    0.00    0.00  364.00     1  springboot3
07:58:45 AM  1000   3824361  223.00  145.00    0.00    0.00  368.00     1  springboot3
07:58:46 AM  1000   3824361  219.00  157.00    0.00    0.00  376.00     1  springboot3
07:58:47 AM  1000   3824361  176.00  205.00    0.00    0.00  381.00     1  springboot3
07:58:48 AM  1000   3824361  212.00  160.00    0.00    0.00  372.00     1  springboot3
07:58:49 AM  1000   3824361  227.00  146.00    0.00    0.00  373.00     1  springboot3
07:58:50 AM  1000   3824361  237.00  131.00    0.00    0.00  368.00     1  springboot3
07:58:51 AM  1000   3824361  217.00  159.00    0.00    0.00  376.00     1  springboot3
07:58:52 AM  1000   3824361  222.00  147.00    0.00    0.00  369.00     1  springboot3
07:58:53 AM  1000   3824361  229.00  147.00    0.00    0.00  376.00     1  springboot3
07:58:54 AM  1000   3824361  271.00   88.00    0.00    0.00  359.00     1  springboot3
07:58:55 AM  1000   3824361  207.00  163.00    0.00    0.00  370.00     1  springboot3
07:58:56 AM  1000   3824361  216.00  160.00    0.00    0.00  376.00     1  springboot3
07:58:57 AM  1000   3824361  206.00  165.00    0.00    0.00  371.00     1  springboot3
07:58:58 AM  1000   3824361  252.00  117.00    0.00    0.00  369.00     1  springboot3
07:58:59 AM  1000   3824361  251.00  116.00    0.00    0.00  367.00     1  springboot3
07:59:00 AM  1000   3824361  210.00  170.00    0.00    0.00  380.00     1  springboot3
07:59:01 AM  1000   3824361  222.00  157.00    0.00    0.00  379.00     1  springboot3
07:59:02 AM  1000   3824361  205.00  167.00    0.00    0.00  372.00     1  springboot3
07:59:03 AM  1000   3824361  230.00  143.00    0.00    0.00  373.00     1  springboot3
07:59:04 AM  1000   3824361  264.00   95.00    0.00    0.00  359.00     1  springboot3
07:59:05 AM  1000   3824361  218.00  148.00    0.00    0.00  366.00     1  springboot3
07:59:06 AM  1000   3824361  204.00  178.00    0.00    0.00  382.00     1  springboot3
07:59:07 AM  1000   3824361  214.00  161.00    0.00    0.00  375.00     1  springboot3
07:59:08 AM  1000   3824361  244.00  112.00    0.00    0.00  356.00     1  springboot3
07:59:09 AM  1000   3824361  268.00   96.00    0.00    0.00  364.00     1  springboot3
07:59:10 AM  1000   3824361  239.00  127.00    0.00    0.00  366.00     1  springboot3
07:59:11 AM  1000   3824361  218.00  158.00    0.00    0.00  376.00     1  springboot3
07:59:12 AM  1000   3824361  278.00   81.00    0.00    0.00  359.00     1  springboot3
07:59:13 AM  1000   3824361  250.00  120.00    0.00    0.00  370.00     1  springboot3
07:59:14 AM  1000   3824361  236.00  128.00    0.00    0.00  364.00     1  springboot3
07:59:15 AM  1000   3824361  194.00  184.00    0.00    0.00  378.00     1  springboot3
07:59:16 AM  1000   3824361  254.00  113.00    0.00    0.00  367.00     1  springboot3
07:59:17 AM  1000   3824361  207.00  168.00    0.00    0.00  375.00     1  springboot3
07:59:18 AM  1000   3824361  242.00  122.00    0.00    0.00  364.00     1  springboot3
07:59:19 AM  1000   3824361  252.00  121.00    0.00    0.00  373.00     1  springboot3
07:59:20 AM  1000   3824361  247.00  111.00    0.00    0.00  358.00     1  springboot3
07:59:21 AM  1000   3824361  239.00  129.00    0.00    0.00  368.00     1  springboot3
07:59:22 AM  1000   3824361  185.00  186.00    0.00    0.00  371.00     1  springboot3
07:59:23 AM  1000   3824361  213.00  164.00    0.00    0.00  377.00     1  springboot3
07:59:24 AM  1000   3824361  206.00  156.00    0.00    0.00  362.00     1  springboot3
07:59:25 AM  1000   3824361  221.00  148.00    0.00    0.00  369.00     1  springboot3
07:59:26 AM  1000   3824361  241.00  120.00    0.00    0.00  361.00     1  springboot3
07:59:27 AM  1000   3824361  245.00  124.00    0.00    0.00  369.00     1  springboot3
07:59:28 AM  1000   3824361  247.00  116.00    0.00    0.00  363.00     1  springboot3
07:59:29 AM  1000   3824361  236.00  134.00    0.00    0.00  370.00     1  springboot3
07:59:30 AM  1000   3824361  216.00  155.00    0.00    0.00  371.00     1  springboot3
07:59:31 AM  1000   3824361  273.00   89.00    0.00    0.00  362.00     1  springboot3
07:59:32 AM  1000   3824361  246.00  120.00    0.00    0.00  366.00     1  springboot3
07:59:33 AM  1000   3824361  195.00  179.00    0.00    0.00  374.00     1  springboot3
07:59:34 AM  1000   3824361  235.00  129.00    0.00    0.00  364.00     1  springboot3
07:59:35 AM  1000   3824361  206.00  169.00    0.00    0.00  375.00     1  springboot3
07:59:36 AM  1000   3824361  202.00  157.00    0.00    0.00  359.00     1  springboot3
07:59:37 AM  1000   3824361  186.00  186.00    0.00    0.00  372.00     1  springboot3
07:59:38 AM  1000   3824361  206.00  175.00    0.00    0.00  381.00     1  springboot3
07:59:39 AM  1000   3824361  182.00  198.00    0.00    0.00  380.00     1  springboot3
07:59:40 AM  1000   3824361  227.00  142.00    0.00    0.00  369.00     1  springboot3
07:59:41 AM  1000   3824361  232.00  138.00    0.00    0.00  370.00     1  springboot3
07:59:42 AM  1000   3824361  243.00  120.00    0.00    0.00  363.00     1  springboot3
07:59:43 AM  1000   3824361  222.00  146.00    0.00    0.00  368.00     1  springboot3
07:59:44 AM  1000   3824361  230.00  142.00    0.00    0.00  372.00     1  springboot3
07:59:45 AM  1000   3824361  230.00  136.00    0.00    0.00  366.00     1  springboot3
07:59:46 AM  1000   3824361  221.00  157.00    0.00    0.00  378.00     1  springboot3
07:59:47 AM  1000   3824361  241.00  124.00    0.00    0.00  365.00     1  springboot3
07:59:48 AM  1000   3824361  238.00  138.00    0.00    0.00  376.00     1  springboot3
07:59:49 AM  1000   3824361  257.00  103.00    0.00    0.00  360.00     1  springboot3
07:59:50 AM  1000   3824361  202.00  169.00    0.00    0.00  371.00     1  springboot3
07:59:51 AM  1000   3824361  209.00  169.00    0.00    0.00  378.00     1  springboot3
07:59:52 AM  1000   3824361  231.00  131.00    0.00    0.00  362.00     1  springboot3
07:59:53 AM  1000   3824361  232.00  145.00    0.00    0.00  377.00     1  springboot3
07:59:54 AM  1000   3824361  250.00  125.00    0.00    0.00  375.00     1  springboot3
07:59:55 AM  1000   3824361  250.00  113.00    0.00    0.00  363.00     1  springboot3
07:59:56 AM  1000   3824361  182.00  201.00    0.00    0.00  383.00     1  springboot3
07:59:57 AM  1000   3824361  185.00  186.00    0.00    0.00  371.00     1  springboot3
07:59:58 AM  1000   3824361  172.00  209.00    0.00    0.00  381.00     1  springboot3
07:59:59 AM  1000   3824361  208.00  160.00    0.00    0.00  368.00     1  springboot3
08:00:00 AM  1000   3824361  183.00  199.00    0.00    0.00  382.00     1  springboot3
08:00:01 AM  1000   3824361  168.00  206.00    0.00    0.00  374.00     1  springboot3
08:00:02 AM  1000   3824361  190.00  179.00    0.00    0.00  369.00     1  springboot3
08:00:03 AM  1000   3824361  201.00  176.00    0.00    0.00  377.00     1  springboot3
08:00:04 AM  1000   3824361  202.00  167.00    0.00    0.00  369.00     1  springboot3
08:00:05 AM  1000   3824361  237.00  136.00    0.00    0.00  373.00     1  springboot3
08:00:06 AM  1000   3824361  237.00  132.00    0.00    0.00  369.00     1  springboot3
08:00:07 AM  1000   3824361  220.00  157.00    0.00    0.00  377.00     1  springboot3
08:00:08 AM  1000   3824361  230.00  133.00    0.00    0.00  363.00     1  springboot3
08:00:09 AM  1000   3824361  241.00  133.00    0.00    0.00  374.00     1  springboot3
08:00:10 AM  1000   3824361  243.00  110.00    0.00    0.00  353.00     1  springboot3
08:00:11 AM  1000   3824361  209.00  166.00    0.00    0.00  375.00     1  springboot3
08:00:12 AM  1000   3824361  267.00   92.00    0.00    0.00  359.00     1  springboot3
08:00:13 AM  1000   3824361  209.00  169.00    0.00    0.00  378.00     1  springboot3
08:00:14 AM  1000   3824361  214.00  153.00    0.00    0.00  367.00     1  springboot3
08:00:15 AM  1000   3824361  259.00  108.00    0.00    0.00  367.00     1  springboot3
08:00:16 AM  1000   3824361  224.00  141.00    0.00    0.00  365.00     1  springboot3
08:00:17 AM  1000   3824361  240.00  136.00    0.00    0.00  376.00     1  springboot3
08:00:18 AM  1000   3824361  244.00  125.00    0.00    0.00  369.00     1  springboot3
08:00:19 AM  1000   3824361  245.00  119.00    0.00    0.00  364.00     1  springboot3
08:00:20 AM  1000   3824361  183.00  190.00    0.00    0.00  373.00     1  springboot3
08:00:21 AM  1000   3824361  194.00  186.00    0.00    0.00  380.00     1  springboot3
08:00:22 AM  1000   3824361  197.00  172.00    0.00    0.00  369.00     1  springboot3
08:00:23 AM  1000   3824361   28.00   43.00    0.00    0.00   71.00     1  springboot3
08:00:24 AM  1000   3824361    0.00    0.00    0.00    0.00    0.00     1  springboot3
08:00:25 AM  1000   3824361    0.00    0.00    0.00    0.00    0.00     1  springboot3
08:00:26 AM  1000   3824361    0.00    0.00    0.00    0.00    0.00     1  springboot3
08:00:27 AM  1000   3824361    0.00    0.00    0.00    0.00    0.00     1  springboot3
08:00:28 AM  1000   3824361    0.00    0.00    0.00    0.00    0.00     1  springboot3
08:00:29 AM  1000   3824361    0.00    0.00    0.00    0.00    0.00     1  springboot3
08:00:30 AM  1000   3824361    0.00    0.00    0.00    0.00    0.00     1  springboot3
08:00:31 AM  1000   3824361    0.00    0.00    0.00    0.00    0.00     1  springboot3
08:00:32 AM  1000   3824361    0.00    0.00    0.00    0.00    0.00     1  springboot3
08:00:33 AM  1000   3824361    0.00    0.00    0.00    0.00    0.00     1  springboot3
08:00:34 AM  1000   3824361    0.00    0.00    0.00    0.00    0.00     1  springboot3
08:00:35 AM  1000   3824361    0.00    0.00    0.00    0.00    0.00     1  springboot3
08:00:36 AM  1000   3824361    0.00    0.00    0.00    0.00    0.00     1  springboot3
08:00:37 AM  1000   3824361    0.00    0.00    0.00    0.00    0.00     1  springboot3
08:00:38 AM  1000   3824361    0.00    0.00    0.00    0.00    0.00     1  springboot3
08:00:39 AM  1000   3824361    0.00    0.00    0.00    0.00    0.00     1  springboot3
08:00:40 AM  1000   3824361    0.00    0.00    0.00    0.00    0.00     1  springboot3
08:00:41 AM  1000   3824361    0.00    0.00    0.00    0.00    0.00     1  springboot3
08:00:42 AM  1000   3824361    0.00    0.00    0.00    0.00    0.00     1  springboot3
08:00:43 AM  1000   3824361    0.00    0.00    0.00    0.00    0.00     1  springboot3
08:00:44 AM  1000   3824361    0.00    0.00    0.00    0.00    0.00     1  springboot3
08:00:45 AM  1000   3824361    0.00    0.00    0.00    0.00    0.00     1  springboot3
08:00:46 AM  1000   3824361    0.00    0.00    0.00    0.00    0.00     1  springboot3
08:00:47 AM  1000   3824361    0.00    0.00    0.00    0.00    0.00     1  springboot3
08:00:48 AM  1000   3824361    0.00    0.00    0.00    0.00    0.00     1  springboot3
08:00:49 AM  1000   3824361    0.00    0.00    0.00    0.00    0.00     1  springboot3
08:00:50 AM  1000   3824361    0.00    0.00    0.00    0.00    0.00     1  springboot3
08:00:51 AM  1000   3824361    0.00    0.00    0.00    0.00    0.00     1  springboot3
08:00:52 AM  1000   3824361    0.00    0.00    0.00    0.00    0.00     1  springboot3
08:00:53 AM  1000   3824361    0.00    0.00    0.00    0.00    0.00     1  springboot3
08:00:54 AM  1000   3824361    0.00    0.00    0.00    0.00    0.00     1  springboot3
08:00:55 AM  1000   3824361    0.00    0.00    0.00    0.00    0.00     1  springboot3
08:00:56 AM  1000   3824361    0.00    0.00    0.00    0.00    0.00     1  springboot3
08:00:57 AM  1000   3824361    0.00    0.00    0.00    0.00    0.00     1  springboot3
08:00:58 AM  1000   3824361  157.00  190.00    0.00    0.00  347.00     0  springboot3
08:00:59 AM  1000   3824361  186.00  185.00    0.00    0.00  371.00     0  springboot3
08:01:00 AM  1000   3824361  191.00  181.00    0.00    0.00  372.00     0  springboot3
08:01:01 AM  1000   3824361  201.00  170.00    0.00    0.00  371.00     0  springboot3
08:01:02 AM  1000   3824361  221.00  146.00    0.00    0.00  367.00     0  springboot3
08:01:03 AM  1000   3824361  151.00  228.00    0.00    0.00  379.00     0  springboot3
08:01:04 AM  1000   3824361  228.00  133.00    0.00    0.00  361.00     0  springboot3
08:01:05 AM  1000   3824361  203.00  178.00    0.00    0.00  381.00     0  springboot3
08:01:06 AM  1000   3824361  248.00  122.00    0.00    0.00  370.00     0  springboot3
08:01:07 AM  1000   3824361  245.00  115.00    0.00    0.00  360.00     0  springboot3
08:01:08 AM  1000   3824361  240.00  128.00    0.00    0.00  368.00     0  springboot3
08:01:09 AM  1000   3824361  180.00  197.00    0.00    0.00  377.00     0  springboot3
08:01:10 AM  1000   3824361  179.00  196.00    0.00    0.00  375.00     0  springboot3
08:01:11 AM  1000   3824361  252.00  118.00    0.00    0.00  370.00     0  springboot3
08:01:12 AM  1000   3824361  175.00  200.00    0.00    0.00  375.00     0  springboot3
08:01:13 AM  1000   3824361  187.00  185.00    0.00    0.00  372.00     0  springboot3
08:01:14 AM  1000   3824361  174.00  206.00    0.00    0.00  380.00     0  springboot3
08:01:15 AM  1000   3824361  224.00  140.00    0.00    0.00  364.00     0  springboot3
08:01:16 AM  1000   3824361  236.00  136.00    0.00    0.00  372.00     0  springboot3
08:01:17 AM  1000   3824361  188.00  186.00    0.00    0.00  374.00     0  springboot3
08:01:18 AM  1000   3824361  183.00  193.00    0.00    0.00  376.00     0  springboot3
08:01:19 AM  1000   3824361  235.00  133.00    0.00    0.00  368.00     0  springboot3
08:01:20 AM  1000   3824361  266.00   99.00    0.00    0.00  365.00     0  springboot3
08:01:21 AM  1000   3824361  195.00  178.00    0.00    0.00  373.00     0  springboot3
08:01:22 AM  1000   3824361  251.00  110.00    0.00    0.00  361.00     0  springboot3
08:01:23 AM  1000   3824361  200.00  181.00    0.00    0.00  381.00     0  springboot3
08:01:24 AM  1000   3824361  252.00  115.00    0.00    0.00  367.00     0  springboot3
08:01:25 AM  1000   3824361  198.00  182.00    0.00    0.00  380.00     0  springboot3
08:01:26 AM  1000   3824361  242.00  119.00    0.00    0.00  361.00     0  springboot3
08:01:27 AM  1000   3824361  221.00  148.00    0.00    0.00  369.00     0  springboot3
08:01:28 AM  1000   3824361  217.00  157.00    0.00    0.00  374.00     0  springboot3
08:01:29 AM  1000   3824361  226.00  151.00    0.00    0.00  377.00     0  springboot3
08:01:30 AM  1000   3824361  232.00  128.00    0.00    0.00  360.00     0  springboot3
08:01:31 AM  1000   3824361  193.00  189.00    0.00    0.00  382.00     0  springboot3
08:01:32 AM  1000   3824361  177.00  196.00    0.00    0.00  373.00     0  springboot3
08:01:33 AM  1000   3824361  231.00  131.00    0.00    0.00  362.00     0  springboot3
08:01:34 AM  1000   3824361   22.00   19.00    0.00    0.00   41.00     0  springboot3
08:01:35 AM  1000   3824361    0.00    0.00    0.00    0.00    0.00     0  springboot3
08:01:36 AM  1000   3824361    0.00    0.00    0.00    0.00    0.00     0  springboot3
