[INFO] Scanning for projects...
[INFO] 
[INFO] -------------------------< org.acme:quarkus3 >--------------------------
[INFO] Building quarkus3 1.0
[INFO]   from pom.xml
[INFO] ------------------------------[ quarkus ]-------------------------------
[INFO] 
[INFO] --- clean:3.2.0:clean (default-clean) @ quarkus3 ---
[INFO] Deleting /home/jenkins/spring-quarkus-perf-comparison/spring-quarkus-perf-comparison/quarkus3/target
[INFO] 
[INFO] --- resources:3.3.1:resources (default-resources) @ quarkus3 ---
[WARNING] Using platform encoding (UTF-8 actually) to copy filtered resources, i.e. build is platform dependent!
[INFO] Copying 2 resources from src/main/resources to target/classes
[INFO] 
[INFO] --- quarkus:3.34.1:generate-code (default-generate-code) @ quarkus3 ---
[INFO] 
[INFO] --- compiler:3.15.0:compile (default-compile) @ quarkus3 ---
[INFO] Recompiling the module because of changed source code.
[WARNING] File encoding has not been set, using platform encoding UTF-8, i.e. build is platform dependent!
[INFO] Compiling 16 source files with javac [debug release 21] to target/classes
[INFO] 
[INFO] --- resources:3.3.1:testResources (default-testResources) @ quarkus3 ---
[WARNING] Using platform encoding (UTF-8 actually) to copy filtered resources, i.e. build is platform dependent!
[INFO] skip non existing resourceDirectory /home/jenkins/spring-quarkus-perf-comparison/spring-quarkus-perf-comparison/quarkus3/src/test/resources
[INFO] 
[INFO] --- quarkus:3.34.1:generate-code-tests (default-generate-code-tests) @ quarkus3 ---
[INFO] 
[INFO] --- compiler:3.15.0:testCompile (default-testCompile) @ quarkus3 ---
[INFO] Recompiling the module because of changed dependency.
[WARNING] File encoding has not been set, using platform encoding UTF-8, i.e. build is platform dependent!
[INFO] Compiling 4 source files with javac [debug release 21] to target/test-classes
[INFO] 
[INFO] --- surefire:3.5.5:test (default-test) @ quarkus3 ---
[INFO] 
[INFO] --- quarkus:3.34.1:build (default-build) @ quarkus3 ---
[WARNING] [io.quarkus.config] Unrecognized configuration key "quarkus.otel.traces."sampler.arg"" was provided; it will be ignored; verify that the dependency extension for this configuration is set or that you did not make a typo
[INFO] [io.quarkus.deployment.pkg.steps.JvmStartupOptimizerArchiveBuildStep] Launching AppCDS creation process.
[INFO] [io.quarkus.deployment.pkg.steps.JvmStartupOptimizerArchiveBuildStep] AppCDS archive successfully created at: '/home/jenkins/spring-quarkus-perf-comparison/spring-quarkus-perf-comparison/quarkus3/target/quarkus-app/app-cds.jsa'.
[INFO] [io.quarkus.deployment.pkg.steps.JvmStartupOptimizerArchiveBuildStep] To ensure they are loaded properly, run the application jar from its directory and also add the '-XX:SharedArchiveFile=app-cds.jsa' JVM flag.
Moreover, make sure to use the exact same Java version (25.0.2) to run the application as was used to build it.
[INFO] [io.quarkus.deployment.QuarkusAugmentor] Quarkus augmentation completed in 13738ms
[INFO] 
[INFO] --- failsafe:3.5.5:integration-test (default) @ quarkus3 ---
[INFO] Using auto detected provider org.apache.maven.surefire.junitplatform.JUnitPlatformProvider
[INFO] 
[INFO] -------------------------------------------------------
[INFO]  T E S T S
[INFO] -------------------------------------------------------
[INFO] Running org.acme.e2e.FruitControllerIT
2026-03-27 22:59:49,964 INFO  [org.testcontainers.DockerClientFactory] (build-4) Testcontainers version: 2.0.3
2026-03-27 22:59:50,188 INFO  [org.testcontainers.dockerclient.DockerMachineClientProviderStrategy] (build-4) docker-machine executable was not found on PATH ([/home/jenkins/.jbang/bin, /home/jenkins/.nvm/versions/node/v24.11.1/bin, /home/jenkins/.sdkman/candidates/maven/current/bin, /home/jenkins/.sdkman/candidates/java/25.0.2-tem/bin, /home/jenkins/.local/bin, /home/jenkins/bin, /usr/share/Modules/bin, /usr/local/bin, /usr/bin, /usr/local/sbin, /usr/sbin])
2026-03-27 22:59:50,189 ERROR [org.testcontainers.dockerclient.DockerClientProviderStrategy] (build-4) Could not find a valid Docker environment. Please check configuration. Attempted configurations were:
	UnixSocketClientProviderStrategy: failed with exception InvalidConfigurationException (Could not find unix domain socket). Root cause NoSuchFileException (/var/run/docker.sock)
	DockerDesktopClientProviderStrategy: failed with exception NullPointerException (Cannot invoke "java.nio.file.Path.toString()" because the return value of "org.testcontainers.dockerclient.DockerDesktopClientProviderStrategy.getSocketPath()" is null)As no valid configuration was found, execution cannot continue.
See https://java.testcontainers.org/on_failure.html for more details.
2026-03-27 22:59:50,750 INFO  [io.quarkus.observability.deployment.ObservabilityDevServiceProcessor] (build-4) Dev Service Lgtm properties override: {quarkus.otel.metric.export.interval=10s, quarkus.otel.bsp.schedule.delay=3s, quarkus.otel.blrp.schedule.delay=1s}
2026-03-27 22:59:50,757 INFO  [org.testcontainers.images.PullPolicy] (build-4) Image pull policy will be performed by: DefaultPullPolicy()
2026-03-27 22:59:50,759 INFO  [org.testcontainers.utility.ImageNameSubstitutor] (build-4) Image name substitution will be performed by: DefaultImageNameSubstitutor (composite of 'ConfigurationFileImageNameSubstitutor' and 'PrefixingImageNameSubstitutor')
2026-03-27 22:59:50,764 INFO  [org.testcontainers.DockerClientFactory] (build-6) Testcontainers version: 2.0.3
2026-03-27 22:59:50,783 INFO  [io.quarkus.observability.testcontainers.LgtmContainer] (build-4) Starting LGTM ...
2026-03-27 22:59:50,784 INFO  [org.testcontainers.DockerClientFactory] (build-4) Testcontainers version: 2.0.3
[ERROR] Tests run: 4, Failures: 0, Errors: 1, Skipped: 3, Time elapsed: 4.544 s <<< FAILURE! -- in org.acme.e2e.FruitControllerIT
[ERROR] org.acme.e2e.FruitControllerIT.getFruitNotFound -- Time elapsed: 0.016 s <<< ERROR!
java.lang.RuntimeException: 
java.lang.RuntimeException: io.quarkus.builder.BuildException: Build failure: Build failed due to errors
	[error]: Build step io.quarkus.datasource.deployment.devservices.DevServicesDatasourceProcessor#launchDatabases threw an exception: java.lang.RuntimeException: java.lang.IllegalStateException: Previous attempts to find a Docker environment failed. Will not retry. Please see logs and check configuration
	at io.quarkus.datasource.deployment.devservices.DevServicesDatasourceProcessor.startDevDb(DevServicesDatasourceProcessor.java:243)
	at io.quarkus.datasource.deployment.devservices.DevServicesDatasourceProcessor.launchDatabases(DevServicesDatasourceProcessor.java:94)
	at java.base/java.lang.invoke.MethodHandle.invokeWithArguments(MethodHandle.java:735)
	at io.quarkus.deployment.ExtensionLoader$3.execute(ExtensionLoader.java:898)
	at io.quarkus.builder.BuildContext.run(BuildContext.java:242)
	at org.jboss.threads.ContextHandler$1.runWith(ContextHandler.java:18)
	at org.jboss.threads.EnhancedQueueExecutor$Task.doRunWith(EnhancedQueueExecutor.java:2651)
	at org.jboss.threads.EnhancedQueueExecutor$Task.run(EnhancedQueueExecutor.java:2630)
	at org.jboss.threads.EnhancedQueueExecutor.runThreadBody(EnhancedQueueExecutor.java:1622)
	at org.jboss.threads.EnhancedQueueExecutor$ThreadBody.run(EnhancedQueueExecutor.java:1589)
	at java.base/java.lang.Thread.run(Thread.java:1474)
	at org.jboss.threads.JBossThread.run(JBossThread.java:501)
Caused by: java.lang.IllegalStateException: Previous attempts to find a Docker environment failed. Will not retry. Please see logs and check configuration
	at org.testcontainers.dockerclient.DockerClientProviderStrategy.getFirstValidStrategy(DockerClientProviderStrategy.java:229)
	at org.testcontainers.DockerClientFactory.getOrInitializeStrategy(DockerClientFactory.java:154)
	at org.testcontainers.DockerClientFactory.dockerHostIpAddress(DockerClientFactory.java:344)
	at org.testcontainers.containers.ContainerState.getHost(ContainerState.java:64)
	at io.quarkus.devservices.common.ConfigureUtil.configureNetwork(ConfigureUtil.java:46)
	at io.quarkus.devservices.postgresql.deployment.PostgresqlDevServicesProcessor$QuarkusPostgreSQLContainer.<init>(PostgresqlDevServicesProcessor.java:156)
	at io.quarkus.devservices.postgresql.deployment.PostgresqlDevServicesProcessor$1.createDatasourceStartable(PostgresqlDevServicesProcessor.java:76)
	at io.quarkus.datasource.deployment.devservices.DevServicesDatasourceProcessor.lambda$startDevDb$5(DevServicesDatasourceProcessor.java:216)
	at java.base/java.util.Optional.orElseGet(Optional.java:364)
	at io.quarkus.datasource.deployment.devservices.DevServicesDatasourceProcessor.startDevDb(DevServicesDatasourceProcessor.java:214)
	... 11 more

	[error]: Build step io.quarkus.observability.deployment.ObservabilityDevServiceProcessor#startContainers threw an exception: java.lang.RuntimeException: java.lang.IllegalStateException: Previous attempts to find a Docker environment failed. Will not retry. Please see logs and check configuration
	at io.quarkus.observability.deployment.ObservabilityDevServiceProcessor.lambda$startContainers$4(ObservabilityDevServiceProcessor.java:189)
	at java.base/java.util.ArrayList$ArrayListSpliterator.forEachRemaining(ArrayList.java:1716)
	at java.base/java.util.stream.ReferencePipeline$Head.forEach(ReferencePipeline.java:803)
	at io.quarkus.observability.deployment.ObservabilityDevServiceProcessor.startContainers(ObservabilityDevServiceProcessor.java:120)
	at java.base/java.lang.invoke.MethodHandle.invokeWithArguments(MethodHandle.java:735)
	at io.quarkus.deployment.ExtensionLoader$3.execute(ExtensionLoader.java:898)
	at io.quarkus.builder.BuildContext.run(BuildContext.java:242)
	at org.jboss.threads.ContextHandler$1.runWith(ContextHandler.java:18)
	at org.jboss.threads.EnhancedQueueExecutor$Task.doRunWith(EnhancedQueueExecutor.java:2651)
	at org.jboss.threads.EnhancedQueueExecutor$Task.run(EnhancedQueueExecutor.java:2630)
	at org.jboss.threads.EnhancedQueueExecutor.runThreadBody(EnhancedQueueExecutor.java:1622)
	at org.jboss.threads.EnhancedQueueExecutor$ThreadBody.run(EnhancedQueueExecutor.java:1589)
	at java.base/java.lang.Thread.run(Thread.java:1474)
	at org.jboss.threads.JBossThread.run(JBossThread.java:501)
Caused by: java.lang.IllegalStateException: Previous attempts to find a Docker environment failed. Will not retry. Please see logs and check configuration
	at org.testcontainers.dockerclient.DockerClientProviderStrategy.getFirstValidStrategy(DockerClientProviderStrategy.java:229)
	at org.testcontainers.DockerClientFactory.getOrInitializeStrategy(DockerClientFactory.java:154)
	at org.testcontainers.DockerClientFactory.client(DockerClientFactory.java:196)
	at org.testcontainers.DockerClientFactory$1.getDockerClient(DockerClientFactory.java:108)
	at com.github.dockerjava.api.DockerClientDelegate.authConfig(DockerClientDelegate.java:109)
	at org.testcontainers.containers.GenericContainer.start(GenericContainer.java:316)
	at io.quarkus.observability.testcontainers.ObservabilityContainer.start(ObservabilityContainer.java:71)
	at io.quarkus.observability.devresource.testcontainers.ContainerResource.start(ContainerResource.java:31)
	at io.quarkus.observability.deployment.ObservabilityDevServiceProcessor$2.get(ObservabilityDevServiceProcessor.java:248)
	at io.quarkus.observability.deployment.ObservabilityDevServiceProcessor$2.get(ObservabilityDevServiceProcessor.java:243)
	at java.base/java.util.Optional.orElseGet(Optional.java:364)
	at io.quarkus.observability.deployment.ObservabilityDevServiceProcessor.startContainer(ObservabilityDevServiceProcessor.java:282)
	at io.quarkus.observability.deployment.ObservabilityDevServiceProcessor.lambda$startContainers$4(ObservabilityDevServiceProcessor.java:170)
	... 13 more

	at io.quarkus.test.junit.QuarkusIntegrationTestExtension.throwBootFailureException(QuarkusIntegrationTestExtension.java:387)
	at io.quarkus.test.junit.QuarkusIntegrationTestExtension.beforeEach(QuarkusIntegrationTestExtension.java:124)
	at java.base/java.util.ArrayList.forEach(ArrayList.java:1604)
	at java.base/java.util.ArrayList.forEach(ArrayList.java:1604)
Caused by: java.lang.RuntimeException: io.quarkus.builder.BuildException: Build failure: Build failed due to errors
	[error]: Build step io.quarkus.datasource.deployment.devservices.DevServicesDatasourceProcessor#launchDatabases threw an exception: java.lang.RuntimeException: java.lang.IllegalStateException: Previous attempts to find a Docker environment failed. Will not retry. Please see logs and check configuration
	at io.quarkus.datasource.deployment.devservices.DevServicesDatasourceProcessor.startDevDb(DevServicesDatasourceProcessor.java:243)
	at io.quarkus.datasource.deployment.devservices.DevServicesDatasourceProcessor.launchDatabases(DevServicesDatasourceProcessor.java:94)
	at java.base/java.lang.invoke.MethodHandle.invokeWithArguments(MethodHandle.java:735)
	at io.quarkus.deployment.ExtensionLoader$3.execute(ExtensionLoader.java:898)
	at io.quarkus.builder.BuildContext.run(BuildContext.java:242)
	at org.jboss.threads.ContextHandler$1.runWith(ContextHandler.java:18)
	at org.jboss.threads.EnhancedQueueExecutor$Task.doRunWith(EnhancedQueueExecutor.java:2651)
	at org.jboss.threads.EnhancedQueueExecutor$Task.run(EnhancedQueueExecutor.java:2630)
	at org.jboss.threads.EnhancedQueueExecutor.runThreadBody(EnhancedQueueExecutor.java:1622)
	at org.jboss.threads.EnhancedQueueExecutor$ThreadBody.run(EnhancedQueueExecutor.java:1589)
	at java.base/java.lang.Thread.run(Thread.java:1474)
	at org.jboss.threads.JBossThread.run(JBossThread.java:501)
Caused by: java.lang.IllegalStateException: Previous attempts to find a Docker environment failed. Will not retry. Please see logs and check configuration
	at org.testcontainers.dockerclient.DockerClientProviderStrategy.getFirstValidStrategy(DockerClientProviderStrategy.java:229)
	at org.testcontainers.DockerClientFactory.getOrInitializeStrategy(DockerClientFactory.java:154)
	at org.testcontainers.DockerClientFactory.dockerHostIpAddress(DockerClientFactory.java:344)
	at org.testcontainers.containers.ContainerState.getHost(ContainerState.java:64)
	at io.quarkus.devservices.common.ConfigureUtil.configureNetwork(ConfigureUtil.java:46)
	at io.quarkus.devservices.postgresql.deployment.PostgresqlDevServicesProcessor$QuarkusPostgreSQLContainer.<init>(PostgresqlDevServicesProcessor.java:156)
	at io.quarkus.devservices.postgresql.deployment.PostgresqlDevServicesProcessor$1.createDatasourceStartable(PostgresqlDevServicesProcessor.java:76)
	at io.quarkus.datasource.deployment.devservices.DevServicesDatasourceProcessor.lambda$startDevDb$5(DevServicesDatasourceProcessor.java:216)
	at java.base/java.util.Optional.orElseGet(Optional.java:364)
	at io.quarkus.datasource.deployment.devservices.DevServicesDatasourceProcessor.startDevDb(DevServicesDatasourceProcessor.java:214)
	... 11 more

	[error]: Build step io.quarkus.observability.deployment.ObservabilityDevServiceProcessor#startContainers threw an exception: java.lang.RuntimeException: java.lang.IllegalStateException: Previous attempts to find a Docker environment failed. Will not retry. Please see logs and check configuration
	at io.quarkus.observability.deployment.ObservabilityDevServiceProcessor.lambda$startContainers$4(ObservabilityDevServiceProcessor.java:189)
	at java.base/java.util.ArrayList$ArrayListSpliterator.forEachRemaining(ArrayList.java:1716)
	at java.base/java.util.stream.ReferencePipeline$Head.forEach(ReferencePipeline.java:803)
	at io.quarkus.observability.deployment.ObservabilityDevServiceProcessor.startContainers(ObservabilityDevServiceProcessor.java:120)
	at java.base/java.lang.invoke.MethodHandle.invokeWithArguments(MethodHandle.java:735)
	at io.quarkus.deployment.ExtensionLoader$3.execute(ExtensionLoader.java:898)
	at io.quarkus.builder.BuildContext.run(BuildContext.java:242)
	at org.jboss.threads.ContextHandler$1.runWith(ContextHandler.java:18)
	at org.jboss.threads.EnhancedQueueExecutor$Task.doRunWith(EnhancedQueueExecutor.java:2651)
	at org.jboss.threads.EnhancedQueueExecutor$Task.run(EnhancedQueueExecutor.java:2630)
	at org.jboss.threads.EnhancedQueueExecutor.runThreadBody(EnhancedQueueExecutor.java:1622)
	at org.jboss.threads.EnhancedQueueExecutor$ThreadBody.run(EnhancedQueueExecutor.java:1589)
	at java.base/java.lang.Thread.run(Thread.java:1474)
	at org.jboss.threads.JBossThread.run(JBossThread.java:501)
Caused by: java.lang.IllegalStateException: Previous attempts to find a Docker environment failed. Will not retry. Please see logs and check configuration
	at org.testcontainers.dockerclient.DockerClientProviderStrategy.getFirstValidStrategy(DockerClientProviderStrategy.java:229)
	at org.testcontainers.DockerClientFactory.getOrInitializeStrategy(DockerClientFactory.java:154)
	at org.testcontainers.DockerClientFactory.client(DockerClientFactory.java:196)
	at org.testcontainers.DockerClientFactory$1.getDockerClient(DockerClientFactory.java:108)
	at com.github.dockerjava.api.DockerClientDelegate.authConfig(DockerClientDelegate.java:109)
	at org.testcontainers.containers.GenericContainer.start(GenericContainer.java:316)
	at io.quarkus.observability.testcontainers.ObservabilityContainer.start(ObservabilityContainer.java:71)
	at io.quarkus.observability.devresource.testcontainers.ContainerResource.start(ContainerResource.java:31)
	at io.quarkus.observability.deployment.ObservabilityDevServiceProcessor$2.get(ObservabilityDevServiceProcessor.java:248)
	at io.quarkus.observability.deployment.ObservabilityDevServiceProcessor$2.get(ObservabilityDevServiceProcessor.java:243)
	at java.base/java.util.Optional.orElseGet(Optional.java:364)
	at io.quarkus.observability.deployment.ObservabilityDevServiceProcessor.startContainer(ObservabilityDevServiceProcessor.java:282)
	at io.quarkus.observability.deployment.ObservabilityDevServiceProcessor.lambda$startContainers$4(ObservabilityDevServiceProcessor.java:170)
	... 13 more

	at io.quarkus.runner.bootstrap.AugmentActionImpl.runAugment(AugmentActionImpl.java:441)
	at io.quarkus.runner.bootstrap.AugmentActionImpl.performCustomBuild(AugmentActionImpl.java:173)
	at io.quarkus.test.junit.IntegrationTestUtil.handleDevServices(IntegrationTestUtil.java:249)
	at io.quarkus.test.junit.QuarkusIntegrationTestExtension.doProcessStart(QuarkusIntegrationTestExtension.java:226)
	at io.quarkus.test.junit.QuarkusIntegrationTestExtension.ensureStarted(QuarkusIntegrationTestExtension.java:183)
	at io.quarkus.test.junit.QuarkusIntegrationTestExtension.beforeAll(QuarkusIntegrationTestExtension.java:143)
	... 1 more
Caused by: io.quarkus.builder.BuildException: Build failure: Build failed due to errors
	[error]: Build step io.quarkus.datasource.deployment.devservices.DevServicesDatasourceProcessor#launchDatabases threw an exception: java.lang.RuntimeException: java.lang.IllegalStateException: Previous attempts to find a Docker environment failed. Will not retry. Please see logs and check configuration
	at io.quarkus.datasource.deployment.devservices.DevServicesDatasourceProcessor.startDevDb(DevServicesDatasourceProcessor.java:243)
	at io.quarkus.datasource.deployment.devservices.DevServicesDatasourceProcessor.launchDatabases(DevServicesDatasourceProcessor.java:94)
	at java.base/java.lang.invoke.MethodHandle.invokeWithArguments(MethodHandle.java:735)
	at io.quarkus.deployment.ExtensionLoader$3.execute(ExtensionLoader.java:898)
	at io.quarkus.builder.BuildContext.run(BuildContext.java:242)
	at org.jboss.threads.ContextHandler$1.runWith(ContextHandler.java:18)
	at org.jboss.threads.EnhancedQueueExecutor$Task.doRunWith(EnhancedQueueExecutor.java:2651)
	at org.jboss.threads.EnhancedQueueExecutor$Task.run(EnhancedQueueExecutor.java:2630)
	at org.jboss.threads.EnhancedQueueExecutor.runThreadBody(EnhancedQueueExecutor.java:1622)
	at org.jboss.threads.EnhancedQueueExecutor$ThreadBody.run(EnhancedQueueExecutor.java:1589)
	at java.base/java.lang.Thread.run(Thread.java:1474)
	at org.jboss.threads.JBossThread.run(JBossThread.java:501)
Caused by: java.lang.IllegalStateException: Previous attempts to find a Docker environment failed. Will not retry. Please see logs and check configuration
	at org.testcontainers.dockerclient.DockerClientProviderStrategy.getFirstValidStrategy(DockerClientProviderStrategy.java:229)
	at org.testcontainers.DockerClientFactory.getOrInitializeStrategy(DockerClientFactory.java:154)
	at org.testcontainers.DockerClientFactory.dockerHostIpAddress(DockerClientFactory.java:344)
	at org.testcontainers.containers.ContainerState.getHost(ContainerState.java:64)
	at io.quarkus.devservices.common.ConfigureUtil.configureNetwork(ConfigureUtil.java:46)
	at io.quarkus.devservices.postgresql.deployment.PostgresqlDevServicesProcessor$QuarkusPostgreSQLContainer.<init>(PostgresqlDevServicesProcessor.java:156)
	at io.quarkus.devservices.postgresql.deployment.PostgresqlDevServicesProcessor$1.createDatasourceStartable(PostgresqlDevServicesProcessor.java:76)
	at io.quarkus.datasource.deployment.devservices.DevServicesDatasourceProcessor.lambda$startDevDb$5(DevServicesDatasourceProcessor.java:216)
	at java.base/java.util.Optional.orElseGet(Optional.java:364)
	at io.quarkus.datasource.deployment.devservices.DevServicesDatasourceProcessor.startDevDb(DevServicesDatasourceProcessor.java:214)
	... 11 more

	[error]: Build step io.quarkus.observability.deployment.ObservabilityDevServiceProcessor#startContainers threw an exception: java.lang.RuntimeException: java.lang.IllegalStateException: Previous attempts to find a Docker environment failed. Will not retry. Please see logs and check configuration
	at io.quarkus.observability.deployment.ObservabilityDevServiceProcessor.lambda$startContainers$4(ObservabilityDevServiceProcessor.java:189)
	at java.base/java.util.ArrayList$ArrayListSpliterator.forEachRemaining(ArrayList.java:1716)
	at java.base/java.util.stream.ReferencePipeline$Head.forEach(ReferencePipeline.java:803)
	at io.quarkus.observability.deployment.ObservabilityDevServiceProcessor.startContainers(ObservabilityDevServiceProcessor.java:120)
	at java.base/java.lang.invoke.MethodHandle.invokeWithArguments(MethodHandle.java:735)
	at io.quarkus.deployment.ExtensionLoader$3.execute(ExtensionLoader.java:898)
	at io.quarkus.builder.BuildContext.run(BuildContext.java:242)
	at org.jboss.threads.ContextHandler$1.runWith(ContextHandler.java:18)
	at org.jboss.threads.EnhancedQueueExecutor$Task.doRunWith(EnhancedQueueExecutor.java:2651)
	at org.jboss.threads.EnhancedQueueExecutor$Task.run(EnhancedQueueExecutor.java:2630)
	at org.jboss.threads.EnhancedQueueExecutor.runThreadBody(EnhancedQueueExecutor.java:1622)
	at org.jboss.threads.EnhancedQueueExecutor$ThreadBody.run(EnhancedQueueExecutor.java:1589)
	at java.base/java.lang.Thread.run(Thread.java:1474)
	at org.jboss.threads.JBossThread.run(JBossThread.java:501)
Caused by: java.lang.IllegalStateException: Previous attempts to find a Docker environment failed. Will not retry. Please see logs and check configuration
	at org.testcontainers.dockerclient.DockerClientProviderStrategy.getFirstValidStrategy(DockerClientProviderStrategy.java:229)
	at org.testcontainers.DockerClientFactory.getOrInitializeStrategy(DockerClientFactory.java:154)
	at org.testcontainers.DockerClientFactory.client(DockerClientFactory.java:196)
	at org.testcontainers.DockerClientFactory$1.getDockerClient(DockerClientFactory.java:108)
	at com.github.dockerjava.api.DockerClientDelegate.authConfig(DockerClientDelegate.java:109)
	at org.testcontainers.containers.GenericContainer.start(GenericContainer.java:316)
	at io.quarkus.observability.testcontainers.ObservabilityContainer.start(ObservabilityContainer.java:71)
	at io.quarkus.observability.devresource.testcontainers.ContainerResource.start(ContainerResource.java:31)
	at io.quarkus.observability.deployment.ObservabilityDevServiceProcessor$2.get(ObservabilityDevServiceProcessor.java:248)
	at io.quarkus.observability.deployment.ObservabilityDevServiceProcessor$2.get(ObservabilityDevServiceProcessor.java:243)
	at java.base/java.util.Optional.orElseGet(Optional.java:364)
	at io.quarkus.observability.deployment.ObservabilityDevServiceProcessor.startContainer(ObservabilityDevServiceProcessor.java:282)
	at io.quarkus.observability.deployment.ObservabilityDevServiceProcessor.lambda$startContainers$4(ObservabilityDevServiceProcessor.java:170)
	... 13 more

	at io.quarkus.builder.Execution.run(Execution.java:139)
	at io.quarkus.builder.BuildExecutionBuilder.execute(BuildExecutionBuilder.java:76)
	at io.quarkus.deployment.QuarkusAugmentor.run(QuarkusAugmentor.java:182)
	at io.quarkus.runner.bootstrap.AugmentActionImpl.runAugment(AugmentActionImpl.java:437)
	... 6 more
	Suppressed: java.lang.RuntimeException: java.lang.IllegalStateException: Previous attempts to find a Docker environment failed. Will not retry. Please see logs and check configuration
		at io.quarkus.observability.deployment.ObservabilityDevServiceProcessor.lambda$startContainers$4(ObservabilityDevServiceProcessor.java:189)
		at java.base/java.util.ArrayList$ArrayListSpliterator.forEachRemaining(ArrayList.java:1716)
		at java.base/java.util.stream.ReferencePipeline$Head.forEach(ReferencePipeline.java:803)
		at io.quarkus.observability.deployment.ObservabilityDevServiceProcessor.startContainers(ObservabilityDevServiceProcessor.java:120)
		at java.base/java.lang.invoke.MethodHandle.invokeWithArguments(MethodHandle.java:735)
		at io.quarkus.deployment.ExtensionLoader$3.execute(ExtensionLoader.java:898)
		at io.quarkus.builder.BuildContext.run(BuildContext.java:242)
		at org.jboss.threads.ContextHandler$1.runWith(ContextHandler.java:18)
		at org.jboss.threads.EnhancedQueueExecutor$Task.doRunWith(EnhancedQueueExecutor.java:2651)
		at org.jboss.threads.EnhancedQueueExecutor$Task.run(EnhancedQueueExecutor.java:2630)
		at org.jboss.threads.EnhancedQueueExecutor.runThreadBody(EnhancedQueueExecutor.java:1622)
		at org.jboss.threads.EnhancedQueueExecutor$ThreadBody.run(EnhancedQueueExecutor.java:1589)
		at java.base/java.lang.Thread.run(Thread.java:1474)
		at org.jboss.threads.JBossThread.run(JBossThread.java:501)
	Caused by: java.lang.IllegalStateException: Previous attempts to find a Docker environment failed. Will not retry. Please see logs and check configuration
		at org.testcontainers.dockerclient.DockerClientProviderStrategy.getFirstValidStrategy(DockerClientProviderStrategy.java:229)
		at org.testcontainers.DockerClientFactory.getOrInitializeStrategy(DockerClientFactory.java:154)
		at org.testcontainers.DockerClientFactory.client(DockerClientFactory.java:196)
		at org.testcontainers.DockerClientFactory$1.getDockerClient(DockerClientFactory.java:108)
		at com.github.dockerjava.api.DockerClientDelegate.authConfig(DockerClientDelegate.java:109)
		at org.testcontainers.containers.GenericContainer.start(GenericContainer.java:316)
		at io.quarkus.observability.testcontainers.ObservabilityContainer.start(ObservabilityContainer.java:71)
		at io.quarkus.observability.devresource.testcontainers.ContainerResource.start(ContainerResource.java:31)
		at io.quarkus.observability.deployment.ObservabilityDevServiceProcessor$2.get(ObservabilityDevServiceProcessor.java:248)
		at io.quarkus.observability.deployment.ObservabilityDevServiceProcessor$2.get(ObservabilityDevServiceProcessor.java:243)
		at java.base/java.util.Optional.orElseGet(Optional.java:364)
		at io.quarkus.observability.deployment.ObservabilityDevServiceProcessor.startContainer(ObservabilityDevServiceProcessor.java:282)
		at io.quarkus.observability.deployment.ObservabilityDevServiceProcessor.lambda$startContainers$4(ObservabilityDevServiceProcessor.java:170)
		... 13 more
Caused by: java.lang.RuntimeException: java.lang.IllegalStateException: Previous attempts to find a Docker environment failed. Will not retry. Please see logs and check configuration
	at io.quarkus.datasource.deployment.devservices.DevServicesDatasourceProcessor.startDevDb(DevServicesDatasourceProcessor.java:243)
	at io.quarkus.datasource.deployment.devservices.DevServicesDatasourceProcessor.launchDatabases(DevServicesDatasourceProcessor.java:94)
	at java.base/java.lang.invoke.MethodHandle.invokeWithArguments(MethodHandle.java:735)
	at io.quarkus.deployment.ExtensionLoader$3.execute(ExtensionLoader.java:898)
	at io.quarkus.builder.BuildContext.run(BuildContext.java:242)
	at org.jboss.threads.ContextHandler$1.runWith(ContextHandler.java:18)
	at org.jboss.threads.EnhancedQueueExecutor$Task.doRunWith(EnhancedQueueExecutor.java:2651)
	at org.jboss.threads.EnhancedQueueExecutor$Task.run(EnhancedQueueExecutor.java:2630)
	at org.jboss.threads.EnhancedQueueExecutor.runThreadBody(EnhancedQueueExecutor.java:1622)
	at org.jboss.threads.EnhancedQueueExecutor$ThreadBody.run(EnhancedQueueExecutor.java:1589)
	at java.base/java.lang.Thread.run(Thread.java:1474)
	at org.jboss.threads.JBossThread.run(JBossThread.java:501)
Caused by: java.lang.IllegalStateException: Previous attempts to find a Docker environment failed. Will not retry. Please see logs and check configuration
	at org.testcontainers.dockerclient.DockerClientProviderStrategy.getFirstValidStrategy(DockerClientProviderStrategy.java:229)
	at org.testcontainers.DockerClientFactory.getOrInitializeStrategy(DockerClientFactory.java:154)
	at org.testcontainers.DockerClientFactory.dockerHostIpAddress(DockerClientFactory.java:344)
	at org.testcontainers.containers.ContainerState.getHost(ContainerState.java:64)
	at io.quarkus.devservices.common.ConfigureUtil.configureNetwork(ConfigureUtil.java:46)
	at io.quarkus.devservices.postgresql.deployment.PostgresqlDevServicesProcessor$QuarkusPostgreSQLContainer.<init>(PostgresqlDevServicesProcessor.java:156)
	at io.quarkus.devservices.postgresql.deployment.PostgresqlDevServicesProcessor$1.createDatasourceStartable(PostgresqlDevServicesProcessor.java:76)
	at io.quarkus.datasource.deployment.devservices.DevServicesDatasourceProcessor.lambda$startDevDb$5(DevServicesDatasourceProcessor.java:216)
	at java.base/java.util.Optional.orElseGet(Optional.java:364)
	at io.quarkus.datasource.deployment.devservices.DevServicesDatasourceProcessor.startDevDb(DevServicesDatasourceProcessor.java:214)
	... 11 more

[INFO] 
[INFO] Results:
[INFO] 
[ERROR] Errors: 
[ERROR]   FruitControllerIT.getFruitNotFound » Runtime java.lang.RuntimeException: io.quarkus.builder.BuildException: Build failure: Build failed due to errors
	[error]: Build step io.quarkus.datasource.deployment.devservices.DevServicesDatasourceProcessor#launchDatabases threw an exception: java.lang.RuntimeException: java.lang.IllegalStateException: Previous attempts to find a Docker environment failed. Will not retry. Please see logs and check configuration
	at io.quarkus.datasource.deployment.devservices.DevServicesDatasourceProcessor.startDevDb(DevServicesDatasourceProcessor.java:243)
	at io.quarkus.datasource.deployment.devservices.DevServicesDatasourceProcessor.launchDatabases(DevServicesDatasourceProcessor.java:94)
	at java.base/java.lang.invoke.MethodHandle.invokeWithArguments(MethodHandle.java:735)
	at io.quarkus.deployment.ExtensionLoader$3.execute(ExtensionLoader.java:898)
	at io.quarkus.builder.BuildContext.run(BuildContext.java:242)
	at org.jboss.threads.ContextHandler$1.runWith(ContextHandler.java:18)
	at org.jboss.threads.EnhancedQueueExecutor$Task.doRunWith(EnhancedQueueExecutor.java:2651)
	at org.jboss.threads.EnhancedQueueExecutor$Task.run(EnhancedQueueExecutor.java:2630)
	at org.jboss.threads.EnhancedQueueExecutor.runThreadBody(EnhancedQueueExecutor.java:1622)
	at org.jboss.threads.EnhancedQueueExecutor$ThreadBody.run(EnhancedQueueExecutor.java:1589)
	at java.base/java.lang.Thread.run(Thread.java:1474)
	at org.jboss.threads.JBossThread.run(JBossThread.java:501)
Caused by: java.lang.IllegalStateException: Previous attempts to find a Docker environment failed. Will not retry. Please see logs and check configuration
	at org.testcontainers.dockerclient.DockerClientProviderStrategy.getFirstValidStrategy(DockerClientProviderStrategy.java:229)
	at org.testcontainers.DockerClientFactory.getOrInitializeStrategy(DockerClientFactory.java:154)
	at org.testcontainers.DockerClientFactory.dockerHostIpAddress(DockerClientFactory.java:344)
	at org.testcontainers.containers.ContainerState.getHost(ContainerState.java:64)
	at io.quarkus.devservices.common.ConfigureUtil.configureNetwork(ConfigureUtil.java:46)
	at io.quarkus.devservices.postgresql.deployment.PostgresqlDevServicesProcessor$QuarkusPostgreSQLContainer.<init>(PostgresqlDevServicesProcessor.java:156)
	at io.quarkus.devservices.postgresql.deployment.PostgresqlDevServicesProcessor$1.createDatasourceStartable(PostgresqlDevServicesProcessor.java:76)
	at io.quarkus.datasource.deployment.devservices.DevServicesDatasourceProcessor.lambda$startDevDb$5(DevServicesDatasourceProcessor.java:216)
	at java.base/java.util.Optional.orElseGet(Optional.java:364)
	at io.quarkus.datasource.deployment.devservices.DevServicesDatasourceProcessor.startDevDb(DevServicesDatasourceProcessor.java:214)
	... 11 more

	[error]: Build step io.quarkus.observability.deployment.ObservabilityDevServiceProcessor#startContainers threw an exception: java.lang.RuntimeException: java.lang.IllegalStateException: Previous attempts to find a Docker environment failed. Will not retry. Please see logs and check configuration
	at io.quarkus.observability.deployment.ObservabilityDevServiceProcessor.lambda$startContainers$4(ObservabilityDevServiceProcessor.java:189)
	at java.base/java.util.ArrayList$ArrayListSpliterator.forEachRemaining(ArrayList.java:1716)
	at java.base/java.util.stream.ReferencePipeline$Head.forEach(ReferencePipeline.java:803)
	at io.quarkus.observability.deployment.ObservabilityDevServiceProcessor.startContainers(ObservabilityDevServiceProcessor.java:120)
	at java.base/java.lang.invoke.MethodHandle.invokeWithArguments(MethodHandle.java:735)
	at io.quarkus.deployment.ExtensionLoader$3.execute(ExtensionLoader.java:898)
	at io.quarkus.builder.BuildContext.run(BuildContext.java:242)
	at org.jboss.threads.ContextHandler$1.runWith(ContextHandler.java:18)
	at org.jboss.threads.EnhancedQueueExecutor$Task.doRunWith(EnhancedQueueExecutor.java:2651)
	at org.jboss.threads.EnhancedQueueExecutor$Task.run(EnhancedQueueExecutor.java:2630)
	at org.jboss.threads.EnhancedQueueExecutor.runThreadBody(EnhancedQueueExecutor.java:1622)
	at org.jboss.threads.EnhancedQueueExecutor$ThreadBody.run(EnhancedQueueExecutor.java:1589)
	at java.base/java.lang.Thread.run(Thread.java:1474)
	at org.jboss.threads.JBossThread.run(JBossThread.java:501)
Caused by: java.lang.IllegalStateException: Previous attempts to find a Docker environment failed. Will not retry. Please see logs and check configuration
	at org.testcontainers.dockerclient.DockerClientProviderStrategy.getFirstValidStrategy(DockerClientProviderStrategy.java:229)
	at org.testcontainers.DockerClientFactory.getOrInitializeStrategy(DockerClientFactory.java:154)
	at org.testcontainers.DockerClientFactory.client(DockerClientFactory.java:196)
	at org.testcontainers.DockerClientFactory$1.getDockerClient(DockerClientFactory.java:108)
	at com.github.dockerjava.api.DockerClientDelegate.authConfig(DockerClientDelegate.java:109)
	at org.testcontainers.containers.GenericContainer.start(GenericContainer.java:316)
	at io.quarkus.observability.testcontainers.ObservabilityContainer.start(ObservabilityContainer.java:71)
	at io.quarkus.observability.devresource.testcontainers.ContainerResource.start(ContainerResource.java:31)
	at io.quarkus.observability.deployment.ObservabilityDevServiceProcessor$2.get(ObservabilityDevServiceProcessor.java:248)
	at io.quarkus.observability.deployment.ObservabilityDevServiceProcessor$2.get(ObservabilityDevServiceProcessor.java:243)
	at java.base/java.util.Optional.orElseGet(Optional.java:364)
	at io.quarkus.observability.deployment.ObservabilityDevServiceProcessor.startContainer(ObservabilityDevServiceProcessor.java:282)
	at io.quarkus.observability.deployment.ObservabilityDevServiceProcessor.lambda$startContainers$4(ObservabilityDevServiceProcessor.java:170)
	... 13 more

[INFO] 
[ERROR] Tests run: 4, Failures: 0, Errors: 1, Skipped: 3
[INFO] 
[INFO] 
[INFO] --- quarkus:3.34.1:native-image-agent (default-native-image-agent) @ quarkus3 ---
[INFO] 
[INFO] --- quarkus:3.34.1:build-aot-enhanced-container-image (default-build-aot-enhanced-container-image) @ quarkus3 ---
[INFO] 
[INFO] --- failsafe:3.5.5:verify (default) @ quarkus3 ---
[INFO] ------------------------------------------------------------------------
[INFO] BUILD FAILURE
[INFO] ------------------------------------------------------------------------
[INFO] Total time:  27.057 s
[INFO] Finished at: 2026-03-27T22:59:51-04:00
[INFO] ------------------------------------------------------------------------
[ERROR] Failed to execute goal org.apache.maven.plugins:maven-failsafe-plugin:3.5.5:verify (default) on project quarkus3: 
[ERROR] 
[ERROR] See /home/jenkins/spring-quarkus-perf-comparison/spring-quarkus-perf-comparison/quarkus3/target/failsafe-reports for the individual test results.
[ERROR] See dump files (if any exist) [date].dump, [date]-jvmRun[N].dump and [date].dumpstream.
[ERROR] -> [Help 1]
[ERROR] 
[ERROR] To see the full stack trace of the errors, re-run Maven with the -e switch.
[ERROR] Re-run Maven using the -X switch to enable full debug logging.
[ERROR] 
[ERROR] For more information about the errors and possible solutions, please read the following articles:
[ERROR] [Help 1] http://cwiki.apache.org/confluence/display/MAVEN/MojoFailureException
