Linux 5.14.0-570.60.1.el9_6.x86_64 *****) 	03/28/2026 	_x86_64_	(64 CPU)

12:02:14 AM   UID       PID    %usr %system  %guest   %wait    %CPU   CPU  Command
12:02:15 AM  1000    156115    0.00    0.00    0.00    0.00    0.00    18  run-grafana.sh
12:02:15 AM  1000    156117    0.00    0.00    0.00    0.00    0.00    20  run-loki.sh
12:02:15 AM  1000    156120    0.00    0.00    0.00    0.00    0.00    16  run-otelcol.sh
12:02:15 AM  1000    156124    0.00    0.00    0.00    0.00    0.00    16  run-prometheus.
12:02:15 AM  1000    156130    0.00    0.00    0.00    0.00    0.00    16  run-tempo.sh
12:02:15 AM  1000    156148    0.00    0.00    0.00    0.00    0.00    16  run-pyroscope.s

12:02:15 AM   UID       PID    %usr %system  %guest   %wait    %CPU   CPU  Command
12:02:16 AM  1000    156115    0.00    0.00    0.00    0.00    0.00    18  run-grafana.sh
12:02:16 AM  1000    156117    0.00    0.00    0.00    0.00    0.00    20  run-loki.sh
12:02:16 AM  1000    156120    0.00    0.00    0.00    0.00    0.00    16  run-otelcol.sh
12:02:16 AM  1000    156124    0.00    0.00    0.00    0.00    0.00    16  run-prometheus.
12:02:16 AM  1000    156130    0.00    0.00    0.00    0.00    0.00    16  run-tempo.sh
12:02:16 AM  1000    156148    0.00    0.00    0.00    0.00    0.00    16  run-pyroscope.s

12:02:16 AM   UID       PID    %usr %system  %guest   %wait    %CPU   CPU  Command
12:02:17 AM  1000    156115    0.00    0.00    0.00    0.00    0.00    18  run-grafana.sh
12:02:17 AM  1000    156117    0.00    0.00    0.00    0.00    0.00    20  run-loki.sh
12:02:17 AM  1000    156120    0.00    0.00    0.00    0.00    0.00    16  run-otelcol.sh
12:02:17 AM  1000    156124    0.00    0.00    0.00    0.00    0.00    16  run-prometheus.
12:02:17 AM  1000    156130    0.00    0.00    0.00    0.00    0.00    16  run-tempo.sh
12:02:17 AM  1000    156148    0.00    0.00    0.00    0.00    0.00    16  run-pyroscope.s

12:02:17 AM   UID       PID    %usr %system  %guest   %wait    %CPU   CPU  Command
12:02:18 AM  1000    156115    0.00    0.00    0.00    0.00    0.00    18  run-grafana.sh
12:02:18 AM  1000    156117    0.00    0.00    0.00    0.00    0.00    20  run-loki.sh
12:02:18 AM  1000    156120    0.00    0.00    0.00    0.00    0.00    16  run-otelcol.sh
12:02:18 AM  1000    156124    0.00    0.00    0.00    0.00    0.00    16  run-prometheus.
12:02:18 AM  1000    156130    0.00    0.00    0.00    0.00    0.00    16  run-tempo.sh
12:02:18 AM  1000    156148    0.00    0.00    0.00    0.00    0.00    16  run-pyroscope.s

12:02:18 AM   UID       PID    %usr %system  %guest   %wait    %CPU   CPU  Command
12:02:19 AM  1000    156115    0.00    0.00    0.00    0.00    0.00    18  run-grafana.sh
12:02:19 AM  1000    156117    0.00    0.00    0.00    0.00    0.00    20  run-loki.sh
12:02:19 AM  1000    156120    0.00    0.00    0.00    0.00    0.00    16  run-otelcol.sh
12:02:19 AM  1000    156124    0.00    0.00    0.00    0.00    0.00    16  run-prometheus.
12:02:19 AM  1000    156130    0.00    0.00    0.00    0.00    0.00    16  run-tempo.sh
12:02:19 AM  1000    156148    0.00    0.00    0.00    0.00    0.00    16  run-pyroscope.s

12:02:19 AM   UID       PID    %usr %system  %guest   %wait    %CPU   CPU  Command
12:02:20 AM  1000    156115    0.00    0.00    0.00    0.00    0.00    18  run-grafana.sh
12:02:20 AM  1000    156117    0.00    0.00    0.00    0.00    0.00    20  run-loki.sh
12:02:20 AM  1000    156120    0.00    0.00    0.00    0.00    0.00    16  run-otelcol.sh
12:02:20 AM  1000    156124    0.00    0.00    0.00    0.00    0.00    16  run-prometheus.
12:02:20 AM  1000    156130    0.00    0.00    0.00    0.00    0.00    16  run-tempo.sh
12:02:20 AM  1000    156148    0.00    0.00    0.00    0.00    0.00    16  run-pyroscope.s

12:02:20 AM   UID       PID    %usr %system  %guest   %wait    %CPU   CPU  Command
12:02:21 AM  1000    156115    0.00    0.00    0.00    0.00    0.00    18  run-grafana.sh
12:02:21 AM  1000    156117    0.00    0.00    0.00    0.00    0.00    20  run-loki.sh
12:02:21 AM  1000    156120    0.00    0.00    0.00    0.00    0.00    16  run-otelcol.sh
12:02:21 AM  1000    156124    0.00    0.00    0.00    0.00    0.00    16  run-prometheus.
12:02:21 AM  1000    156130    0.00    0.00    0.00    0.00    0.00    16  run-tempo.sh
12:02:21 AM  1000    156148    0.00    0.00    0.00    0.00    0.00    16  run-pyroscope.s

12:02:21 AM   UID       PID    %usr %system  %guest   %wait    %CPU   CPU  Command
12:02:22 AM  1000    156115    0.00    0.00    0.00    0.00    0.00    18  run-grafana.sh
12:02:22 AM  1000    156117    0.00    0.00    0.00    0.00    0.00    20  run-loki.sh
12:02:22 AM  1000    156120    0.00    0.00    0.00    0.00    0.00    16  run-otelcol.sh
12:02:22 AM  1000    156124    0.00    0.00    0.00    0.00    0.00    16  run-prometheus.
12:02:22 AM  1000    156130    0.00    0.00    0.00    0.00    0.00    16  run-tempo.sh
12:02:22 AM  1000    156148    0.00    0.00    0.00    0.00    0.00    16  run-pyroscope.s

12:02:22 AM   UID       PID    %usr %system  %guest   %wait    %CPU   CPU  Command
12:02:23 AM  1000    156115    0.00    0.00    0.00    0.00    0.00    18  run-grafana.sh
12:02:23 AM  1000    156117    0.00    0.00    0.00    0.00    0.00    20  run-loki.sh
12:02:23 AM  1000    156120    0.00    0.00    0.00    0.00    0.00    16  run-otelcol.sh
12:02:23 AM  1000    156124    0.00    0.00    0.00    0.00    0.00    16  run-prometheus.
12:02:23 AM  1000    156130    0.00    0.00    0.00    0.00    0.00    16  run-tempo.sh
12:02:23 AM  1000    156148    0.00    0.00    0.00    0.00    0.00    16  run-pyroscope.s

12:02:23 AM   UID       PID    %usr %system  %guest   %wait    %CPU   CPU  Command
12:02:24 AM  1000    156115    0.00    0.00    0.00    0.00    0.00    18  run-grafana.sh
12:02:24 AM  1000    156117    0.00    0.00    0.00    0.00    0.00    20  run-loki.sh
12:02:24 AM  1000    156120    0.00    0.00    0.00    0.00    0.00    16  run-otelcol.sh
12:02:24 AM  1000    156124    0.00    0.00    0.00    0.00    0.00    16  run-prometheus.
12:02:24 AM  1000    156130    0.00    0.00    0.00    0.00    0.00    16  run-tempo.sh
12:02:24 AM  1000    156148    0.00    0.00    0.00    0.00    0.00    16  run-pyroscope.s

12:02:24 AM   UID       PID    %usr %system  %guest   %wait    %CPU   CPU  Command
12:02:25 AM  1000    156115    0.00    0.00    0.00    0.00    0.00    18  run-grafana.sh
12:02:25 AM  1000    156117    0.00    0.00    0.00    0.00    0.00    20  run-loki.sh
12:02:25 AM  1000    156120    0.00    0.00    0.00    0.00    0.00    16  run-otelcol.sh
12:02:25 AM  1000    156124    0.00    0.00    0.00    0.00    0.00    16  run-prometheus.
12:02:25 AM  1000    156130    0.00    0.00    0.00    0.00    0.00    16  run-tempo.sh
12:02:25 AM  1000    156148    0.00    0.00    0.00    0.00    0.00    16  run-pyroscope.s

12:02:25 AM   UID       PID    %usr %system  %guest   %wait    %CPU   CPU  Command
12:02:26 AM  1000    156115    0.00    0.00    0.00    0.00    0.00    18  run-grafana.sh
12:02:26 AM  1000    156117    0.00    0.00    0.00    0.00    0.00    20  run-loki.sh
12:02:26 AM  1000    156120    0.00    0.00    0.00    0.00    0.00    16  run-otelcol.sh
12:02:26 AM  1000    156124    0.00    0.00    0.00    0.00    0.00    16  run-prometheus.
12:02:26 AM  1000    156130    0.00    0.00    0.00    0.00    0.00    16  run-tempo.sh
12:02:26 AM  1000    156148    0.00    0.00    0.00    0.00    0.00    16  run-pyroscope.s

12:02:26 AM   UID       PID    %usr %system  %guest   %wait    %CPU   CPU  Command
12:02:27 AM  1000    156115    0.00    0.00    0.00    0.00    0.00    18  run-grafana.sh
12:02:27 AM  1000    156117    0.00    0.00    0.00    0.00    0.00    20  run-loki.sh
12:02:27 AM  1000    156120    0.00    0.00    0.00    0.00    0.00    16  run-otelcol.sh
12:02:27 AM  1000    156124    0.00    0.00    0.00    0.00    0.00    16  run-prometheus.
12:02:27 AM  1000    156130    0.00    0.00    0.00    0.00    0.00    16  run-tempo.sh
12:02:27 AM  1000    156148    0.00    0.00    0.00    0.00    0.00    16  run-pyroscope.s

12:02:27 AM   UID       PID    %usr %system  %guest   %wait    %CPU   CPU  Command
12:02:28 AM  1000    156115    0.00    0.00    0.00    0.00    0.00    18  run-grafana.sh
12:02:28 AM  1000    156117    0.00    0.00    0.00    0.00    0.00    20  run-loki.sh
12:02:28 AM  1000    156120    0.00    0.00    0.00    0.00    0.00    16  run-otelcol.sh
12:02:28 AM  1000    156124    0.00    0.00    0.00    0.00    0.00    16  run-prometheus.
12:02:28 AM  1000    156130    0.00    0.00    0.00    0.00    0.00    16  run-tempo.sh
12:02:28 AM  1000    156148    0.00    0.00    0.00    0.00    0.00    16  run-pyroscope.s

12:02:28 AM   UID       PID    %usr %system  %guest   %wait    %CPU   CPU  Command
12:02:29 AM  1000    156115    0.00    0.00    0.00    0.00    0.00    18  run-grafana.sh
12:02:29 AM  1000    156117    0.00    0.00    0.00    0.00    0.00    20  run-loki.sh
12:02:29 AM  1000    156120    0.00    0.00    0.00    0.00    0.00    16  run-otelcol.sh
12:02:29 AM  1000    156124    0.00    0.00    0.00    0.00    0.00    16  run-prometheus.
12:02:29 AM  1000    156130    0.00    0.00    0.00    0.00    0.00    16  run-tempo.sh
12:02:29 AM  1000    156148    0.00    0.00    0.00    0.00    0.00    16  run-pyroscope.s

12:02:29 AM   UID       PID    %usr %system  %guest   %wait    %CPU   CPU  Command
12:02:30 AM  1000    156115    0.00    0.00    0.00    0.00    0.00    18  run-grafana.sh
12:02:30 AM  1000    156117    0.00    0.00    0.00    0.00    0.00    20  run-loki.sh
12:02:30 AM  1000    156120    0.00    0.00    0.00    0.00    0.00    16  run-otelcol.sh
12:02:30 AM  1000    156124    0.00    0.00    0.00    0.00    0.00    16  run-prometheus.
12:02:30 AM  1000    156130    0.00    0.00    0.00    0.00    0.00    16  run-tempo.sh
12:02:30 AM  1000    156148    0.00    0.00    0.00    0.00    0.00    16  run-pyroscope.s

12:02:30 AM   UID       PID    %usr %system  %guest   %wait    %CPU   CPU  Command
12:02:31 AM  1000    156115    0.00    0.00    0.00    0.00    0.00    18  run-grafana.sh
12:02:31 AM  1000    156117    0.00    0.00    0.00    0.00    0.00    20  run-loki.sh
12:02:31 AM  1000    156120    0.00    0.00    0.00    0.00    0.00    16  run-otelcol.sh
12:02:31 AM  1000    156124    0.00    0.00    0.00    0.00    0.00    16  run-prometheus.
12:02:31 AM  1000    156130    0.00    0.00    0.00    0.00    0.00    16  run-tempo.sh
12:02:31 AM  1000    156148    0.00    0.00    0.00    0.00    0.00    16  run-pyroscope.s

12:02:31 AM   UID       PID    %usr %system  %guest   %wait    %CPU   CPU  Command
12:02:32 AM  1000    156115    0.00    0.00    0.00    0.00    0.00    18  run-grafana.sh
12:02:32 AM  1000    156117    0.00    0.00    0.00    0.00    0.00    20  run-loki.sh
12:02:32 AM  1000    156120    0.00    0.00    0.00    0.00    0.00    16  run-otelcol.sh
12:02:32 AM  1000    156124    0.00    0.00    0.00    0.00    0.00    16  run-prometheus.
12:02:32 AM  1000    156130    0.00    0.00    0.00    0.00    0.00    16  run-tempo.sh
12:02:32 AM  1000    156148    0.00    0.00    0.00    0.00    0.00    16  run-pyroscope.s

12:02:32 AM   UID       PID    %usr %system  %guest   %wait    %CPU   CPU  Command
12:02:33 AM  1000    156115    0.00    0.00    0.00    0.00    0.00    18  run-grafana.sh
12:02:33 AM  1000    156117    0.00    0.00    0.00    0.00    0.00    20  run-loki.sh
12:02:33 AM  1000    156120    0.00    0.00    0.00    0.00    0.00    16  run-otelcol.sh
12:02:33 AM  1000    156124    0.00    0.00    0.00    0.00    0.00    16  run-prometheus.
12:02:33 AM  1000    156130    0.00    0.00    0.00    0.00    0.00    16  run-tempo.sh
12:02:33 AM  1000    156148    0.00    0.00    0.00    0.00    0.00    16  run-pyroscope.s

12:02:33 AM   UID       PID    %usr %system  %guest   %wait    %CPU   CPU  Command
12:02:34 AM  1000    156115    0.00    0.00    0.00    0.00    0.00    18  run-grafana.sh
12:02:34 AM  1000    156117    0.00    0.00    0.00    0.00    0.00    20  run-loki.sh
12:02:34 AM  1000    156120    0.00    0.00    0.00    0.00    0.00    16  run-otelcol.sh
12:02:34 AM  1000    156124    0.00    0.00    0.00    0.00    0.00    16  run-prometheus.
12:02:34 AM  1000    156130    0.00    0.00    0.00    0.00    0.00    16  run-tempo.sh
12:02:34 AM  1000    156148    0.00    0.00    0.00    0.00    0.00    16  run-pyroscope.s

12:02:34 AM   UID       PID    %usr %system  %guest   %wait    %CPU   CPU  Command
12:02:35 AM  1000    156115    0.00    0.00    0.00    0.00    0.00    18  run-grafana.sh
12:02:35 AM  1000    156117    0.00    0.00    0.00    0.00    0.00    20  run-loki.sh
12:02:35 AM  1000    156120    0.00    0.00    0.00    0.00    0.00    16  run-otelcol.sh
12:02:35 AM  1000    156124    0.00    0.00    0.00    0.00    0.00    16  run-prometheus.
12:02:35 AM  1000    156130    0.00    0.00    0.00    0.00    0.00    16  run-tempo.sh
12:02:35 AM  1000    156148    0.00    0.00    0.00    0.00    0.00    16  run-pyroscope.s

12:02:35 AM   UID       PID    %usr %system  %guest   %wait    %CPU   CPU  Command
12:02:36 AM  1000    156115    0.00    0.00    0.00    0.00    0.00    18  run-grafana.sh
12:02:36 AM  1000    156117    0.00    0.00    0.00    0.00    0.00    20  run-loki.sh
12:02:36 AM  1000    156120    0.00    0.00    0.00    0.00    0.00    16  run-otelcol.sh
12:02:36 AM  1000    156124    0.00    0.00    0.00    0.00    0.00    16  run-prometheus.
12:02:36 AM  1000    156130    0.00    0.00    0.00    0.00    0.00    16  run-tempo.sh
12:02:36 AM  1000    156148    0.00    0.00    0.00    0.00    0.00    16  run-pyroscope.s

12:02:36 AM   UID       PID    %usr %system  %guest   %wait    %CPU   CPU  Command
12:02:37 AM  1000    156115    0.00    0.00    0.00    0.00    0.00    18  run-grafana.sh
12:02:37 AM  1000    156117    0.00    0.00    0.00    0.00    0.00    20  run-loki.sh
12:02:37 AM  1000    156120    0.00    0.00    0.00    0.00    0.00    16  run-otelcol.sh
12:02:37 AM  1000    156124    0.00    0.00    0.00    0.00    0.00    16  run-prometheus.
12:02:37 AM  1000    156130    0.00    0.00    0.00    0.00    0.00    16  run-tempo.sh
12:02:37 AM  1000    156148    0.00    0.00    0.00    0.00    0.00    16  run-pyroscope.s

12:02:37 AM   UID       PID    %usr %system  %guest   %wait    %CPU   CPU  Command
12:02:38 AM  1000    156115    0.00    0.00    0.00    0.00    0.00    18  run-grafana.sh
12:02:38 AM  1000    156117    0.00    0.00    0.00    0.00    0.00    20  run-loki.sh
12:02:38 AM  1000    156120    0.00    0.00    0.00    0.00    0.00    16  run-otelcol.sh
12:02:38 AM  1000    156124    0.00    0.00    0.00    0.00    0.00    16  run-prometheus.
12:02:38 AM  1000    156130    0.00    0.00    0.00    0.00    0.00    16  run-tempo.sh
12:02:38 AM  1000    156148    0.00    0.00    0.00    0.00    0.00    16  run-pyroscope.s

12:02:38 AM   UID       PID    %usr %system  %guest   %wait    %CPU   CPU  Command
12:02:39 AM  1000    156115    0.00    0.00    0.00    0.00    0.00    18  run-grafana.sh
12:02:39 AM  1000    156117    0.00    0.00    0.00    0.00    0.00    20  run-loki.sh
12:02:39 AM  1000    156120    0.00    0.00    0.00    0.00    0.00    16  run-otelcol.sh
12:02:39 AM  1000    156124    0.00    0.00    0.00    0.00    0.00    16  run-prometheus.
12:02:39 AM  1000    156130    0.00    0.00    0.00    0.00    0.00    16  run-tempo.sh
12:02:39 AM  1000    156148    0.00    0.00    0.00    0.00    0.00    16  run-pyroscope.s

12:02:39 AM   UID       PID    %usr %system  %guest   %wait    %CPU   CPU  Command
12:02:40 AM  1000    156115    0.00    0.00    0.00    0.00    0.00    18  run-grafana.sh
12:02:40 AM  1000    156117    0.00    0.00    0.00    0.00    0.00    20  run-loki.sh
12:02:40 AM  1000    156120    0.00    0.00    0.00    0.00    0.00    16  run-otelcol.sh
12:02:40 AM  1000    156124    0.00    0.00    0.00    0.00    0.00    16  run-prometheus.
12:02:40 AM  1000    156130    0.00    0.00    0.00    0.00    0.00    16  run-tempo.sh
12:02:40 AM  1000    156148    0.00    0.00    0.00    0.00    0.00    16  run-pyroscope.s

12:02:40 AM   UID       PID    %usr %system  %guest   %wait    %CPU   CPU  Command
12:02:41 AM  1000    156115    0.00    0.00    0.00    0.00    0.00    18  run-grafana.sh
12:02:41 AM  1000    156117    0.00    0.00    0.00    0.00    0.00    20  run-loki.sh
12:02:41 AM  1000    156120    0.00    0.00    0.00    0.00    0.00    16  run-otelcol.sh
12:02:41 AM  1000    156124    0.00    0.00    0.00    0.00    0.00    16  run-prometheus.
12:02:41 AM  1000    156130    0.00    0.00    0.00    0.00    0.00    16  run-tempo.sh
12:02:41 AM  1000    156148    0.00    0.00    0.00    0.00    0.00    16  run-pyroscope.s

12:02:41 AM   UID       PID    %usr %system  %guest   %wait    %CPU   CPU  Command
12:02:42 AM  1000    156115    0.00    0.00    0.00    0.00    0.00    18  run-grafana.sh
12:02:42 AM  1000    156117    0.00    0.00    0.00    0.00    0.00    20  run-loki.sh
12:02:42 AM  1000    156120    0.00    0.00    0.00    0.00    0.00    16  run-otelcol.sh
12:02:42 AM  1000    156124    0.00    0.00    0.00    0.00    0.00    16  run-prometheus.
12:02:42 AM  1000    156130    0.00    0.00    0.00    0.00    0.00    16  run-tempo.sh
12:02:42 AM  1000    156148    0.00    0.00    0.00    0.00    0.00    16  run-pyroscope.s

12:02:42 AM   UID       PID    %usr %system  %guest   %wait    %CPU   CPU  Command
12:02:43 AM  1000    156115    0.00    0.00    0.00    0.00    0.00    18  run-grafana.sh
12:02:43 AM  1000    156117    0.00    0.00    0.00    0.00    0.00    20  run-loki.sh
12:02:43 AM  1000    156120    0.00    0.00    0.00    0.00    0.00    16  run-otelcol.sh
12:02:43 AM  1000    156124    0.00    0.00    0.00    0.00    0.00    16  run-prometheus.
12:02:43 AM  1000    156130    0.00    0.00    0.00    0.00    0.00    16  run-tempo.sh
12:02:43 AM  1000    156148    0.00    0.00    0.00    0.00    0.00    16  run-pyroscope.s

12:02:43 AM   UID       PID    %usr %system  %guest   %wait    %CPU   CPU  Command
12:02:44 AM  1000    156115    0.00    0.00    0.00    0.00    0.00    18  run-grafana.sh
12:02:44 AM  1000    156117    0.00    0.00    0.00    0.00    0.00    20  run-loki.sh
12:02:44 AM  1000    156120    0.00    0.00    0.00    0.00    0.00    16  run-otelcol.sh
12:02:44 AM  1000    156124    0.00    0.00    0.00    0.00    0.00    16  run-prometheus.
12:02:44 AM  1000    156130    0.00    0.00    0.00    0.00    0.00    16  run-tempo.sh
12:02:44 AM  1000    156148    0.00    0.00    0.00    0.00    0.00    16  run-pyroscope.s

12:02:44 AM   UID       PID    %usr %system  %guest   %wait    %CPU   CPU  Command
12:02:45 AM  1000    156115    0.00    0.00    0.00    0.00    0.00    18  run-grafana.sh
12:02:45 AM  1000    156117    0.00    0.00    0.00    0.00    0.00    20  run-loki.sh
12:02:45 AM  1000    156120    0.00    0.00    0.00    0.00    0.00    16  run-otelcol.sh
12:02:45 AM  1000    156124    0.00    0.00    0.00    0.00    0.00    16  run-prometheus.
12:02:45 AM  1000    156130    0.00    0.00    0.00    0.00    0.00    16  run-tempo.sh
12:02:45 AM  1000    156148    0.00    0.00    0.00    0.00    0.00    16  run-pyroscope.s

12:02:45 AM   UID       PID    %usr %system  %guest   %wait    %CPU   CPU  Command
12:02:46 AM  1000    156115    0.00    0.00    0.00    0.00    0.00    18  run-grafana.sh
12:02:46 AM  1000    156117    0.00    0.00    0.00    0.00    0.00    20  run-loki.sh
12:02:46 AM  1000    156120    0.00    0.00    0.00    0.00    0.00    16  run-otelcol.sh
12:02:46 AM  1000    156124    0.00    0.00    0.00    0.00    0.00    16  run-prometheus.
12:02:46 AM  1000    156130    0.00    0.00    0.00    0.00    0.00    16  run-tempo.sh
12:02:46 AM  1000    156148    0.00    0.00    0.00    0.00    0.00    16  run-pyroscope.s

12:02:46 AM   UID       PID    %usr %system  %guest   %wait    %CPU   CPU  Command
12:02:47 AM  1000    156115    0.00    0.00    0.00    0.00    0.00    18  run-grafana.sh
12:02:47 AM  1000    156117    0.00    0.00    0.00    0.00    0.00    20  run-loki.sh
12:02:47 AM  1000    156120    0.00    0.00    0.00    0.00    0.00    16  run-otelcol.sh
12:02:47 AM  1000    156124    0.00    0.00    0.00    0.00    0.00    16  run-prometheus.
12:02:47 AM  1000    156130    0.00    0.00    0.00    0.00    0.00    16  run-tempo.sh
12:02:47 AM  1000    156148    0.00    0.00    0.00    0.00    0.00    16  run-pyroscope.s

12:02:47 AM   UID       PID    %usr %system  %guest   %wait    %CPU   CPU  Command
12:02:48 AM  1000    156115    0.00    0.00    0.00    0.00    0.00    18  run-grafana.sh
12:02:48 AM  1000    156117    0.00    0.00    0.00    0.00    0.00    20  run-loki.sh
12:02:48 AM  1000    156120    0.00    0.00    0.00    0.00    0.00    16  run-otelcol.sh
12:02:48 AM  1000    156124    0.00    0.00    0.00    0.00    0.00    16  run-prometheus.
12:02:48 AM  1000    156130    0.00    0.00    0.00    0.00    0.00    16  run-tempo.sh
12:02:48 AM  1000    156148    0.00    0.00    0.00    0.00    0.00    16  run-pyroscope.s

12:02:48 AM   UID       PID    %usr %system  %guest   %wait    %CPU   CPU  Command
12:02:49 AM  1000    156115    0.00    0.00    0.00    0.00    0.00    18  run-grafana.sh
12:02:49 AM  1000    156117    0.00    0.00    0.00    0.00    0.00    20  run-loki.sh
12:02:49 AM  1000    156120    0.00    0.00    0.00    0.00    0.00    16  run-otelcol.sh
12:02:49 AM  1000    156124    0.00    0.00    0.00    0.00    0.00    16  run-prometheus.
12:02:49 AM  1000    156130    0.00    0.00    0.00    0.00    0.00    16  run-tempo.sh
12:02:49 AM  1000    156148    0.00    0.00    0.00    0.00    0.00    16  run-pyroscope.s

12:02:49 AM   UID       PID    %usr %system  %guest   %wait    %CPU   CPU  Command
12:02:50 AM  1000    156115    0.00    0.00    0.00    0.00    0.00    18  run-grafana.sh
12:02:50 AM  1000    156117    0.00    0.00    0.00    0.00    0.00    20  run-loki.sh
12:02:50 AM  1000    156120    0.00    0.00    0.00    0.00    0.00    16  run-otelcol.sh
12:02:50 AM  1000    156124    0.00    0.00    0.00    0.00    0.00    16  run-prometheus.
12:02:50 AM  1000    156130    0.00    0.00    0.00    0.00    0.00    16  run-tempo.sh
12:02:50 AM  1000    156148    0.00    0.00    0.00    0.00    0.00    16  run-pyroscope.s

12:02:50 AM   UID       PID    %usr %system  %guest   %wait    %CPU   CPU  Command
12:02:51 AM  1000    156115    0.00    0.00    0.00    0.00    0.00    18  run-grafana.sh
12:02:51 AM  1000    156117    0.00    0.00    0.00    0.00    0.00    20  run-loki.sh
12:02:51 AM  1000    156120    0.00    0.00    0.00    0.00    0.00    16  run-otelcol.sh
12:02:51 AM  1000    156124    0.00    0.00    0.00    0.00    0.00    16  run-prometheus.
12:02:51 AM  1000    156130    0.00    0.00    0.00    0.00    0.00    16  run-tempo.sh
12:02:51 AM  1000    156148    0.00    0.00    0.00    0.00    0.00    16  run-pyroscope.s

12:02:51 AM   UID       PID    %usr %system  %guest   %wait    %CPU   CPU  Command
12:02:52 AM  1000    156115    0.00    0.00    0.00    0.00    0.00    18  run-grafana.sh
12:02:52 AM  1000    156117    0.00    0.00    0.00    0.00    0.00    20  run-loki.sh
12:02:52 AM  1000    156120    0.00    0.00    0.00    0.00    0.00    16  run-otelcol.sh
12:02:52 AM  1000    156124    0.00    0.00    0.00    0.00    0.00    16  run-prometheus.
12:02:52 AM  1000    156130    0.00    0.00    0.00    0.00    0.00    16  run-tempo.sh
12:02:52 AM  1000    156148    0.00    0.00    0.00    0.00    0.00    16  run-pyroscope.s

12:02:52 AM   UID       PID    %usr %system  %guest   %wait    %CPU   CPU  Command
12:02:53 AM  1000    156115    0.00    0.00    0.00    0.00    0.00    18  run-grafana.sh
12:02:53 AM  1000    156117    0.00    0.00    0.00    0.00    0.00    20  run-loki.sh
12:02:53 AM  1000    156120    0.00    0.00    0.00    0.00    0.00    16  run-otelcol.sh
12:02:53 AM  1000    156124    0.00    0.00    0.00    0.00    0.00    16  run-prometheus.
12:02:53 AM  1000    156130    0.00    0.00    0.00    0.00    0.00    16  run-tempo.sh
12:02:53 AM  1000    156148    0.00    0.00    0.00    0.00    0.00    16  run-pyroscope.s

12:02:53 AM   UID       PID    %usr %system  %guest   %wait    %CPU   CPU  Command
12:02:54 AM  1000    156115    0.00    0.00    0.00    0.00    0.00    18  run-grafana.sh
12:02:54 AM  1000    156117    0.00    0.00    0.00    0.00    0.00    20  run-loki.sh
12:02:54 AM  1000    156120    0.00    0.00    0.00    0.00    0.00    16  run-otelcol.sh
12:02:54 AM  1000    156124    0.00    0.00    0.00    0.00    0.00    16  run-prometheus.
12:02:54 AM  1000    156130    0.00    0.00    0.00    0.00    0.00    16  run-tempo.sh
12:02:54 AM  1000    156148    0.00    0.00    0.00    0.00    0.00    16  run-pyroscope.s

12:02:54 AM   UID       PID    %usr %system  %guest   %wait    %CPU   CPU  Command
12:02:55 AM  1000    156115    0.00    0.00    0.00    0.00    0.00    18  run-grafana.sh
12:02:55 AM  1000    156117    0.00    0.00    0.00    0.00    0.00    20  run-loki.sh
12:02:55 AM  1000    156120    0.00    0.00    0.00    0.00    0.00    16  run-otelcol.sh
12:02:55 AM  1000    156124    0.00    0.00    0.00    0.00    0.00    16  run-prometheus.
12:02:55 AM  1000    156130    0.00    0.00    0.00    0.00    0.00    16  run-tempo.sh
12:02:55 AM  1000    156148    0.00    0.00    0.00    0.00    0.00    16  run-pyroscope.s

12:02:55 AM   UID       PID    %usr %system  %guest   %wait    %CPU   CPU  Command
12:02:56 AM  1000    156115    0.00    0.00    0.00    0.00    0.00    18  run-grafana.sh
12:02:56 AM  1000    156117    0.00    0.00    0.00    0.00    0.00    20  run-loki.sh
12:02:56 AM  1000    156124    0.00    0.00    0.00    0.00    0.00    16  run-prometheus.
12:02:56 AM  1000    156148    0.00    0.00    0.00    0.00    0.00    16  run-pyroscope.s

12:02:56 AM   UID       PID    %usr %system  %guest   %wait    %CPU   CPU  Command
12:02:57 AM  1000    156115    0.00    0.00    0.00    0.00    0.00    18  run-grafana.sh
12:02:57 AM  1000    156117    0.00    0.00    0.00    0.00    0.00    20  run-loki.sh
12:02:57 AM  1000    156124    0.00    0.00    0.00    0.00    0.00    16  run-prometheus.
12:02:57 AM  1000    156148    0.00    0.00    0.00    0.00    0.00    16  run-pyroscope.s

12:02:57 AM   UID       PID    %usr %system  %guest   %wait    %CPU   CPU  Command
12:02:58 AM  1000    156115    0.00    0.00    0.00    0.00    0.00    18  run-grafana.sh
12:02:58 AM  1000    156117    0.00    0.00    0.00    0.00    0.00    20  run-loki.sh
12:02:58 AM  1000    156124    0.00    0.00    0.00    0.00    0.00    16  run-prometheus.
12:02:58 AM  1000    156148    0.00    0.00    0.00    0.00    0.00    16  run-pyroscope.s

12:02:58 AM   UID       PID    %usr %system  %guest   %wait    %CPU   CPU  Command
12:02:59 AM  1000    156115    0.00    0.00    0.00    0.00    0.00    18  run-grafana.sh
12:02:59 AM  1000    156117    0.00    0.00    0.00    0.00    0.00    20  run-loki.sh
12:02:59 AM  1000    156124    0.00    0.00    0.00    0.00    0.00    16  run-prometheus.
12:02:59 AM  1000    156148    0.00    0.00    0.00    0.00    0.00    16  run-pyroscope.s

12:02:59 AM   UID       PID    %usr %system  %guest   %wait    %CPU   CPU  Command
12:03:00 AM  1000    156115    0.00    0.00    0.00    0.00    0.00    18  run-grafana.sh
12:03:00 AM  1000    156117    0.00    0.00    0.00    0.00    0.00    20  run-loki.sh
12:03:00 AM  1000    156124    0.00    0.00    0.00    0.00    0.00    16  run-prometheus.
12:03:00 AM  1000    156148    0.00    0.00    0.00    0.00    0.00    16  run-pyroscope.s

12:03:00 AM   UID       PID    %usr %system  %guest   %wait    %CPU   CPU  Command
12:03:01 AM  1000    156115    0.00    0.00    0.00    0.00    0.00    18  run-grafana.sh
12:03:01 AM  1000    156117    0.00    0.00    0.00    0.00    0.00    20  run-loki.sh
12:03:01 AM  1000    156124    0.00    0.00    0.00    0.00    0.00    16  run-prometheus.
12:03:01 AM  1000    156148    0.00    0.00    0.00    0.00    0.00    16  run-pyroscope.s

12:03:01 AM   UID       PID    %usr %system  %guest   %wait    %CPU   CPU  Command
12:03:02 AM  1000    156115    0.00    0.00    0.00    0.00    0.00    18  run-grafana.sh
12:03:02 AM  1000    156117    0.00    0.00    0.00    0.00    0.00    20  run-loki.sh
12:03:02 AM  1000    156124    0.00    0.00    0.00    0.00    0.00    16  run-prometheus.
12:03:02 AM  1000    156148    0.00    0.00    0.00    0.00    0.00    16  run-pyroscope.s

12:03:02 AM   UID       PID    %usr %system  %guest   %wait    %CPU   CPU  Command
12:03:03 AM  1000    156115    0.00    0.00    0.00    0.00    0.00    18  run-grafana.sh
12:03:03 AM  1000    156117    0.00    0.00    0.00    0.00    0.00    20  run-loki.sh
12:03:03 AM  1000    156124    0.00    0.00    0.00    0.00    0.00    16  run-prometheus.
12:03:03 AM  1000    156148    0.00    0.00    0.00    0.00    0.00    16  run-pyroscope.s

12:03:03 AM   UID       PID    %usr %system  %guest   %wait    %CPU   CPU  Command
12:03:04 AM  1000    156115    0.00    0.00    0.00    0.00    0.00    18  run-grafana.sh
12:03:04 AM  1000    156117    0.00    0.00    0.00    0.00    0.00    20  run-loki.sh
12:03:04 AM  1000    156124    0.00    0.00    0.00    0.00    0.00    16  run-prometheus.
12:03:04 AM  1000    156148    0.00    0.00    0.00    0.00    0.00    16  run-pyroscope.s

12:03:04 AM   UID       PID    %usr %system  %guest   %wait    %CPU   CPU  Command
12:03:05 AM  1000    156115    0.00    0.00    0.00    0.00    0.00    18  run-grafana.sh
12:03:05 AM  1000    156117    0.00    0.00    0.00    0.00    0.00    20  run-loki.sh
12:03:05 AM  1000    156124    0.00    0.00    0.00    0.00    0.00    16  run-prometheus.
12:03:05 AM  1000    156148    0.00    0.00    0.00    0.00    0.00    16  run-pyroscope.s

12:03:05 AM   UID       PID    %usr %system  %guest   %wait    %CPU   CPU  Command
12:03:06 AM  1000    156115    0.00    0.00    0.00    0.00    0.00    18  run-grafana.sh
12:03:06 AM  1000    156117    0.00    0.00    0.00    0.00    0.00    20  run-loki.sh
12:03:06 AM  1000    156124    0.00    0.00    0.00    0.00    0.00    16  run-prometheus.
12:03:06 AM  1000    156148    0.00    0.00    0.00    0.00    0.00    16  run-pyroscope.s

12:03:06 AM   UID       PID    %usr %system  %guest   %wait    %CPU   CPU  Command
12:03:07 AM  1000    156115    0.00    0.00    0.00    0.00    0.00    18  run-grafana.sh
12:03:07 AM  1000    156117    0.00    0.00    0.00    0.00    0.00    20  run-loki.sh
12:03:07 AM  1000    156124    0.00    0.00    0.00    0.00    0.00    16  run-prometheus.
12:03:07 AM  1000    156148    0.00    0.00    0.00    0.00    0.00    16  run-pyroscope.s

12:03:07 AM   UID       PID    %usr %system  %guest   %wait    %CPU   CPU  Command
12:03:08 AM  1000    156115    0.00    0.00    0.00    0.00    0.00    18  run-grafana.sh
12:03:08 AM  1000    156117    0.00    0.00    0.00    0.00    0.00    20  run-loki.sh
12:03:08 AM  1000    156124    0.00    0.00    0.00    0.00    0.00    16  run-prometheus.
12:03:08 AM  1000    156148    0.00    0.00    0.00    0.00    0.00    16  run-pyroscope.s

12:03:08 AM   UID       PID    %usr %system  %guest   %wait    %CPU   CPU  Command
12:03:09 AM  1000    156115    0.00    0.00    0.00    0.00    0.00    18  run-grafana.sh
12:03:09 AM  1000    156117    0.00    0.00    0.00    0.00    0.00    20  run-loki.sh
12:03:09 AM  1000    156124    0.00    0.00    0.00    0.00    0.00    16  run-prometheus.
12:03:09 AM  1000    156148    0.00    0.00    0.00    0.00    0.00    16  run-pyroscope.s

12:03:09 AM   UID       PID    %usr %system  %guest   %wait    %CPU   CPU  Command
12:03:10 AM  1000    156115    0.00    0.00    0.00    0.00    0.00    18  run-grafana.sh
12:03:10 AM  1000    156117    0.00    0.00    0.00    0.00    0.00    20  run-loki.sh
12:03:10 AM  1000    156124    0.00    0.00    0.00    0.00    0.00    16  run-prometheus.
12:03:10 AM  1000    156148    0.00    0.00    0.00    0.00    0.00    16  run-pyroscope.s

12:03:10 AM   UID       PID    %usr %system  %guest   %wait    %CPU   CPU  Command
12:03:11 AM  1000    156115    0.00    0.00    0.00    0.00    0.00    18  run-grafana.sh
12:03:11 AM  1000    156117    0.00    0.00    0.00    0.00    0.00    20  run-loki.sh
12:03:11 AM  1000    156124    0.00    0.00    0.00    0.00    0.00    16  run-prometheus.
12:03:11 AM  1000    156148    0.00    0.00    0.00    0.00    0.00    16  run-pyroscope.s

12:03:11 AM   UID       PID    %usr %system  %guest   %wait    %CPU   CPU  Command
12:03:12 AM  1000    156115    0.00    0.00    0.00    0.00    0.00    18  run-grafana.sh
12:03:12 AM  1000    156117    0.00    0.00    0.00    0.00    0.00    20  run-loki.sh
12:03:12 AM  1000    156124    0.00    0.00    0.00    0.00    0.00    16  run-prometheus.
12:03:12 AM  1000    156148    0.00    0.00    0.00    0.00    0.00    16  run-pyroscope.s

12:03:12 AM   UID       PID    %usr %system  %guest   %wait    %CPU   CPU  Command
12:03:13 AM  1000    156115    0.00    0.00    0.00    0.00    0.00    18  run-grafana.sh
12:03:13 AM  1000    156117    0.00    0.00    0.00    0.00    0.00    20  run-loki.sh
12:03:13 AM  1000    156124    0.00    0.00    0.00    0.00    0.00    16  run-prometheus.
12:03:13 AM  1000    156148    0.00    0.00    0.00    0.00    0.00    16  run-pyroscope.s

12:03:13 AM   UID       PID    %usr %system  %guest   %wait    %CPU   CPU  Command
12:03:14 AM  1000    156115    0.00    0.00    0.00    0.00    0.00    18  run-grafana.sh
12:03:14 AM  1000    156117    0.00    0.00    0.00    0.00    0.00    20  run-loki.sh
12:03:14 AM  1000    156124    0.00    0.00    0.00    0.00    0.00    16  run-prometheus.
12:03:14 AM  1000    156148    0.00    0.00    0.00    0.00    0.00    16  run-pyroscope.s

12:03:14 AM   UID       PID    %usr %system  %guest   %wait    %CPU   CPU  Command
12:03:15 AM  1000    156115    0.00    0.00    0.00    0.00    0.00    18  run-grafana.sh
12:03:15 AM  1000    156117    0.00    0.00    0.00    0.00    0.00    20  run-loki.sh
12:03:15 AM  1000    156124    0.00    0.00    0.00    0.00    0.00    16  run-prometheus.
12:03:15 AM  1000    156148    0.00    0.00    0.00    0.00    0.00    16  run-pyroscope.s

12:03:15 AM   UID       PID    %usr %system  %guest   %wait    %CPU   CPU  Command
12:03:16 AM  1000    156115    0.00    0.00    0.00    0.00    0.00    18  run-grafana.sh
12:03:16 AM  1000    156117    0.00    0.00    0.00    0.00    0.00    20  run-loki.sh
12:03:16 AM  1000    156124    0.00    0.00    0.00    0.00    0.00    16  run-prometheus.
12:03:16 AM  1000    156148    0.00    0.00    0.00    0.00    0.00    16  run-pyroscope.s

12:03:16 AM   UID       PID    %usr %system  %guest   %wait    %CPU   CPU  Command
12:03:17 AM  1000    156115    0.00    0.00    0.00    0.00    0.00    18  run-grafana.sh
12:03:17 AM  1000    156117    0.00    0.00    0.00    0.00    0.00    20  run-loki.sh
12:03:17 AM  1000    156124    0.00    0.00    0.00    0.00    0.00    16  run-prometheus.
12:03:17 AM  1000    156148    0.00    0.00    0.00    0.00    0.00    16  run-pyroscope.s

12:03:17 AM   UID       PID    %usr %system  %guest   %wait    %CPU   CPU  Command
12:03:18 AM  1000    156115    0.00    0.00    0.00    0.00    0.00    18  run-grafana.sh
12:03:18 AM  1000    156117    0.00    0.00    0.00    0.00    0.00    20  run-loki.sh
12:03:18 AM  1000    156124    0.00    0.00    0.00    0.00    0.00    16  run-prometheus.
12:03:18 AM  1000    156148    0.00    0.00    0.00    0.00    0.00    16  run-pyroscope.s

12:03:18 AM   UID       PID    %usr %system  %guest   %wait    %CPU   CPU  Command
12:03:19 AM  1000    156115    0.00    0.00    0.00    0.00    0.00    18  run-grafana.sh
12:03:19 AM  1000    156117    0.00    0.00    0.00    0.00    0.00    20  run-loki.sh
12:03:19 AM  1000    156124    0.00    0.00    0.00    0.00    0.00    16  run-prometheus.
12:03:19 AM  1000    156148    0.00    0.00    0.00    0.00    0.00    16  run-pyroscope.s

12:03:19 AM   UID       PID    %usr %system  %guest   %wait    %CPU   CPU  Command
12:03:20 AM  1000    156115    0.00    0.00    0.00    0.00    0.00    18  run-grafana.sh
12:03:20 AM  1000    156117    0.00    0.00    0.00    0.00    0.00    20  run-loki.sh
12:03:20 AM  1000    156124    0.00    0.00    0.00    0.00    0.00    16  run-prometheus.
12:03:20 AM  1000    156148    0.00    0.00    0.00    0.00    0.00    16  run-pyroscope.s

12:03:20 AM   UID       PID    %usr %system  %guest   %wait    %CPU   CPU  Command
12:03:21 AM  1000    156115    0.00    0.00    0.00    0.00    0.00    18  run-grafana.sh
12:03:21 AM  1000    156117    0.00    0.00    0.00    0.00    0.00    20  run-loki.sh
12:03:21 AM  1000    156124    0.00    0.00    0.00    0.00    0.00    16  run-prometheus.
12:03:21 AM  1000    156148    0.00    0.00    0.00    0.00    0.00    16  run-pyroscope.s

12:03:21 AM   UID       PID    %usr %system  %guest   %wait    %CPU   CPU  Command
12:03:22 AM  1000    156115    0.00    0.00    0.00    0.00    0.00    18  run-grafana.sh
12:03:22 AM  1000    156117    0.00    0.00    0.00    0.00    0.00    20  run-loki.sh
12:03:22 AM  1000    156124    0.00    0.00    0.00    0.00    0.00    16  run-prometheus.
12:03:22 AM  1000    156148    0.00    0.00    0.00    0.00    0.00    16  run-pyroscope.s

12:03:22 AM   UID       PID    %usr %system  %guest   %wait    %CPU   CPU  Command
12:03:23 AM  1000    156115    0.00    0.00    0.00    0.00    0.00    18  run-grafana.sh
12:03:23 AM  1000    156117    0.00    0.00    0.00    0.00    0.00    20  run-loki.sh
12:03:23 AM  1000    156124    0.00    0.00    0.00    0.00    0.00    16  run-prometheus.
12:03:23 AM  1000    156148    0.00    0.00    0.00    0.00    0.00    16  run-pyroscope.s

12:03:23 AM   UID       PID    %usr %system  %guest   %wait    %CPU   CPU  Command
12:03:24 AM  1000    156115    0.00    0.00    0.00    0.00    0.00    18  run-grafana.sh
12:03:24 AM  1000    156117    0.00    0.00    0.00    0.00    0.00    20  run-loki.sh
12:03:24 AM  1000    156124    0.00    0.00    0.00    0.00    0.00    16  run-prometheus.
12:03:24 AM  1000    156148    0.00    0.00    0.00    0.00    0.00    16  run-pyroscope.s

12:03:24 AM   UID       PID    %usr %system  %guest   %wait    %CPU   CPU  Command
12:03:25 AM  1000    156115    0.00    0.00    0.00    0.00    0.00    18  run-grafana.sh
12:03:25 AM  1000    156117    0.00    0.00    0.00    0.00    0.00    20  run-loki.sh
12:03:25 AM  1000    156124    0.00    0.00    0.00    0.00    0.00    16  run-prometheus.
12:03:25 AM  1000    156148    0.00    0.00    0.00    0.00    0.00    16  run-pyroscope.s

12:03:25 AM   UID       PID    %usr %system  %guest   %wait    %CPU   CPU  Command
12:03:26 AM  1000    156115    0.00    0.00    0.00    0.00    0.00    18  run-grafana.sh
12:03:26 AM  1000    156117    0.00    0.00    0.00    0.00    0.00    20  run-loki.sh
12:03:26 AM  1000    156124    0.00    0.00    0.00    0.00    0.00    16  run-prometheus.
12:03:26 AM  1000    156148    0.00    0.00    0.00    0.00    0.00    16  run-pyroscope.s

12:03:26 AM   UID       PID    %usr %system  %guest   %wait    %CPU   CPU  Command
12:03:27 AM  1000    156115    0.00    0.00    0.00    0.00    0.00    18  run-grafana.sh
12:03:27 AM  1000    156117    0.00    0.00    0.00    0.00    0.00    20  run-loki.sh
12:03:27 AM  1000    156124    0.00    0.00    0.00    0.00    0.00    16  run-prometheus.
12:03:27 AM  1000    156148    0.00    0.00    0.00    0.00    0.00    16  run-pyroscope.s

12:03:27 AM   UID       PID    %usr %system  %guest   %wait    %CPU   CPU  Command
12:03:28 AM  1000    156115    0.00    0.00    0.00    0.00    0.00    18  run-grafana.sh
12:03:28 AM  1000    156117    0.00    0.00    0.00    0.00    0.00    20  run-loki.sh
12:03:28 AM  1000    156124    0.00    0.00    0.00    0.00    0.00    16  run-prometheus.
12:03:28 AM  1000    156148    0.00    0.00    0.00    0.00    0.00    16  run-pyroscope.s

12:03:28 AM   UID       PID    %usr %system  %guest   %wait    %CPU   CPU  Command
12:03:29 AM  1000    156115    0.00    0.00    0.00    0.00    0.00    18  run-grafana.sh
12:03:29 AM  1000    156117    0.00    0.00    0.00    0.00    0.00    20  run-loki.sh
12:03:29 AM  1000    156124    0.00    0.00    0.00    0.00    0.00    16  run-prometheus.
12:03:29 AM  1000    156148    0.00    0.00    0.00    0.00    0.00    16  run-pyroscope.s

12:03:29 AM   UID       PID    %usr %system  %guest   %wait    %CPU   CPU  Command
12:03:30 AM  1000    156115    0.00    0.00    0.00    0.00    0.00    18  run-grafana.sh
12:03:30 AM  1000    156117    0.00    0.00    0.00    0.00    0.00    20  run-loki.sh
12:03:30 AM  1000    156124    0.00    0.00    0.00    0.00    0.00    16  run-prometheus.
12:03:30 AM  1000    156148    0.00    0.00    0.00    0.00    0.00    16  run-pyroscope.s

12:03:30 AM   UID       PID    %usr %system  %guest   %wait    %CPU   CPU  Command
12:03:31 AM  1000    156115    0.00    0.00    0.00    0.00    0.00    18  run-grafana.sh
12:03:31 AM  1000    156117    0.00    0.00    0.00    0.00    0.00    20  run-loki.sh
12:03:31 AM  1000    156124    0.00    0.00    0.00    0.00    0.00    16  run-prometheus.
12:03:31 AM  1000    156148    0.00    0.00    0.00    0.00    0.00    16  run-pyroscope.s

12:03:31 AM   UID       PID    %usr %system  %guest   %wait    %CPU   CPU  Command
12:03:32 AM  1000    156115    0.00    0.00    0.00    0.00    0.00    18  run-grafana.sh
12:03:32 AM  1000    156117    0.00    0.00    0.00    0.00    0.00    20  run-loki.sh
12:03:32 AM  1000    156124    0.00    0.00    0.00    0.00    0.00    16  run-prometheus.
12:03:32 AM  1000    156148    0.00    0.00    0.00    0.00    0.00    16  run-pyroscope.s

12:03:32 AM   UID       PID    %usr %system  %guest   %wait    %CPU   CPU  Command
12:03:33 AM  1000    156115    0.00    0.00    0.00    0.00    0.00    18  run-grafana.sh
12:03:33 AM  1000    156117    0.00    0.00    0.00    0.00    0.00    20  run-loki.sh
12:03:33 AM  1000    156124    0.00    0.00    0.00    0.00    0.00    16  run-prometheus.
12:03:33 AM  1000    156148    0.00    0.00    0.00    0.00    0.00    16  run-pyroscope.s

12:03:33 AM   UID       PID    %usr %system  %guest   %wait    %CPU   CPU  Command
12:03:34 AM  1000    156115    0.00    0.00    0.00    0.00    0.00    18  run-grafana.sh
12:03:34 AM  1000    156117    0.00    0.00    0.00    0.00    0.00    20  run-loki.sh
12:03:34 AM  1000    156124    0.00    0.00    0.00    0.00    0.00    16  run-prometheus.
12:03:34 AM  1000    156148    0.00    0.00    0.00    0.00    0.00    16  run-pyroscope.s

12:03:34 AM   UID       PID    %usr %system  %guest   %wait    %CPU   CPU  Command
12:03:35 AM  1000    156115    0.00    0.00    0.00    0.00    0.00    18  run-grafana.sh
12:03:35 AM  1000    156117    0.00    0.00    0.00    0.00    0.00    20  run-loki.sh
12:03:35 AM  1000    156124    0.00    0.00    0.00    0.00    0.00    16  run-prometheus.
12:03:35 AM  1000    156148    0.00    0.00    0.00    0.00    0.00    16  run-pyroscope.s

12:03:35 AM   UID       PID    %usr %system  %guest   %wait    %CPU   CPU  Command
12:03:36 AM  1000    156115    0.00    0.00    0.00    0.00    0.00    18  run-grafana.sh
12:03:36 AM  1000    156117    0.00    0.00    0.00    0.00    0.00    20  run-loki.sh
12:03:36 AM  1000    156124    0.00    0.00    0.00    0.00    0.00    16  run-prometheus.
12:03:36 AM  1000    156148    0.00    0.00    0.00    0.00    0.00    16  run-pyroscope.s

12:03:36 AM   UID       PID    %usr %system  %guest   %wait    %CPU   CPU  Command
12:03:37 AM  1000    156115    0.00    0.00    0.00    0.00    0.00    18  run-grafana.sh
12:03:37 AM  1000    156117    0.00    0.00    0.00    0.00    0.00    20  run-loki.sh
12:03:37 AM  1000    156124    0.00    0.00    0.00    0.00    0.00    16  run-prometheus.
12:03:37 AM  1000    156148    0.00    0.00    0.00    0.00    0.00    16  run-pyroscope.s

12:03:37 AM   UID       PID    %usr %system  %guest   %wait    %CPU   CPU  Command
12:03:38 AM  1000    156115    0.00    0.00    0.00    0.00    0.00    18  run-grafana.sh
12:03:38 AM  1000    156117    0.00    0.00    0.00    0.00    0.00    20  run-loki.sh
12:03:38 AM  1000    156124    0.00    0.00    0.00    0.00    0.00    16  run-prometheus.
12:03:38 AM  1000    156148    0.00    0.00    0.00    0.00    0.00    16  run-pyroscope.s

12:03:38 AM   UID       PID    %usr %system  %guest   %wait    %CPU   CPU  Command
12:03:39 AM  1000    156115    0.00    0.00    0.00    0.00    0.00    18  run-grafana.sh
12:03:39 AM  1000    156117    0.00    0.00    0.00    0.00    0.00    20  run-loki.sh
12:03:39 AM  1000    156124    0.00    0.00    0.00    0.00    0.00    16  run-prometheus.
12:03:39 AM  1000    156148    0.00    0.00    0.00    0.00    0.00    16  run-pyroscope.s

12:03:39 AM   UID       PID    %usr %system  %guest   %wait    %CPU   CPU  Command
12:03:40 AM  1000    156115    0.00    0.00    0.00    0.00    0.00    18  run-grafana.sh
12:03:40 AM  1000    156117    0.00    0.00    0.00    0.00    0.00    20  run-loki.sh
12:03:40 AM  1000    156124    0.00    0.00    0.00    0.00    0.00    16  run-prometheus.
12:03:40 AM  1000    156148    0.00    0.00    0.00    0.00    0.00    16  run-pyroscope.s

12:03:40 AM   UID       PID    %usr %system  %guest   %wait    %CPU   CPU  Command
12:03:41 AM  1000    156115    0.00    0.00    0.00    0.00    0.00    18  run-grafana.sh
12:03:41 AM  1000    156117    0.00    0.00    0.00    0.00    0.00    20  run-loki.sh
12:03:41 AM  1000    156124    0.00    0.00    0.00    0.00    0.00    16  run-prometheus.
12:03:41 AM  1000    156148    0.00    0.00    0.00    0.00    0.00    16  run-pyroscope.s

12:03:41 AM   UID       PID    %usr %system  %guest   %wait    %CPU   CPU  Command
12:03:42 AM  1000    156115    0.00    0.00    0.00    0.00    0.00    18  run-grafana.sh
12:03:42 AM  1000    156117    0.00    0.00    0.00    0.00    0.00    20  run-loki.sh
12:03:42 AM  1000    156124    0.00    0.00    0.00    0.00    0.00    16  run-prometheus.
12:03:42 AM  1000    156148    0.00    0.00    0.00    0.00    0.00    16  run-pyroscope.s

12:03:42 AM   UID       PID    %usr %system  %guest   %wait    %CPU   CPU  Command
12:03:43 AM  1000    156115    0.00    0.00    0.00    0.00    0.00    18  run-grafana.sh
12:03:43 AM  1000    156117    0.00    0.00    0.00    0.00    0.00    20  run-loki.sh
12:03:43 AM  1000    156124    0.00    0.00    0.00    0.00    0.00    16  run-prometheus.
12:03:43 AM  1000    156148    0.00    0.00    0.00    0.00    0.00    16  run-pyroscope.s

12:03:43 AM   UID       PID    %usr %system  %guest   %wait    %CPU   CPU  Command
12:03:44 AM  1000    156115    0.00    0.00    0.00    0.00    0.00    18  run-grafana.sh
12:03:44 AM  1000    156117    0.00    0.00    0.00    0.00    0.00    20  run-loki.sh
12:03:44 AM  1000    156124    0.00    0.00    0.00    0.00    0.00    16  run-prometheus.
12:03:44 AM  1000    156148    0.00    0.00    0.00    0.00    0.00    16  run-pyroscope.s

12:03:44 AM   UID       PID    %usr %system  %guest   %wait    %CPU   CPU  Command
12:03:45 AM  1000    156115    0.00    0.00    0.00    0.00    0.00    18  run-grafana.sh
12:03:45 AM  1000    156117    0.00    0.00    0.00    0.00    0.00    20  run-loki.sh
12:03:45 AM  1000    156124    0.00    0.00    0.00    0.00    0.00    16  run-prometheus.
12:03:45 AM  1000    156148    0.00    0.00    0.00    0.00    0.00    16  run-pyroscope.s

12:03:45 AM   UID       PID    %usr %system  %guest   %wait    %CPU   CPU  Command
12:03:46 AM  1000    156115    0.00    0.00    0.00    0.00    0.00    18  run-grafana.sh
12:03:46 AM  1000    156117    0.00    0.00    0.00    0.00    0.00    20  run-loki.sh
12:03:46 AM  1000    156124    0.00    0.00    0.00    0.00    0.00    16  run-prometheus.
12:03:46 AM  1000    156148    0.00    0.00    0.00    0.00    0.00    16  run-pyroscope.s

12:03:46 AM   UID       PID    %usr %system  %guest   %wait    %CPU   CPU  Command
12:03:47 AM  1000    156115    0.00    0.00    0.00    0.00    0.00    18  run-grafana.sh
12:03:47 AM  1000    156117    0.00    0.00    0.00    0.00    0.00    20  run-loki.sh
12:03:47 AM  1000    156124    0.00    0.00    0.00    0.00    0.00    16  run-prometheus.
12:03:47 AM  1000    156148    0.00    0.00    0.00    0.00    0.00    16  run-pyroscope.s

12:03:47 AM   UID       PID    %usr %system  %guest   %wait    %CPU   CPU  Command
12:03:48 AM  1000    156115    0.00    0.00    0.00    0.00    0.00    18  run-grafana.sh
12:03:48 AM  1000    156117    0.00    0.00    0.00    0.00    0.00    20  run-loki.sh
12:03:48 AM  1000    156124    0.00    0.00    0.00    0.00    0.00    16  run-prometheus.
12:03:48 AM  1000    156148    0.00    0.00    0.00    0.00    0.00    16  run-pyroscope.s

12:03:48 AM   UID       PID    %usr %system  %guest   %wait    %CPU   CPU  Command
12:03:49 AM  1000    156115    0.00    0.00    0.00    0.00    0.00    18  run-grafana.sh
12:03:49 AM  1000    156117    0.00    0.00    0.00    0.00    0.00    20  run-loki.sh
12:03:49 AM  1000    156124    0.00    0.00    0.00    0.00    0.00    16  run-prometheus.
12:03:49 AM  1000    156148    0.00    0.00    0.00    0.00    0.00    16  run-pyroscope.s

12:03:49 AM   UID       PID    %usr %system  %guest   %wait    %CPU   CPU  Command
12:03:50 AM  1000    156115    0.00    0.00    0.00    0.00    0.00    18  run-grafana.sh
12:03:50 AM  1000    156117    0.00    0.00    0.00    0.00    0.00    20  run-loki.sh
12:03:50 AM  1000    156124    0.00    0.00    0.00    0.00    0.00    16  run-prometheus.
12:03:50 AM  1000    156148    0.00    0.00    0.00    0.00    0.00    16  run-pyroscope.s

12:03:50 AM   UID       PID    %usr %system  %guest   %wait    %CPU   CPU  Command
12:03:51 AM  1000    156115    0.00    0.00    0.00    0.00    0.00    18  run-grafana.sh
12:03:51 AM  1000    156117    0.00    0.00    0.00    0.00    0.00    20  run-loki.sh
12:03:51 AM  1000    156124    0.00    0.00    0.00    0.00    0.00    16  run-prometheus.
12:03:51 AM  1000    156148    0.00    0.00    0.00    0.00    0.00    16  run-pyroscope.s

12:03:51 AM   UID       PID    %usr %system  %guest   %wait    %CPU   CPU  Command
12:03:52 AM  1000    156115    0.00    0.00    0.00    0.00    0.00    18  run-grafana.sh
12:03:52 AM  1000    156117    0.00    0.00    0.00    0.00    0.00    20  run-loki.sh
12:03:52 AM  1000    156124    0.00    0.00    0.00    0.00    0.00    16  run-prometheus.
12:03:52 AM  1000    156148    0.00    0.00    0.00    0.00    0.00    16  run-pyroscope.s

12:03:52 AM   UID       PID    %usr %system  %guest   %wait    %CPU   CPU  Command
12:03:53 AM  1000    156115    0.00    0.00    0.00    0.00    0.00    18  run-grafana.sh
12:03:53 AM  1000    156117    0.00    0.00    0.00    0.00    0.00    20  run-loki.sh
12:03:53 AM  1000    156124    0.00    0.00    0.00    0.00    0.00    16  run-prometheus.
12:03:53 AM  1000    156148    0.00    0.00    0.00    0.00    0.00    16  run-pyroscope.s

12:03:53 AM   UID       PID    %usr %system  %guest   %wait    %CPU   CPU  Command
12:03:54 AM  1000    156115    0.00    0.00    0.00    0.00    0.00    18  run-grafana.sh
12:03:54 AM  1000    156117    0.00    0.00    0.00    0.00    0.00    20  run-loki.sh
12:03:54 AM  1000    156124    0.00    0.00    0.00    0.00    0.00    16  run-prometheus.
12:03:54 AM  1000    156148    0.00    0.00    0.00    0.00    0.00    16  run-pyroscope.s

12:03:54 AM   UID       PID    %usr %system  %guest   %wait    %CPU   CPU  Command
12:03:55 AM  1000    156115    0.00    0.00    0.00    0.00    0.00    18  run-grafana.sh
12:03:55 AM  1000    156117    0.00    0.00    0.00    0.00    0.00    20  run-loki.sh
12:03:55 AM  1000    156124    0.00    0.00    0.00    0.00    0.00    16  run-prometheus.
12:03:55 AM  1000    156148    0.00    0.00    0.00    0.00    0.00    16  run-pyroscope.s

12:03:55 AM   UID       PID    %usr %system  %guest   %wait    %CPU   CPU  Command
12:03:56 AM  1000    156115    0.00    0.00    0.00    0.00    0.00    18  run-grafana.sh
12:03:56 AM  1000    156117    0.00    0.00    0.00    0.00    0.00    20  run-loki.sh
12:03:56 AM  1000    156124    0.00    0.00    0.00    0.00    0.00    16  run-prometheus.
12:03:56 AM  1000    156148    0.00    0.00    0.00    0.00    0.00    16  run-pyroscope.s

12:03:56 AM   UID       PID    %usr %system  %guest   %wait    %CPU   CPU  Command
12:03:57 AM  1000    156115    0.00    0.00    0.00    0.00    0.00    18  run-grafana.sh
12:03:57 AM  1000    156117    0.00    0.00    0.00    0.00    0.00    20  run-loki.sh
12:03:57 AM  1000    156124    0.00    0.00    0.00    0.00    0.00    16  run-prometheus.
12:03:57 AM  1000    156148    0.00    0.00    0.00    0.00    0.00    16  run-pyroscope.s

12:03:57 AM   UID       PID    %usr %system  %guest   %wait    %CPU   CPU  Command
12:03:58 AM  1000    156115    0.00    0.00    0.00    0.00    0.00    18  run-grafana.sh
12:03:58 AM  1000    156117    0.00    0.00    0.00    0.00    0.00    20  run-loki.sh
12:03:58 AM  1000    156124    0.00    0.00    0.00    0.00    0.00    16  run-prometheus.
12:03:58 AM  1000    156148    0.00    0.00    0.00    0.00    0.00    16  run-pyroscope.s

12:03:58 AM   UID       PID    %usr %system  %guest   %wait    %CPU   CPU  Command
12:03:59 AM  1000    156115    0.00    0.00    0.00    0.00    0.00    18  run-grafana.sh
12:03:59 AM  1000    156117    0.00    0.00    0.00    0.00    0.00    20  run-loki.sh
12:03:59 AM  1000    156124    0.00    0.00    0.00    0.00    0.00    16  run-prometheus.
12:03:59 AM  1000    156148    0.00    0.00    0.00    0.00    0.00    16  run-pyroscope.s

12:03:59 AM   UID       PID    %usr %system  %guest   %wait    %CPU   CPU  Command
12:04:00 AM  1000    156115    0.00    0.00    0.00    0.00    0.00    18  run-grafana.sh
12:04:00 AM  1000    156117    0.00    0.00    0.00    0.00    0.00    20  run-loki.sh
12:04:00 AM  1000    156124    0.00    0.00    0.00    0.00    0.00    16  run-prometheus.
12:04:00 AM  1000    156148    0.00    0.00    0.00    0.00    0.00    16  run-pyroscope.s

12:04:00 AM   UID       PID    %usr %system  %guest   %wait    %CPU   CPU  Command
12:04:01 AM  1000    156115    0.00    0.00    0.00    0.00    0.00    18  run-grafana.sh
12:04:01 AM  1000    156117    0.00    0.00    0.00    0.00    0.00    20  run-loki.sh
12:04:01 AM  1000    156124    0.00    0.00    0.00    0.00    0.00    16  run-prometheus.
12:04:01 AM  1000    156148    0.00    0.00    0.00    0.00    0.00    16  run-pyroscope.s

12:04:01 AM   UID       PID    %usr %system  %guest   %wait    %CPU   CPU  Command
12:04:02 AM  1000    156115    0.00    0.00    0.00    0.00    0.00    18  run-grafana.sh
12:04:02 AM  1000    156117    0.00    0.00    0.00    0.00    0.00    20  run-loki.sh
12:04:02 AM  1000    156124    0.00    0.00    0.00    0.00    0.00    16  run-prometheus.
12:04:02 AM  1000    156148    0.00    0.00    0.00    0.00    0.00    16  run-pyroscope.s

12:04:02 AM   UID       PID    %usr %system  %guest   %wait    %CPU   CPU  Command
12:04:03 AM  1000    156115    0.00    0.00    0.00    0.00    0.00    18  run-grafana.sh
12:04:03 AM  1000    156117    0.00    0.00    0.00    0.00    0.00    20  run-loki.sh
12:04:03 AM  1000    156124    0.00    0.00    0.00    0.00    0.00    16  run-prometheus.
12:04:03 AM  1000    156148    0.00    0.00    0.00    0.00    0.00    16  run-pyroscope.s

12:04:03 AM   UID       PID    %usr %system  %guest   %wait    %CPU   CPU  Command
12:04:04 AM  1000    156115    0.00    0.00    0.00    0.00    0.00    18  run-grafana.sh
12:04:04 AM  1000    156117    0.00    0.00    0.00    0.00    0.00    20  run-loki.sh
12:04:04 AM  1000    156124    0.00    0.00    0.00    0.00    0.00    16  run-prometheus.
12:04:04 AM  1000    156148    0.00    0.00    0.00    0.00    0.00    16  run-pyroscope.s

12:04:04 AM   UID       PID    %usr %system  %guest   %wait    %CPU   CPU  Command
12:04:05 AM  1000    156115    0.00    0.00    0.00    0.00    0.00    18  run-grafana.sh
12:04:05 AM  1000    156117    0.00    0.00    0.00    0.00    0.00    20  run-loki.sh
12:04:05 AM  1000    156124    0.00    0.00    0.00    0.00    0.00    16  run-prometheus.
12:04:05 AM  1000    156148    0.00    0.00    0.00    0.00    0.00    16  run-pyroscope.s

12:04:05 AM   UID       PID    %usr %system  %guest   %wait    %CPU   CPU  Command
12:04:06 AM  1000    156115    0.00    0.00    0.00    0.00    0.00    18  run-grafana.sh
12:04:06 AM  1000    156117    0.00    0.00    0.00    0.00    0.00    20  run-loki.sh
12:04:06 AM  1000    156124    0.00    0.00    0.00    0.00    0.00    16  run-prometheus.
12:04:06 AM  1000    156148    0.00    0.00    0.00    0.00    0.00    16  run-pyroscope.s

12:04:06 AM   UID       PID    %usr %system  %guest   %wait    %CPU   CPU  Command
12:04:07 AM  1000    156115    0.00    0.00    0.00    0.00    0.00    18  run-grafana.sh
12:04:07 AM  1000    156117    0.00    0.00    0.00    0.00    0.00    20  run-loki.sh
12:04:07 AM  1000    156124    0.00    0.00    0.00    0.00    0.00    16  run-prometheus.
12:04:07 AM  1000    156148    0.00    0.00    0.00    0.00    0.00    16  run-pyroscope.s

12:04:07 AM   UID       PID    %usr %system  %guest   %wait    %CPU   CPU  Command
12:04:08 AM  1000    156115    0.00    0.00    0.00    0.00    0.00    18  run-grafana.sh
12:04:08 AM  1000    156117    0.00    0.00    0.00    0.00    0.00    20  run-loki.sh
12:04:08 AM  1000    156124    0.00    0.00    0.00    0.00    0.00    16  run-prometheus.
12:04:08 AM  1000    156148    0.00    0.00    0.00    0.00    0.00    16  run-pyroscope.s

12:04:08 AM   UID       PID    %usr %system  %guest   %wait    %CPU   CPU  Command
12:04:09 AM  1000    156115    0.00    0.00    0.00    0.00    0.00    18  run-grafana.sh
12:04:09 AM  1000    156117    0.00    0.00    0.00    0.00    0.00    20  run-loki.sh
12:04:09 AM  1000    156124    0.00    0.00    0.00    0.00    0.00    16  run-prometheus.
12:04:09 AM  1000    156148    0.00    0.00    0.00    0.00    0.00    16  run-pyroscope.s

12:04:09 AM   UID       PID    %usr %system  %guest   %wait    %CPU   CPU  Command
12:04:10 AM  1000    156115    0.00    0.00    0.00    0.00    0.00    18  run-grafana.sh
12:04:10 AM  1000    156117    0.00    0.00    0.00    0.00    0.00    20  run-loki.sh
12:04:10 AM  1000    156124    0.00    0.00    0.00    0.00    0.00    16  run-prometheus.
12:04:10 AM  1000    156148    0.00    0.00    0.00    0.00    0.00    16  run-pyroscope.s

12:04:10 AM   UID       PID    %usr %system  %guest   %wait    %CPU   CPU  Command
12:04:11 AM  1000    156115    0.00    0.00    0.00    0.00    0.00    18  run-grafana.sh
12:04:11 AM  1000    156117    0.00    0.00    0.00    0.00    0.00    20  run-loki.sh
12:04:11 AM  1000    156124    0.00    0.00    0.00    0.00    0.00    16  run-prometheus.
12:04:11 AM  1000    156148    0.00    0.00    0.00    0.00    0.00    16  run-pyroscope.s

12:04:11 AM   UID       PID    %usr %system  %guest   %wait    %CPU   CPU  Command
12:04:12 AM  1000    156115    0.00    0.00    0.00    0.00    0.00    18  run-grafana.sh
12:04:12 AM  1000    156117    0.00    0.00    0.00    0.00    0.00    20  run-loki.sh
12:04:12 AM  1000    156124    0.00    0.00    0.00    0.00    0.00    16  run-prometheus.
12:04:12 AM  1000    156148    0.00    0.00    0.00    0.00    0.00    16  run-pyroscope.s

12:04:12 AM   UID       PID    %usr %system  %guest   %wait    %CPU   CPU  Command
12:04:13 AM  1000    156115    0.00    0.00    0.00    0.00    0.00    18  run-grafana.sh
12:04:13 AM  1000    156117    0.00    0.00    0.00    0.00    0.00    20  run-loki.sh
12:04:13 AM  1000    156124    0.00    0.00    0.00    0.00    0.00    16  run-prometheus.
12:04:13 AM  1000    156148    0.00    0.00    0.00    0.00    0.00    16  run-pyroscope.s

12:04:13 AM   UID       PID    %usr %system  %guest   %wait    %CPU   CPU  Command
12:04:14 AM  1000    156115    0.00    0.00    0.00    0.00    0.00    18  run-grafana.sh
12:04:14 AM  1000    156117    0.00    0.00    0.00    0.00    0.00    20  run-loki.sh
12:04:14 AM  1000    156124    0.00    0.00    0.00    0.00    0.00    16  run-prometheus.
12:04:14 AM  1000    156148    0.00    0.00    0.00    0.00    0.00    16  run-pyroscope.s

12:04:14 AM   UID       PID    %usr %system  %guest   %wait    %CPU   CPU  Command
12:04:15 AM  1000    156115    0.00    0.00    0.00    0.00    0.00    18  run-grafana.sh
12:04:15 AM  1000    156117    0.00    0.00    0.00    0.00    0.00    20  run-loki.sh
12:04:15 AM  1000    156124    0.00    0.00    0.00    0.00    0.00    16  run-prometheus.
12:04:15 AM  1000    156148    0.00    0.00    0.00    0.00    0.00    16  run-pyroscope.s

12:04:15 AM   UID       PID    %usr %system  %guest   %wait    %CPU   CPU  Command
12:04:16 AM  1000    156115    0.00    0.00    0.00    0.00    0.00    18  run-grafana.sh
12:04:16 AM  1000    156117    0.00    0.00    0.00    0.00    0.00    20  run-loki.sh
12:04:16 AM  1000    156124    0.00    0.00    0.00    0.00    0.00    16  run-prometheus.
12:04:16 AM  1000    156148    0.00    0.00    0.00    0.00    0.00    16  run-pyroscope.s

12:04:16 AM   UID       PID    %usr %system  %guest   %wait    %CPU   CPU  Command
12:04:17 AM  1000    156115    0.00    0.00    0.00    0.00    0.00    18  run-grafana.sh
12:04:17 AM  1000    156117    0.00    0.00    0.00    0.00    0.00    20  run-loki.sh
12:04:17 AM  1000    156124    0.00    0.00    0.00    0.00    0.00    16  run-prometheus.
12:04:17 AM  1000    156148    0.00    0.00    0.00    0.00    0.00    16  run-pyroscope.s

12:04:17 AM   UID       PID    %usr %system  %guest   %wait    %CPU   CPU  Command
12:04:18 AM  1000    156115    0.00    0.00    0.00    0.00    0.00    18  run-grafana.sh
12:04:18 AM  1000    156117    0.00    0.00    0.00    0.00    0.00    20  run-loki.sh
12:04:18 AM  1000    156124    0.00    0.00    0.00    0.00    0.00    16  run-prometheus.
12:04:18 AM  1000    156148    0.00    0.00    0.00    0.00    0.00    16  run-pyroscope.s

12:04:18 AM   UID       PID    %usr %system  %guest   %wait    %CPU   CPU  Command
12:04:19 AM  1000    156115    0.00    0.00    0.00    0.00    0.00    18  run-grafana.sh
12:04:19 AM  1000    156117    0.00    0.00    0.00    0.00    0.00    20  run-loki.sh
12:04:19 AM  1000    156124    0.00    0.00    0.00    0.00    0.00    16  run-prometheus.
12:04:19 AM  1000    156148    0.00    0.00    0.00    0.00    0.00    16  run-pyroscope.s

12:04:19 AM   UID       PID    %usr %system  %guest   %wait    %CPU   CPU  Command
12:04:20 AM  1000    156115    0.00    0.00    0.00    0.00    0.00    18  run-grafana.sh
12:04:20 AM  1000    156117    0.00    0.00    0.00    0.00    0.00    20  run-loki.sh
12:04:20 AM  1000    156124    0.00    0.00    0.00    0.00    0.00    16  run-prometheus.
12:04:20 AM  1000    156148    0.00    0.00    0.00    0.00    0.00    16  run-pyroscope.s

12:04:20 AM   UID       PID    %usr %system  %guest   %wait    %CPU   CPU  Command
12:04:21 AM  1000    156115    0.00    0.00    0.00    0.00    0.00    18  run-grafana.sh
12:04:21 AM  1000    156117    0.00    0.00    0.00    0.00    0.00    20  run-loki.sh
12:04:21 AM  1000    156124    0.00    0.00    0.00    0.00    0.00    16  run-prometheus.
12:04:21 AM  1000    156148    0.00    0.00    0.00    0.00    0.00    16  run-pyroscope.s

12:04:21 AM   UID       PID    %usr %system  %guest   %wait    %CPU   CPU  Command
12:04:22 AM  1000    156115    0.00    0.00    0.00    0.00    0.00    18  run-grafana.sh
12:04:22 AM  1000    156117    0.00    0.00    0.00    0.00    0.00    20  run-loki.sh
12:04:22 AM  1000    156124    0.00    0.00    0.00    0.00    0.00    16  run-prometheus.
12:04:22 AM  1000    156148    0.00    0.00    0.00    0.00    0.00    16  run-pyroscope.s

12:04:22 AM   UID       PID    %usr %system  %guest   %wait    %CPU   CPU  Command
12:04:23 AM  1000    156115    0.00    0.00    0.00    0.00    0.00    18  run-grafana.sh
12:04:23 AM  1000    156117    0.00    0.00    0.00    0.00    0.00    20  run-loki.sh
12:04:23 AM  1000    156124    0.00    0.00    0.00    0.00    0.00    16  run-prometheus.
12:04:23 AM  1000    156148    0.00    0.00    0.00    0.00    0.00    16  run-pyroscope.s

12:04:23 AM   UID       PID    %usr %system  %guest   %wait    %CPU   CPU  Command
12:04:24 AM  1000    156115    0.00    0.00    0.00    0.00    0.00    18  run-grafana.sh
12:04:24 AM  1000    156117    0.00    0.00    0.00    0.00    0.00    20  run-loki.sh
12:04:24 AM  1000    156124    0.00    0.00    0.00    0.00    0.00    16  run-prometheus.
12:04:24 AM  1000    156148    0.00    0.00    0.00    0.00    0.00    16  run-pyroscope.s

12:04:24 AM   UID       PID    %usr %system  %guest   %wait    %CPU   CPU  Command
12:04:25 AM  1000    156115    0.00    0.00    0.00    0.00    0.00    18  run-grafana.sh
12:04:25 AM  1000    156117    0.00    0.00    0.00    0.00    0.00    20  run-loki.sh
12:04:25 AM  1000    156124    0.00    0.00    0.00    0.00    0.00    16  run-prometheus.
12:04:25 AM  1000    156148    0.00    0.00    0.00    0.00    0.00    16  run-pyroscope.s

12:04:25 AM   UID       PID    %usr %system  %guest   %wait    %CPU   CPU  Command
12:04:26 AM  1000    156115    0.00    0.00    0.00    0.00    0.00    18  run-grafana.sh
12:04:26 AM  1000    156117    0.00    0.00    0.00    0.00    0.00    20  run-loki.sh
12:04:26 AM  1000    156124    0.00    0.00    0.00    0.00    0.00    16  run-prometheus.
12:04:26 AM  1000    156148    0.00    0.00    0.00    0.00    0.00    16  run-pyroscope.s

12:04:26 AM   UID       PID    %usr %system  %guest   %wait    %CPU   CPU  Command
12:04:27 AM  1000    156115    0.00    0.00    0.00    0.00    0.00    18  run-grafana.sh
12:04:27 AM  1000    156117    0.00    0.00    0.00    0.00    0.00    20  run-loki.sh
12:04:27 AM  1000    156124    0.00    0.00    0.00    0.00    0.00    16  run-prometheus.
12:04:27 AM  1000    156148    0.00    0.00    0.00    0.00    0.00    16  run-pyroscope.s

12:04:27 AM   UID       PID    %usr %system  %guest   %wait    %CPU   CPU  Command
12:04:28 AM  1000    156115    0.00    0.00    0.00    0.00    0.00    18  run-grafana.sh
12:04:28 AM  1000    156117    0.00    0.00    0.00    0.00    0.00    20  run-loki.sh
12:04:28 AM  1000    156124    0.00    0.00    0.00    0.00    0.00    16  run-prometheus.
12:04:28 AM  1000    156148    0.00    0.00    0.00    0.00    0.00    16  run-pyroscope.s

12:04:28 AM   UID       PID    %usr %system  %guest   %wait    %CPU   CPU  Command
12:04:29 AM  1000    156115    0.00    0.00    0.00    0.00    0.00    18  run-grafana.sh
12:04:29 AM  1000    156117    0.00    0.00    0.00    0.00    0.00    20  run-loki.sh
12:04:29 AM  1000    156124    0.00    0.00    0.00    0.00    0.00    16  run-prometheus.
12:04:29 AM  1000    156148    0.00    0.00    0.00    0.00    0.00    16  run-pyroscope.s

12:04:29 AM   UID       PID    %usr %system  %guest   %wait    %CPU   CPU  Command
12:04:30 AM  1000    156115    0.00    0.00    0.00    0.00    0.00    18  run-grafana.sh
12:04:30 AM  1000    156117    0.00    0.00    0.00    0.00    0.00    20  run-loki.sh
12:04:30 AM  1000    156124    0.00    0.00    0.00    0.00    0.00    16  run-prometheus.
12:04:30 AM  1000    156148    0.00    0.00    0.00    0.00    0.00    16  run-pyroscope.s

12:04:30 AM   UID       PID    %usr %system  %guest   %wait    %CPU   CPU  Command
12:04:31 AM  1000    156115    0.00    0.00    0.00    0.00    0.00    18  run-grafana.sh
12:04:31 AM  1000    156117    0.00    0.00    0.00    0.00    0.00    20  run-loki.sh
12:04:31 AM  1000    156124    0.00    0.00    0.00    0.00    0.00    16  run-prometheus.
12:04:31 AM  1000    156148    0.00    0.00    0.00    0.00    0.00    16  run-pyroscope.s

12:04:31 AM   UID       PID    %usr %system  %guest   %wait    %CPU   CPU  Command
12:04:32 AM  1000    156115    0.00    0.00    0.00    0.00    0.00    18  run-grafana.sh
12:04:32 AM  1000    156117    0.00    0.00    0.00    0.00    0.00    20  run-loki.sh
12:04:32 AM  1000    156124    0.00    0.00    0.00    0.00    0.00    16  run-prometheus.
12:04:32 AM  1000    156148    0.00    0.00    0.00    0.00    0.00    16  run-pyroscope.s

12:04:32 AM   UID       PID    %usr %system  %guest   %wait    %CPU   CPU  Command
12:04:33 AM  1000    156115    0.00    0.00    0.00    0.00    0.00    18  run-grafana.sh
12:04:33 AM  1000    156117    0.00    0.00    0.00    0.00    0.00    20  run-loki.sh
12:04:33 AM  1000    156124    0.00    0.00    0.00    0.00    0.00    16  run-prometheus.
12:04:33 AM  1000    156148    0.00    0.00    0.00    0.00    0.00    16  run-pyroscope.s

12:04:33 AM   UID       PID    %usr %system  %guest   %wait    %CPU   CPU  Command
12:04:34 AM  1000    156115    0.00    0.00    0.00    0.00    0.00    18  run-grafana.sh
12:04:34 AM  1000    156117    0.00    0.00    0.00    0.00    0.00    20  run-loki.sh
12:04:34 AM  1000    156124    0.00    0.00    0.00    0.00    0.00    16  run-prometheus.
12:04:34 AM  1000    156148    0.00    0.00    0.00    0.00    0.00    16  run-pyroscope.s

12:04:34 AM   UID       PID    %usr %system  %guest   %wait    %CPU   CPU  Command
12:04:35 AM  1000    156115    0.00    0.00    0.00    0.00    0.00    18  run-grafana.sh
12:04:35 AM  1000    156117    0.00    0.00    0.00    0.00    0.00    20  run-loki.sh
12:04:35 AM  1000    156124    0.00    0.00    0.00    0.00    0.00    16  run-prometheus.
12:04:35 AM  1000    156148    0.00    0.00    0.00    0.00    0.00    16  run-pyroscope.s

12:04:35 AM   UID       PID    %usr %system  %guest   %wait    %CPU   CPU  Command
12:04:36 AM  1000    156115    0.00    0.00    0.00    0.00    0.00    18  run-grafana.sh
12:04:36 AM  1000    156117    0.00    0.00    0.00    0.00    0.00    20  run-loki.sh
12:04:36 AM  1000    156124    0.00    0.00    0.00    0.00    0.00    16  run-prometheus.
12:04:36 AM  1000    156148    0.00    0.00    0.00    0.00    0.00    16  run-pyroscope.s

12:04:36 AM   UID       PID    %usr %system  %guest   %wait    %CPU   CPU  Command
12:04:37 AM  1000    156115    0.00    0.00    0.00    0.00    0.00    18  run-grafana.sh
12:04:37 AM  1000    156117    0.00    0.00    0.00    0.00    0.00    20  run-loki.sh
12:04:37 AM  1000    156124    0.00    0.00    0.00    0.00    0.00    16  run-prometheus.
12:04:37 AM  1000    156148    0.00    0.00    0.00    0.00    0.00    16  run-pyroscope.s

12:04:37 AM   UID       PID    %usr %system  %guest   %wait    %CPU   CPU  Command
12:04:38 AM  1000    156115    0.00    0.00    0.00    0.00    0.00    18  run-grafana.sh
12:04:38 AM  1000    156117    0.00    0.00    0.00    0.00    0.00    20  run-loki.sh
12:04:38 AM  1000    156124    0.00    0.00    0.00    0.00    0.00    16  run-prometheus.
12:04:38 AM  1000    156148    0.00    0.00    0.00    0.00    0.00    16  run-pyroscope.s

12:04:38 AM   UID       PID    %usr %system  %guest   %wait    %CPU   CPU  Command
12:04:39 AM  1000    156115    0.00    0.00    0.00    0.00    0.00    18  run-grafana.sh
12:04:39 AM  1000    156117    0.00    0.00    0.00    0.00    0.00    20  run-loki.sh
12:04:39 AM  1000    156124    0.00    0.00    0.00    0.00    0.00    16  run-prometheus.
12:04:39 AM  1000    156148    0.00    0.00    0.00    0.00    0.00    16  run-pyroscope.s

12:04:39 AM   UID       PID    %usr %system  %guest   %wait    %CPU   CPU  Command
12:04:40 AM  1000    156115    0.00    0.00    0.00    0.00    0.00    18  run-grafana.sh
12:04:40 AM  1000    156117    0.00    0.00    0.00    0.00    0.00    20  run-loki.sh
12:04:40 AM  1000    156124    0.00    0.00    0.00    0.00    0.00    16  run-prometheus.
12:04:40 AM  1000    156148    0.00    0.00    0.00    0.00    0.00    16  run-pyroscope.s

12:04:40 AM   UID       PID    %usr %system  %guest   %wait    %CPU   CPU  Command
12:04:41 AM  1000    156115    0.00    0.00    0.00    0.00    0.00    18  run-grafana.sh
12:04:41 AM  1000    156117    0.00    0.00    0.00    0.00    0.00    20  run-loki.sh
12:04:41 AM  1000    156124    0.00    0.00    0.00    0.00    0.00    16  run-prometheus.
12:04:41 AM  1000    156148    0.00    0.00    0.00    0.00    0.00    16  run-pyroscope.s

12:04:41 AM   UID       PID    %usr %system  %guest   %wait    %CPU   CPU  Command
12:04:42 AM  1000    156115    0.00    0.00    0.00    0.00    0.00    18  run-grafana.sh
12:04:42 AM  1000    156117    0.00    0.00    0.00    0.00    0.00    20  run-loki.sh
12:04:42 AM  1000    156124    0.00    0.00    0.00    0.00    0.00    16  run-prometheus.
12:04:42 AM  1000    156148    0.00    0.00    0.00    0.00    0.00    16  run-pyroscope.s

12:04:42 AM   UID       PID    %usr %system  %guest   %wait    %CPU   CPU  Command
12:04:43 AM  1000    156115    0.00    0.00    0.00    0.00    0.00    18  run-grafana.sh
12:04:43 AM  1000    156117    0.00    0.00    0.00    0.00    0.00    20  run-loki.sh
12:04:43 AM  1000    156124    0.00    0.00    0.00    0.00    0.00    16  run-prometheus.
12:04:43 AM  1000    156148    0.00    0.00    0.00    0.00    0.00    16  run-pyroscope.s

12:04:43 AM   UID       PID    %usr %system  %guest   %wait    %CPU   CPU  Command
12:04:44 AM  1000    156115    0.00    0.00    0.00    0.00    0.00    18  run-grafana.sh
12:04:44 AM  1000    156117    0.00    0.00    0.00    0.00    0.00    20  run-loki.sh
12:04:44 AM  1000    156124    0.00    0.00    0.00    0.00    0.00    16  run-prometheus.
12:04:44 AM  1000    156148    0.00    0.00    0.00    0.00    0.00    16  run-pyroscope.s

12:04:44 AM   UID       PID    %usr %system  %guest   %wait    %CPU   CPU  Command
12:04:45 AM  1000    156115    0.00    0.00    0.00    0.00    0.00    18  run-grafana.sh
12:04:45 AM  1000    156117    0.00    0.00    0.00    0.00    0.00    20  run-loki.sh
12:04:45 AM  1000    156124    0.00    0.00    0.00    0.00    0.00    16  run-prometheus.
12:04:45 AM  1000    156148    0.00    0.00    0.00    0.00    0.00    16  run-pyroscope.s

12:04:45 AM   UID       PID    %usr %system  %guest   %wait    %CPU   CPU  Command
12:04:46 AM  1000    156115    0.00    0.00    0.00    0.00    0.00    18  run-grafana.sh
12:04:46 AM  1000    156117    0.00    0.00    0.00    0.00    0.00    20  run-loki.sh
12:04:46 AM  1000    156124    0.00    0.00    0.00    0.00    0.00    16  run-prometheus.
12:04:46 AM  1000    156148    0.00    0.00    0.00    0.00    0.00    16  run-pyroscope.s

12:04:46 AM   UID       PID    %usr %system  %guest   %wait    %CPU   CPU  Command
12:04:47 AM  1000    156115    0.00    0.00    0.00    0.00    0.00    18  run-grafana.sh
12:04:47 AM  1000    156117    0.00    0.00    0.00    0.00    0.00    20  run-loki.sh
12:04:47 AM  1000    156124    0.00    0.00    0.00    0.00    0.00    16  run-prometheus.
12:04:47 AM  1000    156148    0.00    0.00    0.00    0.00    0.00    16  run-pyroscope.s

12:04:47 AM   UID       PID    %usr %system  %guest   %wait    %CPU   CPU  Command
12:04:48 AM  1000    156115    0.00    0.00    0.00    0.00    0.00    18  run-grafana.sh
12:04:48 AM  1000    156117    0.00    0.00    0.00    0.00    0.00    20  run-loki.sh
12:04:48 AM  1000    156124    0.00    0.00    0.00    0.00    0.00    16  run-prometheus.
12:04:48 AM  1000    156148    0.00    0.00    0.00    0.00    0.00    16  run-pyroscope.s

12:04:48 AM   UID       PID    %usr %system  %guest   %wait    %CPU   CPU  Command
12:04:49 AM  1000    156115    0.00    0.00    0.00    0.00    0.00    18  run-grafana.sh
12:04:49 AM  1000    156117    0.00    0.00    0.00    0.00    0.00    20  run-loki.sh
12:04:49 AM  1000    156124    0.00    0.00    0.00    0.00    0.00    16  run-prometheus.
12:04:49 AM  1000    156148    0.00    0.00    0.00    0.00    0.00    16  run-pyroscope.s

12:04:49 AM   UID       PID    %usr %system  %guest   %wait    %CPU   CPU  Command
12:04:50 AM  1000    156115    0.00    0.00    0.00    0.00    0.00    18  run-grafana.sh
12:04:50 AM  1000    156117    0.00    0.00    0.00    0.00    0.00    20  run-loki.sh
12:04:50 AM  1000    156124    0.00    0.00    0.00    0.00    0.00    16  run-prometheus.
12:04:50 AM  1000    156148    0.00    0.00    0.00    0.00    0.00    16  run-pyroscope.s

12:04:50 AM   UID       PID    %usr %system  %guest   %wait    %CPU   CPU  Command
12:04:51 AM  1000    156115    0.00    0.00    0.00    0.00    0.00    18  run-grafana.sh
12:04:51 AM  1000    156117    0.00    0.00    0.00    0.00    0.00    20  run-loki.sh
12:04:51 AM  1000    156124    0.00    0.00    0.00    0.00    0.00    16  run-prometheus.
12:04:51 AM  1000    156148    0.00    0.00    0.00    0.00    0.00    16  run-pyroscope.s

12:04:51 AM   UID       PID    %usr %system  %guest   %wait    %CPU   CPU  Command
12:04:52 AM  1000    156115    0.00    0.00    0.00    0.00    0.00    18  run-grafana.sh
12:04:52 AM  1000    156117    0.00    0.00    0.00    0.00    0.00    20  run-loki.sh
12:04:52 AM  1000    156124    0.00    0.00    0.00    0.00    0.00    16  run-prometheus.
12:04:52 AM  1000    156148    0.00    0.00    0.00    0.00    0.00    16  run-pyroscope.s

12:04:52 AM   UID       PID    %usr %system  %guest   %wait    %CPU   CPU  Command
12:04:53 AM  1000    156115    0.00    0.00    0.00    0.00    0.00    18  run-grafana.sh
12:04:53 AM  1000    156117    0.00    0.00    0.00    0.00    0.00    20  run-loki.sh
12:04:53 AM  1000    156124    0.00    0.00    0.00    0.00    0.00    16  run-prometheus.
12:04:53 AM  1000    156148    0.00    0.00    0.00    0.00    0.00    16  run-pyroscope.s

12:04:53 AM   UID       PID    %usr %system  %guest   %wait    %CPU   CPU  Command
12:04:54 AM  1000    156115    0.00    0.00    0.00    0.00    0.00    18  run-grafana.sh
12:04:54 AM  1000    156117    0.00    0.00    0.00    0.00    0.00    20  run-loki.sh
12:04:54 AM  1000    156124    0.00    0.00    0.00    0.00    0.00    16  run-prometheus.
12:04:54 AM  1000    156148    0.00    0.00    0.00    0.00    0.00    16  run-pyroscope.s

12:04:54 AM   UID       PID    %usr %system  %guest   %wait    %CPU   CPU  Command
12:04:55 AM  1000    156115    0.00    0.00    0.00    0.00    0.00    18  run-grafana.sh
12:04:55 AM  1000    156117    0.00    0.00    0.00    0.00    0.00    20  run-loki.sh
12:04:55 AM  1000    156124    0.00    0.00    0.00    0.00    0.00    16  run-prometheus.
12:04:55 AM  1000    156148    0.00    0.00    0.00    0.00    0.00    16  run-pyroscope.s

12:04:55 AM   UID       PID    %usr %system  %guest   %wait    %CPU   CPU  Command
12:04:56 AM  1000    156115    0.00    0.00    0.00    0.00    0.00    18  run-grafana.sh
12:04:56 AM  1000    156117    0.00    0.00    0.00    0.00    0.00    20  run-loki.sh
12:04:56 AM  1000    156124    0.00    0.00    0.00    0.00    0.00    16  run-prometheus.
12:04:56 AM  1000    156148    0.00    0.00    0.00    0.00    0.00    16  run-pyroscope.s

12:04:56 AM   UID       PID    %usr %system  %guest   %wait    %CPU   CPU  Command
12:04:57 AM  1000    156115    0.00    0.00    0.00    0.00    0.00    18  run-grafana.sh
12:04:57 AM  1000    156117    0.00    0.00    0.00    0.00    0.00    20  run-loki.sh
12:04:57 AM  1000    156124    0.00    0.00    0.00    0.00    0.00    16  run-prometheus.
12:04:57 AM  1000    156148    0.00    0.00    0.00    0.00    0.00    16  run-pyroscope.s

12:04:57 AM   UID       PID    %usr %system  %guest   %wait    %CPU   CPU  Command
12:04:58 AM  1000    156115    0.00    0.00    0.00    0.00    0.00    18  run-grafana.sh
12:04:58 AM  1000    156117    0.00    0.00    0.00    0.00    0.00    20  run-loki.sh
12:04:58 AM  1000    156124    0.00    0.00    0.00    0.00    0.00    16  run-prometheus.
12:04:58 AM  1000    156148    0.00    0.00    0.00    0.00    0.00    16  run-pyroscope.s

12:04:58 AM   UID       PID    %usr %system  %guest   %wait    %CPU   CPU  Command
12:04:59 AM  1000    156115    0.00    0.00    0.00    0.00    0.00    18  run-grafana.sh
12:04:59 AM  1000    156117    0.00    0.00    0.00    0.00    0.00    20  run-loki.sh
12:04:59 AM  1000    156124    0.00    0.00    0.00    0.00    0.00    16  run-prometheus.
12:04:59 AM  1000    156148    0.00    0.00    0.00    0.00    0.00    16  run-pyroscope.s

12:04:59 AM   UID       PID    %usr %system  %guest   %wait    %CPU   CPU  Command
12:05:00 AM  1000    156115    0.00    0.00    0.00    0.00    0.00    18  run-grafana.sh
12:05:00 AM  1000    156117    0.00    0.00    0.00    0.00    0.00    20  run-loki.sh
12:05:00 AM  1000    156124    0.00    0.00    0.00    0.00    0.00    16  run-prometheus.
12:05:00 AM  1000    156148    0.00    0.00    0.00    0.00    0.00    16  run-pyroscope.s

12:05:00 AM   UID       PID    %usr %system  %guest   %wait    %CPU   CPU  Command
12:05:01 AM  1000    156115    0.00    0.00    0.00    0.00    0.00    18  run-grafana.sh
12:05:01 AM  1000    156117    0.00    0.00    0.00    0.00    0.00    20  run-loki.sh
12:05:01 AM  1000    156124    0.00    0.00    0.00    0.00    0.00    16  run-prometheus.
12:05:01 AM  1000    156148    0.00    0.00    0.00    0.00    0.00    16  run-pyroscope.s

12:05:01 AM   UID       PID    %usr %system  %guest   %wait    %CPU   CPU  Command
12:05:02 AM  1000    156115    0.00    0.00    0.00    0.00    0.00    18  run-grafana.sh
12:05:02 AM  1000    156117    0.00    0.00    0.00    0.00    0.00    20  run-loki.sh
12:05:02 AM  1000    156124    0.00    0.00    0.00    0.00    0.00    16  run-prometheus.
12:05:02 AM  1000    156148    0.00    0.00    0.00    0.00    0.00    16  run-pyroscope.s

12:05:02 AM   UID       PID    %usr %system  %guest   %wait    %CPU   CPU  Command
12:05:03 AM  1000    156115    0.00    0.00    0.00    0.00    0.00    18  run-grafana.sh
12:05:03 AM  1000    156117    0.00    0.00    0.00    0.00    0.00    20  run-loki.sh
12:05:03 AM  1000    156124    0.00    0.00    0.00    0.00    0.00    16  run-prometheus.
12:05:03 AM  1000    156148    0.00    0.00    0.00    0.00    0.00    16  run-pyroscope.s

12:05:03 AM   UID       PID    %usr %system  %guest   %wait    %CPU   CPU  Command
12:05:04 AM  1000    156115    0.00    0.00    0.00    0.00    0.00    18  run-grafana.sh
12:05:04 AM  1000    156117    0.00    0.00    0.00    0.00    0.00    20  run-loki.sh
12:05:04 AM  1000    156124    0.00    0.00    0.00    0.00    0.00    16  run-prometheus.
12:05:04 AM  1000    156148    0.00    0.00    0.00    0.00    0.00    16  run-pyroscope.s

12:05:04 AM   UID       PID    %usr %system  %guest   %wait    %CPU   CPU  Command
12:05:05 AM  1000    156115    0.00    0.00    0.00    0.00    0.00    18  run-grafana.sh
12:05:05 AM  1000    156117    0.00    0.00    0.00    0.00    0.00    20  run-loki.sh
12:05:05 AM  1000    156124    0.00    0.00    0.00    0.00    0.00    16  run-prometheus.
12:05:05 AM  1000    156148    0.00    0.00    0.00    0.00    0.00    16  run-pyroscope.s

12:05:05 AM   UID       PID    %usr %system  %guest   %wait    %CPU   CPU  Command
12:05:06 AM  1000    156115    0.00    0.00    0.00    0.00    0.00    18  run-grafana.sh
12:05:06 AM  1000    156117    0.00    0.00    0.00    0.00    0.00    20  run-loki.sh
12:05:06 AM  1000    156124    0.00    0.00    0.00    0.00    0.00    16  run-prometheus.
12:05:06 AM  1000    156148    0.00    0.00    0.00    0.00    0.00    16  run-pyroscope.s

12:05:06 AM   UID       PID    %usr %system  %guest   %wait    %CPU   CPU  Command
12:05:07 AM  1000    156115    0.00    0.00    0.00    0.00    0.00    18  run-grafana.sh
12:05:07 AM  1000    156117    0.00    0.00    0.00    0.00    0.00    20  run-loki.sh
12:05:07 AM  1000    156124    0.00    0.00    0.00    0.00    0.00    16  run-prometheus.
12:05:07 AM  1000    156148    0.00    0.00    0.00    0.00    0.00    16  run-pyroscope.s

12:05:07 AM   UID       PID    %usr %system  %guest   %wait    %CPU   CPU  Command
12:05:08 AM  1000    156115    0.00    0.00    0.00    0.00    0.00    18  run-grafana.sh
12:05:08 AM  1000    156117    0.00    0.00    0.00    0.00    0.00    20  run-loki.sh
12:05:08 AM  1000    156124    0.00    0.00    0.00    0.00    0.00    16  run-prometheus.
12:05:08 AM  1000    156148    0.00    0.00    0.00    0.00    0.00    16  run-pyroscope.s

12:05:08 AM   UID       PID    %usr %system  %guest   %wait    %CPU   CPU  Command
12:05:09 AM  1000    156115    0.00    0.00    0.00    0.00    0.00    18  run-grafana.sh
12:05:09 AM  1000    156117    0.00    0.00    0.00    0.00    0.00    20  run-loki.sh
12:05:09 AM  1000    156124    0.00    0.00    0.00    0.00    0.00    16  run-prometheus.
12:05:09 AM  1000    156148    0.00    0.00    0.00    0.00    0.00    16  run-pyroscope.s

12:05:09 AM   UID       PID    %usr %system  %guest   %wait    %CPU   CPU  Command
12:05:10 AM  1000    156115    0.00    0.00    0.00    0.00    0.00    18  run-grafana.sh
12:05:10 AM  1000    156117    0.00    0.00    0.00    0.00    0.00    20  run-loki.sh
12:05:10 AM  1000    156124    0.00    0.00    0.00    0.00    0.00    16  run-prometheus.
12:05:10 AM  1000    156148    0.00    0.00    0.00    0.00    0.00    16  run-pyroscope.s

12:05:10 AM   UID       PID    %usr %system  %guest   %wait    %CPU   CPU  Command
12:05:11 AM  1000    156115    0.00    0.00    0.00    0.00    0.00    18  run-grafana.sh
12:05:11 AM  1000    156117    0.00    0.00    0.00    0.00    0.00    20  run-loki.sh
12:05:11 AM  1000    156124    0.00    0.00    0.00    0.00    0.00    16  run-prometheus.
12:05:11 AM  1000    156148    0.00    0.00    0.00    0.00    0.00    16  run-pyroscope.s

12:05:11 AM   UID       PID    %usr %system  %guest   %wait    %CPU   CPU  Command
12:05:12 AM  1000    156115    0.00    0.00    0.00    0.00    0.00    18  run-grafana.sh
12:05:12 AM  1000    156117    0.00    0.00    0.00    0.00    0.00    20  run-loki.sh
12:05:12 AM  1000    156124    0.00    0.00    0.00    0.00    0.00    16  run-prometheus.
12:05:12 AM  1000    156148    0.00    0.00    0.00    0.00    0.00    16  run-pyroscope.s

12:05:12 AM   UID       PID    %usr %system  %guest   %wait    %CPU   CPU  Command
12:05:13 AM  1000    156115    0.00    0.00    0.00    0.00    0.00    18  run-grafana.sh
12:05:13 AM  1000    156117    0.00    0.00    0.00    0.00    0.00    20  run-loki.sh
12:05:13 AM  1000    156124    0.00    0.00    0.00    0.00    0.00    16  run-prometheus.
12:05:13 AM  1000    156148    0.00    0.00    0.00    0.00    0.00    16  run-pyroscope.s

12:05:13 AM   UID       PID    %usr %system  %guest   %wait    %CPU   CPU  Command
12:05:14 AM  1000    156115    0.00    0.00    0.00    0.00    0.00    18  run-grafana.sh
12:05:14 AM  1000    156117    0.00    0.00    0.00    0.00    0.00    20  run-loki.sh
12:05:14 AM  1000    156124    0.00    0.00    0.00    0.00    0.00    16  run-prometheus.
12:05:14 AM  1000    156148    0.00    0.00    0.00    0.00    0.00    16  run-pyroscope.s

12:05:14 AM   UID       PID    %usr %system  %guest   %wait    %CPU   CPU  Command
12:05:15 AM  1000    156115    0.00    0.00    0.00    0.00    0.00    18  run-grafana.sh
12:05:15 AM  1000    156117    0.00    0.00    0.00    0.00    0.00    20  run-loki.sh
12:05:15 AM  1000    156124    0.00    0.00    0.00    0.00    0.00    16  run-prometheus.
12:05:15 AM  1000    156148    0.00    0.00    0.00    0.00    0.00    16  run-pyroscope.s

12:05:15 AM   UID       PID    %usr %system  %guest   %wait    %CPU   CPU  Command
12:05:16 AM  1000    156115    0.00    0.00    0.00    0.00    0.00    18  run-grafana.sh
12:05:16 AM  1000    156117    0.00    0.00    0.00    0.00    0.00    20  run-loki.sh
12:05:16 AM  1000    156124    0.00    0.00    0.00    0.00    0.00    16  run-prometheus.
12:05:16 AM  1000    156148    0.00    0.00    0.00    0.00    0.00    16  run-pyroscope.s

12:05:16 AM   UID       PID    %usr %system  %guest   %wait    %CPU   CPU  Command
12:05:17 AM  1000    156115    0.00    0.00    0.00    0.00    0.00    18  run-grafana.sh
12:05:17 AM  1000    156117    0.00    0.00    0.00    0.00    0.00    20  run-loki.sh
12:05:17 AM  1000    156124    0.00    0.00    0.00    0.00    0.00    16  run-prometheus.
12:05:17 AM  1000    156148    0.00    0.00    0.00    0.00    0.00    16  run-pyroscope.s

12:05:17 AM   UID       PID    %usr %system  %guest   %wait    %CPU   CPU  Command
12:05:18 AM  1000    156115    0.00    0.00    0.00    0.00    0.00    18  run-grafana.sh
12:05:18 AM  1000    156117    0.00    0.00    0.00    0.00    0.00    20  run-loki.sh
12:05:18 AM  1000    156124    0.00    0.00    0.00    0.00    0.00    16  run-prometheus.
12:05:18 AM  1000    156148    0.00    0.00    0.00    0.00    0.00    16  run-pyroscope.s

12:05:18 AM   UID       PID    %usr %system  %guest   %wait    %CPU   CPU  Command
12:05:19 AM  1000    156115    0.00    0.00    0.00    0.00    0.00    18  run-grafana.sh
12:05:19 AM  1000    156117    0.00    0.00    0.00    0.00    0.00    20  run-loki.sh
12:05:19 AM  1000    156124    0.00    0.00    0.00    0.00    0.00    16  run-prometheus.
12:05:19 AM  1000    156148    0.00    0.00    0.00    0.00    0.00    16  run-pyroscope.s

12:05:19 AM   UID       PID    %usr %system  %guest   %wait    %CPU   CPU  Command
12:05:20 AM  1000    156115    0.00    0.00    0.00    0.00    0.00    18  run-grafana.sh
12:05:20 AM  1000    156117    0.00    0.00    0.00    0.00    0.00    20  run-loki.sh
12:05:20 AM  1000    156124    0.00    0.00    0.00    0.00    0.00    16  run-prometheus.
12:05:20 AM  1000    156148    0.00    0.00    0.00    0.00    0.00    16  run-pyroscope.s

12:05:20 AM   UID       PID    %usr %system  %guest   %wait    %CPU   CPU  Command
12:05:21 AM  1000    156115    0.00    0.00    0.00    0.00    0.00    18  run-grafana.sh
12:05:21 AM  1000    156117    0.00    0.00    0.00    0.00    0.00    20  run-loki.sh
12:05:21 AM  1000    156124    0.00    0.00    0.00    0.00    0.00    16  run-prometheus.
12:05:21 AM  1000    156148    0.00    0.00    0.00    0.00    0.00    16  run-pyroscope.s

12:05:21 AM   UID       PID    %usr %system  %guest   %wait    %CPU   CPU  Command
12:05:22 AM  1000    156115    0.00    0.00    0.00    0.00    0.00    18  run-grafana.sh
12:05:22 AM  1000    156117    0.00    0.00    0.00    0.00    0.00    20  run-loki.sh
12:05:22 AM  1000    156124    0.00    0.00    0.00    0.00    0.00    16  run-prometheus.
12:05:22 AM  1000    156148    0.00    0.00    0.00    0.00    0.00    16  run-pyroscope.s

12:05:22 AM   UID       PID    %usr %system  %guest   %wait    %CPU   CPU  Command
12:05:23 AM  1000    156115    0.00    0.00    0.00    0.00    0.00    18  run-grafana.sh
12:05:23 AM  1000    156117    0.00    0.00    0.00    0.00    0.00    20  run-loki.sh
12:05:23 AM  1000    156124    0.00    0.00    0.00    0.00    0.00    16  run-prometheus.
12:05:23 AM  1000    156148    0.00    0.00    0.00    0.00    0.00    16  run-pyroscope.s

12:05:23 AM   UID       PID    %usr %system  %guest   %wait    %CPU   CPU  Command
12:05:24 AM  1000    156115    0.00    0.00    0.00    0.00    0.00    18  run-grafana.sh
12:05:24 AM  1000    156117    0.00    0.00    0.00    0.00    0.00    20  run-loki.sh
12:05:24 AM  1000    156124    0.00    0.00    0.00    0.00    0.00    16  run-prometheus.
12:05:24 AM  1000    156148    0.00    0.00    0.00    0.00    0.00    16  run-pyroscope.s

12:05:24 AM   UID       PID    %usr %system  %guest   %wait    %CPU   CPU  Command
12:05:25 AM  1000    156115    0.00    0.00    0.00    0.00    0.00    18  run-grafana.sh
12:05:25 AM  1000    156117    0.00    0.00    0.00    0.00    0.00    20  run-loki.sh
12:05:25 AM  1000    156124    0.00    0.00    0.00    0.00    0.00    16  run-prometheus.
12:05:25 AM  1000    156148    0.00    0.00    0.00    0.00    0.00    16  run-pyroscope.s

12:05:25 AM   UID       PID    %usr %system  %guest   %wait    %CPU   CPU  Command
12:05:26 AM  1000    156115    0.00    0.00    0.00    0.00    0.00    18  run-grafana.sh
12:05:26 AM  1000    156117    0.00    0.00    0.00    0.00    0.00    20  run-loki.sh
12:05:26 AM  1000    156124    0.00    0.00    0.00    0.00    0.00    16  run-prometheus.
12:05:26 AM  1000    156148    0.00    0.00    0.00    0.00    0.00    16  run-pyroscope.s

12:05:26 AM   UID       PID    %usr %system  %guest   %wait    %CPU   CPU  Command
12:05:27 AM  1000    156115    0.00    0.00    0.00    0.00    0.00    18  run-grafana.sh
12:05:27 AM  1000    156117    0.00    0.00    0.00    0.00    0.00    20  run-loki.sh
12:05:27 AM  1000    156124    0.00    0.00    0.00    0.00    0.00    16  run-prometheus.
12:05:27 AM  1000    156148    0.00    0.00    0.00    0.00    0.00    16  run-pyroscope.s

12:05:27 AM   UID       PID    %usr %system  %guest   %wait    %CPU   CPU  Command
12:05:28 AM  1000    156115    0.00    0.00    0.00    0.00    0.00    18  run-grafana.sh
12:05:28 AM  1000    156117    0.00    0.00    0.00    0.00    0.00    20  run-loki.sh
12:05:28 AM  1000    156124    0.00    0.00    0.00    0.00    0.00    16  run-prometheus.
12:05:28 AM  1000    156148    0.00    0.00    0.00    0.00    0.00    16  run-pyroscope.s

12:05:28 AM   UID       PID    %usr %system  %guest   %wait    %CPU   CPU  Command
12:05:29 AM  1000    156115    0.00    0.00    0.00    0.00    0.00    18  run-grafana.sh
12:05:29 AM  1000    156117    0.00    0.00    0.00    0.00    0.00    20  run-loki.sh
12:05:29 AM  1000    156124    0.00    0.00    0.00    0.00    0.00    16  run-prometheus.
12:05:29 AM  1000    156148    0.00    0.00    0.00    0.00    0.00    16  run-pyroscope.s

12:05:29 AM   UID       PID    %usr %system  %guest   %wait    %CPU   CPU  Command
12:05:30 AM  1000    156115    0.00    0.00    0.00    0.00    0.00    18  run-grafana.sh
12:05:30 AM  1000    156117    0.00    0.00    0.00    0.00    0.00    20  run-loki.sh
12:05:30 AM  1000    156124    0.00    0.00    0.00    0.00    0.00    16  run-prometheus.
12:05:30 AM  1000    156148    0.00    0.00    0.00    0.00    0.00    16  run-pyroscope.s

12:05:30 AM   UID       PID    %usr %system  %guest   %wait    %CPU   CPU  Command
12:05:31 AM  1000    156115    0.00    0.00    0.00    0.00    0.00    18  run-grafana.sh
12:05:31 AM  1000    156117    0.00    0.00    0.00    0.00    0.00    20  run-loki.sh
12:05:31 AM  1000    156124    0.00    0.00    0.00    0.00    0.00    16  run-prometheus.
12:05:31 AM  1000    156148    0.00    0.00    0.00    0.00    0.00    16  run-pyroscope.s

12:05:31 AM   UID       PID    %usr %system  %guest   %wait    %CPU   CPU  Command
12:05:32 AM  1000    156115    0.00    0.00    0.00    0.00    0.00    18  run-grafana.sh
12:05:32 AM  1000    156117    0.00    0.00    0.00    0.00    0.00    20  run-loki.sh
12:05:32 AM  1000    156124    0.00    0.00    0.00    0.00    0.00    16  run-prometheus.
12:05:32 AM  1000    156148    0.00    0.00    0.00    0.00    0.00    16  run-pyroscope.s

12:05:32 AM   UID       PID    %usr %system  %guest   %wait    %CPU   CPU  Command
12:05:33 AM  1000    156115    0.00    0.00    0.00    0.00    0.00    18  run-grafana.sh
12:05:33 AM  1000    156117    0.00    0.00    0.00    0.00    0.00    20  run-loki.sh
12:05:33 AM  1000    156124    0.00    0.00    0.00    0.00    0.00    16  run-prometheus.
12:05:33 AM  1000    156148    0.00    0.00    0.00    0.00    0.00    16  run-pyroscope.s

12:05:33 AM   UID       PID    %usr %system  %guest   %wait    %CPU   CPU  Command
12:05:34 AM  1000    156115    0.00    0.00    0.00    0.00    0.00    18  run-grafana.sh
12:05:34 AM  1000    156117    0.00    0.00    0.00    0.00    0.00    20  run-loki.sh
12:05:34 AM  1000    156124    0.00    0.00    0.00    0.00    0.00    16  run-prometheus.
12:05:34 AM  1000    156148    0.00    0.00    0.00    0.00    0.00    16  run-pyroscope.s

12:05:34 AM   UID       PID    %usr %system  %guest   %wait    %CPU   CPU  Command
12:05:35 AM  1000    156115    0.00    0.00    0.00    0.00    0.00    18  run-grafana.sh
12:05:35 AM  1000    156117    0.00    0.00    0.00    0.00    0.00    20  run-loki.sh
12:05:35 AM  1000    156124    0.00    0.00    0.00    0.00    0.00    16  run-prometheus.
12:05:35 AM  1000    156148    0.00    0.00    0.00    0.00    0.00    16  run-pyroscope.s

12:05:35 AM   UID       PID    %usr %system  %guest   %wait    %CPU   CPU  Command
12:05:36 AM  1000    156115    0.00    0.00    0.00    0.00    0.00    18  run-grafana.sh
12:05:36 AM  1000    156117    0.00    0.00    0.00    0.00    0.00    20  run-loki.sh
12:05:36 AM  1000    156124    0.00    0.00    0.00    0.00    0.00    16  run-prometheus.
12:05:36 AM  1000    156148    0.00    0.00    0.00    0.00    0.00    16  run-pyroscope.s

12:05:36 AM   UID       PID    %usr %system  %guest   %wait    %CPU   CPU  Command
12:05:37 AM  1000    156115    0.00    0.00    0.00    0.00    0.00    18  run-grafana.sh
12:05:37 AM  1000    156117    0.00    0.00    0.00    0.00    0.00    20  run-loki.sh
12:05:37 AM  1000    156124    0.00    0.00    0.00    0.00    0.00    16  run-prometheus.
12:05:37 AM  1000    156148    0.00    0.00    0.00    0.00    0.00    16  run-pyroscope.s

12:05:37 AM   UID       PID    %usr %system  %guest   %wait    %CPU   CPU  Command
12:05:38 AM  1000    156115    0.00    0.00    0.00    0.00    0.00    18  run-grafana.sh
12:05:38 AM  1000    156117    0.00    0.00    0.00    0.00    0.00    20  run-loki.sh
12:05:38 AM  1000    156124    0.00    0.00    0.00    0.00    0.00    16  run-prometheus.
12:05:38 AM  1000    156148    0.00    0.00    0.00    0.00    0.00    16  run-pyroscope.s

12:05:38 AM   UID       PID    %usr %system  %guest   %wait    %CPU   CPU  Command
12:05:39 AM  1000    156115    0.00    0.00    0.00    0.00    0.00    18  run-grafana.sh
12:05:39 AM  1000    156117    0.00    0.00    0.00    0.00    0.00    20  run-loki.sh
12:05:39 AM  1000    156124    0.00    0.00    0.00    0.00    0.00    16  run-prometheus.
12:05:39 AM  1000    156148    0.00    0.00    0.00    0.00    0.00    16  run-pyroscope.s

12:05:39 AM   UID       PID    %usr %system  %guest   %wait    %CPU   CPU  Command
12:05:40 AM  1000    156115    0.00    0.00    0.00    0.00    0.00    18  run-grafana.sh
12:05:40 AM  1000    156117    0.00    0.00    0.00    0.00    0.00    20  run-loki.sh
12:05:40 AM  1000    156124    0.00    0.00    0.00    0.00    0.00    16  run-prometheus.
12:05:40 AM  1000    156148    0.00    0.00    0.00    0.00    0.00    16  run-pyroscope.s
