Linux 5.14.0-570.60.1.el9_6.x86_64 *****) 	03/28/2026 	_x86_64_	(64 CPU)

06:59:46 AM   UID       PID    %usr %system  %guest   %wait    %CPU   CPU  Command
06:59:47 AM  1000    411650   44.00   39.00    0.00    0.00   83.00     8  springboot4
06:59:48 AM  1000    411650    2.00    0.00    0.00    0.00    2.00     8  springboot4
06:59:49 AM  1000    411650    0.00    0.00    0.00    0.00    0.00     8  springboot4
06:59:50 AM  1000    411650    0.00    0.00    0.00    0.00    0.00     8  springboot4
06:59:51 AM  1000    411650    0.00    0.00    0.00    0.00    0.00     8  springboot4
06:59:52 AM  1000    411650    0.00    0.00    0.00    0.00    0.00     8  springboot4
06:59:53 AM  1000    411650    0.00    0.00    0.00    0.00    0.00     8  springboot4
06:59:54 AM  1000    411650    1.00    0.00    0.00    0.00    1.00     8  springboot4
06:59:55 AM  1000    411650    0.00    0.00    0.00    0.00    0.00     8  springboot4
06:59:56 AM  1000    411650  106.00   27.00    0.00    0.00  133.00     6  springboot4
06:59:57 AM  1000    411650  271.00  101.00    0.00    0.00  372.00     8  springboot4
06:59:58 AM  1000    411650  227.00  131.00    0.00    0.00  358.00     8  springboot4
06:59:59 AM  1000    411650  223.00  142.00    0.00    0.00  365.00     8  springboot4
07:00:00 AM  1000    411650  291.00   81.00    0.00    0.00  372.00     8  springboot4
07:00:01 AM  1000    411650  276.00   81.00    0.00    0.00  357.00     8  springboot4
07:00:02 AM  1000    411650  258.00  115.00    0.00    0.00  373.00     8  springboot4
07:00:03 AM  1000    411650  262.00   94.00    0.00    0.00  356.00     8  springboot4
07:00:04 AM  1000    411650  280.00   79.00    0.00    0.00  359.00     8  springboot4
07:00:05 AM  1000    411650  255.00  116.00    0.00    0.00  371.00     8  springboot4
07:00:06 AM  1000    411650  249.00  116.00    0.00    0.00  365.00     8  springboot4
07:00:07 AM  1000    411650  277.00   93.00    0.00    0.00  370.00     8  springboot4
07:00:08 AM  1000    411650  270.00   97.00    0.00    0.00  367.00     8  springboot4
07:00:09 AM  1000    411650  252.00  118.00    0.00    0.00  370.00     8  springboot4
07:00:10 AM  1000    411650  287.00   73.00    0.00    0.00  360.00     8  springboot4
07:00:11 AM  1000    411650  271.00  107.00    0.00    0.00  378.00     8  springboot4
07:00:12 AM  1000    411650  282.00   82.00    0.00    0.00  364.00     8  springboot4
07:00:13 AM  1000    411650  251.00  129.00    0.00    0.00  380.00     8  springboot4
07:00:14 AM  1000    411650  226.00  147.00    0.00    0.00  373.00     8  springboot4
07:00:15 AM  1000    411650  272.00   93.00    0.00    0.00  365.00     8  springboot4
07:00:16 AM  1000    411650  285.00   88.00    0.00    0.00  373.00     8  springboot4
07:00:17 AM  1000    411650  284.00   77.00    0.00    0.00  361.00     8  springboot4
07:00:18 AM  1000    411650  269.00  110.00    0.00    0.00  379.00     8  springboot4
07:00:19 AM  1000    411650  286.00   76.00    0.00    0.00  362.00     8  springboot4
07:00:20 AM  1000    411650  292.00   80.00    0.00    0.00  372.00     8  springboot4
07:00:21 AM  1000    411650  239.00  123.00    0.00    0.00  362.00     8  springboot4
07:00:22 AM  1000    411650  265.00  107.00    0.00    0.00  372.00     8  springboot4
07:00:23 AM  1000    411650  252.00  112.00    0.00    0.00  364.00     8  springboot4
07:00:24 AM  1000    411650  222.00  156.00    0.00    0.00  378.00     8  springboot4
07:00:25 AM  1000    411650  263.00  102.00    0.00    0.00  365.00     8  springboot4
07:00:26 AM  1000    411650  286.00   86.00    0.00    0.00  372.00     8  springboot4
07:00:27 AM  1000    411650  279.00   91.00    0.00    0.00  370.00     8  springboot4
07:00:28 AM  1000    411650  278.00   86.00    0.00    0.00  364.00     8  springboot4
07:00:29 AM  1000    411650  244.00  117.00    0.00    0.00  361.00     8  springboot4
07:00:30 AM  1000    411650  285.00   89.00    0.00    0.00  374.00     8  springboot4
07:00:31 AM  1000    411650  253.00  103.00    0.00    0.00  356.00     8  springboot4
07:00:32 AM  1000    411650  241.00  135.00    0.00    0.00  376.00     8  springboot4
07:00:33 AM  1000    411650  287.00   73.00    0.00    0.00  360.00     8  springboot4
07:00:34 AM  1000    411650  274.00   98.00    0.00    0.00  372.00     8  springboot4
07:00:35 AM  1000    411650  236.00  125.00    0.00    0.00  361.00     8  springboot4
07:00:36 AM  1000    411650  237.00  141.00    0.00    0.00  378.00     8  springboot4
07:00:37 AM  1000    411650  280.00   99.00    0.00    0.00  379.00     8  springboot4
07:00:38 AM  1000    411650  257.00   99.00    0.00    0.00  356.00     8  springboot4
07:00:39 AM  1000    411650  231.00  146.00    0.00    0.00  377.00     8  springboot4
07:00:40 AM  1000    411650  282.00   78.00    0.00    0.00  360.00     8  springboot4
07:00:41 AM  1000    411650  272.00  104.00    0.00    0.00  376.00     8  springboot4
07:00:42 AM  1000    411650  238.00  123.00    0.00    0.00  361.00     8  springboot4
07:00:43 AM  1000    411650  246.00  127.00    0.00    0.00  373.00     8  springboot4
07:00:44 AM  1000    411650  241.00  121.00    0.00    0.00  362.00     8  springboot4
07:00:45 AM  1000    411650  282.00   96.00    0.00    0.00  378.00     8  springboot4
07:00:46 AM  1000    411650  245.00  116.00    0.00    0.00  361.00     8  springboot4
07:00:47 AM  1000    411650  287.00   89.00    0.00    0.00  376.00     8  springboot4
07:00:48 AM  1000    411650  231.00  137.00    0.00    0.00  368.00     8  springboot4
07:00:49 AM  1000    411650  265.00  105.00    0.00    0.00  370.00     8  springboot4
07:00:50 AM  1000    411650  265.00   96.00    0.00    0.00  361.00     8  springboot4
07:00:51 AM  1000    411650  274.00  101.00    0.00    0.00  375.00     8  springboot4
07:00:52 AM  1000    411650  269.00   91.00    0.00    0.00  360.00     8  springboot4
07:00:53 AM  1000    411650  273.00   97.00    0.00    0.00  370.00     8  springboot4
07:00:54 AM  1000    411650  277.00   87.00    0.00    0.00  364.00     8  springboot4
07:00:55 AM  1000    411650  252.00  120.00    0.00    0.00  372.00     8  springboot4
07:00:56 AM  1000    411650  276.00   89.00    0.00    0.00  365.00     8  springboot4
07:00:57 AM  1000    411650  271.00   97.00    0.00    0.00  368.00     8  springboot4
07:00:58 AM  1000    411650  260.00  106.00    0.00    0.00  366.00     8  springboot4
07:00:59 AM  1000    411650  276.00   97.00    0.00    0.00  373.00     8  springboot4
07:01:00 AM  1000    411650  263.00  101.00    0.00    0.00  364.00     8  springboot4
07:01:01 AM  1000    411650  306.00   71.00    0.00    0.00  377.00     8  springboot4
07:01:02 AM  1000    411650  227.00  154.00    0.00    0.00  381.00     8  springboot4
07:01:03 AM  1000    411650  249.00  116.00    0.00    0.00  365.00     8  springboot4
07:01:04 AM  1000    411650  258.00  118.00    0.00    0.00  376.00     8  springboot4
07:01:05 AM  1000    411650  243.00  115.00    0.00    0.00  358.00     8  springboot4
07:01:06 AM  1000    411650  259.00  116.00    0.00    0.00  375.00     8  springboot4
07:01:07 AM  1000    411650  267.00   95.00    0.00    0.00  362.00     8  springboot4
07:01:08 AM  1000    411650  289.00   84.00    0.00    0.00  373.00     8  springboot4
07:01:09 AM  1000    411650  290.00   72.00    0.00    0.00  362.00     8  springboot4
07:01:10 AM  1000    411650  250.00  119.00    0.00    0.00  369.00     8  springboot4
07:01:11 AM  1000    411650  276.00   89.00    0.00    0.00  365.00     8  springboot4
07:01:12 AM  1000    411650  247.00  128.00    0.00    0.00  375.00     8  springboot4
07:01:13 AM  1000    411650  210.00  162.00    0.00    0.00  372.00     8  springboot4
07:01:14 AM  1000    411650  265.00  106.00    0.00    0.00  371.00     8  springboot4
07:01:15 AM  1000    411650  278.00   86.00    0.00    0.00  364.00     8  springboot4
07:01:16 AM  1000    411650  235.00  140.00    0.00    0.00  375.00     8  springboot4
07:01:17 AM  1000    411650  292.00   67.00    0.00    0.00  359.00     8  springboot4
07:01:18 AM  1000    411650  282.00   94.00    0.00    0.00  376.00     8  springboot4
07:01:19 AM  1000    411650  248.00  116.00    0.00    0.00  364.00     6  springboot4
07:01:20 AM  1000    411650  280.00   94.00    0.00    0.00  374.00     6  springboot4
07:01:21 AM  1000    411650  247.00  119.00    0.00    0.00  366.00     6  springboot4
07:01:22 AM  1000    411650  269.00  106.00    0.00    0.00  375.00     6  springboot4
07:01:23 AM  1000    411650  245.00  115.00    0.00    0.00  360.00     6  springboot4
07:01:24 AM  1000    411650  243.00  134.00    0.00    0.00  377.00     6  springboot4
07:01:25 AM  1000    411650  244.00  130.00    0.00    0.00  374.00     6  springboot4
07:01:26 AM  1000    411650  224.00  143.00    0.00    0.00  367.00     6  springboot4
07:01:27 AM  1000    411650  303.00   71.00    0.00    0.00  374.00     6  springboot4
07:01:28 AM  1000    411650  271.00   88.00    0.00    0.00  359.00     6  springboot4
07:01:29 AM  1000    411650  301.00   73.00    0.00    0.00  374.00     6  springboot4
07:01:30 AM  1000    411650  247.00  116.00    0.00    0.00  363.00     6  springboot4
07:01:31 AM  1000    411650  277.00   95.00    0.00    0.00  372.00     6  springboot4
07:01:32 AM  1000    411650  251.00  111.00    0.00    0.00  362.00     6  springboot4
07:01:33 AM  1000    411650  261.00  114.00    0.00    0.00  375.00     6  springboot4
07:01:34 AM  1000    411650  243.00  113.00    0.00    0.00  356.00     6  springboot4
07:01:35 AM  1000    411650  263.00  114.00    0.00    0.00  377.00     6  springboot4
07:01:36 AM  1000    411650  287.00   71.00    0.00    0.00  358.00     6  springboot4
07:01:37 AM  1000    411650  273.00   99.00    0.00    0.00  372.00     6  springboot4
07:01:38 AM  1000    411650  251.00  113.00    0.00    0.00  364.00     6  springboot4
07:01:39 AM  1000    411650  250.00  128.00    0.00    0.00  378.00     6  springboot4
07:01:40 AM  1000    411650  274.00   87.00    0.00    0.00  361.00     6  springboot4
07:01:41 AM  1000    411650  239.00  138.00    0.00    0.00  377.00     6  springboot4
07:01:42 AM  1000    411650  217.00  148.00    0.00    0.00  365.00     6  springboot4
07:01:43 AM  1000    411650  239.00  140.00    0.00    0.00  379.00     6  springboot4
07:01:44 AM  1000    411650  252.00  111.00    0.00    0.00  363.00     6  springboot4
07:01:45 AM  1000    411650  255.00  117.00    0.00    0.00  372.00     6  springboot4
07:01:46 AM  1000    411650  227.00  152.00    0.00    0.00  379.00     6  springboot4
07:01:47 AM  1000    411650  265.00   96.00    0.00    0.00  361.00     6  springboot4
07:01:48 AM  1000    411650  296.00   80.00    0.00    0.00  376.00     6  springboot4
07:01:49 AM  1000    411650  286.00   78.00    0.00    0.00  364.00     6  springboot4
07:01:50 AM  1000    411650  267.00  107.00    0.00    0.00  374.00     6  springboot4
07:01:51 AM  1000    411650  254.00  111.00    0.00    0.00  365.00     6  springboot4
07:01:52 AM  1000    411650  282.00   90.00    0.00    0.00  372.00     6  springboot4
07:01:53 AM  1000    411650  281.00   81.00    0.00    0.00  362.00     6  springboot4
07:01:54 AM  1000    411650  279.00   91.00    0.00    0.00  370.00     6  springboot4
07:01:55 AM  1000    411650  288.00   83.00    0.00    0.00  371.00     6  springboot4
07:01:56 AM  1000    411650  275.00   91.00    0.00    0.00  366.00     6  springboot4
07:01:57 AM  1000    411650  274.00   87.00    0.00    0.00  361.00     6  springboot4
07:01:58 AM  1000    411650  272.00   98.00    0.00    0.00  370.00     6  springboot4
07:01:59 AM  1000    411650  270.00   96.00    0.00    0.00  366.00     6  springboot4
07:02:00 AM  1000    411650  251.00  120.00    0.00    0.00  371.00     6  springboot4
07:02:01 AM  1000    411650  247.00  116.00    0.00    0.00  363.00     6  springboot4
07:02:02 AM  1000    411650  132.00  103.00    0.00    0.00  235.00     6  springboot4
07:02:03 AM  1000    411650    1.00    0.00    0.00    0.00    1.00     6  springboot4
07:02:04 AM  1000    411650    0.00    0.00    0.00    0.00    0.00     6  springboot4
07:02:05 AM  1000    411650    0.00    0.00    0.00    0.00    0.00     6  springboot4
07:02:06 AM  1000    411650    0.00    0.00    0.00    0.00    0.00     6  springboot4
07:02:07 AM  1000    411650    1.00    0.00    0.00    0.00    1.00     8  springboot4
07:02:08 AM  1000    411650    0.00    0.00    0.00    0.00    0.00     8  springboot4
07:02:09 AM  1000    411650    0.00    0.00    0.00    0.00    0.00     8  springboot4
07:02:10 AM  1000    411650    0.00    0.00    0.00    0.00    0.00     8  springboot4
07:02:11 AM  1000    411650    0.00    0.00    0.00    0.00    0.00     8  springboot4
07:02:12 AM  1000    411650    0.00    0.00    0.00    0.00    0.00     8  springboot4
07:02:13 AM  1000    411650    0.00    0.00    0.00    0.00    0.00     8  springboot4
07:02:14 AM  1000    411650    0.00    0.00    0.00    0.00    0.00     8  springboot4
07:02:15 AM  1000    411650    1.00    0.00    0.00    0.00    1.00     8  springboot4
07:02:16 AM  1000    411650    0.00    0.00    0.00    0.00    0.00     8  springboot4
07:02:17 AM  1000    411650    0.00    0.00    0.00    0.00    0.00     8  springboot4
07:02:18 AM  1000    411650    0.00    0.00    0.00    0.00    0.00     8  springboot4
07:02:19 AM  1000    411650    0.00    1.00    0.00    0.00    1.00     2  springboot4
07:02:20 AM  1000    411650    0.00    0.00    0.00    0.00    0.00     2  springboot4
07:02:21 AM  1000    411650    0.00    0.00    0.00    0.00    0.00     2  springboot4
07:02:22 AM  1000    411650    1.00    0.00    0.00    0.00    1.00     2  springboot4
07:02:23 AM  1000    411650    0.00    0.00    0.00    0.00    0.00     2  springboot4
07:02:24 AM  1000    411650    0.00    0.00    0.00    0.00    0.00     2  springboot4
07:02:25 AM  1000    411650    0.00    0.00    0.00    0.00    0.00     2  springboot4
07:02:26 AM  1000    411650    0.00    0.00    0.00    0.00    0.00     2  springboot4
07:02:27 AM  1000    411650    0.00    0.00    0.00    0.00    0.00     2  springboot4
07:02:28 AM  1000    411650    0.00    0.00    0.00    0.00    0.00     2  springboot4
07:02:29 AM  1000    411650    0.00    0.00    0.00    0.00    0.00     2  springboot4
07:02:30 AM  1000    411650    0.00    0.00    0.00    0.00    0.00     2  springboot4
07:02:31 AM  1000    411650    1.00    0.00    0.00    0.00    1.00     2  springboot4
07:02:32 AM  1000    411650    0.00    0.00    0.00    0.00    0.00     2  springboot4
07:02:33 AM  1000    411650    0.00    0.00    0.00    0.00    0.00     2  springboot4
07:02:34 AM  1000    411650    0.00    0.00    0.00    0.00    0.00     2  springboot4
07:02:35 AM  1000    411650    0.00    0.00    0.00    0.00    0.00     2  springboot4
07:02:36 AM  1000    411650    0.00    0.00    0.00    0.00    0.00     2  springboot4
07:02:37 AM  1000    411650  178.00   51.00    0.00    0.00  229.00     8  springboot4
07:02:38 AM  1000    411650  248.00  114.00    0.00    0.00  362.00     8  springboot4
07:02:39 AM  1000    411650  279.00   95.00    0.00    0.00  374.00     8  springboot4
07:02:40 AM  1000    411650  259.00  105.00    0.00    0.00  364.00     8  springboot4
07:02:41 AM  1000    411650  247.00  122.00    0.00    0.00  369.00     8  springboot4
07:02:42 AM  1000    411650  264.00  103.00    0.00    0.00  367.00     8  springboot4
07:02:43 AM  1000    411650  273.00   98.00    0.00    0.00  371.00     8  springboot4
07:02:44 AM  1000    411650  216.00  152.00    0.00    0.00  368.00     8  springboot4
07:02:45 AM  1000    411650  244.00  132.00    0.00    0.00  376.00     8  springboot4
07:02:46 AM  1000    411650  299.00   74.00    0.00    0.00  373.00     8  springboot4
07:02:47 AM  1000    411650  250.00  111.00    0.00    0.00  361.00     8  springboot4
07:02:48 AM  1000    411650  247.00  129.00    0.00    0.00  376.00     8  springboot4
07:02:49 AM  1000    411650  255.00  103.00    0.00    0.00  358.00     8  springboot4
07:02:50 AM  1000    411650  279.00   97.00    0.00    0.00  376.00     8  springboot4
07:02:51 AM  1000    411650  252.00  109.00    0.00    0.00  361.00     8  springboot4
07:02:52 AM  1000    411650  242.00  136.00    0.00    0.00  378.00     8  springboot4
07:02:53 AM  1000    411650  282.00   80.00    0.00    0.00  362.00     8  springboot4
07:02:54 AM  1000    411650  267.00  111.00    0.00    0.00  378.00     8  springboot4
07:02:55 AM  1000    411650  275.00   86.00    0.00    0.00  361.00     8  springboot4
07:02:56 AM  1000    411650  285.00   91.00    0.00    0.00  376.00     8  springboot4
07:02:57 AM  1000    411650  257.00  110.00    0.00    0.00  367.00     8  springboot4
07:02:58 AM  1000    411650  246.00  133.00    0.00    0.00  379.00     8  springboot4
07:02:59 AM  1000    411650  294.00   79.00    0.00    0.00  373.00     8  springboot4
07:03:00 AM  1000    411650  291.00   74.00    0.00    0.00  365.00     8  springboot4
07:03:01 AM  1000    411650  293.00   79.00    0.00    0.00  372.00     8  springboot4
07:03:02 AM  1000    411650  280.00   81.00    0.00    0.00  361.00     8  springboot4
07:03:03 AM  1000    411650  260.00  114.00    0.00    0.00  374.00     8  springboot4
07:03:04 AM  1000    411650  241.00  121.00    0.00    0.00  362.00     8  springboot4
07:03:05 AM  1000    411650  286.00   88.00    0.00    0.00  374.00     8  springboot4
07:03:06 AM  1000    411650  265.00   96.00    0.00    0.00  361.00     8  springboot4
07:03:07 AM  1000    411650  266.00  107.00    0.00    0.00  373.00     8  springboot4
07:03:08 AM  1000    411650  251.00  112.00    0.00    0.00  363.00     8  springboot4
07:03:09 AM  1000    411650  264.00  113.00    0.00    0.00  377.00     8  springboot4
07:03:10 AM  1000    411650  256.00  103.00    0.00    0.00  359.00     8  springboot4
07:03:11 AM  1000    411650  263.00  110.00    0.00    0.00  373.00     8  springboot4
07:03:12 AM  1000    411650  262.00   99.00    0.00    0.00  361.00     8  springboot4
07:03:13 AM  1000    411650   94.00  126.00    0.00    0.00  220.00     8  springboot4
07:03:14 AM  1000    411650    0.00    0.00    0.00    0.00    0.00     8  springboot4
07:03:15 AM  1000    411650    0.00    0.00    0.00    0.00    0.00     8  springboot4
07:03:16 AM  1000    411650    0.00    0.00    0.00    0.00    0.00     8  springboot4
