Linux 5.14.0-570.60.1.el9_6.x86_64 *****) 	03/28/2026 	_x86_64_	(64 CPU)

03:56:42 AM   UID       PID    %usr %system  %guest   %wait    %CPU   CPU  Command
03:56:43 AM  1000    296939   14.00    2.00    0.00    0.00   16.00     4  springboot3
03:56:44 AM  1000    296939    0.00    0.00    0.00    0.00    0.00     4  springboot3
03:56:45 AM  1000    296939    0.00    0.00    0.00    0.00    0.00     4  springboot3
03:56:46 AM  1000    296939    0.00    0.00    0.00    0.00    0.00     4  springboot3
03:56:47 AM  1000    296939    0.00    0.00    0.00    0.00    0.00     4  springboot3
03:56:48 AM  1000    296939    1.00    0.00    0.00    0.00    1.00     4  springboot3
03:56:49 AM  1000    296939    0.00    0.00    0.00    0.00    0.00     4  springboot3
03:56:50 AM  1000    296939    0.00    0.00    0.00    0.00    0.00     4  springboot3
03:56:51 AM  1000    296939    0.00    0.00    0.00    0.00    0.00     4  springboot3
03:56:52 AM  1000    296939  134.00   34.00    0.00    0.00  168.00     2  springboot3
03:56:53 AM  1000    296939  265.00  106.00    0.00    0.00  371.00     2  springboot3
03:56:54 AM  1000    296939  221.00  162.00    0.00    0.00  383.00     4  springboot3
03:56:55 AM  1000    296939  295.00   69.00    0.00    0.00  364.00     4  springboot3
03:56:56 AM  1000    296939  281.00   97.00    0.00    0.00  378.00     4  springboot3
03:56:57 AM  1000    296939  281.00   98.00    0.00    0.00  379.00     4  springboot3
03:56:58 AM  1000    296939  297.00   65.00    0.00    0.00  362.00     4  springboot3
03:56:59 AM  1000    296939  228.00  152.00    0.00    0.00  380.00     4  springboot3
03:57:00 AM  1000    296939  230.00  139.00    0.00    0.00  369.00     4  springboot3
03:57:01 AM  1000    296939  258.00  117.00    0.00    0.00  375.00     4  springboot3
03:57:02 AM  1000    296939  284.16   85.15    0.00    0.00  369.31     4  springboot3
03:57:03 AM  1000    296939  270.00   95.00    0.00    0.00  365.00     4  springboot3
03:57:04 AM  1000    296939  203.00  181.00    0.00    0.00  384.00     4  springboot3
03:57:05 AM  1000    296939  286.00   88.00    0.00    0.00  374.00     4  springboot3
03:57:06 AM  1000    296939  244.00  125.00    0.00    0.00  369.00     4  springboot3
03:57:07 AM  1000    296939  290.00   84.00    0.00    0.00  374.00     4  springboot3
03:57:08 AM  1000    296939  217.00  165.00    0.00    0.00  382.00     4  springboot3
03:57:09 AM  1000    296939  275.00   85.00    0.00    0.00  360.00     4  springboot3
03:57:10 AM  1000    296939  254.00  125.00    0.00    0.00  379.00     4  springboot3
03:57:11 AM  1000    296939  298.00   65.00    0.00    0.00  363.00     4  springboot3
03:57:12 AM  1000    296939  304.00   72.00    0.00    0.00  376.00     4  springboot3
03:57:13 AM  1000    296939  296.00   70.00    0.00    0.00  366.00     4  springboot3
03:57:14 AM  1000    296939  308.00   66.00    0.00    0.00  374.00     4  springboot3
03:57:15 AM  1000    296939  305.00   71.00    0.00    0.00  376.00     4  springboot3
03:57:16 AM  1000    296939  298.00   65.00    0.00    0.00  363.00     4  springboot3
03:57:17 AM  1000    296939  302.00   74.00    0.00    0.00  376.00     4  springboot3
03:57:18 AM  1000    296939  301.00   64.00    0.00    0.00  365.00     4  springboot3
03:57:19 AM  1000    296939  302.00   73.00    0.00    0.00  375.00     4  springboot3
03:57:20 AM  1000    296939  307.00   71.00    0.00    0.00  378.00     6  springboot3
03:57:21 AM  1000    296939  295.00   69.00    0.00    0.00  364.00     6  springboot3
03:57:22 AM  1000    296939  308.00   69.00    0.00    0.00  377.00     6  springboot3
03:57:23 AM  1000    296939  299.00   68.00    0.00    0.00  367.00     6  springboot3
03:57:24 AM  1000    296939  307.00   70.00    0.00    0.00  377.00     6  springboot3
03:57:25 AM  1000    296939  302.00   65.00    0.00    0.00  367.00     6  springboot3
03:57:26 AM  1000    296939  304.00   72.00    0.00    0.00  376.00     6  springboot3
03:57:27 AM  1000    296939  301.00   64.00    0.00    0.00  365.00     6  springboot3
03:57:28 AM  1000    296939  306.00   67.00    0.00    0.00  373.00     6  springboot3
03:57:29 AM  1000    296939  300.00   66.00    0.00    0.00  366.00     6  springboot3
03:57:30 AM  1000    296939  301.00   75.00    0.00    0.00  376.00     6  springboot3
03:57:31 AM  1000    296939  305.00   69.00    0.00    0.00  374.00     6  springboot3
03:57:32 AM  1000    296939  298.00   69.00    0.00    0.00  367.00     6  springboot3
03:57:33 AM  1000    296939  296.00   68.00    0.00    0.00  364.00     2  springboot3
03:57:34 AM  1000    296939  312.00   63.00    0.00    0.00  375.00     2  springboot3
03:57:35 AM  1000    296939  306.00   69.00    0.00    0.00  375.00     2  springboot3
03:57:36 AM  1000    296939  299.00   66.00    0.00    0.00  365.00     2  springboot3
03:57:37 AM  1000    296939  310.00   67.00    0.00    0.00  377.00     2  springboot3
03:57:38 AM  1000    296939  304.00   62.00    0.00    0.00  366.00     2  springboot3
03:57:39 AM  1000    296939  299.00   78.00    0.00    0.00  377.00     2  springboot3
03:57:40 AM  1000    296939  240.00  125.00    0.00    0.00  365.00     2  springboot3
03:57:41 AM  1000    296939  185.00  198.00    0.00    0.00  383.00     2  springboot3
03:57:42 AM  1000    296939  240.00  137.00    0.00    0.00  377.00     2  springboot3
03:57:43 AM  1000    296939  252.00  116.00    0.00    0.00  368.00     2  springboot3
03:57:44 AM  1000    296939  180.00  204.00    0.00    0.00  384.00     2  springboot3
03:57:45 AM  1000    296939  213.00  169.00    0.00    0.00  382.00     2  springboot3
03:57:46 AM  1000    296939  243.00  124.00    0.00    0.00  367.00     2  springboot3
03:57:47 AM  1000    296939  228.00  151.00    0.00    0.00  379.00     2  springboot3
03:57:48 AM  1000    296939  235.00  130.00    0.00    0.00  365.00     2  springboot3
03:57:49 AM  1000    296939  289.00   87.00    0.00    0.00  376.00     2  springboot3
03:57:50 AM  1000    296939  245.00  121.00    0.00    0.00  366.00     2  springboot3
03:57:51 AM  1000    296939  232.00  144.00    0.00    0.00  376.00     2  springboot3
03:57:52 AM  1000    296939  260.00  117.00    0.00    0.00  377.00     2  springboot3
03:57:53 AM  1000    296939  228.00  142.00    0.00    0.00  370.00     4  springboot3
03:57:54 AM  1000    296939  195.00  188.00    0.00    0.00  383.00     4  springboot3
03:57:55 AM  1000    296939  275.00  100.00    0.00    0.00  375.00     4  springboot3
03:57:56 AM  1000    296939  223.00  147.00    0.00    0.00  370.00     4  springboot3
03:57:57 AM  1000    296939  223.00  157.00    0.00    0.00  380.00     4  springboot3
03:57:58 AM  1000    296939  216.00  165.00    0.00    0.00  381.00     4  springboot3
03:57:59 AM  1000    296939  235.00  131.00    0.00    0.00  366.00     4  springboot3
03:58:00 AM  1000    296939  257.00  117.00    0.00    0.00  374.00     4  springboot3
03:58:01 AM  1000    296939  224.00  143.00    0.00    0.00  367.00     4  springboot3
03:58:02 AM  1000    296939  262.00  115.00    0.00    0.00  377.00     4  springboot3
03:58:03 AM  1000    296939  190.00  183.00    0.00    0.00  373.00     4  springboot3
03:58:04 AM  1000    296939  253.00  122.00    0.00    0.00  375.00     4  springboot3
03:58:05 AM  1000    296939  202.00  166.00    0.00    0.00  368.00     4  springboot3
03:58:06 AM  1000    296939  268.00  105.00    0.00    0.00  373.00     4  springboot3
03:58:07 AM  1000    296939  237.00  141.00    0.00    0.00  378.00     4  springboot3
03:58:08 AM  1000    296939  209.00  163.00    0.00    0.00  372.00     4  springboot3
03:58:09 AM  1000    296939  262.00  112.00    0.00    0.00  374.00     4  springboot3
03:58:10 AM  1000    296939  203.00  180.00    0.00    0.00  383.00     4  springboot3
03:58:11 AM  1000    296939  262.00  103.00    0.00    0.00  365.00     4  springboot3
03:58:12 AM  1000    296939  256.00  118.00    0.00    0.00  374.00     4  springboot3
03:58:13 AM  1000    296939  263.00  103.00    0.00    0.00  366.00     4  springboot3
03:58:14 AM  1000    296939  231.00  150.00    0.00    0.00  381.00     4  springboot3
03:58:15 AM  1000    296939  259.00  117.00    0.00    0.00  376.00     4  springboot3
03:58:16 AM  1000    296939  277.00   88.00    0.00    0.00  365.00     4  springboot3
03:58:17 AM  1000    296939  258.00  115.00    0.00    0.00  373.00     4  springboot3
03:58:18 AM  1000    296939  224.00  143.00    0.00    0.00  367.00     4  springboot3
03:58:19 AM  1000    296939  249.00  130.00    0.00    0.00  379.00     4  springboot3
03:58:20 AM  1000    296939  221.00  145.00    0.00    0.00  366.00     4  springboot3
03:58:21 AM  1000    296939  250.00  125.00    0.00    0.00  375.00     4  springboot3
03:58:22 AM  1000    296939  273.00  103.00    0.00    0.00  376.00     4  springboot3
03:58:23 AM  1000    296939  234.00  135.00    0.00    0.00  369.00     4  springboot3
03:58:24 AM  1000    296939  221.00  160.00    0.00    0.00  381.00     4  springboot3
03:58:25 AM  1000    296939  257.00  109.00    0.00    0.00  366.00     4  springboot3
03:58:26 AM  1000    296939  235.00  140.00    0.00    0.00  375.00     4  springboot3
03:58:27 AM  1000    296939  289.00   86.00    0.00    0.00  375.00     4  springboot3
03:58:28 AM  1000    296939  213.00  154.00    0.00    0.00  367.00     4  springboot3
03:58:29 AM  1000    296939  235.00  146.00    0.00    0.00  381.00     4  springboot3
03:58:30 AM  1000    296939  242.00  137.00    0.00    0.00  379.00     4  springboot3
03:58:31 AM  1000    296939  253.00  113.00    0.00    0.00  366.00     4  springboot3
03:58:32 AM  1000    296939  245.00  131.00    0.00    0.00  376.00     4  springboot3
03:58:33 AM  1000    296939  245.00  119.00    0.00    0.00  364.00     4  springboot3
03:58:34 AM  1000    296939  219.00  162.00    0.00    0.00  381.00     4  springboot3
03:58:35 AM  1000    296939  215.00  154.00    0.00    0.00  369.00     4  springboot3
03:58:36 AM  1000    296939  257.00  120.00    0.00    0.00  377.00     4  springboot3
03:58:37 AM  1000    296939  232.00  133.00    0.00    0.00  365.00     4  springboot3
03:58:38 AM  1000    296939  215.00  165.00    0.00    0.00  380.00     4  springboot3
03:58:39 AM  1000    296939  234.00  145.00    0.00    0.00  379.00     4  springboot3
03:58:40 AM  1000    296939  211.00  158.00    0.00    0.00  369.00     4  springboot3
03:58:41 AM  1000    296939  269.00  108.00    0.00    0.00  377.00     4  springboot3
03:58:42 AM  1000    296939  238.00  136.00    0.00    0.00  374.00     4  springboot3
03:58:43 AM  1000    296939  239.00  130.00    0.00    0.00  369.00     4  springboot3
03:58:44 AM  1000    296939  236.00  140.00    0.00    0.00  376.00     4  springboot3
03:58:45 AM  1000    296939  237.00  129.00    0.00    0.00  366.00     4  springboot3
03:58:46 AM  1000    296939  258.00  118.00    0.00    0.00  376.00     4  springboot3
03:58:47 AM  1000    296939  206.00  165.00    0.00    0.00  371.00     4  springboot3
03:58:48 AM  1000    296939  275.00   97.00    0.00    0.00  372.00     4  springboot3
03:58:49 AM  1000    296939  208.00  173.00    0.00    0.00  381.00     4  springboot3
03:58:50 AM  1000    296939  241.00  130.00    0.00    0.00  371.00     4  springboot3
03:58:51 AM  1000    296939  193.00  186.00    0.00    0.00  379.00     4  springboot3
03:58:52 AM  1000    296939  249.00  129.00    0.00    0.00  378.00     4  springboot3
03:58:53 AM  1000    296939  252.00  112.00    0.00    0.00  364.00     4  springboot3
03:58:54 AM  1000    296939  255.00  121.00    0.00    0.00  376.00     4  springboot3
03:58:55 AM  1000    296939  268.00   97.00    0.00    0.00  365.00     4  springboot3
03:58:56 AM  1000    296939  230.00  149.00    0.00    0.00  379.00     4  springboot3
03:58:57 AM  1000    296939  234.00  143.00    0.00    0.00  377.00     4  springboot3
03:58:58 AM  1000    296939  124.00   59.00    0.00    0.00  183.00     4  springboot3
03:58:59 AM  1000    296939    1.00    0.00    0.00    0.00    1.00     4  springboot3
03:59:00 AM  1000    296939    0.00    0.00    0.00    0.00    0.00     4  springboot3
03:59:01 AM  1000    296939    0.00    0.00    0.00    0.00    0.00     4  springboot3
03:59:02 AM  1000    296939    0.00    0.00    0.00    0.00    0.00     4  springboot3
03:59:03 AM  1000    296939    0.00    0.00    0.00    0.00    0.00     2  springboot3
03:59:04 AM  1000    296939    1.00    0.00    0.00    0.00    1.00     2  springboot3
03:59:05 AM  1000    296939    0.00    0.00    0.00    0.00    0.00     2  springboot3
03:59:06 AM  1000    296939    0.00    0.00    0.00    0.00    0.00     2  springboot3
03:59:07 AM  1000    296939    0.00    0.00    0.00    0.00    0.00     2  springboot3
03:59:08 AM  1000    296939    0.00    0.00    0.00    0.00    0.00     2  springboot3
03:59:09 AM  1000    296939    0.00    0.00    0.00    0.00    0.00     2  springboot3
03:59:10 AM  1000    296939    0.00    0.00    0.00    0.00    0.00     2  springboot3
03:59:11 AM  1000    296939    1.00    0.00    0.00    0.00    1.00     2  springboot3
03:59:12 AM  1000    296939    0.00    0.00    0.00    0.00    0.00     2  springboot3
03:59:13 AM  1000    296939    0.00    0.00    0.00    0.00    0.00     2  springboot3
03:59:14 AM  1000    296939    0.00    0.00    0.00    0.00    0.00     2  springboot3
03:59:15 AM  1000    296939    0.00    0.00    0.00    0.00    0.00     2  springboot3
03:59:16 AM  1000    296939    0.00    0.00    0.00    0.00    0.00     2  springboot3
03:59:17 AM  1000    296939    0.00    0.00    0.00    0.00    0.00     2  springboot3
03:59:18 AM  1000    296939    0.00    0.00    0.00    0.00    0.00     2  springboot3
03:59:19 AM  1000    296939    1.00    0.00    0.00    0.00    1.00     2  springboot3
03:59:20 AM  1000    296939    0.00    0.00    0.00    0.00    0.00     2  springboot3
03:59:21 AM  1000    296939    0.00    0.00    0.00    0.00    0.00     2  springboot3
03:59:22 AM  1000    296939    0.00    0.00    0.00    0.00    0.00     2  springboot3
03:59:23 AM  1000    296939    0.00    0.00    0.00    0.00    0.00     2  springboot3
03:59:24 AM  1000    296939    0.00    0.00    0.00    0.00    0.00     2  springboot3
03:59:25 AM  1000    296939    0.00    0.00    0.00    0.00    0.00     2  springboot3
03:59:26 AM  1000    296939    0.00    0.00    0.00    0.00    0.00     2  springboot3
03:59:27 AM  1000    296939    0.00    0.00    0.00    0.00    0.00     2  springboot3
03:59:28 AM  1000    296939    0.00    0.00    0.00    0.00    0.00     2  springboot3
03:59:29 AM  1000    296939    0.00    0.00    0.00    0.00    0.00     2  springboot3
03:59:30 AM  1000    296939    1.00    0.00    0.00    0.00    1.00     2  springboot3
03:59:31 AM  1000    296939    0.00    0.00    0.00    0.00    0.00     2  springboot3
03:59:32 AM  1000    296939    0.00    0.00    0.00    0.00    0.00     2  springboot3
03:59:33 AM  1000    296939  163.00  112.00    0.00    0.00  275.00     2  springboot3
03:59:34 AM  1000    296939  231.00  145.00    0.00    0.00  376.00     2  springboot3
03:59:35 AM  1000    296939  249.00  118.00    0.00    0.00  367.00     2  springboot3
03:59:36 AM  1000    296939  243.00  134.00    0.00    0.00  377.00     2  springboot3
03:59:37 AM  1000    296939  198.00  173.00    0.00    0.00  371.00     2  springboot3
03:59:38 AM  1000    296939  258.00  117.00    0.00    0.00  375.00     2  springboot3
03:59:39 AM  1000    296939  264.00  104.00    0.00    0.00  368.00     2  springboot3
03:59:40 AM  1000    296939  252.00  112.00    0.00    0.00  364.00     2  springboot3
03:59:41 AM  1000    296939  274.00   88.00    0.00    0.00  362.00     2  springboot3
03:59:42 AM  1000    296939  256.00  122.00    0.00    0.00  378.00     2  springboot3
03:59:43 AM  1000    296939  289.00   85.00    0.00    0.00  374.00     2  springboot3
03:59:44 AM  1000    296939  246.00  123.00    0.00    0.00  369.00     2  springboot3
03:59:45 AM  1000    296939  232.00  147.00    0.00    0.00  379.00     2  springboot3
03:59:46 AM  1000    296939  226.00  154.00    0.00    0.00  380.00     2  springboot3
03:59:47 AM  1000    296939  212.00  153.00    0.00    0.00  365.00     2  springboot3
03:59:48 AM  1000    296939  260.00  116.00    0.00    0.00  376.00     2  springboot3
03:59:49 AM  1000    296939  229.00  137.00    0.00    0.00  366.00     2  springboot3
03:59:50 AM  1000    296939  212.00  168.00    0.00    0.00  380.00     2  springboot3
03:59:51 AM  1000    296939  214.00  155.00    0.00    0.00  369.00     2  springboot3
03:59:52 AM  1000    296939  238.00  137.00    0.00    0.00  375.00     2  springboot3
03:59:53 AM  1000    296939  287.00   88.00    0.00    0.00  375.00     2  springboot3
03:59:54 AM  1000    296939  229.00  138.00    0.00    0.00  367.00     2  springboot3
03:59:55 AM  1000    296939  261.00  115.00    0.00    0.00  376.00     2  springboot3
03:59:56 AM  1000    296939  249.00  115.00    0.00    0.00  364.00     2  springboot3
03:59:57 AM  1000    296939  246.00  132.00    0.00    0.00  378.00     2  springboot3
03:59:58 AM  1000    296939  270.00   93.00    0.00    0.00  363.00     2  springboot3
03:59:59 AM  1000    296939  251.00  129.00    0.00    0.00  380.00     2  springboot3
04:00:00 AM  1000    296939  279.00   97.00    0.00    0.00  376.00     2  springboot3
04:00:01 AM  1000    296939  232.00  135.00    0.00    0.00  367.00     2  springboot3
04:00:02 AM  1000    296939  246.00  130.00    0.00    0.00  376.00     2  springboot3
04:00:03 AM  1000    296939  206.00  176.00    0.00    0.00  382.00     2  springboot3
04:00:04 AM  1000    296939  212.00  156.00    0.00    0.00  368.00     2  springboot3
04:00:05 AM  1000    296939  244.00  131.00    0.00    0.00  375.00     2  springboot3
04:00:06 AM  1000    296939  247.00  120.00    0.00    0.00  367.00     2  springboot3
04:00:07 AM  1000    296939  223.00  157.00    0.00    0.00  380.00     2  springboot3
04:00:08 AM  1000    296939  239.00  142.00    0.00    0.00  381.00     2  springboot3
04:00:09 AM  1000    296939   56.00   60.00    0.00    0.00  116.00     2  springboot3
04:00:10 AM  1000    296939    0.00    0.00    0.00    0.00    0.00     2  springboot3
04:00:11 AM  1000    296939    0.00    0.00    0.00    0.00    0.00     2  springboot3
