Linux 5.14.0-570.60.1.el9_6.x86_64 *****) 	03/28/2026 	_x86_64_	(64 CPU)

06:01:28 AM   UID       PID    %usr %system  %guest   %wait    %CPU   CPU  Command
06:01:29 AM  1000    390266  274.00    6.00    0.00    0.00  280.00     4  java
06:01:30 AM  1000    390266  303.00    5.00    0.00    0.00  308.00     4  java
06:01:31 AM  1000    390266  309.00    8.00    0.00    0.00  317.00     4  java
06:01:32 AM  1000    390266  289.00    5.00    0.00    0.00  294.00     4  java
06:01:33 AM  1000    390266  217.00    2.00    0.00    0.00  219.00     4  java
06:01:34 AM  1000    390266  314.00    4.00    0.00    0.00  318.00     4  java
06:01:35 AM  1000    390266  272.00    2.00    0.00    0.00  274.00     4  java
06:01:36 AM  1000    390266   50.00    0.00    0.00    0.00   50.00     4  java
06:01:37 AM  1000    390266    1.00    0.00    0.00    0.00    1.00     4  java
06:01:38 AM  1000    390266    0.00    0.00    0.00    0.00    0.00     4  java
06:01:39 AM  1000    390266  243.00   15.00    0.00    0.00  258.00     4  java
06:01:40 AM  1000    390266  378.00   17.00    0.00    0.00  395.00     4  java
06:01:41 AM  1000    390266  384.00   12.00    0.00    0.00  396.00     4  java
06:01:42 AM  1000    390266  377.00   18.00    0.00    0.00  395.00     4  java
06:01:43 AM  1000    390266  374.00   22.00    0.00    0.00  396.00     4  java
06:01:44 AM  1000    390266  377.00   17.00    0.00    0.00  394.00     4  java
06:01:45 AM  1000    390266  365.00   31.00    0.00    0.00  396.00     4  java
06:01:46 AM  1000    390266  373.00   22.00    0.00    0.00  395.00     4  java
06:01:47 AM  1000    390266  370.00   24.00    0.00    0.00  394.00     4  java
06:01:48 AM  1000    390266  337.00   59.00    0.00    0.00  396.00     4  java
06:01:49 AM  1000    390266  360.00   34.00    0.00    0.00  394.00     4  java
06:01:50 AM  1000    390266  342.00   53.00    0.00    0.00  395.00     4  java
06:01:51 AM  1000    390266  360.00   33.00    0.00    0.00  393.00     4  java
06:01:52 AM  1000    390266  338.00   56.00    0.00    0.00  394.00     4  java
06:01:53 AM  1000    390266  324.00   68.00    0.00    0.00  392.00     4  java
06:01:54 AM  1000    390266  321.00   72.00    0.00    0.00  393.00     4  java
06:01:55 AM  1000    390266  328.00   65.00    0.00    0.00  393.00     4  java
06:01:56 AM  1000    390266  311.00   80.00    0.00    0.00  391.00     4  java
06:01:57 AM  1000    390266  341.00   53.00    0.00    0.00  394.00     4  java
06:01:58 AM  1000    390266  336.00   55.00    0.00    0.00  391.00     4  java
06:01:59 AM  1000    390266  345.00   48.00    0.00    0.00  393.00     4  java
06:02:00 AM  1000    390266  337.00   56.00    0.00    0.00  393.00     4  java
06:02:01 AM  1000    390266  368.00   26.00    0.00    0.00  394.00     4  java
06:02:02 AM  1000    390266  367.00   25.00    0.00    0.00  392.00     4  java
06:02:03 AM  1000    390266  357.00   37.00    0.00    0.00  394.00     4  java
06:02:04 AM  1000    390266  363.00   29.00    0.00    0.00  392.00     4  java
06:02:05 AM  1000    390266  347.00   45.00    0.00    0.00  392.00     4  java
06:02:06 AM  1000    390266  363.00   30.00    0.00    0.00  393.00     4  java
06:02:07 AM  1000    390266  348.00   44.00    0.00    0.00  392.00     4  java
06:02:08 AM  1000    390266  341.00   52.00    0.00    0.00  393.00     4  java
06:02:09 AM  1000    390266  313.00   76.00    0.00    0.00  389.00     4  java
06:02:10 AM  1000    390266  332.00   59.00    0.00    0.00  391.00     4  java
06:02:11 AM  1000    390266  322.00   69.00    0.00    0.00  391.00     4  java
06:02:12 AM  1000    390266  334.00   57.00    0.00    0.00  391.00     4  java
06:02:13 AM  1000    390266  277.00  110.00    0.00    0.00  387.00     4  java
06:02:14 AM  1000    390266  351.00   40.00    0.00    0.00  391.00     4  java
06:02:15 AM  1000    390266  259.00  133.00    0.00    0.00  392.00     4  java
06:02:16 AM  1000    390266  329.00   62.00    0.00    0.00  391.00     4  java
06:02:17 AM  1000    390266  321.00   70.00    0.00    0.00  391.00     4  java
06:02:18 AM  1000    390266  334.00   55.00    0.00    0.00  389.00     4  java
06:02:19 AM  1000    390266  321.00   69.00    0.00    0.00  390.00     4  java
06:02:20 AM  1000    390266  307.00   81.00    0.00    0.00  388.00     4  java
06:02:21 AM  1000    390266  333.00   54.00    0.00    0.00  387.00     4  java
06:02:22 AM  1000    390266  327.00   62.00    0.00    0.00  389.00     4  java
06:02:23 AM  1000    390266  282.00  108.00    0.00    0.00  390.00     4  java
06:02:24 AM  1000    390266  293.00   96.00    0.00    0.00  389.00     4  java
06:02:25 AM  1000    390266  309.00   80.00    0.00    0.00  389.00     4  java
06:02:26 AM  1000    390266  328.00   60.00    0.00    0.00  388.00     4  java
06:02:27 AM  1000    390266  311.00   78.00    0.00    0.00  389.00     4  java
06:02:28 AM  1000    390266  309.00   79.00    0.00    0.00  388.00     4  java
06:02:29 AM  1000    390266  316.00   73.00    0.00    0.00  389.00     4  java
06:02:30 AM  1000    390266  303.00   86.00    0.00    0.00  389.00     4  java
06:02:31 AM  1000    390266  318.00   70.00    0.00    0.00  388.00     4  java
06:02:32 AM  1000    390266  324.00   64.00    0.00    0.00  388.00     4  java
06:02:33 AM  1000    390266  320.00   69.00    0.00    0.00  389.00     4  java
06:02:34 AM  1000    390266  327.00   62.00    0.00    0.00  389.00     4  java
06:02:35 AM  1000    390266  310.00   74.00    0.00    0.00  384.00     4  java
06:02:36 AM  1000    390266  319.00   70.00    0.00    0.00  389.00     4  java
06:02:37 AM  1000    390266  312.00   77.00    0.00    0.00  389.00     4  java
06:02:38 AM  1000    390266  290.00   98.00    0.00    0.00  388.00     4  java
06:02:39 AM  1000    390266  317.00   71.00    0.00    0.00  388.00     4  java
06:02:40 AM  1000    390266  294.00   95.00    0.00    0.00  389.00     4  java
06:02:41 AM  1000    390266  319.00   69.00    0.00    0.00  388.00     4  java
06:02:42 AM  1000    390266  308.00   79.00    0.00    0.00  387.00     4  java
06:02:43 AM  1000    390266  319.00   69.00    0.00    0.00  388.00     4  java
06:02:44 AM  1000    390266  307.00   79.00    0.00    0.00  386.00     4  java
06:02:45 AM  1000    390266  300.00   89.00    0.00    0.00  389.00     4  java
06:02:46 AM  1000    390266  324.00   65.00    0.00    0.00  389.00     4  java
06:02:47 AM  1000    390266  299.00   90.00    0.00    0.00  389.00     4  java
06:02:48 AM  1000    390266  292.00   95.00    0.00    0.00  387.00     4  java
06:02:49 AM  1000    390266  319.00   68.00    0.00    0.00  387.00     4  java
06:02:50 AM  1000    390266  318.00   71.00    0.00    0.00  389.00     4  java
06:02:51 AM  1000    390266  295.00   93.00    0.00    0.00  388.00     4  java
06:02:52 AM  1000    390266  310.00   78.00    0.00    0.00  388.00     4  java
06:02:53 AM  1000    390266  299.00   87.00    0.00    0.00  386.00     4  java
06:02:54 AM  1000    390266  304.00   85.00    0.00    0.00  389.00     4  java
06:02:55 AM  1000    390266  263.00  127.00    0.00    0.00  390.00     4  java
06:02:56 AM  1000    390266  317.00   71.00    0.00    0.00  388.00     4  java
06:02:57 AM  1000    390266  286.00   98.00    0.00    0.00  384.00     4  java
06:02:58 AM  1000    390266  300.00   88.00    0.00    0.00  388.00     4  java
06:02:59 AM  1000    390266  313.00   75.00    0.00    0.00  388.00     4  java
06:03:00 AM  1000    390266  330.00   58.00    0.00    0.00  388.00     4  java
06:03:01 AM  1000    390266  287.00  101.00    0.00    0.00  388.00     4  java
06:03:02 AM  1000    390266  287.00  100.00    0.00    0.00  387.00     4  java
06:03:03 AM  1000    390266  292.00   96.00    0.00    0.00  388.00     4  java
06:03:04 AM  1000    390266  311.00   76.00    0.00    0.00  387.00     4  java
06:03:05 AM  1000    390266  313.00   73.00    0.00    0.00  386.00     4  java
06:03:06 AM  1000    390266  327.00   61.00    0.00    0.00  388.00     4  java
06:03:07 AM  1000    390266  305.00   83.00    0.00    0.00  388.00     4  java
06:03:08 AM  1000    390266  311.00   77.00    0.00    0.00  388.00     4  java
06:03:09 AM  1000    390266  302.00   85.00    0.00    0.00  387.00     4  java
06:03:10 AM  1000    390266  286.00  101.00    0.00    0.00  387.00     4  java
06:03:11 AM  1000    390266  279.00  109.00    0.00    0.00  388.00     4  java
06:03:12 AM  1000    390266  318.00   69.00    0.00    0.00  387.00     4  java
06:03:13 AM  1000    390266  271.00  116.00    0.00    0.00  387.00     4  java
06:03:14 AM  1000    390266  299.00   89.00    0.00    0.00  388.00     4  java
06:03:15 AM  1000    390266  317.00   70.00    0.00    0.00  387.00     4  java
06:03:16 AM  1000    390266  300.00   87.00    0.00    0.00  387.00     4  java
06:03:17 AM  1000    390266  288.00  101.00    0.00    0.00  389.00     4  java
06:03:18 AM  1000    390266  311.00   75.00    0.00    0.00  386.00     4  java
06:03:19 AM  1000    390266  292.00   96.00    0.00    0.00  388.00     4  java
06:03:20 AM  1000    390266  280.00  107.00    0.00    0.00  387.00     4  java
06:03:21 AM  1000    390266  305.00   81.00    0.00    0.00  386.00     4  java
06:03:22 AM  1000    390266  299.00   86.00    0.00    0.00  385.00     4  java
06:03:23 AM  1000    390266  253.00  136.00    0.00    0.00  389.00     4  java
06:03:24 AM  1000    390266  286.00  100.00    0.00    0.00  386.00     4  java
06:03:25 AM  1000    390266  286.00  100.00    0.00    0.00  386.00     4  java
06:03:26 AM  1000    390266  275.00  111.00    0.00    0.00  386.00     4  java
06:03:27 AM  1000    390266  235.00  153.00    0.00    0.00  388.00     4  java
06:03:28 AM  1000    390266  269.00  113.00    0.00    0.00  382.00     4  java
06:03:29 AM  1000    390266  289.00   96.00    0.00    0.00  385.00     4  java
06:03:30 AM  1000    390266  293.00   95.00    0.00    0.00  388.00     4  java
06:03:31 AM  1000    390266  270.00  116.00    0.00    0.00  386.00     4  java
06:03:32 AM  1000    390266  256.00  132.00    0.00    0.00  388.00     4  java
06:03:33 AM  1000    390266  255.00  131.00    0.00    0.00  386.00     4  java
06:03:34 AM  1000    390266  300.00   85.00    0.00    0.00  385.00     4  java
06:03:35 AM  1000    390266  271.00  115.00    0.00    0.00  386.00     4  java
06:03:36 AM  1000    390266  238.00  151.00    0.00    0.00  389.00     4  java
06:03:37 AM  1000    390266  291.00   95.00    0.00    0.00  386.00     4  java
06:03:38 AM  1000    390266  265.00  122.00    0.00    0.00  387.00     4  java
06:03:39 AM  1000    390266  291.00   95.00    0.00    0.00  386.00     4  java
06:03:40 AM  1000    390266  268.00  115.00    0.00    0.00  383.00     4  java
06:03:41 AM  1000    390266  249.00  138.00    0.00    0.00  387.00     4  java
06:03:42 AM  1000    390266  284.00  103.00    0.00    0.00  387.00     4  java
06:03:43 AM  1000    390266  290.00   95.00    0.00    0.00  385.00     4  java
06:03:44 AM  1000    390266  298.00   87.00    0.00    0.00  385.00     4  java
06:03:45 AM  1000    390266  218.00   61.00    0.00    0.00  279.00     4  java
06:03:46 AM  1000    390266  199.00    0.00    0.00    0.00  199.00     4  java
06:03:47 AM  1000    390266  199.00    0.00    0.00    0.00  199.00     4  java
06:03:48 AM  1000    390266  199.00    0.00    0.00    0.00  199.00     4  java
06:03:49 AM  1000    390266  199.00    0.00    0.00    0.00  199.00     4  java
06:03:50 AM  1000    390266  200.00    0.00    0.00    0.00  200.00     4  java
06:03:51 AM  1000    390266  199.00    0.00    0.00    0.00  199.00     4  java
06:03:52 AM  1000    390266  198.00    0.00    0.00    0.00  198.00     4  java
06:03:53 AM  1000    390266  199.00    0.00    0.00    0.00  199.00     4  java
06:03:54 AM  1000    390266  165.00    1.00    0.00    0.00  166.00     4  java
06:03:55 AM  1000    390266    2.00    0.00    0.00    0.00    2.00     4  java
06:03:56 AM  1000    390266    1.00    0.00    0.00    0.00    1.00     4  java
06:03:57 AM  1000    390266    0.00    0.00    0.00    0.00    0.00     4  java
06:03:58 AM  1000    390266    1.00    0.00    0.00    0.00    1.00     4  java
06:03:59 AM  1000    390266    0.00    0.00    0.00    0.00    0.00     4  java
06:04:00 AM  1000    390266    0.00    0.00    0.00    0.00    0.00     4  java
06:04:01 AM  1000    390266    1.00    0.00    0.00    0.00    1.00     4  java
06:04:02 AM  1000    390266    1.00    0.00    0.00    0.00    1.00     4  java
06:04:03 AM  1000    390266    0.00    0.00    0.00    0.00    0.00     4  java
06:04:04 AM  1000    390266    0.00    0.00    0.00    0.00    0.00     4  java
06:04:05 AM  1000    390266    0.00    0.00    0.00    0.00    0.00     4  java
06:04:06 AM  1000    390266    0.00    0.00    0.00    0.00    0.00     4  java
06:04:07 AM  1000    390266    3.00    0.00    0.00    0.00    3.00     4  java
06:04:08 AM  1000    390266    0.00    0.00    0.00    0.00    0.00     4  java
06:04:09 AM  1000    390266    0.00    0.00    0.00    0.00    0.00     4  java
06:04:10 AM  1000    390266    0.00    0.00    0.00    0.00    0.00     4  java
06:04:11 AM  1000    390266    0.00    0.00    0.00    0.00    0.00     4  java
06:04:12 AM  1000    390266    0.00    0.00    0.00    0.00    0.00     4  java
06:04:13 AM  1000    390266    0.00    0.00    0.00    0.00    0.00     4  java
06:04:14 AM  1000    390266    0.00    0.00    0.00    0.00    0.00     4  java
06:04:15 AM  1000    390266    0.00    0.00    0.00    0.00    0.00     4  java
06:04:16 AM  1000    390266    0.00    0.00    0.00    0.00    0.00     4  java
06:04:17 AM  1000    390266    0.00    0.00    0.00    0.00    0.00     4  java
06:04:18 AM  1000    390266    0.00    0.00    0.00    0.00    0.00     4  java
06:04:19 AM  1000    390266    0.00    0.00    0.00    0.00    0.00     4  java
06:04:20 AM  1000    390266  173.00  141.00    0.00    0.00  314.00     4  java
06:04:21 AM  1000    390266  267.00  116.00    0.00    0.00  383.00     4  java
06:04:22 AM  1000    390266  242.00  143.00    0.00    0.00  385.00     4  java
06:04:23 AM  1000    390266  264.00  117.00    0.00    0.00  381.00     4  java
06:04:24 AM  1000    390266  254.00  128.00    0.00    0.00  382.00     4  java
06:04:25 AM  1000    390266  257.00  124.00    0.00    0.00  381.00     4  java
06:04:26 AM  1000    390266  245.00  131.00    0.00    0.00  376.00     4  java
06:04:27 AM  1000    390266  210.00  174.00    0.00    0.00  384.00     4  java
06:04:28 AM  1000    390266  224.00  157.00    0.00    0.00  381.00     4  java
06:04:29 AM  1000    390266  248.00  133.00    0.00    0.00  381.00     4  java
06:04:30 AM  1000    390266  208.00  173.00    0.00    0.00  381.00     4  java
06:04:31 AM  1000    390266  238.00  139.00    0.00    0.00  377.00     4  java
06:04:32 AM  1000    390266  221.00  162.00    0.00    0.00  383.00     4  java
06:04:33 AM  1000    390266  235.00  143.00    0.00    0.00  378.00     4  java
06:04:34 AM  1000    390266  233.00  147.00    0.00    0.00  380.00     4  java
06:04:35 AM  1000    390266  240.00  140.00    0.00    0.00  380.00     4  java
06:04:36 AM  1000    390266  230.00  151.00    0.00    0.00  381.00     4  java
06:04:37 AM  1000    390266  236.00  144.00    0.00    0.00  380.00     4  java
06:04:38 AM  1000    390266  228.00  153.00    0.00    0.00  381.00     4  java
06:04:39 AM  1000    390266  235.00  144.00    0.00    0.00  379.00     4  java
06:04:40 AM  1000    390266  247.00  132.00    0.00    0.00  379.00     4  java
06:04:41 AM  1000    390266  223.00  158.00    0.00    0.00  381.00     4  java
06:04:42 AM  1000    390266  233.00  146.00    0.00    0.00  379.00     4  java
06:04:43 AM  1000    390266  211.00  171.00    0.00    0.00  382.00     4  java
06:04:44 AM  1000    390266  228.00  152.00    0.00    0.00  380.00     4  java
06:04:45 AM  1000    390266  230.00  151.00    0.00    0.00  381.00     4  java
06:04:46 AM  1000    390266  234.00  147.00    0.00    0.00  381.00     4  java
06:04:47 AM  1000    390266  215.00  166.00    0.00    0.00  381.00     4  java
06:04:48 AM  1000    390266  216.00  166.00    0.00    0.00  382.00     4  java
06:04:49 AM  1000    390266  235.00  144.00    0.00    0.00  379.00     4  java
06:04:50 AM  1000    390266  247.00  133.00    0.00    0.00  380.00     4  java
06:04:51 AM  1000    390266  242.00  136.00    0.00    0.00  378.00     4  java
06:04:52 AM  1000    390266  240.00  139.00    0.00    0.00  379.00     4  java
06:04:53 AM  1000    390266  227.00  155.00    0.00    0.00  382.00     4  java
06:04:54 AM  1000    390266  224.00  156.00    0.00    0.00  380.00     4  java
06:04:55 AM  1000    390266  222.00  158.00    0.00    0.00  380.00     4  java
06:04:56 AM  1000    390266   54.00   30.00    0.00    0.00   84.00     4  java
06:04:57 AM  1000    390266    0.00    0.00    0.00    0.00    0.00     4  java
06:04:58 AM  1000    390266    0.00    0.00    0.00    0.00    0.00     4  java
06:04:59 AM  1000    390266    0.00    0.00    0.00    0.00    0.00     4  java
