Linux 5.14.0-570.60.1.el9_6.x86_64 *****) 	03/28/2026 	_x86_64_	(64 CPU)

04:46:35 AM   UID       PID    %usr %system  %guest   %wait    %CPU   CPU  Command
04:46:36 AM  1000    334380  315.00    8.00    0.00    0.00  323.00     2  java
04:46:37 AM  1000    334380  302.00    7.00    0.00    0.00  309.00     2  java
04:46:38 AM  1000    334380  313.00    5.00    0.00    0.00  318.00     2  java
04:46:39 AM  1000    334380  318.00    5.00    0.00    0.00  323.00     2  java
04:46:40 AM  1000    334380  285.00    2.00    0.00    0.00  287.00     2  java
04:46:41 AM  1000    334380  203.00    2.00    0.00    0.00  205.00     2  java
04:46:42 AM  1000    334380    4.00    0.00    0.00    0.00    4.00     2  java
04:46:43 AM  1000    334380    0.00    0.00    0.00    0.00    0.00     2  java
04:46:44 AM  1000    334380    0.00    0.00    0.00    0.00    0.00     2  java
04:46:45 AM  1000    334380  209.00   15.00    0.00    0.00  224.00     2  java
04:46:46 AM  1000    334380  371.00   24.00    0.00    0.00  395.00     2  java
04:46:47 AM  1000    334380  373.00   21.00    0.00    0.00  394.00     2  java
04:46:48 AM  1000    334380  368.00   27.00    0.00    0.00  395.00     2  java
04:46:49 AM  1000    334380  373.00   22.00    0.00    0.00  395.00     2  java
04:46:50 AM  1000    334380  373.00   21.00    0.00    0.00  394.00     2  java
04:46:51 AM  1000    334380  367.00   27.00    0.00    0.00  394.00     2  java
04:46:52 AM  1000    334380  364.00   30.00    0.00    0.00  394.00     2  java
04:46:53 AM  1000    334380  369.00   25.00    0.00    0.00  394.00     2  java
04:46:54 AM  1000    334380  356.00   36.00    0.00    0.00  392.00     2  java
04:46:55 AM  1000    334380  368.00   25.00    0.00    0.00  393.00     2  java
04:46:56 AM  1000    334380  364.00   29.00    0.00    0.00  393.00     2  java
04:46:57 AM  1000    334380  361.00   33.00    0.00    0.00  394.00     2  java
04:46:58 AM  1000    334380  347.00   46.00    0.00    0.00  393.00     2  java
04:46:59 AM  1000    334380  353.00   36.00    0.00    0.00  389.00     2  java
04:47:00 AM  1000    334380  354.00   40.00    0.00    0.00  394.00     2  java
04:47:01 AM  1000    334380  356.00   36.00    0.00    0.00  392.00     2  java
04:47:02 AM  1000    334380  354.00   39.00    0.00    0.00  393.00     2  java
04:47:03 AM  1000    334380  352.00   39.00    0.00    0.00  391.00     2  java
04:47:04 AM  1000    334380  342.00   51.00    0.00    0.00  393.00     2  java
04:47:05 AM  1000    334380  347.00   44.00    0.00    0.00  391.00     2  java
04:47:06 AM  1000    334380  346.00   46.00    0.00    0.00  392.00     2  java
04:47:07 AM  1000    334380  342.00   50.00    0.00    0.00  392.00     2  java
04:47:08 AM  1000    334380  337.00   55.00    0.00    0.00  392.00     2  java
04:47:09 AM  1000    334380  352.00   40.00    0.00    0.00  392.00     2  java
04:47:10 AM  1000    334380  336.00   55.00    0.00    0.00  391.00     2  java
04:47:11 AM  1000    334380  321.00   71.00    0.00    0.00  392.00     2  java
04:47:12 AM  1000    334380  331.00   59.00    0.00    0.00  390.00     2  java
04:47:13 AM  1000    334380  332.00   58.00    0.00    0.00  390.00     2  java
04:47:14 AM  1000    334380  341.00   50.00    0.00    0.00  391.00     2  java
04:47:15 AM  1000    334380  327.00   64.00    0.00    0.00  391.00     2  java
04:47:16 AM  1000    334380  309.00   79.00    0.00    0.00  388.00     2  java
04:47:17 AM  1000    334380  328.00   62.00    0.00    0.00  390.00     2  java
04:47:18 AM  1000    334380  333.00   58.00    0.00    0.00  391.00     2  java
04:47:19 AM  1000    334380  315.00   74.00    0.00    0.00  389.00     2  java
04:47:20 AM  1000    334380  324.00   66.00    0.00    0.00  390.00     2  java
04:47:21 AM  1000    334380  316.00   75.00    0.00    0.00  391.00     2  java
04:47:22 AM  1000    334380  315.00   73.00    0.00    0.00  388.00     2  java
04:47:23 AM  1000    334380  301.00   87.00    0.00    0.00  388.00     2  java
04:47:24 AM  1000    334380  319.00   70.00    0.00    0.00  389.00     2  java
04:47:25 AM  1000    334380  318.00   72.00    0.00    0.00  390.00     2  java
04:47:26 AM  1000    334380  312.00   75.00    0.00    0.00  387.00     2  java
04:47:27 AM  1000    334380  303.00   83.00    0.00    0.00  386.00     2  java
04:47:28 AM  1000    334380  305.00   83.00    0.00    0.00  388.00     2  java
04:47:29 AM  1000    334380  300.00   88.00    0.00    0.00  388.00     2  java
04:47:30 AM  1000    334380  315.00   74.00    0.00    0.00  389.00     2  java
04:47:31 AM  1000    334380  308.00   79.00    0.00    0.00  387.00     2  java
04:47:32 AM  1000    334380  288.00  102.00    0.00    0.00  390.00     2  java
04:47:33 AM  1000    334380  298.00   90.00    0.00    0.00  388.00     2  java
04:47:34 AM  1000    334380  299.00   90.00    0.00    0.00  389.00     2  java
04:47:35 AM  1000    334380  305.00   81.00    0.00    0.00  386.00     2  java
04:47:36 AM  1000    334380  305.00   82.00    0.00    0.00  387.00     2  java
04:47:37 AM  1000    334380  299.00   88.00    0.00    0.00  387.00     2  java
04:47:38 AM  1000    334380  309.00   79.00    0.00    0.00  388.00     2  java
04:47:39 AM  1000    334380  326.00   61.00    0.00    0.00  387.00     2  java
04:47:40 AM  1000    334380  294.00   94.00    0.00    0.00  388.00     2  java
04:47:41 AM  1000    334380  313.00   75.00    0.00    0.00  388.00     2  java
04:47:42 AM  1000    334380  302.00   86.00    0.00    0.00  388.00     2  java
04:47:43 AM  1000    334380  307.00   80.00    0.00    0.00  387.00     2  java
04:47:44 AM  1000    334380  312.00   76.00    0.00    0.00  388.00     2  java
04:47:45 AM  1000    334380  328.00   59.00    0.00    0.00  387.00     2  java
04:47:46 AM  1000    334380  324.00   64.00    0.00    0.00  388.00     2  java
04:47:47 AM  1000    334380  306.00   81.00    0.00    0.00  387.00     2  java
04:47:48 AM  1000    334380  304.00   84.00    0.00    0.00  388.00     2  java
04:47:49 AM  1000    334380  318.00   70.00    0.00    0.00  388.00     2  java
04:47:50 AM  1000    334380  294.00   93.00    0.00    0.00  387.00     2  java
04:47:51 AM  1000    334380  305.00   83.00    0.00    0.00  388.00     2  java
04:47:52 AM  1000    334380  301.00   87.00    0.00    0.00  388.00     2  java
04:47:53 AM  1000    334380  291.00   97.00    0.00    0.00  388.00     2  java
04:47:54 AM  1000    334380  314.00   71.00    0.00    0.00  385.00     2  java
04:47:55 AM  1000    334380  301.00   85.00    0.00    0.00  386.00     2  java
04:47:56 AM  1000    334380  279.00  110.00    0.00    0.00  389.00     2  java
04:47:57 AM  1000    334380  291.00   95.00    0.00    0.00  386.00     2  java
04:47:58 AM  1000    334380  268.00  121.00    0.00    0.00  389.00     2  java
04:47:59 AM  1000    334380  316.00   71.00    0.00    0.00  387.00     2  java
04:48:00 AM  1000    334380  301.00   86.00    0.00    0.00  387.00     2  java
04:48:01 AM  1000    334380  295.00   93.00    0.00    0.00  388.00     2  java
04:48:02 AM  1000    334380  287.00  102.00    0.00    0.00  389.00     2  java
04:48:03 AM  1000    334380  275.00  112.00    0.00    0.00  387.00     2  java
04:48:04 AM  1000    334380  301.00   86.00    0.00    0.00  387.00     2  java
04:48:05 AM  1000    334380  275.00  113.00    0.00    0.00  388.00     2  java
04:48:06 AM  1000    334380  315.00   72.00    0.00    0.00  387.00     2  java
04:48:07 AM  1000    334380  312.00   76.00    0.00    0.00  388.00     2  java
04:48:08 AM  1000    334380  270.00  117.00    0.00    0.00  387.00     2  java
04:48:09 AM  1000    334380  296.00   92.00    0.00    0.00  388.00     2  java
04:48:10 AM  1000    334380  294.00   93.00    0.00    0.00  387.00     2  java
04:48:11 AM  1000    334380  289.00   96.00    0.00    0.00  385.00     2  java
04:48:12 AM  1000    334380  303.00   83.00    0.00    0.00  386.00     2  java
04:48:13 AM  1000    334380  297.00   90.00    0.00    0.00  387.00     2  java
04:48:14 AM  1000    334380  295.00   93.00    0.00    0.00  388.00     2  java
04:48:15 AM  1000    334380  286.00  100.00    0.00    0.00  386.00     2  java
04:48:16 AM  1000    334380  287.00  101.00    0.00    0.00  388.00     2  java
04:48:17 AM  1000    334380  289.00   98.00    0.00    0.00  387.00     2  java
04:48:18 AM  1000    334380  287.00  100.00    0.00    0.00  387.00     2  java
04:48:19 AM  1000    334380  295.00   93.00    0.00    0.00  388.00     2  java
04:48:20 AM  1000    334380  284.00  104.00    0.00    0.00  388.00     2  java
04:48:21 AM  1000    334380  281.00  107.00    0.00    0.00  388.00     2  java
04:48:22 AM  1000    334380  296.00   92.00    0.00    0.00  388.00     2  java
04:48:23 AM  1000    334380  285.00  101.00    0.00    0.00  386.00     2  java
04:48:24 AM  1000    334380  269.00  118.00    0.00    0.00  387.00     2  java
04:48:25 AM  1000    334380  291.00   96.00    0.00    0.00  387.00     2  java
04:48:26 AM  1000    334380  294.00   93.00    0.00    0.00  387.00     2  java
04:48:27 AM  1000    334380  281.00  106.00    0.00    0.00  387.00     2  java
04:48:28 AM  1000    334380  275.00  113.00    0.00    0.00  388.00     2  java
04:48:29 AM  1000    334380  263.00  125.00    0.00    0.00  388.00     2  java
04:48:30 AM  1000    334380  299.00   88.00    0.00    0.00  387.00     2  java
04:48:31 AM  1000    334380  270.00  119.00    0.00    0.00  389.00     2  java
04:48:32 AM  1000    334380  294.00   93.00    0.00    0.00  387.00     2  java
04:48:33 AM  1000    334380  303.00   83.00    0.00    0.00  386.00     2  java
04:48:34 AM  1000    334380  285.00  103.00    0.00    0.00  388.00     2  java
04:48:35 AM  1000    334380  286.00  102.00    0.00    0.00  388.00     2  java
04:48:36 AM  1000    334380  281.00  105.00    0.00    0.00  386.00     2  java
04:48:37 AM  1000    334380  281.00  107.00    0.00    0.00  388.00     2  java
04:48:38 AM  1000    334380  279.00  109.00    0.00    0.00  388.00     2  java
04:48:39 AM  1000    334380  295.00   90.00    0.00    0.00  385.00     2  java
04:48:40 AM  1000    334380  289.00   99.00    0.00    0.00  388.00     2  java
04:48:41 AM  1000    334380  291.00   96.00    0.00    0.00  387.00     2  java
04:48:42 AM  1000    334380  301.00   86.00    0.00    0.00  387.00     2  java
04:48:43 AM  1000    334380  258.00  131.00    0.00    0.00  389.00     2  java
04:48:44 AM  1000    334380  300.00   87.00    0.00    0.00  387.00     2  java
04:48:45 AM  1000    334380  291.00   96.00    0.00    0.00  387.00     2  java
04:48:46 AM  1000    334380  287.00   99.00    0.00    0.00  386.00     2  java
04:48:47 AM  1000    334380  275.00  112.00    0.00    0.00  387.00     2  java
04:48:48 AM  1000    334380  300.00   87.00    0.00    0.00  387.00     2  java
04:48:49 AM  1000    334380  287.00  101.00    0.00    0.00  388.00     2  java
04:48:50 AM  1000    334380  277.00  110.00    0.00    0.00  387.00     2  java
04:48:51 AM  1000    334380  238.00   68.00    0.00    0.00  306.00     2  java
04:48:52 AM  1000    334380  199.00    0.00    0.00    0.00  199.00     2  java
04:48:53 AM  1000    334380   21.00    0.00    0.00    0.00   21.00     2  java
04:48:54 AM  1000    334380    1.00    0.00    0.00    0.00    1.00     2  java
04:48:55 AM  1000    334380    0.00    0.00    0.00    0.00    0.00     2  java
04:48:56 AM  1000    334380    8.00    1.00    0.00    0.00    9.00     2  java
04:48:57 AM  1000    334380    0.00    0.00    0.00    0.00    0.00     2  java
04:48:58 AM  1000    334380    0.00    0.00    0.00    0.00    0.00     2  java
04:48:59 AM  1000    334380    1.00    0.00    0.00    0.00    1.00     2  java
04:49:00 AM  1000    334380    0.00    0.00    0.00    0.00    0.00     2  java
04:49:01 AM  1000    334380    0.00    0.00    0.00    0.00    0.00     2  java
04:49:02 AM  1000    334380    0.00    0.00    0.00    0.00    0.00     2  java
04:49:03 AM  1000    334380    0.00    0.00    0.00    0.00    0.00     2  java
04:49:04 AM  1000    334380    0.00    0.00    0.00    0.00    0.00     2  java
04:49:05 AM  1000    334380    0.00    0.00    0.00    0.00    0.00     2  java
04:49:06 AM  1000    334380    0.00    0.00    0.00    0.00    0.00     2  java
04:49:07 AM  1000    334380    0.00    0.00    0.00    0.00    0.00     2  java
04:49:08 AM  1000    334380    0.00    0.00    0.00    0.00    0.00     2  java
04:49:09 AM  1000    334380    0.00    0.00    0.00    0.00    0.00     2  java
04:49:10 AM  1000    334380    0.00    0.00    0.00    0.00    0.00     2  java
04:49:11 AM  1000    334380    0.00    0.00    0.00    0.00    0.00     2  java
04:49:12 AM  1000    334380    0.00    0.00    0.00    0.00    0.00     2  java
04:49:13 AM  1000    334380    0.00    0.00    0.00    0.00    0.00     2  java
04:49:14 AM  1000    334380    0.00    0.00    0.00    0.00    0.00     2  java
04:49:15 AM  1000    334380    0.00    0.00    0.00    0.00    0.00     2  java
04:49:16 AM  1000    334380    0.00    0.00    0.00    0.00    0.00     2  java
04:49:17 AM  1000    334380    0.00    0.00    0.00    0.00    0.00     2  java
04:49:18 AM  1000    334380    0.00    0.00    0.00    0.00    0.00     2  java
04:49:19 AM  1000    334380    0.00    0.00    0.00    0.00    0.00     2  java
04:49:20 AM  1000    334380    0.00    0.00    0.00    0.00    0.00     2  java
04:49:21 AM  1000    334380    0.00    0.00    0.00    0.00    0.00     2  java
04:49:22 AM  1000    334380    0.00    0.00    0.00    0.00    0.00     2  java
04:49:23 AM  1000    334380    0.00    0.00    0.00    0.00    0.00     2  java
04:49:24 AM  1000    334380    0.00    0.00    0.00    0.00    0.00     2  java
04:49:25 AM  1000    334380    0.00    0.00    0.00    0.00    0.00     2  java
04:49:26 AM  1000    334380  204.00   85.00    0.00    0.00  289.00     2  java
04:49:27 AM  1000    334380  286.00   99.00    0.00    0.00  385.00     2  java
04:49:28 AM  1000    334380  267.00  120.00    0.00    0.00  387.00     2  java
04:49:29 AM  1000    334380  259.00  127.00    0.00    0.00  386.00     2  java
04:49:30 AM  1000    334380  301.00   87.00    0.00    0.00  388.00     2  java
04:49:31 AM  1000    334380  262.00  126.00    0.00    0.00  388.00     2  java
04:49:32 AM  1000    334380  307.00   77.00    0.00    0.00  384.00     2  java
04:49:33 AM  1000    334380  289.00   99.00    0.00    0.00  388.00     2  java
04:49:34 AM  1000    334380  278.00  109.00    0.00    0.00  387.00     2  java
04:49:35 AM  1000    334380  273.00  111.00    0.00    0.00  384.00     2  java
04:49:36 AM  1000    334380  278.00  110.00    0.00    0.00  388.00     2  java
04:49:37 AM  1000    334380  252.00  136.00    0.00    0.00  388.00     2  java
04:49:38 AM  1000    334380  301.00   84.00    0.00    0.00  385.00     2  java
04:49:39 AM  1000    334380  284.00  104.00    0.00    0.00  388.00     2  java
04:49:40 AM  1000    334380  290.00   95.00    0.00    0.00  385.00     2  java
04:49:41 AM  1000    334380  255.00  133.00    0.00    0.00  388.00     2  java
04:49:42 AM  1000    334380  287.00   99.00    0.00    0.00  386.00     2  java
04:49:43 AM  1000    334380  278.00  108.00    0.00    0.00  386.00     2  java
04:49:44 AM  1000    334380  290.00   96.00    0.00    0.00  386.00     2  java
04:49:45 AM  1000    334380  308.00   79.00    0.00    0.00  387.00     2  java
04:49:46 AM  1000    334380  270.00  116.00    0.00    0.00  386.00     2  java
04:49:47 AM  1000    334380  299.00   87.00    0.00    0.00  386.00     2  java
04:49:48 AM  1000    334380  282.00  103.00    0.00    0.00  385.00     2  java
04:49:49 AM  1000    334380  292.00   95.00    0.00    0.00  387.00     2  java
04:49:50 AM  1000    334380  295.00   92.00    0.00    0.00  387.00     2  java
04:49:51 AM  1000    334380  277.00  108.00    0.00    0.00  385.00     2  java
04:49:52 AM  1000    334380  282.00  104.00    0.00    0.00  386.00     2  java
04:49:53 AM  1000    334380  261.00  127.00    0.00    0.00  388.00     2  java
04:49:54 AM  1000    334380  284.00  102.00    0.00    0.00  386.00     2  java
04:49:55 AM  1000    334380  277.00  109.00    0.00    0.00  386.00     2  java
04:49:56 AM  1000    334380  275.00  111.00    0.00    0.00  386.00     2  java
04:49:57 AM  1000    334380  266.00  119.00    0.00    0.00  385.00     2  java
04:49:58 AM  1000    334380  269.00  117.00    0.00    0.00  386.00     2  java
04:49:59 AM  1000    334380  288.00   98.00    0.00    0.00  386.00     2  java
04:50:00 AM  1000    334380  269.00  117.00    0.00    0.00  386.00     2  java
04:50:01 AM  1000    334380  273.00  114.00    0.00    0.00  387.00     2  java
04:50:02 AM  1000    334380  115.00   39.00    0.00    0.00  154.00     2  java
04:50:03 AM  1000    334380    0.00    0.00    0.00    0.00    0.00     2  java
04:50:04 AM  1000    334380    0.00    0.00    0.00    0.00    0.00     2  java
