Linux 5.14.0-570.60.1.el9_6.x86_64 *****) 	03/28/2026 	_x86_64_	(64 CPU)

03:47:44 AM   UID       PID    %usr %system  %guest   %wait    %CPU   CPU  Command
03:47:45 AM  1000    290716   12.00    0.00    0.00    0.00   12.00     8  springboot3
03:47:46 AM  1000    290716    0.00    0.00    0.00    0.00    0.00     8  springboot3
03:47:47 AM  1000    290716    0.00    0.00    0.00    0.00    0.00     8  springboot3
03:47:48 AM  1000    290716    0.00    0.00    0.00    0.00    0.00     8  springboot3
03:47:49 AM  1000    290716    1.00    0.00    0.00    0.00    1.00     8  springboot3
03:47:50 AM  1000    290716    0.00    1.00    0.00    0.00    1.00     4  springboot3
03:47:51 AM  1000    290716    0.00    0.00    0.00    0.00    0.00     4  springboot3
03:47:52 AM  1000    290716    0.00    0.00    0.00    0.00    0.00     4  springboot3
03:47:53 AM  1000    290716    0.00    0.00    0.00    0.00    0.00     4  springboot3
03:47:54 AM  1000    290716  122.00   38.00    0.00    0.00  160.00     2  springboot3
03:47:55 AM  1000    290716  254.00  115.00    0.00    0.00  369.00     2  springboot3
03:47:56 AM  1000    290716  243.00  134.00    0.00    0.00  377.00     2  springboot3
03:47:57 AM  1000    290716  235.00  133.00    0.00    0.00  368.00     4  springboot3
03:47:58 AM  1000    290716  232.00  145.00    0.00    0.00  377.00     4  springboot3
03:47:59 AM  1000    290716  224.00  145.00    0.00    0.00  369.00     4  springboot3
03:48:00 AM  1000    290716  206.00  170.00    0.00    0.00  376.00     4  springboot3
03:48:01 AM  1000    290716  229.00  149.00    0.00    0.00  378.00     4  springboot3
03:48:02 AM  1000    290716  245.00  121.00    0.00    0.00  366.00     4  springboot3
03:48:03 AM  1000    290716  213.00  167.00    0.00    0.00  380.00     4  springboot3
03:48:04 AM  1000    290716  203.00  178.00    0.00    0.00  381.00     4  springboot3
03:48:05 AM  1000    290716  253.00  114.00    0.00    0.00  367.00     4  springboot3
03:48:06 AM  1000    290716  260.00  114.00    0.00    0.00  374.00     4  springboot3
03:48:07 AM  1000    290716  206.00  164.00    0.00    0.00  370.00     4  springboot3
03:48:08 AM  1000    290716  247.00  128.00    0.00    0.00  375.00     4  springboot3
03:48:09 AM  1000    290716  241.00  127.00    0.00    0.00  368.00     4  springboot3
03:48:10 AM  1000    290716  237.00  139.00    0.00    0.00  376.00     4  springboot3
03:48:11 AM  1000    290716  222.00  158.00    0.00    0.00  380.00     4  springboot3
03:48:12 AM  1000    290716  219.00  148.00    0.00    0.00  367.00     4  springboot3
03:48:13 AM  1000    290716  198.00  181.00    0.00    0.00  379.00     4  springboot3
03:48:14 AM  1000    290716  256.00  119.00    0.00    0.00  375.00     4  springboot3
03:48:15 AM  1000    290716  203.00  169.00    0.00    0.00  372.00     4  springboot3
03:48:16 AM  1000    290716  267.00  105.00    0.00    0.00  372.00     4  springboot3
03:48:17 AM  1000    290716  221.00  150.00    0.00    0.00  371.00     4  springboot3
03:48:18 AM  1000    290716  226.00  154.00    0.00    0.00  380.00     4  springboot3
03:48:19 AM  1000    290716  201.00  181.00    0.00    0.00  382.00     4  springboot3
03:48:20 AM  1000    290716  262.00  101.00    0.00    0.00  363.00     4  springboot3
03:48:21 AM  1000    290716  275.00  101.00    0.00    0.00  376.00     4  springboot3
03:48:22 AM  1000    290716  250.00  114.00    0.00    0.00  364.00     4  springboot3
03:48:23 AM  1000    290716  238.00  139.00    0.00    0.00  377.00     4  springboot3
03:48:24 AM  1000    290716  269.00   98.00    0.00    0.00  367.00     4  springboot3
03:48:25 AM  1000    290716  225.00  155.00    0.00    0.00  380.00     4  springboot3
03:48:26 AM  1000    290716  190.00  191.00    0.00    0.00  381.00     4  springboot3
03:48:27 AM  1000    290716  204.00  164.00    0.00    0.00  368.00     4  springboot3
03:48:28 AM  1000    290716  258.00  116.00    0.00    0.00  374.00     4  springboot3
03:48:29 AM  1000    290716  265.00  103.00    0.00    0.00  368.00     4  springboot3
03:48:30 AM  1000    290716  256.00  119.00    0.00    0.00  375.00     4  springboot3
03:48:31 AM  1000    290716  259.00  119.00    0.00    0.00  378.00     4  springboot3
03:48:32 AM  1000    290716  194.00  178.00    0.00    0.00  372.00     4  springboot3
03:48:33 AM  1000    290716  246.00  134.00    0.00    0.00  380.00     4  springboot3
03:48:34 AM  1000    290716  213.00  166.00    0.00    0.00  379.00     4  springboot3
03:48:35 AM  1000    290716  238.00  129.00    0.00    0.00  367.00     4  springboot3
03:48:36 AM  1000    290716  222.00  157.00    0.00    0.00  379.00     4  springboot3
03:48:37 AM  1000    290716  216.00  151.00    0.00    0.00  367.00     4  springboot3
03:48:38 AM  1000    290716  247.00  131.00    0.00    0.00  378.00     4  springboot3
03:48:39 AM  1000    290716  203.00  168.00    0.00    0.00  371.00     4  springboot3
03:48:40 AM  1000    290716  199.00  184.00    0.00    0.00  383.00     4  springboot3
03:48:41 AM  1000    290716  225.00  150.00    0.00    0.00  375.00     4  springboot3
03:48:42 AM  1000    290716  215.00  154.00    0.00    0.00  369.00     4  springboot3
03:48:43 AM  1000    290716  228.00  147.00    0.00    0.00  375.00     6  springboot3
03:48:44 AM  1000    290716  261.00  102.00    0.00    0.00  363.00     6  springboot3
03:48:45 AM  1000    290716  222.00  161.00    0.00    0.00  383.00     6  springboot3
03:48:46 AM  1000    290716  221.00  159.00    0.00    0.00  380.00     6  springboot3
03:48:47 AM  1000    290716  189.00  186.00    0.00    0.00  375.00     6  springboot3
03:48:48 AM  1000    290716  231.68  142.57    0.00    0.00  374.26     6  springboot3
03:48:49 AM  1000    290716  215.00  168.00    0.00    0.00  383.00     6  springboot3
03:48:50 AM  1000    290716  187.00  182.00    0.00    0.00  369.00     6  springboot3
03:48:51 AM  1000    290716  188.00  197.00    0.00    0.00  385.00     6  springboot3
03:48:52 AM  1000    290716  260.00  116.00    0.00    0.00  376.00     6  springboot3
03:48:53 AM  1000    290716  257.00  108.00    0.00    0.00  365.00     6  springboot3
03:48:54 AM  1000    290716  213.00  165.00    0.00    0.00  378.00     8  springboot3
03:48:55 AM  1000    290716  242.00  125.00    0.00    0.00  367.00     8  springboot3
03:48:56 AM  1000    290716  275.00  100.00    0.00    0.00  375.00     8  springboot3
03:48:57 AM  1000    290716  253.00  112.00    0.00    0.00  365.00     8  springboot3
03:48:58 AM  1000    290716  196.00  188.00    0.00    0.00  384.00     8  springboot3
03:48:59 AM  1000    290716  239.00  139.00    0.00    0.00  378.00     8  springboot3
03:49:00 AM  1000    290716  249.00  117.00    0.00    0.00  366.00     8  springboot3
03:49:01 AM  1000    290716  202.00  180.00    0.00    0.00  382.00     8  springboot3
03:49:02 AM  1000    290716  226.00  141.00    0.00    0.00  367.00     8  springboot3
03:49:03 AM  1000    290716  227.00  150.00    0.00    0.00  377.00     8  springboot3
03:49:04 AM  1000    290716  222.00  145.00    0.00    0.00  367.00     8  springboot3
03:49:05 AM  1000    290716  258.00  118.00    0.00    0.00  376.00     8  springboot3
03:49:06 AM  1000    290716  257.00  109.00    0.00    0.00  366.00     8  springboot3
03:49:07 AM  1000    290716  235.00  142.00    0.00    0.00  377.00     8  springboot3
03:49:08 AM  1000    290716  265.00  113.00    0.00    0.00  378.00     8  springboot3
03:49:09 AM  1000    290716  225.00  144.00    0.00    0.00  369.00     8  springboot3
03:49:10 AM  1000    290716  255.00  125.00    0.00    0.00  380.00     8  springboot3
03:49:11 AM  1000    290716  254.00  110.00    0.00    0.00  364.00     4  springboot3
03:49:12 AM  1000    290716  194.00  188.00    0.00    0.00  382.00     4  springboot3
03:49:13 AM  1000    290716  237.00  140.00    0.00    0.00  377.00     4  springboot3
03:49:14 AM  1000    290716  229.00  139.00    0.00    0.00  368.00     4  springboot3
03:49:15 AM  1000    290716  260.00  115.00    0.00    0.00  375.00     4  springboot3
03:49:16 AM  1000    290716  246.00  129.00    0.00    0.00  375.00     4  springboot3
03:49:17 AM  1000    290716  253.00  115.00    0.00    0.00  368.00     4  springboot3
03:49:18 AM  1000    290716  240.00  137.00    0.00    0.00  377.00     4  springboot3
03:49:19 AM  1000    290716  227.00  139.00    0.00    0.00  366.00     4  springboot3
03:49:20 AM  1000    290716  216.00  165.00    0.00    0.00  381.00     4  springboot3
03:49:21 AM  1000    290716  276.00   87.00    0.00    0.00  363.00     4  springboot3
03:49:22 AM  1000    290716  239.00  137.00    0.00    0.00  376.00     4  springboot3
03:49:23 AM  1000    290716  229.00  153.00    0.00    0.00  382.00     4  springboot3
03:49:24 AM  1000    290716  238.00  130.00    0.00    0.00  368.00     8  springboot3
03:49:25 AM  1000    290716  191.00  193.00    0.00    0.00  384.00     8  springboot3
03:49:26 AM  1000    290716  250.00  125.00    0.00    0.00  375.00     8  springboot3
03:49:27 AM  1000    290716  195.00  180.00    0.00    0.00  375.00     8  springboot3
03:49:28 AM  1000    290716  292.00   82.00    0.00    0.00  374.00     8  springboot3
03:49:29 AM  1000    290716  223.00  148.00    0.00    0.00  371.00     8  springboot3
03:49:30 AM  1000    290716  223.00  150.00    0.00    0.00  373.00     8  springboot3
03:49:31 AM  1000    290716  218.00  159.00    0.00    0.00  377.00     8  springboot3
03:49:32 AM  1000    290716  214.00  155.00    0.00    0.00  369.00     8  springboot3
03:49:33 AM  1000    290716  286.00   88.00    0.00    0.00  374.00     8  springboot3
03:49:34 AM  1000    290716  249.00  116.00    0.00    0.00  365.00     8  springboot3
03:49:35 AM  1000    290716  188.00  194.00    0.00    0.00  382.00     8  springboot3
03:49:36 AM  1000    290716  197.00  183.00    0.00    0.00  380.00     8  springboot3
03:49:37 AM  1000    290716  256.00  107.00    0.00    0.00  363.00     8  springboot3
03:49:38 AM  1000    290716  265.00  110.00    0.00    0.00  375.00     8  springboot3
03:49:39 AM  1000    290716  251.00  115.00    0.00    0.00  366.00     8  springboot3
03:49:40 AM  1000    290716  245.00  135.00    0.00    0.00  380.00     8  springboot3
03:49:41 AM  1000    290716  218.00  150.00    0.00    0.00  368.00     8  springboot3
03:49:42 AM  1000    290716  214.00  165.00    0.00    0.00  379.00     8  springboot3
03:49:43 AM  1000    290716  200.00  183.00    0.00    0.00  383.00     8  springboot3
03:49:44 AM  1000    290716  196.00  174.00    0.00    0.00  370.00     8  springboot3
03:49:45 AM  1000    290716  220.00  155.00    0.00    0.00  375.00     8  springboot3
03:49:46 AM  1000    290716  234.00  133.00    0.00    0.00  367.00     8  springboot3
03:49:47 AM  1000    290716  276.00  101.00    0.00    0.00  377.00     8  springboot3
03:49:48 AM  1000    290716  239.00  138.00    0.00    0.00  377.00     8  springboot3
03:49:49 AM  1000    290716  242.00  124.00    0.00    0.00  366.00     8  springboot3
03:49:50 AM  1000    290716  190.00  195.00    0.00    0.00  385.00     8  springboot3
03:49:51 AM  1000    290716  247.00  116.00    0.00    0.00  363.00     8  springboot3
03:49:52 AM  1000    290716  221.00  156.00    0.00    0.00  377.00     8  springboot3
03:49:53 AM  1000    290716  275.00   89.00    0.00    0.00  364.00     8  springboot3
03:49:54 AM  1000    290716  242.00  135.00    0.00    0.00  377.00     8  springboot3
03:49:55 AM  1000    290716  276.00   97.00    0.00    0.00  373.00     8  springboot3
03:49:56 AM  1000    290716  198.00  175.00    0.00    0.00  373.00     8  springboot3
03:49:57 AM  1000    290716  233.00  146.00    0.00    0.00  379.00     8  springboot3
03:49:58 AM  1000    290716  248.00  128.00    0.00    0.00  376.00     8  springboot3
03:49:59 AM  1000    290716  250.00  116.00    0.00    0.00  366.00     8  springboot3
03:50:00 AM  1000    290716  132.00  107.00    0.00    0.00  239.00     8  springboot3
03:50:01 AM  1000    290716    0.00    0.00    0.00    0.00    0.00     8  springboot3
03:50:02 AM  1000    290716    0.00    0.00    0.00    0.00    0.00     8  springboot3
03:50:03 AM  1000    290716    1.00    0.00    0.00    0.00    1.00     8  springboot3
03:50:04 AM  1000    290716    0.00    0.00    0.00    0.00    0.00     8  springboot3
03:50:05 AM  1000    290716    0.00    0.00    0.00    0.00    0.00     8  springboot3
03:50:06 AM  1000    290716    0.00    0.00    0.00    0.00    0.00     8  springboot3
03:50:07 AM  1000    290716    0.00    0.00    0.00    0.00    0.00     8  springboot3
03:50:08 AM  1000    290716    1.00    0.00    0.00    0.00    1.00     8  springboot3
03:50:09 AM  1000    290716    0.00    0.00    0.00    0.00    0.00     8  springboot3
03:50:10 AM  1000    290716    0.00    0.00    0.00    0.00    0.00     8  springboot3
03:50:11 AM  1000    290716    0.00    0.00    0.00    0.00    0.00     8  springboot3
03:50:12 AM  1000    290716    0.00    0.00    0.00    0.00    0.00     8  springboot3
03:50:13 AM  1000    290716    0.00    0.00    0.00    0.00    0.00     8  springboot3
03:50:14 AM  1000    290716    0.00    0.00    0.00    0.00    0.00     8  springboot3
03:50:15 AM  1000    290716    0.00    0.00    0.00    0.00    0.00     8  springboot3
03:50:16 AM  1000    290716    0.00    0.00    0.00    0.00    0.00     8  springboot3
03:50:17 AM  1000    290716    1.00    0.00    0.00    0.00    1.00     8  springboot3
03:50:18 AM  1000    290716    0.00    0.00    0.00    0.00    0.00     8  springboot3
03:50:19 AM  1000    290716    0.00    0.00    0.00    0.00    0.00     8  springboot3
03:50:20 AM  1000    290716    0.00    0.00    0.00    0.00    0.00     8  springboot3
03:50:21 AM  1000    290716    0.00    0.00    0.00    0.00    0.00     8  springboot3
03:50:22 AM  1000    290716    0.00    0.00    0.00    0.00    0.00     8  springboot3
03:50:23 AM  1000    290716    0.00    0.00    0.00    0.00    0.00     8  springboot3
03:50:24 AM  1000    290716    0.00    0.00    0.00    0.00    0.00     8  springboot3
03:50:25 AM  1000    290716    0.00    0.00    0.00    0.00    0.00     8  springboot3
03:50:26 AM  1000    290716    1.00    0.00    0.00    0.00    1.00     8  springboot3
03:50:27 AM  1000    290716    0.00    0.00    0.00    0.00    0.00     8  springboot3
03:50:28 AM  1000    290716    0.00    0.00    0.00    0.00    0.00     8  springboot3
03:50:29 AM  1000    290716    0.00    0.00    0.00    0.00    0.00     8  springboot3
03:50:30 AM  1000    290716    0.00    0.00    0.00    0.00    0.00     8  springboot3
03:50:31 AM  1000    290716    0.00    0.00    0.00    0.00    0.00     8  springboot3
03:50:32 AM  1000    290716    0.00    0.00    0.00    0.00    0.00     8  springboot3
03:50:33 AM  1000    290716    0.00    0.00    0.00    0.00    0.00     8  springboot3
03:50:34 AM  1000    290716    0.00    0.00    0.00    0.00    0.00     8  springboot3
03:50:35 AM  1000    290716  144.00   84.00    0.00    0.00  228.00     8  springboot3
03:50:36 AM  1000    290716  227.00  137.00    0.00    0.00  364.00     8  springboot3
03:50:37 AM  1000    290716  234.00  145.00    0.00    0.00  379.00     8  springboot3
03:50:38 AM  1000    290716  238.00  125.00    0.00    0.00  363.00     8  springboot3
03:50:39 AM  1000    290716  235.00  141.00    0.00    0.00  376.00     8  springboot3
03:50:40 AM  1000    290716  233.00  136.00    0.00    0.00  369.00     8  springboot3
03:50:41 AM  1000    290716  232.00  144.00    0.00    0.00  376.00     8  springboot3
03:50:42 AM  1000    290716  248.00  128.00    0.00    0.00  376.00     8  springboot3
03:50:43 AM  1000    290716  273.00   95.00    0.00    0.00  368.00     8  springboot3
03:50:44 AM  1000    290716  235.00  140.00    0.00    0.00  375.00     8  springboot3
03:50:45 AM  1000    290716  274.00  102.00    0.00    0.00  376.00     8  springboot3
03:50:46 AM  1000    290716  223.00  144.00    0.00    0.00  367.00     8  springboot3
03:50:47 AM  1000    290716  277.00   93.00    0.00    0.00  370.00     8  springboot3
03:50:48 AM  1000    290716  277.00   89.00    0.00    0.00  366.00     8  springboot3
03:50:49 AM  1000    290716  278.00   96.00    0.00    0.00  374.00     8  springboot3
03:50:50 AM  1000    290716  272.00   94.00    0.00    0.00  366.00     8  springboot3
03:50:51 AM  1000    290716  237.00  141.00    0.00    0.00  378.00     8  springboot3
03:50:52 AM  1000    290716  242.00  121.00    0.00    0.00  363.00     8  springboot3
03:50:53 AM  1000    290716  277.00  100.00    0.00    0.00  377.00     8  springboot3
03:50:54 AM  1000    290716  267.00  107.00    0.00    0.00  374.00     8  springboot3
03:50:55 AM  1000    290716  246.00  124.00    0.00    0.00  370.00     8  springboot3
03:50:56 AM  1000    290716  252.00  125.00    0.00    0.00  377.00     8  springboot3
03:50:57 AM  1000    290716  212.00  156.00    0.00    0.00  368.00     8  springboot3
03:50:58 AM  1000    290716  211.00  171.00    0.00    0.00  382.00     8  springboot3
03:50:59 AM  1000    290716  276.00   85.00    0.00    0.00  361.00     8  springboot3
03:51:00 AM  1000    290716  205.00  174.00    0.00    0.00  379.00     8  springboot3
03:51:01 AM  1000    290716  238.00  141.00    0.00    0.00  379.00     8  springboot3
03:51:02 AM  1000    290716  250.00  114.00    0.00    0.00  364.00     8  springboot3
03:51:03 AM  1000    290716  192.00  192.00    0.00    0.00  384.00     8  springboot3
03:51:04 AM  1000    290716  243.00  123.00    0.00    0.00  366.00     8  springboot3
03:51:05 AM  1000    290716  240.00  138.00    0.00    0.00  378.00     8  springboot3
03:51:06 AM  1000    290716  223.00  155.00    0.00    0.00  378.00     8  springboot3
03:51:07 AM  1000    290716  258.00  108.00    0.00    0.00  366.00     8  springboot3
03:51:08 AM  1000    290716  217.00  164.00    0.00    0.00  381.00     8  springboot3
03:51:09 AM  1000    290716  230.00  140.00    0.00    0.00  370.00     8  springboot3
03:51:10 AM  1000    290716  219.00  157.00    0.00    0.00  376.00     8  springboot3
03:51:11 AM  1000    290716  136.00   40.00    0.00    0.00  176.00     8  springboot3
03:51:12 AM  1000    290716    0.00    0.00    0.00    0.00    0.00     8  springboot3
03:51:13 AM  1000    290716    1.00    0.00    0.00    0.00    1.00     8  springboot3
03:51:14 AM  1000    290716    0.00    0.00    0.00    0.00    0.00     8  springboot3
