Linux 5.14.0-570.60.1.el9_6.x86_64 *****) 	03/28/2026 	_x86_64_	(64 CPU)

03:52:11 AM   UID       PID    %usr %system  %guest   %wait    %CPU   CPU  Command
03:52:12 AM  1000    293408   15.00    2.00    0.00    0.00   17.00     4  springboot3
03:52:13 AM  1000    293408    0.00    0.00    0.00    0.00    0.00     4  springboot3
03:52:14 AM  1000    293408    0.00    0.00    0.00    0.00    0.00     4  springboot3
03:52:15 AM  1000    293408    0.00    0.00    0.00    0.00    0.00     4  springboot3
03:52:16 AM  1000    293408    1.00    0.00    0.00    0.00    1.00     4  springboot3
03:52:17 AM  1000    293408    0.00    0.00    0.00    0.00    0.00     4  springboot3
03:52:18 AM  1000    293408    0.00    0.00    0.00    0.00    0.00     4  springboot3
03:52:19 AM  1000    293408    0.00    0.00    0.00    0.00    0.00     4  springboot3
03:52:20 AM  1000    293408    0.00    0.00    0.00    0.00    0.00     4  springboot3
03:52:21 AM  1000    293408    0.00    0.00    0.00    0.00    0.00     4  springboot3
03:52:22 AM  1000    293408    0.00    0.00    0.00    0.00    0.00     4  springboot3
03:52:23 AM  1000    293408    0.00    0.00    0.00    0.00    0.00     4  springboot3
03:52:24 AM  1000    293408    1.00    0.00    0.00    0.00    1.00     4  springboot3
03:52:25 AM  1000    293408    0.00    0.00    0.00    0.00    0.00     4  springboot3
03:52:26 AM  1000    293408   75.00   22.00    0.00    0.00   97.00     2  springboot3
03:52:27 AM  1000    293408  295.00   73.00    0.00    0.00  368.00     2  springboot3
03:52:28 AM  1000    293408  294.00   82.00    0.00    0.00  376.00     2  springboot3
03:52:29 AM  1000    293408  261.00  107.00    0.00    0.00  368.00     2  springboot3
03:52:30 AM  1000    293408  302.00   72.00    0.00    0.00  374.00     2  springboot3
03:52:31 AM  1000    293408  291.00   75.00    0.00    0.00  366.00     2  springboot3
03:52:32 AM  1000    293408  300.00   74.00    0.00    0.00  374.00     2  springboot3
03:52:33 AM  1000    293408  309.00   67.00    0.00    0.00  376.00     2  springboot3
03:52:34 AM  1000    293408  294.00   72.00    0.00    0.00  366.00     2  springboot3
03:52:35 AM  1000    293408  302.00   72.00    0.00    0.00  374.00     2  springboot3
03:52:36 AM  1000    293408  295.00   69.00    0.00    0.00  364.00     2  springboot3
03:52:37 AM  1000    293408  303.00   73.00    0.00    0.00  376.00     2  springboot3
03:52:38 AM  1000    293408  306.00   71.00    0.00    0.00  377.00     2  springboot3
03:52:39 AM  1000    293408  304.00   65.00    0.00    0.00  369.00     2  springboot3
03:52:40 AM  1000    293408  311.00   65.00    0.00    0.00  376.00     2  springboot3
03:52:41 AM  1000    293408  296.00   69.00    0.00    0.00  365.00     2  springboot3
03:52:42 AM  1000    293408  301.00   73.00    0.00    0.00  374.00     2  springboot3
03:52:43 AM  1000    293408  300.00   68.00    0.00    0.00  368.00     2  springboot3
03:52:44 AM  1000    293408  306.00   68.00    0.00    0.00  374.00     2  springboot3
03:52:45 AM  1000    293408  313.00   66.00    0.00    0.00  379.00     2  springboot3
03:52:46 AM  1000    293408  271.00   96.00    0.00    0.00  367.00     2  springboot3
03:52:47 AM  1000    293408  310.00   66.00    0.00    0.00  376.00     2  springboot3
03:52:48 AM  1000    293408  298.00   69.00    0.00    0.00  367.00     2  springboot3
03:52:49 AM  1000    293408  312.00   63.00    0.00    0.00  375.00     2  springboot3
03:52:50 AM  1000    293408  296.00   70.00    0.00    0.00  366.00     2  springboot3
03:52:51 AM  1000    293408  307.00   70.00    0.00    0.00  377.00     2  springboot3
03:52:52 AM  1000    293408  296.00   71.00    0.00    0.00  367.00     2  springboot3
03:52:53 AM  1000    293408  308.00   67.00    0.00    0.00  375.00     2  springboot3
03:52:54 AM  1000    293408  306.00   71.00    0.00    0.00  377.00     2  springboot3
03:52:55 AM  1000    293408  296.00   68.00    0.00    0.00  364.00     2  springboot3
03:52:56 AM  1000    293408  301.00   75.00    0.00    0.00  376.00     2  springboot3
03:52:57 AM  1000    293408  297.00   73.00    0.00    0.00  370.00     2  springboot3
03:52:58 AM  1000    293408  287.00   88.00    0.00    0.00  375.00     2  springboot3
03:52:59 AM  1000    293408  309.00   66.00    0.00    0.00  375.00     2  springboot3
03:53:00 AM  1000    293408  295.00   71.00    0.00    0.00  366.00     2  springboot3
03:53:01 AM  1000    293408  293.00   71.00    0.00    0.00  364.00     2  springboot3
03:53:02 AM  1000    293408  308.00   69.00    0.00    0.00  377.00     2  springboot3
03:53:03 AM  1000    293408  308.00   69.00    0.00    0.00  377.00     2  springboot3
03:53:04 AM  1000    293408  304.00   62.00    0.00    0.00  366.00     2  springboot3
03:53:05 AM  1000    293408  303.00   73.00    0.00    0.00  376.00     2  springboot3
03:53:06 AM  1000    293408  300.00   66.00    0.00    0.00  366.00     2  springboot3
03:53:07 AM  1000    293408  304.00   72.00    0.00    0.00  376.00     2  springboot3
03:53:08 AM  1000    293408  292.00   74.00    0.00    0.00  366.00     2  springboot3
03:53:09 AM  1000    293408  261.00  116.00    0.00    0.00  377.00     2  springboot3
03:53:10 AM  1000    293408  255.00  109.00    0.00    0.00  364.00     2  springboot3
03:53:11 AM  1000    293408  211.00  170.00    0.00    0.00  381.00     2  springboot3
03:53:12 AM  1000    293408  230.00  150.00    0.00    0.00  380.00     2  springboot3
03:53:13 AM  1000    293408  247.00  121.00    0.00    0.00  368.00     2  springboot3
03:53:14 AM  1000    293408  214.00  165.00    0.00    0.00  379.00     2  springboot3
03:53:15 AM  1000    293408  212.00  167.00    0.00    0.00  379.00     2  springboot3
03:53:16 AM  1000    293408  242.00  124.00    0.00    0.00  366.00     2  springboot3
03:53:17 AM  1000    293408  196.00  185.00    0.00    0.00  381.00     2  springboot3
03:53:18 AM  1000    293408  257.00  110.00    0.00    0.00  367.00     2  springboot3
03:53:19 AM  1000    293408  232.00  147.00    0.00    0.00  379.00     2  springboot3
03:53:20 AM  1000    293408  215.00  163.00    0.00    0.00  378.00     2  springboot3
03:53:21 AM  1000    293408  199.00  169.00    0.00    0.00  368.00     2  springboot3
03:53:22 AM  1000    293408  234.00  144.00    0.00    0.00  378.00     2  springboot3
03:53:23 AM  1000    293408  178.00  195.00    0.00    0.00  373.00     2  springboot3
03:53:24 AM  1000    293408  251.00  128.00    0.00    0.00  379.00     2  springboot3
03:53:25 AM  1000    293408  234.00  141.00    0.00    0.00  375.00     2  springboot3
03:53:26 AM  1000    293408  255.00  111.00    0.00    0.00  366.00     2  springboot3
03:53:27 AM  1000    293408  230.00  150.00    0.00    0.00  380.00     2  springboot3
03:53:28 AM  1000    293408  237.00  131.00    0.00    0.00  368.00     2  springboot3
03:53:29 AM  1000    293408  269.00  104.00    0.00    0.00  373.00     2  springboot3
03:53:30 AM  1000    293408  231.00  147.00    0.00    0.00  378.00     2  springboot3
03:53:31 AM  1000    293408  271.00   94.00    0.00    0.00  365.00     2  springboot3
03:53:32 AM  1000    293408  280.00   94.00    0.00    0.00  374.00     2  springboot3
03:53:33 AM  1000    293408  256.00  119.00    0.00    0.00  375.00     2  springboot3
03:53:34 AM  1000    293408  217.00  155.00    0.00    0.00  372.00     2  springboot3
03:53:35 AM  1000    293408  266.00  110.00    0.00    0.00  376.00     2  springboot3
03:53:36 AM  1000    293408  230.00  138.00    0.00    0.00  368.00     2  springboot3
03:53:37 AM  1000    293408  238.00  137.00    0.00    0.00  375.00     2  springboot3
03:53:38 AM  1000    293408  211.00  156.00    0.00    0.00  367.00     2  springboot3
03:53:39 AM  1000    293408  216.00  163.00    0.00    0.00  379.00     2  springboot3
03:53:40 AM  1000    293408  232.00  147.00    0.00    0.00  379.00     2  springboot3
03:53:41 AM  1000    293408  258.00  107.00    0.00    0.00  365.00     2  springboot3
03:53:42 AM  1000    293408  264.00  113.00    0.00    0.00  377.00     2  springboot3
03:53:43 AM  1000    293408  198.00  171.00    0.00    0.00  369.00     2  springboot3
03:53:44 AM  1000    293408  194.00  189.00    0.00    0.00  383.00     2  springboot3
03:53:45 AM  1000    293408  291.00   81.00    0.00    0.00  372.00     2  springboot3
03:53:46 AM  1000    293408  250.00  114.00    0.00    0.00  364.00     2  springboot3
03:53:47 AM  1000    293408  225.00  154.00    0.00    0.00  379.00     2  springboot3
03:53:48 AM  1000    293408  215.00  153.00    0.00    0.00  368.00     2  springboot3
03:53:49 AM  1000    293408  271.00  102.00    0.00    0.00  373.00     2  springboot3
03:53:50 AM  1000    293408  246.00  122.00    0.00    0.00  368.00     2  springboot3
03:53:51 AM  1000    293408  204.00  174.00    0.00    0.00  378.00     2  springboot3
03:53:52 AM  1000    293408  219.00  164.00    0.00    0.00  383.00     2  springboot3
03:53:53 AM  1000    293408  270.00   97.00    0.00    0.00  367.00     2  springboot3
03:53:54 AM  1000    293408  210.00  171.00    0.00    0.00  381.00     2  springboot3
03:53:55 AM  1000    293408  287.00   88.00    0.00    0.00  375.00     2  springboot3
03:53:56 AM  1000    293408  260.00  103.00    0.00    0.00  363.00     2  springboot3
03:53:57 AM  1000    293408  251.00  125.00    0.00    0.00  376.00     2  springboot3
03:53:58 AM  1000    293408  251.00  117.00    0.00    0.00  368.00     2  springboot3
03:53:59 AM  1000    293408  212.00  166.00    0.00    0.00  378.00     2  springboot3
03:54:00 AM  1000    293408  247.00  116.00    0.00    0.00  363.00     2  springboot3
03:54:01 AM  1000    293408  182.00  201.00    0.00    0.00  383.00     2  springboot3
03:54:02 AM  1000    293408  230.00  149.00    0.00    0.00  379.00     2  springboot3
03:54:03 AM  1000    293408  257.00  109.00    0.00    0.00  366.00     2  springboot3
03:54:04 AM  1000    293408  246.00  132.00    0.00    0.00  378.00     2  springboot3
03:54:05 AM  1000    293408  242.00  133.00    0.00    0.00  375.00     2  springboot3
03:54:06 AM  1000    293408  185.00  187.00    0.00    0.00  372.00     2  springboot3
03:54:07 AM  1000    293408  276.00   97.00    0.00    0.00  373.00     2  springboot3
03:54:08 AM  1000    293408  258.00  109.00    0.00    0.00  367.00     2  springboot3
03:54:09 AM  1000    293408  208.00  177.00    0.00    0.00  385.00     2  springboot3
03:54:10 AM  1000    293408  235.00  139.00    0.00    0.00  374.00     2  springboot3
03:54:11 AM  1000    293408  258.00  107.00    0.00    0.00  365.00     2  springboot3
03:54:12 AM  1000    293408  226.00  152.00    0.00    0.00  378.00     2  springboot3
03:54:13 AM  1000    293408  202.00  164.00    0.00    0.00  366.00     2  springboot3
03:54:14 AM  1000    293408  249.00  129.00    0.00    0.00  378.00     2  springboot3
03:54:15 AM  1000    293408  199.00  181.00    0.00    0.00  380.00     2  springboot3
03:54:16 AM  1000    293408  237.00  129.00    0.00    0.00  366.00     2  springboot3
03:54:17 AM  1000    293408  222.00  155.00    0.00    0.00  377.00     2  springboot3
03:54:18 AM  1000    293408  216.00  155.00    0.00    0.00  371.00     2  springboot3
03:54:19 AM  1000    293408  231.00  146.00    0.00    0.00  377.00     2  springboot3
03:54:20 AM  1000    293408  244.00  132.00    0.00    0.00  376.00     2  springboot3
03:54:21 AM  1000    293408  249.00  114.00    0.00    0.00  363.00     2  springboot3
03:54:22 AM  1000    293408  264.00  113.00    0.00    0.00  377.00     2  springboot3
03:54:23 AM  1000    293408  255.00  112.00    0.00    0.00  367.00     2  springboot3
03:54:24 AM  1000    293408  196.00  184.00    0.00    0.00  380.00     2  springboot3
03:54:25 AM  1000    293408  226.00  155.00    0.00    0.00  381.00     2  springboot3
03:54:26 AM  1000    293408  276.00   87.00    0.00    0.00  363.00     2  springboot3
03:54:27 AM  1000    293408  249.00  126.00    0.00    0.00  375.00     2  springboot3
03:54:28 AM  1000    293408  202.00  167.00    0.00    0.00  369.00     2  springboot3
03:54:29 AM  1000    293408  265.00  111.00    0.00    0.00  376.00     2  springboot3
03:54:30 AM  1000    293408  285.00   88.00    0.00    0.00  373.00     2  springboot3
03:54:31 AM  1000    293408  243.00  120.00    0.00    0.00  363.00     2  springboot3
03:54:32 AM  1000    293408  133.00  144.00    0.00    0.00  277.00     2  springboot3
03:54:33 AM  1000    293408    0.00    0.00    0.00    0.00    0.00     2  springboot3
03:54:34 AM  1000    293408    0.00    0.00    0.00    0.00    0.00     2  springboot3
03:54:35 AM  1000    293408    0.00    0.00    0.00    0.00    0.00     2  springboot3
03:54:36 AM  1000    293408    1.00    0.00    0.00    0.00    1.00     2  springboot3
03:54:37 AM  1000    293408    0.00    0.00    0.00    0.00    0.00     4  springboot3
03:54:38 AM  1000    293408    0.00    0.00    0.00    0.00    0.00     4  springboot3
03:54:39 AM  1000    293408    0.00    0.00    0.00    0.00    0.00     4  springboot3
03:54:40 AM  1000    293408    0.00    0.00    0.00    0.00    0.00     4  springboot3
03:54:41 AM  1000    293408    0.00    0.00    0.00    0.00    0.00     4  springboot3
03:54:42 AM  1000    293408    0.00    0.00    0.00    0.00    0.00     4  springboot3
03:54:43 AM  1000    293408    1.00    0.00    0.00    0.00    1.00     4  springboot3
03:54:44 AM  1000    293408    0.00    0.00    0.00    0.00    0.00     4  springboot3
03:54:45 AM  1000    293408    0.00    0.00    0.00    0.00    0.00     4  springboot3
03:54:46 AM  1000    293408    0.00    0.00    0.00    0.00    0.00     4  springboot3
03:54:47 AM  1000    293408    0.00    0.00    0.00    0.00    0.00     4  springboot3
03:54:48 AM  1000    293408    0.00    0.00    0.00    0.00    0.00     4  springboot3
03:54:49 AM  1000    293408    0.00    0.00    0.00    0.00    0.00     4  springboot3
03:54:50 AM  1000    293408    0.00    0.00    0.00    0.00    0.00     4  springboot3
03:54:51 AM  1000    293408    1.00    0.00    0.00    0.00    1.00     4  springboot3
03:54:52 AM  1000    293408    0.00    0.00    0.00    0.00    0.00     4  springboot3
03:54:53 AM  1000    293408    0.00    0.00    0.00    0.00    0.00     4  springboot3
03:54:54 AM  1000    293408    0.00    0.00    0.00    0.00    0.00     4  springboot3
03:54:55 AM  1000    293408    0.00    0.00    0.00    0.00    0.00     4  springboot3
03:54:56 AM  1000    293408    0.00    0.00    0.00    0.00    0.00     4  springboot3
03:54:57 AM  1000    293408    0.00    0.00    0.00    0.00    0.00     4  springboot3
03:54:58 AM  1000    293408    0.00    0.00    0.00    0.00    0.00     4  springboot3
03:54:59 AM  1000    293408    0.00    0.00    0.00    0.00    0.00     4  springboot3
03:55:00 AM  1000    293408    0.00    0.00    0.00    0.00    0.00     4  springboot3
03:55:01 AM  1000    293408    1.00    0.00    0.00    0.00    1.00     4  springboot3
03:55:02 AM  1000    293408    0.00    0.00    0.00    0.00    0.00     4  springboot3
03:55:03 AM  1000    293408    0.00    0.00    0.00    0.00    0.00     4  springboot3
03:55:04 AM  1000    293408    0.00    0.00    0.00    0.00    0.00     4  springboot3
03:55:05 AM  1000    293408    0.00    0.00    0.00    0.00    0.00     4  springboot3
03:55:06 AM  1000    293408    0.00    0.00    0.00    0.00    0.00     4  springboot3
03:55:07 AM  1000    293408  138.00   46.00    0.00    0.00  184.00     2  springboot3
03:55:08 AM  1000    293408  274.00   89.00    0.00    0.00  363.00     2  springboot3
03:55:09 AM  1000    293408  285.00   88.00    0.00    0.00  373.00     2  springboot3
03:55:10 AM  1000    293408  202.00  168.00    0.00    0.00  370.00     6  springboot3
03:55:11 AM  1000    293408  212.00  165.00    0.00    0.00  377.00     6  springboot3
03:55:12 AM  1000    293408  243.00  132.00    0.00    0.00  375.00     6  springboot3
03:55:13 AM  1000    293408  234.00  127.00    0.00    0.00  361.00     6  springboot3
03:55:14 AM  1000    293408  263.00  111.00    0.00    0.00  374.00     6  springboot3
03:55:15 AM  1000    293408  253.00  112.00    0.00    0.00  365.00     6  springboot3
03:55:16 AM  1000    293408  241.00  134.00    0.00    0.00  375.00     6  springboot3
03:55:17 AM  1000    293408  253.00  113.00    0.00    0.00  366.00     6  springboot3
03:55:18 AM  1000    293408  199.00  182.00    0.00    0.00  381.00     6  springboot3
03:55:19 AM  1000    293408  272.00   91.00    0.00    0.00  363.00     6  springboot3
03:55:20 AM  1000    293408  245.00  132.00    0.00    0.00  377.00     6  springboot3
03:55:21 AM  1000    293408  193.00  176.00    0.00    0.00  369.00     6  springboot3
03:55:22 AM  1000    293408  203.00  177.00    0.00    0.00  380.00     6  springboot3
03:55:23 AM  1000    293408  249.00  128.00    0.00    0.00  377.00     6  springboot3
03:55:24 AM  1000    293408  263.00  101.00    0.00    0.00  364.00     6  springboot3
03:55:25 AM  1000    293408  230.00  147.00    0.00    0.00  377.00     6  springboot3
03:55:26 AM  1000    293408  245.00  123.00    0.00    0.00  368.00     6  springboot3
03:55:27 AM  1000    293408  211.00  168.00    0.00    0.00  379.00     6  springboot3
03:55:28 AM  1000    293408  267.00   97.00    0.00    0.00  364.00     6  springboot3
03:55:29 AM  1000    293408  229.00  148.00    0.00    0.00  377.00     6  springboot3
03:55:30 AM  1000    293408  235.00  143.00    0.00    0.00  378.00     6  springboot3
03:55:31 AM  1000    293408  198.00  175.00    0.00    0.00  373.00     6  springboot3
03:55:32 AM  1000    293408  292.00   81.00    0.00    0.00  373.00     6  springboot3
03:55:33 AM  1000    293408  227.00  150.00    0.00    0.00  377.00     6  springboot3
03:55:34 AM  1000    293408  210.00  161.00    0.00    0.00  371.00     6  springboot3
03:55:35 AM  1000    293408  291.00   82.00    0.00    0.00  373.00     6  springboot3
03:55:36 AM  1000    293408  213.00  155.00    0.00    0.00  368.00     6  springboot3
03:55:37 AM  1000    293408  216.00  163.00    0.00    0.00  379.00     6  springboot3
03:55:38 AM  1000    293408  233.00  136.00    0.00    0.00  369.00     6  springboot3
03:55:39 AM  1000    293408  240.00  134.00    0.00    0.00  374.00     6  springboot3
03:55:40 AM  1000    293408  227.00  152.00    0.00    0.00  379.00     6  springboot3
03:55:41 AM  1000    293408  245.00  122.00    0.00    0.00  367.00     6  springboot3
03:55:42 AM  1000    293408  252.00  126.00    0.00    0.00  378.00     6  springboot3
03:55:43 AM  1000    293408  144.00   75.00    0.00    0.00  219.00     6  springboot3
03:55:44 AM  1000    293408    1.00    0.00    0.00    0.00    1.00     6  springboot3
03:55:45 AM  1000    293408    0.00    0.00    0.00    0.00    0.00     6  springboot3
03:55:46 AM  1000    293408    0.00    0.00    0.00    0.00    0.00     6  springboot3
