procs -----------memory---------- ---swap-- -----io---- -system-- ------cpu-----
 r  b   swpd   free   buff  cache   si   so    bi    bo   in   cs us sy id wa st
 4  0   2440 389044992      0 1061276    0    0     2     2    0    0  0  0 100  0  0
 4  0   2440 388924576      0 1124740    0    0 63164    24 10431 11779  5  0 94  1  0
 3  0   2440 388849984      0 1131752    0    0  6740  1172 15001 14111  6  1 93  0  0
 3  0   2440 388831328      0 1133504    0    0  1492     0 7930 6105  4  0 96  0  0
 2  0   2440 388819680      0 1133552    0    0    16    12 11013 5633  3  1 96  0  0
 3  1   2440 388692512      0 1164028    0    0 33532    32 6337 7909  3  0 97  0  0
 3  0   2440 388677952      0 1182676    0    0 17748     4 4916 7965  2  0 97  0  0
 0  0   2440 388595328      0 1189204    0    0  7024   884 4029 5223  2  0 98  0  0
 7  0   2440 388562976      0 1190584    0    0  1192   152 1979 3994  1  0 99  0  0
 7  0   2440 388523424      0 1192056    0    0  1332    12 10080 25578  6  0 94  0  0
 9  0   2440 388490752      0 1195708    0    0  3548     4 9457 24115  7  1 93  0  0
 8  0   2440 388438848      0 1196168    0    0   368    44 11286 33901  8  1 92  0  0
 8  0   2440 388418016      0 1197248    0    0   748     4 14795 55019  8  1 91  0  0
 7  0   2440 388406080      0 1197572    0    0   132     8 14051 57464  7  1 92  0  0
 6  0   2440 388378112      0 1198044    0    0   276    36 13771 55796  7  1 92  0  0
 8  0   2440 388371520      0 1198260    0    0     0     8 13652 62988  6  1 93  0  0
 7  0   2440 388342720      0 1199324    0    0   588 49896 14039 61687  7  1 92  0  0
 6  0   2440 388330784      0 1199532    0    0     0   168 13807 64856  6  1 92  0  0
 6  0   2440 388262048      0 1200500    0    0   480    12 14332 63473  6  1 92  0  0
 7  0   2440 388256384      0 1200724    0    0     0    28 14371 68441  6  1 92  0  0
 9  0   2440 388246144      0 1201656    0    0   920     0 15811 86851  6  2 92  0  0
procs -----------memory---------- ---swap-- -----io---- -system-- ------cpu-----
 r  b   swpd   free   buff  cache   si   so    bi    bo   in   cs us sy id wa st
 8  0   2440 388242880      0 1203144    0    0    84  3312 16503 84936  6  2 92  0  0
 8  0   2440 388213472      0 1201264    0    0    16     4 19033 99651  7  2 91  0  0
 8  0   2440 388161376      0 1202552    0    0   268    48 19175 103487  7  2 92  0  0
11  0   2440 388080736      0 1202964    0    0   104     4 19324 105817  7  2 91  0  0
 7  0   2440 388084032      0 1204416    0    0   316     0 20271 117998  6  2 92  0  0
 9  0   2440 388075968      0 1205252    0    0    16    32 21179 123451  7  2 91  0  0
 9  0   2440 388010528      0 1205764    0    0    80     8 29233 181770  7  3 90  0  0
10  0   2440 387955200      0 1206876    0    0    32   176 30033 180563  7  4 90  0  0
 7  0   2440 387948032      0 1207576    0    0     0    44 32310 197596  7  4 90  0  0
 9  0   2440 387944416      0 1208904    0    0    16     4 33011 199084  7  4 89  0  0
10  0   2440 387945504      0 1213008    0    0   408   156 31894 198766  7  4 90  0  0
11  0   2440 387940448      0 1214072    0    0     0   360 32926 197737  7  4 90  0  0
 8  0   2440 387936736      0 1215196    0    0    72   132 31066 215153  7  3 90  0  0
 6  0   2440 387923072      0 1216680    0    0    68     4 31261 219391  7  3 90  0  0
 7  0   2440 387913472      0 1217668    0    0    36    48 31629 223824  7  3 90  0  0
 9  0   2440 387904128      0 1219772    0    0   404     4 32698 225651  7  3 90  0  0
 9  0   2440 387889568      0 1221320    0    0   104   136 31792 224908  7  3 90  0  0
15  0   2440 387868704      0 1222196    0    0    28   332 32717 223243  7  3 90  0  0
11  0   2440 387806592      0 1223732    0    0    60    20 32087 225743  7  3 90  0  0
12  0   2440 387804096      0 1225560    0    0   396     4 32792 209546  7  4 89  0  0
 9  0   2440 387772480      0 1233444    0    0    96     4 34551 203171  8  4 89  0  0
procs -----------memory---------- ---swap-- -----io---- -system-- ------cpu-----
 r  b   swpd   free   buff  cache   si   so    bi    bo   in   cs us sy id wa st
10  0   2440 387773376      0 1237224    0    0   132    12 36165 203770  7  4 89  0  0
 8  0   2440 387743520      0 1240328    0    0    80    28 35758 200591  8  4 88  0  0
 6  0   2440 387741760      0 1241200    0    0     0     0 36401 194491  6  4 90  0  0
 7  0   2440 387739648      0 1242168    0    0     0     8 31385 198088  7  4 90  0  0
 7  0   2440 387700608      0 1244432    0    0    16    12 32370 191818  7  4 89  0  0
 8  0   2440 387599424      0 1245392    0    0     0 42276 31978 200924  6  4 90  0  0
 6  0   2440 387566688      0 1246708    0    0     0   600 31993 201756  7  4 89  0  0
 8  0   2440 387566656      0 1247660    0    0     0     8 33695 204047  6  4 90  0  0
 7  0   2440 387564576      0 1248748    0    0   128    24 33370 199381  7  4 89  0  0
 9  0   2440 387565760      0 1254968    0    0    80    20 33908 198732  8  4 88  0  0
 7  0   2440 387564480      0 1255900    0    0    16     8 32536 205424  6  4 90  0  0
 7  0   2440 387531520      0 1258304    0    0   172     0 35406 205361  7  4 89  0  0
 7  0   2440 387533984      0 1259960    0    0    16     4 33863 203422  7  4 89  0  0
 7  0   2440 387530912      0 1263984    0    0  3160    44 32835 209314  7  4 89  0  0
 9  0   2440 387530304      0 1264940    0    0     0    28 32750 199303  6  4 90  0  0
10  0   2440 387528160      0 1266440    0    0     0   132 35233 204908  7  4 89  0  0
 6  0   2440 387525472      0 1267396    0    0     0     8 32024 224403  6  3 91  0  0
 8  0   2440 387526080      0 1268268    0    0     0    20 31591 223052  7  3 90  0  0
 8  0   2440 387505920      0 1270564    0    0     0   236 31266 204674  8  3 89  0  0
 7  0   2440 387496736      0 1278100    0    0     0   404 32266 221212  7  3 90  0  0
 7  0   2440 387496704      0 1279088    0    0     0   504 32661 221825  7  3 90  0  0
procs -----------memory---------- ---swap-- -----io---- -system-- ------cpu-----
 r  b   swpd   free   buff  cache   si   so    bi    bo   in   cs us sy id wa st
 7  0   2440 387493600      0 1280512    0    0    52     8 33366 221970  7  3 90  0  0
 6  0   2440 387512896      0 1282004    0    0    20    24 33201 225479  7  3 90  0  0
 6  0   2440 387511904      0 1282872    0    0     0     0 32922 224697  7  3 90  0  0
 2  0   2440 387514304      0 1285480    0    0  1124    12 34693 226460  7  3 89  0  0
 8  0   2440 387515616      0 1287696    0    0    88   200 32493 230500  7  3 89  0  0
 8  0   2440 387514592      0 1288732    0    0     4 41212 31157 228987  7  3 90  0  0
 8  0   2440 387510816      0 1289680    0    0    64    20 32649 216736  7  3 90  0  0
 8  0   2440 387503840      0 1291980    0    0    16    12 31978 224083  8  3 89  0  0
 5  0   2440 387502304      0 1297216    0    0    64     4 31082 220454  7  3 90  0  0
 8  0   2440 387501728      0 1298196    0    0     0    12 31338 227405  7  3 90  0  0
 7  0   2440 387553472      0 1299924    0    0    24     0 36682 225083  7  3 89  0  0
 6  0   2440 387548800      0 1301696    0    0    80     8 31565 224212  7  3 90  0  0
11  0   2440 387550432      0 1302648    0    0     0     8 32893 224864  7  3 90  0  0
 5  0   2440 387548800      0 1304216    0    0     0    12 32069 227361  7  3 90  0  0
 9  0   2440 387531040      0 1305180    0    0     0   128 30938 227234  6  3 90  0  0
 7  0   2440 387526816      0 1306048    0    0     0    12 31978 225003  7  3 90  0  0
11  0   2440 387529408      0 1307092    0    0     0     0 33181 225317  7  3 90  0  0
 8  0   2440 387526208      0 1309648    0    0    16     8 32255 219365  8  3 89  0  0
10  0   2440 387479136      0 1318876    0    0   140    12 34820 224386  9  3 87  0  0
 8  0   2440 387471328      0 1320368    0    0     0     4 36446 223518  9  3 88  0  0
 9  0   2440 387471616      0 1321580    0    0   176 37484 33988 227953  8  3 88  0  0
procs -----------memory---------- ---swap-- -----io---- -system-- ------cpu-----
 r  b   swpd   free   buff  cache   si   so    bi    bo   in   cs us sy id wa st
 9  0   2440 387451552      0 1322460    0    0     0     4 32838 220723  9  3 88  0  0
 4  0   2440 387452160      0 1313316    0    0   388     8 30913 226981  7  3 90  0  0
 8  0   2440 387389088      0 1314280    0    0     0     8 30772 227346  6  3 90  0  0
10  0   2440 387343904      0 1315948    0    0     0   264 32962 225703  8  3 89  0  0
 9  0   2440 387338368      0 1317720    0    0     0     4 31293 211609  7  4 90  0  0
 7  0   2440 387335424      0 1318680    0    0     0 27076 32665 201912  6  4 90  0  0
11  0   2440 387335744      0 1319636    0    0     0    32 32262 203950  7  4 89  0  0
 9  0   2440 387335904      0 1324988    0    0     0     0 33859 202124  8  4 89  0  0
 8  0   2440 387334464      0 1326624    0    0    48   104 34089 197881  7  4 89  0  0
 7  0   2440 387331680      0 1327584    0    0     0   524 35611 202527  7  4 90  0  0
12  0   2440 387331328      0 1329216    0    0     0  4668 33229 201922  7  4 89  0  0
 8  0   2440 387333632      0 1330176    0    0     0    12 32798 204775  7  4 90  0  0
 7  0   2440 387333792      0 1331056    0    0     0     4 33664 201704  7  4 90  0  0
 6  0   2440 387332704      0 1333440    0    0     0   140 33461 203524  7  4 89  0  0
 7  0   2440 387329056      0 1334340    0    0     0   196 29386 190509  6  3 90  0  0
 7  0   2440 387329120      0 1335204    0    0     0     8 32386 205408  7  4 90  0  0
 7  0   2440 387328416      0 1336804    0    0     4    28 35315 206040  7  4 89  0  0
12  0   2440 387327680      0 1344868    0    0    16     8 34902 203402  8  4 88  0  0
 7  0   2440 387327520      0 1347832    0    0    16     4 39554 201879  7  4 89  0  0
 7  0   2440 387326112      0 1349316    0    0     0     0 33298 203708  7  4 90  0  0
12  0   2440 387324384      0 1350264    0    0    16     8 33196 202168  7  4 90  0  0
procs -----------memory---------- ---swap-- -----io---- -system-- ------cpu-----
 r  b   swpd   free   buff  cache   si   so    bi    bo   in   cs us sy id wa st
11  0   2440 387324064      0 1351632    0    0     0     8 30915 201780  7  4 89  0  0
10  0   2440 387323584      0 1352580    0    0     0     4 33919 205124  7  4 90  0  0
 9  0   2440 387323456      0 1353980    0    0    16   588 33590 202010  7  4 89  0  0
 9  0   2440 387324480      0 1356388    0    0     0    12 34462 200702  8  4 89  0  0
 8  0   2440 387320256      0 1357272    0    0     4 41276 33696 202208  7  4 90  0  0
 9  0   2440 387321408      0 1358400    0    0    88     0 33804 205315  7  4 89  0  0
 8  0   2440 387321056      0 1363832    0    0    16    20 34018 204469  7  4 89  0  0
 9  0   2440 387327424      0 1365576    0    0    16     4 36002 204732  7  4 89  0  0
 7  0   2440 387336352      0 1367804    0    0    16     8 35085 203743  7  4 89  0  0
 9  0   2440 387337056      0 1368620    0    0     0     4 32394 206995  6  4 90  0  0
 7  0   2440 387336192      0 1369332    0    0     0     8 33511 200087  7  4 90  0  0
 6  0   2440 387332736      0 1370292    0    0     0     0 32536 192070  7  4 90  0  0
 6  0   2440 387329504      0 1373500    0    0   240   140 34912 199151  8  4 88  0  0
 8  0   2440 387310528      0 1374544    0    0     0   124 33337 203342  7  4 89  0  0
10  0   2440 387306496      0 1375424    0    0     0     0 32598 203770  7  4 90  0  0
 8  0   2440 387306496      0 1376380    0    0     0    24 33582 201870  7  4 89  0  0
 8  0   2440 387304576      0 1384540    0    0     0     4 32196 203785  8  4 89  0  0
10  0   2440 387305056      0 1385412    0    0     0    64 33983 204591  7  4 89  0  0
 8  0   2440 387304928      0 1387492    0    0    16   448 32970 202809  7  4 89  0  0
10  0   2440 387304736      0 1388448    0    0     0 34100 31739 206048  6  4 90  0  0
10  0   2440 387304064      0 1389476    0    0   168    16 32615 208426  6  4 90  0  0
procs -----------memory---------- ---swap-- -----io---- -system-- ------cpu-----
 r  b   swpd   free   buff  cache   si   so    bi    bo   in   cs us sy id wa st
 8  0   2440 387320480      0 1391368    0    0   172    12 34184 204470  7  4 89  0  0
 9  0   2440 387295200      0 1392244    0    0     0   128 33341 203890  6  4 90  0  0
 9  0   2440 387237280      0 1394720    0    0    16   200 33786 199131  8  4 88  0  0
10  0   2440 387233952      0 1395708    0    0     0     8 33066 205322  7  4 90  0  0
 7  0   2440 387290464      0 1396660    0    0     0    24 34838 205060  7  4 89  0  0
 7  0   2440 387293856      0 1403096    0    0    92     4 34615 204617  8  4 88  0  0
 8  0   2440 387295872      0 1404076    0    0     0     8 32582 206590  7  4 90  0  0
 8  0   2440 387351968      0 1405024    0    0     0     8 33926 203498  7  4 90  0  0
 6  0   2440 387349536      0 1405968    0    0    32     0 31132 186569  7  4 89  0  0
 1  0   2440 387532736      0 1407676    0    0    72    16 2397 2827  1  0 99  0  0
 0  0   2440 387532480      0 1409608    0    0     0    12 1815 2036  1  0 99  0  0
 0  0   2440 387532736      0 1410932    0    0    16   128 1859 1905  1  0 99  0  0
 0  0   2440 387532992      0 1410932    0    0     0     4 1025 1918  0  0 100  0  0
 0  0   2440 387533024      0 1410936    0    0     0     0 1119 2141  0  0 100  0  0
 1  0   2440 387533216      0 1410780    0    0     0     4 1486 2628  0  0 100  0  0
 0  0   2440 387532960      0 1417284    0    0     0    12 2286 2184  1  0 99  0  0
 0  0   2440 387533504      0 1417412    0    0     0     4 1814 2688  0  0 100  0  0
 0  0   2440 387534016      0 1417420    0    0     0     0 1032 1927  0  0 100  0  0
 0  0   2440 387534016      0 1417436    0    0     0     4  965 1893  0  0 100  0  0
 0  0   2440 387554688      0 1418008    0    0     0     0 1519 2022  0  0 100  0  0
 0  0   2440 387554944      0 1418304    0    0     0     0 1476 1957  0  0 100  0  0
procs -----------memory---------- ---swap-- -----io---- -system-- ------cpu-----
 r  b   swpd   free   buff  cache   si   so    bi    bo   in   cs us sy id wa st
 0  0   2440 387555456      0 1418312    0    0     0   136  949 1866  0  0 100  0  0
 0  0   2440 387555968      0 1418328    0    0     0     4  929 1823  0  0 100  0  0
 0  0   2440 387555968      0 1418336    0    0     0   128  923 1760  0  0 100  0  0
 4  0   2440 387556224      0 1418452    0    0     0     8 1191 2036  0  0 100  0  0
 4  0   2440 387567072      0 1418468    0    0     0    16 3323 2082  2  0 98  0  0
 1  0   2440 387567104      0 1418500    0    0     0    40 2865 2325  2  0 98  0  0
 0  0   2440 387542656      0 1407276    0    0     0   376 2155 2327  1  0 99  0  0
 0  0   2440 387542912      0 1407284    0    0     0     8  972 1878  0  0 100  0  0
 0  0   2440 387543168      0 1407296    0    0     0     0 1070 2100  0  0 100  0  0
 0  0   2440 387543424      0 1407304    0    0     0 35476 1129 2319  0  0 100  0  0
 0  0   2440 387543680      0 1407316    0    0     0   124  898 1715  0  0 100  0  0
 0  0   2440 387543936      0 1407332    0    0     0     0  985 1904  0  0 100  0  0
 0  0   2440 387544192      0 1407340    0    0     0     8  875 1679  0  0 100  0  0
 0  0   2440 387544448      0 1407352    0    0     0   200 1044 2028  0  0 100  0  0
 0  0   2440 387545184      0 1407364    0    0     0  8696  953 1782  0  0 100  0  0
 0  0   2440 387546560      0 1407884    0    0     0     4 1837 2487  0  0 100  0  0
 0  0   2440 387546816      0 1407892    0    0     0     0  893 1725  0  0 100  0  0
 0  0   2440 387546592      0 1408032    0    0   128     0  890 1744  0  0 100  0  0
 0  0   2440 387546848      0 1408040    0    0     0     8  987 1839  0  0 100  0  0
 3  0   2440 387454144      0 1408056    0    0    12   420 3397 4943  2  0 98  0  0
 1  0   2440 387436544      0 1408312    0    0   236   584 3960 5855  3  0 97  0  0
procs -----------memory---------- ---swap-- -----io---- -system-- ------cpu-----
 r  b   swpd   free   buff  cache   si   so    bi    bo   in   cs us sy id wa st
 0  0   2440 387382592      0 1408456    0    0     0     4 2955 3286  2  0 98  0  0
12  0   2440 387362592      0 1408568    0    0     0     0 11793 46552  4  1 95  0  0
 7  0   2440 387358592      0 1408892    0    0   312     0 43490 190912  8  3 88  0  0
 7  0   2440 387360544      0 1409692    0    0     0     8 40638 214837  8  4 88  0  0
 8  0   2440 387411456      0 1409992    0    0   104     8 33653 206205  7  4 89  0  0
 8  0   2440 387529888      0 1411032    0    0   164     0 34854 199806  7  4 89  0  0
 8  0   2440 387541664      0 1411920    0    0     0     8 33765 204346  7  4 90  0  0
 8  0   2440 387551264      0 1412796    0    0     0     0 33302 192269  7  4 89  0  0
 8  0   2440 387559040      0 1414268    0    0    16     0 32513 206362  7  4 89  0  0
 6  0   2440 387569760      0 1416044    0    0    16     8 31852 202907  7  4 89  0  0
 6  0   2440 387576832      0 1416412    0    0     0   136 30987 203030  6  4 90  0  0
 6  0   2440 387555584      0 1418416    0    0     0     0 32431 204907  7  4 89  0  0
 6  0   2440 387563584      0 1418792    0    0     0    12 32765 205806  7  4 89  0  0
 7  0   2440 387567360      0 1425252    0    0     0   120 34584 204436  8  4 89  0  0
 8  0   2440 387568832      0 1426244    0    0     0   140 32914 207407  7  4 89  0  0
 6  0   2440 387566592      0 1428212    0    0    16   380 34031 205741  7  4 89  0  0
 6  0   2440 387564608      0 1429624    0    0     0    12 32792 202854  7  4 89  0  0
 7  0   2440 387529856      0 1431240    0    0     0     0 32942 204961  7  4 89  0  0
 7  0   2440 387497056      0 1432196    0    0     0    36 33091 204371  7  4 89  0  0
 7  0   2440 387410464      0 1435176    0    0     0   136 33722 202340  7  4 89  0  0
10  0   2440 387410176      0 1436128    0    0     0     8 31855 200604  6  4 90  0  0
procs -----------memory---------- ---swap-- -----io---- -system-- ------cpu-----
 r  b   swpd   free   buff  cache   si   so    bi    bo   in   cs us sy id wa st
 6  0   2440 387409920      0 1438128    0    0    16     0 31787 200212  7  4 90  0  0
 9  0   2440 387407776      0 1439796    0    0     0   204 33966 201683  8  4 89  0  0
 5  0   2440 387405120      0 1447516    0    0     0 36944 34104 194062  7  4 89  0  0
 5  0   2440 387403392      0 1448248    0    0     0    12 33936 202126  7  4 89  0  0
 6  0   2440 387410080      0 1449204    0    0     0     0 34069 206718  6  4 90  0  0
 4  0   2440 387428928      0 1450168    0    0     0     0 33669 204196  7  4 90  0  0
 6  0   2440 387434048      0 1451124    0    0     0     8 33390 202510  6  4 90  0  0
 7  0   2440 387434112      0 1452448    0    0     0     4 31664 203731  7  4 90  0  0
 7  0   2440 387432480      0 1453320    0    0     4    40 32211 205890  7  4 90  0  0
 7  0   2440 387432192      0 1453332    0    0     0   132 31720 205569  7  4 89  0  0
 9  0   2440 387431968      0 1455328    0    0     0     0 31564 208856  7  4 89  0  0
 6  0   2440 387402208      0 1457508    0    0    84     8 32903 204183  7  4 89  0  0
 5  0   2440 387396640      0 1463524    0    0     0     4 32404 204945  7  4 89  0  0
 8  0   2440 387303712      0 1465076    0    0    16   280 35961 201330  8  4 88  0  0
 7  0   2440 387298624      0 1467564    0    0     0    32 32543 204448  7  4 89  0  0
11  0   2440 387300160      0 1468628    0    0     0   100 33068 202540  6  4 90  0  0
 0  0   2440 387322656      0 1470596    0    0    44     8 23651 137230  5  3 92  0  0
 3  0   2440 387321632      0 1470936    0    0    16     8 2071 2751  1  0 99  0  0
 0  0   2440 387493280      0 1471892    0    0    16   124 3377 2245  1  0 99  0  0
 2  0   2440 387493568      0 1471892    0    0     0     4 1512 2083  0  0 100  0  0
 0  0   2440 387494336      0 1472464    0    0    36     0 1500 2038  0  0 100  0  0
