procs -----------memory---------- ---swap-- -----io---- -system-- ------cpu-----
 r  b   swpd   free   buff  cache   si   so    bi    bo   in   cs us sy id wa st
 4  0   2440 389656992      0 926684    0    0     2     2    0    0  0  0 100  0  0
 3  0   2440 389584960      0 975608    0    0 50156     0 8832 7419  5  0 95  0  0
 4  0   2440 389536288      0 986592    0    0 11472   908 12792 8563  5  1 94  0  0
 6  0   2440 389458368      0 996732    0    0  9452   548 8846 7128  4  0 95  0  0
 2  0   2440 389397056      0 1001180    0    0  4668    12 12959 8479  4  1 95  0  0
 3  0   2440 389379296      0 1005140    0    0  3812    32 5302 4128  5  0 95  0  0
 5  0   2440 389349184      0 1016036    0    0  9940     4 7161 6848  5  0 95  0  0
 2  0   2440 389385056      0 1030176    0    0 15800   764 7588 10336  4  0 96  0  0
 4  0   2440 389295616      0 1039772    0    0 10868    12 4659 6051  3  0 97  0  0
 0  0   2440 389282016      0 1040816    0    0  1000    12 1626 2141  1  0 99  0  0
 9  0   2440 389237248      0 1043496    0    0  2320     4 6094 11430  4  0 95  0  0
 7  0   2440 389208288      0 1046864    0    0  3356    44 8625 15843  7  0 93  0  0
 8  0   2440 389200224      0 1047380    0    0   460     4 9165 21762  7  0 93  0  0
 9  0   2440 389172256      0 1048124    0    0   736   132 9628 24096  7  0 93  0  0
 7  0   2440 389165696      0 1048536    0    0   312     8 11289 32353  7  1 92  0  0
 7  0   2440 389140384      0 1048756    0    0    48    16 12160 42936  7  1 92  0  0
 7  0   2440 389113760      0 1048864    0    0     0     4 13258 51397  7  1 92  0  0
 7  0   2440 389110464      0 1050148    0    0   836 30920 14589 50715  7  1 92  0  0
 7  0   2440 389083776      0 1050384    0    0    16     4 13756 54051  7  1 93  0  0
 9  0   2440 389005632      0 1050612    0    0    68     0 13263 52215  6  1 93  0  0
 6  0   2440 388966240      0 1051688    0    0   320    56 14019 61314  6  1 92  0  0
procs -----------memory---------- ---swap-- -----io---- -system-- ------cpu-----
 r  b   swpd   free   buff  cache   si   so    bi    bo   in   cs us sy id wa st
 8  0   2440 388960192      0 1053052    0    0   620   404 15418 71346  6  1 92  0  0
 6  0   2440 388958368      0 1053348    0    0     0     4 14526 71019  6  1 93  0  0
 7  0   2440 388930560      0 1054152    0    0   252   172 15674 74755  6  1 92  0  0
 7  0   2440 388923456      0 1054844    0    0   128     4 16587 79794  7  1 92  0  0
 6  0   2440 388917568      0 1055460    0    0    32     8 16770 78298  7  1 92  0  0
 6  0   2440 388893216      0 1056628    0    0    96     4 18898 90845  7  1 92  0  0
 7  0   2440 388893056      0 1048280    0    0     0     8 14956 80698  7  1 92  0  0
 6  0   2440 388894432      0 1048640    0    0    32    44 20048 101547  6  1 92  0  0
 9  0   2440 388854752      0 1049500    0    0   124    44 21228 104534  7  2 92  0  0
 8  0   2440 388838048      0 1050048    0    0   128    12 24086 133937  7  2 91  0  0
12  0   2440 388836992      0 1052852    0    0   364    16 27258 148838  7  2 91  0  0
 4  0   2440 388833568      0 1053764    0    0     0   124 31787 187471  7  3 91  0  0
10  0   2440 388822816      0 1054584    0    0   100    20 32391 204491  7  3 90  0  0
 7  0   2440 388785024      0 1055880    0    0    16     4 32335 200457  7  3 90  0  0
 5  0   2440 388742400      0 1057388    0    0   124    40 32262 199459  8  3 90  0  0
 8  0   2440 388713952      0 1059312    0    0   240     4 32378 208041  7  3 90  0  0
 6  0   2440 388680512      0 1060944    0    0   128     8 32332 201840  8  3 89  0  0
 7  0   2440 388638400      0 1062632    0    0    44 17984 32785 210853  7  3 90  0  0
 7  0   2440 388638336      0 1063572    0    0     0    20 31100 209737  7  3 90  0  0
 5  0   2440 388623552      0 1065784    0    0    16     4 31687 201569  8  3 89  0  0
 9  0   2440 388592000      0 1067280    0    0   260     8 33503 211419  7  3 90  0  0
procs -----------memory---------- ---swap-- -----io---- -system-- ------cpu-----
 r  b   swpd   free   buff  cache   si   so    bi    bo   in   cs us sy id wa st
 7  0   2440 388589056      0 1074696    0    0    16     8 34434 211214  7  3 90  0  0
 4  0   2440 388586304      0 1075648    0    0     4   228 33468 209954  7  3 90  0  0
 6  0   2440 388592608      0 1076716    0    0   128     8 34157 207291  7  3 90  0  0
 6  0   2440 388591392      0 1078192    0    0     0    16 34105 212084  7  3 90  0  0
 9  0   2440 388510464      0 1080580    0    0   128     4 32338 212750  7  3 90  0  0
10  0   2440 388515104      0 1081564    0    0     0     8 33170 213736  7  3 90  0  0
 8  0   2440 388511072      0 1082616    0    0   120    12 33922 211968  7  3 90  0  0
 7  0   2440 388512128      0 1083556    0    0     0     4 32224 201030  7  3 90  0  0
 5  0   2440 388510560      0 1084500    0    0     0   336 34042 213319  7  3 90  0  0
 6  0   2440 388506688      0 1085448    0    0     0   764 33773 211403  7  3 90  0  0
 5  0   2440 388464384      0 1092192    0    0    16   136 33317 210521  8  3 89  0  0
 6  1   2440 388459360      0 1094124    0    0   176 13804 31783 194291  8  3 89  0  0
 5  0   2440 388458240      0 1096340    0    0    76 20072 32066 212168  7  3 90  0  0
 9  0   2440 388449600      0 1097556    0    0     0     0 32653 206173  7  3 90  0  0
 9  0   2440 388448736      0 1098500    0    0     0    16 32337 206188  7  3 90  0  0
 6  0   2440 388455296      0 1101036    0    0   112     8 34696 211381  8  3 89  0  0
 5  0   2440 388422976      0 1103316    0    0   128     4 31815 211682  8  3 89  0  0
 9  0   2440 388422016      0 1104332    0    0     0    16 31599 209323  6  3 91  0  0
 7  0   2440 388410848      0 1105416    0    0   212    12 33406 213003  7  3 90  0  0
 8  0   2440 388407904      0 1107204    0    0   252     0 31369 208890  7  3 90  0  0
 5  0   2440 388403136      0 1115024    0    0   644    20 32085 197145  7  3 90  0  0
procs -----------memory---------- ---swap-- -----io---- -system-- ------cpu-----
 r  b   swpd   free   buff  cache   si   so    bi    bo   in   cs us sy id wa st
 8  0   2440 388401920      0 1115908    0    0     0   600 32738 202920  7  3 90  0  0
13  0   2440 388398240      0 1116784    0    0    20     4 33028 205048  7  3 90  0  0
 9  0   2440 388396608      0 1118508    0    0     0     8 32678 206720  7  3 90  0  0
 6  0   2440 388395072      0 1119964    0    0     0     4 33047 205732  7  3 90  0  0
11  0   2440 388394624      0 1121084    0    0     0   208 32344 201697  7  3 90  0  0
 6  0   2440 388381216      0 1123508    0    0    16    16 32447 206969  7  3 89  0  0
 5  0   2440 388372416      0 1124456    0    0     0    20 31843 207710  7  3 90  0  0
 6  0   2440 388373344      0 1125936    0    0     0     4 33840 206192  7  3 90  0  0
 7  0   2440 388366176      0 1127608    0    0     0     0 31628 206460  8  3 89  0  0
 5  0   2440 388352480      0 1133692    0    0     0   140 32805 208604  7  3 90  0  0
 6  0   2440 388348800      0 1134572    0    0     0    48 31994 205022  7  3 90  0  0
 6  0   2440 388346880      0 1135516    0    0     0 44980 31989 210925  7  3 90  0  0
 5  0   2440 388345056      0 1136560    0    0     0    16 31202 206252  7  3 90  0  0
 7  0   2440 388347552      0 1137500    0    0     0     4 32514 205979  7  3 90  0  0
 7  0   2440 388345888      0 1138436    0    0     0     8 32162 210221  7  3 90  0  0
 6  0   2440 388345152      0 1139380    0    0     0     4 27929 184820  7  3 90  0  0
 5  0   2440 388343168      0 1140972    0    0    16    40 32269 207429  7  3 90  0  0
 7  0   2440 388341312      0 1142400    0    0     0    16 31724 209331  7  3 90  0  0
 7  0   2440 388340928      0 1144748    0    0    92   160 32449 208264  8  3 89  0  0
 7  0   2440 388338816      0 1152848    0    0   128   528 32480 208006  9  3 88  0  0
 7  0   2440 388337184      0 1153872    0    0    80   136 31930 185725  9  3 88  0  0
procs -----------memory---------- ---swap-- -----io---- -system-- ------cpu-----
 r  b   swpd   free   buff  cache   si   so    bi    bo   in   cs us sy id wa st
 7  0   2440 388337088      0 1154964    0    0    92     4 28645 179397  8  3 89  0  0
 7  0   2440 388228896      0 1146188    0    0    16    40 31404 192097  7  3 90  0  0
 6  0   2440 388231232      0 1147124    0    0     0    16 31433 210185  7  3 90  0  0
10  0   2440 388326240      0 1147228    0    0     0     8 34368 208292  8  3 89  0  0
 4  0   2440 388324000      0 1150152    0    0    16     4 31414 209786  7  3 90  0  0
 6  0   2440 388233408      0 1152576    0    0    32 41388 34000 209586  8  3 89  0  0
 5  0   2440 388233248      0 1153564    0    0     0     8 31229 203335  7  3 90  0  0
 8  0   2440 388267744      0 1155232    0    0     0    52 32517 206788  8  3 89  0  0
 6  0   2440 388270592      0 1161348    0    0     0   132 33447 210622  7  3 90  0  0
 6  0   2440 388296384      0 1162292    0    0     0     8 32623 211432  7  3 90  0  0
13  0   2440 388294944      0 1164452    0    0    16  3768 34370 208384  8  3 89  0  0
 6  0   2440 388291296      0 1165284    0    0    64     0 31799 209839  7  3 90  0  0
12  0   2440 388276768      0 1166820    0    0     0    12 33230 208746  7  3 90  0  0
 5  0   2440 388255296      0 1167864    0    0   104    44 32090 209924  7  3 90  0  0
 7  0   2440 388253120      0 1168812    0    0     0     0 32923 206961  7  3 90  0  0
 7  0   2440 388233280      0 1170208    0    0    16    16 33186 207549  8  3 89  0  0
 7  0   2440 388229408      0 1172696    0    0    16    20 31471 206210  7  3 90  0  0
 7  0   2440 388223040      0 1174796    0    0  1096     8 30852 199250  7  3 90  0  0
 7  0   2440 388221248      0 1181712    0    0    64    12 31389 207689  7  3 90  0  0
 6  0   2440 388220192      0 1183652    0    0     0   176 33498 202493  7  3 90  0  0
 7  0   2440 388218272      0 1184596    0    0     0     8 32385 206403  7  3 90  0  0
procs -----------memory---------- ---swap-- -----io---- -system-- ------cpu-----
 r  b   swpd   free   buff  cache   si   so    bi    bo   in   cs us sy id wa st
 6  0   2440 388234496      0 1185540    0    0     0     8 32006 195944  7  3 90  0  0
 6  0   2440 388233952      0 1187140    0    0     8     4 33167 208054  7  3 90  0  0
 5  0   2440 388235008      0 1188264    0    0   116     0 32603 192191  7  3 90  0  0
 6  0   2440 388247296      0 1189200    0    0     0    12 34461 185939  7  4 90  0  0
 4  0   2440 388247744      0 1190628    0    0     0     0 32119 187835  7  4 90  0  0
 7  0   2440 388245600      0 1192380    0    0     0 41736 32871 187579  7  4 89  0  0
 7  0   2440 388244448      0 1193648    0    0   208    48 31924 178772  8  4 89  0  0
 7  0   2440 388243424      0 1206796    0    0  8148   684 36763 182531  7  4 89  0  0
 6  0   2440 388220480      0 1217076    0    0  9448     8 34628 185676  8  4 89  0  0
 8  0   2440 388203456      0 1219488    0    0  1676     4 32818 183690  7  4 90  0  0
 6  0   2440 388152416      0 1220356    0    0     0    16 32866 203313  7  3 90  0  0
 7  0   2440 388145952      0 1222068    0    0    16     0 33699 208122  8  3 89  0  0
 5  0   2440 388146560      0 1224852    0    0  1344   268 35423 209712  8  3 89  0  0
 8  0   2440 388145920      0 1226508    0    0     0    16 33637 195543  8  4 89  0  0
 5  0   2440 388138688      0 1229028    0    0   836     0 34116 187536  7  4 89  0  0
10  0   2440 388111488      0 1230764    0    0     0    28 33298 185192  8  4 88  0  0
 7  0   2440 388117472      0 1234180    0    0  2200     4 36582 183407  8  4 88  0  0
 6  0   2440 388095584      0 1241852    0    0     0     8 34013 186580  8  4 89  0  0
 7  0   2440 388136512      0 1242732    0    0     0   600 33315 186948  7  4 89  0  0
 5  0   2440 388159904      0 1244288    0    0   132    16 35275 184435  7  4 89  0  0
 6  0   2440 388187104      0 1245236    0    0    88     0 32396 187518  7  4 89  0  0
procs -----------memory---------- ---swap-- -----io---- -system-- ------cpu-----
 r  b   swpd   free   buff  cache   si   so    bi    bo   in   cs us sy id wa st
 5  0   2440 388191904      0 1246672    0    0    16    12 34298 184678  7  4 90  0  0
 6  0   2440 388190240      0 1247588    0    0     0     0 34034 187433  7  4 89  0  0
13  0   2440 388166176      0 1248864    0    0     0    16 33357 183011  8  4 88  0  0
 6  0   2440 388165184      0 1250764    0    0     0    20 32646 185879  6  4 90  0  0
 7  0   2440 388131232      0 1252580    0    0     0    24 33487 185992  7  4 89  0  0
 7  0   2440 388130048      0 1253268    0    0     0 47788 34602 184505  7  4 89  0  0
 6  0   2440 388128192      0 1259160    0    0     0   148 33971 186207  7  4 90  0  0
12  0   2440 388136992      0 1259900    0    0     0    12 33128 185552  7  4 90  0  0
 8  0   2440 388136832      0 1261524    0    0     0   204 32723 182316  7  4 89  0  0
 9  0   2440 388141216      0 1262392    0    0     0     8 32935 196545  7  3 90  0  0
 0  0   2440 388135264      0 1264476    0    0   132    24 12891 67608  4  1 95  0  0
 0  0   2440 388291328      0 1265912    0    0     0     0 3851 2638  1  0 99  0  0
 0  0   2440 388291584      0 1265912    0    0     0     4  945 1796  0  0 100  0  0
 0  0   2440 388280032      0 1266720    0    0   144     8 1411 1881  1  0 99  0  0
 0  0   2440 388279264      0 1267468    0    0     0    12 1413 2019  1  0 99  0  0
 1  0   2440 388279392      0 1267468    0    0     0    80 1691 2702  0  0 100  0  0
 0  0   2440 388277856      0 1273268    0    0     0   548 1219 1907  0  0 100  0  0
 0  0   2440 388277856      0 1273276    0    0     0   124 1061 1864  0  0 100  0  0
 0  0   2440 388277856      0 1273288    0    0     0     4 1026 1929  0  0 100  0  0
 0  0   2440 388277856      0 1273292    0    0     0     0 1064 2018  0  0 100  0  0
 0  0   2440 388277856      0 1273308    0    0     0     4  964 1854  0  0 100  0  0
procs -----------memory---------- ---swap-- -----io---- -system-- ------cpu-----
 r  b   swpd   free   buff  cache   si   so    bi    bo   in   cs us sy id wa st
 0  0   2440 388276128      0 1273824    0    0     0     8 2122 2364  1  0 99  0  0
 0  0   2440 388276896      0 1273832    0    0     0     4  959 1833  0  0 100  0  0
 0  0   2440 388277408      0 1273836    0    0     0     0  988 1920  0  0 100  0  0
 0  0   2440 388277408      0 1273852    0    0     0     4  940 1812  0  0 100  0  0
 1  0   2440 388256000      0 1274248    0    0     0 24312 2287 2488  0  0 99  0  0
 1  0   2440 388266592      0 1274252    0    0     0   136 3227 1969  2  0 98  0  0
 1  0   2440 388267584      0 1274376    0    0     0     8 2215 2078  2  0 98  0  0
 0  0   2440 388240128      0 1263484    0    0     0     8 1480 1949  1  0 99  0  0
 0  0   2440 388240128      0 1263504    0    0     8     0  907 1778  0  0 100  0  0
 0  0   2440 388240128      0 1263516    0    0     0     4 1054 1942  0  0 100  0  0
 0  0   2440 388239616      0 1263640    0    0     0     8 1585 2264  0  0 100  0  0
 0  0   2440 388240384      0 1263648    0    0     0     0  893 1693  0  0 100  0  0
 0  0   2440 388240640      0 1263652    0    0     0     8  946 1760  0  0 100  0  0
 0  0   2440 388241376      0 1263660    0    0     0     4  966 1747  0  0 100  0  0
 0  0   2440 388241152      0 1263800    0    0   128     0 1080 2020  0  0 100  0  0
 0  0   2440 388241408      0 1263812    0    0     0   132  928 1736  0  0 100  0  0
 0  0   2440 388245728      0 1263820    0    0     0     0  987 1821  0  0 100  0  0
 0  0   2440 388246496      0 1263828    0    0     0     8  986 1867  0  0 100  0  0
 0  0   2440 388246496      0 1263836    0    0     0     8 1034 1949  0  0 100  0  0
 0  0   2440 388246752      0 1263844    0    0    20   612 1004 1887  0  0 100  0  0
 2  0   2440 388223264      0 1263964    0    0     0 20956 2535 4000  1  0 99  0  0
procs -----------memory---------- ---swap-- -----io---- -system-- ------cpu-----
 r  b   swpd   free   buff  cache   si   so    bi    bo   in   cs us sy id wa st
 2  0   2440 388221504      0 1263972    0    0     0     8 4120 5971  3  0 96  0  0
 0  0   2440 388153728      0 1264180    0    0     0     0 3853 4429  3  0 97  0  0
 1  0   2440 388141632      0 1264356    0    0    64     4 1375 2450  0  0 100  0  0
 9  0   2440 388131712      0 1264688    0    0   320   428 34625 143365  8  3 89  0  0
 9  0   2440 388121920      0 1264984    0    0     0   384 44058 200177  8  4 88  0  0
11  0   2440 388170624      0 1265960    0    0   164   128 33621 186010  7  4 90  0  0
 6  0   2440 388171744      0 1266840    0    0     0     8 32947 184807  7  4 90  0  0
 7  0   2440 388168448      0 1267724    0    0     0     8 32756 187112  7  4 90  0  0
 8  0   2440 388167968      0 1268608    0    0     0     0 32153 189063  7  4 90  0  0
 5  0   2440 388169216      0 1270964    0    0    16     8 33807 189127  8  4 89  0  0
 5  0   2440 388168576      0 1272444    0    0    80     4 33410 184728  7  4 90  0  0
 6  0   2440 388167008      0 1273888    0    0     0     0 33618 185649  7  3 90  0  0
 6  0   2440 388164480      0 1275280    0    0     0    12 32690 185066  7  4 90  0  0
 6  0   2440 388158304      0 1276156    0    0     0    20 33700 183402  7  4 89  0  0
 4  0   2440 388160448      0 1281576    0    0     0 16492 33756 186354  7  4 90  0  0
 7  0   2440 388159392      0 1282452    0    0    16     4 31783 186649  6  3 90  0  0
 6  0   2440 388183392      0 1283328    0    0     0     4 32362 210830  7  3 90  0  0
10  0   2440 388183104      0 1284344    0    0   128     0 31987 205639  7  3 90  0  0
 4  0   2440 388152992      0 1286700    0    0     0     4 31782 209655  7  3 90  0  0
 8  0   2440 388108608      0 1289180    0    0     0     8 32923 208278  8  3 89  0  0
 5  0   2440 388105984      0 1290408    0    0     0     8 33094 208358  7  3 90  0  0
procs -----------memory---------- ---swap-- -----io---- -system-- ------cpu-----
 r  b   swpd   free   buff  cache   si   so    bi    bo   in   cs us sy id wa st
 5  0   2440 388107072      0 1291504    0    0     0     8 31819 207798  7  3 90  0  0
 9  0   2440 388107232      0 1292248    0    0     0     4 32328 190010  6  4 90  0  0
10  0   2440 388164736      0 1293124    0    0     0     8 35290 187792  7  4 89  0  0
 5  0   2440 388163904      0 1300880    0    0     0     8 32270 177240  7  4 89  0  0
 5  0   2440 388169792      0 1302520    0    0     0 24488 33450 186683  7  4 89  0  0
 9  0   2440 388160448      0 1303396    0    0     0     4 32365 185330  6  4 90  0  0
12  0   2440 388152576      0 1304276    0    0     0     8 32629 188407  6  4 90  0  0
 5  0   2440 388194272      0 1305408    0    0     0     4 33537 187282  6  4 90  0  0
 8  0   2440 388192320      0 1307968    0    0     0   204 34652 184824  8  4 88  0  0
 6  0   2440 388192096      0 1309560    0    0     0    12 31312 187863  7  4 90  0  0
 8  0   2440 388186624      0 1311076    0    0     0     8 32597 187721  7  4 89  0  0
 6  0   2440 388179136      0 1312764    0    0     0     0 33512 187780  7  4 89  0  0
 7  0   2440 388160448      0 1313644    0    0     0   324 32867 186485  7  4 89  0  0
 8  0   2440 388154368      0 1319644    0    0     0   840 33629 185597  7  4 89  0  0
 7  0   2440 388152992      0 1320592    0    0     0    36 33957 176750  7  4 90  0  0
 5  0   2440 388153152      0 1321468    0    0     0     4 32928 185484  7  4 90  0  0
11  0   2440 388153600      0 1322344    0    0     0     8 32449 186482  7  4 90  0  0
 5  0   2440 388152096      0 1324040    0    0     0     0 33691 183349  7  4 89  0  0
 1  0   2440 388146624      0 1325352    0    0    32     0 6074 19712  2  0 98  0  0
 0  0   2440 388145888      0 1325628    0    0     0     4 1480 2339  0  0 100  0  0
 0  0   2440 388246208      0 1326908    0    0     0 30496 2168 2702  1  0 99  0  0
procs -----------memory---------- ---swap-- -----io---- -system-- ------cpu-----
 r  b   swpd   free   buff  cache   si   so    bi    bo   in   cs us sy id wa st
 2  0   2440 388225536      0 1328052    0    0    36     4 2087 2341  1  0 99  0  0
