20:28:00,261 |-INFO in ch.qos.logback.classic.LoggerContext[default] - Found logback-core version ?
20:28:00,261 |-INFO in ch.qos.logback.classic.LoggerContext[default] - Found logback-classic version ?
20:28:00,261 |-WARN in ch.qos.logback.classic.LoggerContext[default] - Versions of logback-classic and ? are different or unknown.
20:28:00,271 |-INFO in ch.qos.logback.classic.util.ContextInitializer@19c918bc - Here is a list of configurators discovered as a service, by rank: 
20:28:00,271 |-INFO in ch.qos.logback.classic.util.ContextInitializer@19c918bc -   org.springframework.boot.logging.logback.RootLogLevelConfigurator
20:28:00,271 |-INFO in ch.qos.logback.classic.util.ContextInitializer@19c918bc - They will be invoked in order until ExecutionStatus.DO_NOT_INVOKE_NEXT_IF_ANY is returned.
20:28:00,271 |-INFO in ch.qos.logback.classic.util.ContextInitializer@19c918bc - Constructed configurator of type class org.springframework.boot.logging.logback.RootLogLevelConfigurator
20:28:00,272 |-INFO in ch.qos.logback.classic.util.ContextInitializer@19c918bc - org.springframework.boot.logging.logback.RootLogLevelConfigurator.configure() call lasted 1 milliseconds. ExecutionStatus=INVOKE_NEXT_IF_ANY
20:28:00,272 |-INFO in ch.qos.logback.classic.util.ContextInitializer@19c918bc - Trying to configure with ch.qos.logback.classic.util.DefaultJoranConfigurator
20:28:00,275 |-INFO in ch.qos.logback.classic.util.ContextInitializer@19c918bc - Constructed configurator of type class ch.qos.logback.classic.util.DefaultJoranConfigurator
20:28:00,275 |-INFO in ch.qos.logback.classic.LoggerContext[default] - Could NOT find resource [logback-test.xml]
20:28:00,276 |-INFO in ch.qos.logback.classic.LoggerContext[default] - Could NOT find resource [logback.xml]
20:28:00,276 |-INFO in ch.qos.logback.classic.util.ContextInitializer@19c918bc - ch.qos.logback.classic.util.DefaultJoranConfigurator.configure() call lasted 1 milliseconds. ExecutionStatus=INVOKE_NEXT_IF_ANY
20:28:00,276 |-INFO in ch.qos.logback.classic.util.ContextInitializer@19c918bc - Trying to configure with ch.qos.logback.classic.BasicConfigurator
20:28:00,278 |-INFO in ch.qos.logback.classic.util.ContextInitializer@19c918bc - Constructed configurator of type class ch.qos.logback.classic.BasicConfigurator
20:28:00,278 |-INFO in ch.qos.logback.classic.BasicConfigurator@43deb89d - Setting up default configuration.
20:28:00,285 |-INFO in ch.qos.logback.core.ConsoleAppender[console] - NOTE: Writing to the console can be slow. Try to avoid logging to the 
20:28:00,285 |-INFO in ch.qos.logback.core.ConsoleAppender[console] - console in production environments, especially in high volume systems.
20:28:00,285 |-INFO in ch.qos.logback.core.ConsoleAppender[console] - See also https://logback.qos.ch/codes.html#slowConsole
20:28:00,286 |-INFO in ch.qos.logback.classic.util.ContextInitializer@19c918bc - ch.qos.logback.classic.BasicConfigurator.configure() call lasted 8 milliseconds. ExecutionStatus=NEUTRAL

20:28:00,261 |-WARN in ch.qos.logback.classic.LoggerContext[default] - Versions of logback-classic and ? are different or unknown.
20:28:00,261 |-WARN in ch.qos.logback.classic.LoggerContext[default] - Versions of logback-classic and ? are different or unknown.

  .   ____          _            __ _ _
 /\\ / ___'_ __ _ _(_)_ __  __ _ \ \ \ \
( ( )\___ | '_ | '_| | '_ \/ _` | \ \ \ \
 \\/  ___)| |_)| | | | | || (_| |  ) ) ) )
  '  |____| .__|_| |_|_| |_\__, | / / / /
 =========|_|==============|___/=/_/_/_/

 :: Spring Boot ::               (v3.5.11)

2026-03-02T20:28:00.467-05:00  INFO 630760 --- [           main] org.acme.SpringBoot3Application          : Starting AOT-processed SpringBoot3Application using Java 25.0.2 with PID 630760 (/home/jenkins/spring-quarkus-perf-comparison/spring-quarkus-perf-comparison/springboot3/target/springboot3 started by jenkins in /home/jenkins/spring-quarkus-perf-comparison/spring-quarkus-perf-comparison/springboot3)
2026-03-02T20:28:00.468-05:00  INFO 630760 --- [           main] org.acme.SpringBoot3Application          : No active profile set, falling back to 1 default profile: "default"
2026-03-02T20:28:00.556-05:00  INFO 630760 --- [           main] o.s.b.w.embedded.tomcat.TomcatWebServer  : Tomcat initialized with port 8080 (http)
2026-03-02T20:28:00.563-05:00  INFO 630760 --- [           main] o.apache.catalina.core.StandardService   : Starting service [Tomcat]
2026-03-02T20:28:00.564-05:00  INFO 630760 --- [           main] o.apache.catalina.core.StandardEngine    : Starting Servlet engine: [Apache Tomcat/10.1.52]
2026-03-02T20:28:00.581-05:00  INFO 630760 --- [           main] o.a.c.c.C.[Tomcat].[localhost].[/]       : Initializing Spring embedded WebApplicationContext
2026-03-02T20:28:00.581-05:00  INFO 630760 --- [           main] w.s.c.ServletWebServerApplicationContext : Root WebApplicationContext: initialization completed in 113 ms
2026-03-02T20:28:00.644-05:00  INFO 630760 --- [           main] com.zaxxer.hikari.HikariDataSource       : HikariPool-1 - Starting...
2026-03-02T20:28:00.691-05:00  INFO 630760 --- [           main] com.zaxxer.hikari.pool.HikariPool        : HikariPool-1 - Added connection org.postgresql.jdbc.PgConnection@12e48995
2026-03-02T20:28:00.691-05:00  INFO 630760 --- [           main] com.zaxxer.hikari.HikariDataSource       : HikariPool-1 - Start completed.
2026-03-02T20:28:00.695-05:00  INFO 630760 --- [           main] o.hibernate.jpa.internal.util.LogHelper  : HHH000204: Processing PersistenceUnitInfo [name: default]
2026-03-02T20:28:00.709-05:00  INFO 630760 --- [           main] org.hibernate.Version                    : HHH000412: Hibernate ORM core version 6.6.42.Final
2026-03-02T20:28:00.720-05:00  INFO 630760 --- [           main] o.h.c.internal.RegionFactoryInitiator    : HHH000025: Second-level cache region factory [org.hibernate.cache.jcache.internal.JCacheRegionFactory]
2026-03-02T20:28:00.765-05:00  INFO 630760 --- [           main] org.hibernate.orm.connections.pooling    : HHH10001005: Database info:
	Database JDBC URL [Connecting through datasource 'HikariDataSource (HikariPool-1)']
	Database driver: undefined/unknown
	Database version: 17.7
	Autocommit mode: undefined/unknown
	Isolation level: undefined/unknown
	Minimum pool size: undefined/unknown
	Maximum pool size: undefined/unknown
2026-03-02T20:28:00.811-05:00  WARN 630760 --- [           main] org.hibernate.mapping.RootClass          : HHH000038: Composite-id class does not override equals(): org.acme.domain.StoreFruitPriceId
2026-03-02T20:28:00.811-05:00  WARN 630760 --- [           main] org.hibernate.mapping.RootClass          : HHH000039: Composite-id class does not override hashCode(): org.acme.domain.StoreFruitPriceId
2026-03-02T20:28:00.843-05:00  INFO 630760 --- [           main] o.h.e.t.j.p.i.JtaPlatformInitiator       : HHH000489: No JTA platform available (set 'hibernate.transaction.jta.platform' to enable JTA platform integration)
2026-03-02T20:28:00.843-05:00  INFO 630760 --- [           main] j.LocalContainerEntityManagerFactoryBean : Initialized JPA EntityManagerFactory for persistence unit 'default'
2026-03-02T20:28:00.925-05:00  WARN 630760 --- [           main] i.m.c.i.binder.jvm.JvmGcMetrics          : GC notifications will not be available because no GarbageCollectorMXBean of the JVM provides any. GCs=[young generation scavenger, complete scavenger]
2026-03-02T20:28:00.937-05:00  INFO 630760 --- [           main] o.s.b.a.e.web.EndpointLinksResolver      : Exposing 1 endpoint beneath base path '/actuator'
2026-03-02T20:28:00.945-05:00  INFO 630760 --- [           main] o.s.b.w.embedded.tomcat.TomcatWebServer  : Tomcat started on port 8080 (http) with context path '/'
2026-03-02T20:28:00.946-05:00  INFO 630760 --- [           main] org.acme.SpringBoot3Application          : Started SpringBoot3Application in 0.583 seconds (process running for 0.826)
2026-03-02T20:28:00.951-05:00  INFO 630760 --- [nio-8080-exec-1] o.a.c.c.C.[Tomcat].[localhost].[/]       : Initializing Spring DispatcherServlet 'dispatcherServlet'
2026-03-02T20:28:00.951-05:00  INFO 630760 --- [nio-8080-exec-1] o.s.web.servlet.DispatcherServlet        : Initializing Servlet 'dispatcherServlet'
2026-03-02T20:28:00.952-05:00  INFO 630760 --- [nio-8080-exec-1] o.s.web.servlet.DispatcherServlet        : Completed initialization in 1 ms
2026-03-02T20:28:01.380-05:00  INFO 630760 --- [ionShutdownHook] o.s.b.w.e.tomcat.GracefulShutdown        : Commencing graceful shutdown. Waiting for active requests to complete
2026-03-02T20:28:01.380-05:00  INFO 630760 --- [tomcat-shutdown] o.s.b.w.e.tomcat.GracefulShutdown        : Graceful shutdown complete
2026-03-02T20:28:01.383-05:00  INFO 630760 --- [ionShutdownHook] j.LocalContainerEntityManagerFactoryBean : Closing JPA EntityManagerFactory for persistence unit 'default'
2026-03-02T20:28:01.384-05:00  INFO 630760 --- [ionShutdownHook] com.zaxxer.hikari.HikariDataSource       : HikariPool-1 - Shutdown initiated...
2026-03-02T20:28:01.413-05:00  INFO 630760 --- [ionShutdownHook] com.zaxxer.hikari.HikariDataSource       : HikariPool-1 - Shutdown completed.
