20:31:37,576 |-INFO in ch.qos.logback.classic.LoggerContext[default] - Found logback-core version ?
20:31:37,576 |-INFO in ch.qos.logback.classic.LoggerContext[default] - Found logback-classic version ?
20:31:37,577 |-WARN in ch.qos.logback.classic.LoggerContext[default] - Versions of logback-classic and ? are different or unknown.
20:31:37,586 |-INFO in ch.qos.logback.classic.util.ContextInitializer@4b0d8984 - Here is a list of configurators discovered as a service, by rank: 
20:31:37,586 |-INFO in ch.qos.logback.classic.util.ContextInitializer@4b0d8984 -   org.springframework.boot.logging.logback.RootLogLevelConfigurator
20:31:37,586 |-INFO in ch.qos.logback.classic.util.ContextInitializer@4b0d8984 - They will be invoked in order until ExecutionStatus.DO_NOT_INVOKE_NEXT_IF_ANY is returned.
20:31:37,587 |-INFO in ch.qos.logback.classic.util.ContextInitializer@4b0d8984 - Constructed configurator of type class org.springframework.boot.logging.logback.RootLogLevelConfigurator
20:31:37,587 |-INFO in ch.qos.logback.classic.util.ContextInitializer@4b0d8984 - org.springframework.boot.logging.logback.RootLogLevelConfigurator.configure() call lasted 1 milliseconds. ExecutionStatus=INVOKE_NEXT_IF_ANY
20:31:37,587 |-INFO in ch.qos.logback.classic.util.ContextInitializer@4b0d8984 - Trying to configure with ch.qos.logback.classic.util.DefaultJoranConfigurator
20:31:37,591 |-INFO in ch.qos.logback.classic.util.ContextInitializer@4b0d8984 - Constructed configurator of type class ch.qos.logback.classic.util.DefaultJoranConfigurator
20:31:37,591 |-INFO in ch.qos.logback.classic.LoggerContext[default] - Could NOT find resource [logback-test.xml]
20:31:37,591 |-INFO in ch.qos.logback.classic.LoggerContext[default] - Could NOT find resource [logback.xml]
20:31:37,591 |-INFO in ch.qos.logback.classic.util.ContextInitializer@4b0d8984 - ch.qos.logback.classic.util.DefaultJoranConfigurator.configure() call lasted 0 milliseconds. ExecutionStatus=INVOKE_NEXT_IF_ANY
20:31:37,591 |-INFO in ch.qos.logback.classic.util.ContextInitializer@4b0d8984 - Trying to configure with ch.qos.logback.classic.BasicConfigurator
20:31:37,594 |-INFO in ch.qos.logback.classic.util.ContextInitializer@4b0d8984 - Constructed configurator of type class ch.qos.logback.classic.BasicConfigurator
20:31:37,594 |-INFO in ch.qos.logback.classic.BasicConfigurator@29c4f342 - Setting up default configuration.
20:31:37,603 |-INFO in ch.qos.logback.core.ConsoleAppender[console] - NOTE: Writing to the console can be slow. Try to avoid logging to the 
20:31:37,603 |-INFO in ch.qos.logback.core.ConsoleAppender[console] - console in production environments, especially in high volume systems.
20:31:37,603 |-INFO in ch.qos.logback.core.ConsoleAppender[console] - See also https://logback.qos.ch/codes.html#slowConsole
20:31:37,603 |-INFO in ch.qos.logback.classic.util.ContextInitializer@4b0d8984 - ch.qos.logback.classic.BasicConfigurator.configure() call lasted 9 milliseconds. ExecutionStatus=NEUTRAL

20:31:37,577 |-WARN in ch.qos.logback.classic.LoggerContext[default] - Versions of logback-classic and ? are different or unknown.
20:31:37,577 |-WARN in ch.qos.logback.classic.LoggerContext[default] - Versions of logback-classic and ? are different or unknown.

  .   ____          _            __ _ _
 /\\ / ___'_ __ _ _(_)_ __  __ _ \ \ \ \
( ( )\___ | '_ | '_| | '_ \/ _` | \ \ \ \
 \\/  ___)| |_)| | | | | || (_| |  ) ) ) )
  '  |____| .__|_| |_|_| |_\__, | / / / /
 =========|_|==============|___/=/_/_/_/

 :: Spring Boot ::               (v3.5.11)

2026-03-02T20:31:37.782-05:00  INFO 632714 --- [           main] org.acme.SpringBoot3Application          : Starting AOT-processed SpringBoot3Application using Java 25.0.2 with PID 632714 (/home/jenkins/spring-quarkus-perf-comparison/spring-quarkus-perf-comparison/springboot3/target/springboot3 started by jenkins in /home/jenkins/spring-quarkus-perf-comparison/spring-quarkus-perf-comparison/springboot3)
2026-03-02T20:31:37.782-05:00  INFO 632714 --- [           main] org.acme.SpringBoot3Application          : No active profile set, falling back to 1 default profile: "default"
2026-03-02T20:31:37.878-05:00  INFO 632714 --- [           main] o.s.b.w.embedded.tomcat.TomcatWebServer  : Tomcat initialized with port 8080 (http)
2026-03-02T20:31:37.885-05:00  INFO 632714 --- [           main] o.apache.catalina.core.StandardService   : Starting service [Tomcat]
2026-03-02T20:31:37.885-05:00  INFO 632714 --- [           main] o.apache.catalina.core.StandardEngine    : Starting Servlet engine: [Apache Tomcat/10.1.52]
2026-03-02T20:31:37.904-05:00  INFO 632714 --- [           main] o.a.c.c.C.[Tomcat].[localhost].[/]       : Initializing Spring embedded WebApplicationContext
2026-03-02T20:31:37.904-05:00  INFO 632714 --- [           main] w.s.c.ServletWebServerApplicationContext : Root WebApplicationContext: initialization completed in 122 ms
2026-03-02T20:31:37.971-05:00  INFO 632714 --- [           main] com.zaxxer.hikari.HikariDataSource       : HikariPool-1 - Starting...
2026-03-02T20:31:38.013-05:00  INFO 632714 --- [           main] com.zaxxer.hikari.pool.HikariPool        : HikariPool-1 - Added connection org.postgresql.jdbc.PgConnection@5bb31ef5
2026-03-02T20:31:38.013-05:00  INFO 632714 --- [           main] com.zaxxer.hikari.HikariDataSource       : HikariPool-1 - Start completed.
2026-03-02T20:31:38.017-05:00  INFO 632714 --- [           main] o.hibernate.jpa.internal.util.LogHelper  : HHH000204: Processing PersistenceUnitInfo [name: default]
2026-03-02T20:31:38.033-05:00  INFO 632714 --- [           main] org.hibernate.Version                    : HHH000412: Hibernate ORM core version 6.6.42.Final
2026-03-02T20:31:38.044-05:00  INFO 632714 --- [           main] o.h.c.internal.RegionFactoryInitiator    : HHH000025: Second-level cache region factory [org.hibernate.cache.jcache.internal.JCacheRegionFactory]
2026-03-02T20:31:38.089-05:00  INFO 632714 --- [           main] org.hibernate.orm.connections.pooling    : HHH10001005: Database info:
	Database JDBC URL [Connecting through datasource 'HikariDataSource (HikariPool-1)']
	Database driver: undefined/unknown
	Database version: 17.7
	Autocommit mode: undefined/unknown
	Isolation level: undefined/unknown
	Minimum pool size: undefined/unknown
	Maximum pool size: undefined/unknown
2026-03-02T20:31:38.132-05:00  WARN 632714 --- [           main] org.hibernate.mapping.RootClass          : HHH000038: Composite-id class does not override equals(): org.acme.domain.StoreFruitPriceId
2026-03-02T20:31:38.132-05:00  WARN 632714 --- [           main] org.hibernate.mapping.RootClass          : HHH000039: Composite-id class does not override hashCode(): org.acme.domain.StoreFruitPriceId
2026-03-02T20:31:38.167-05:00  INFO 632714 --- [           main] o.h.e.t.j.p.i.JtaPlatformInitiator       : HHH000489: No JTA platform available (set 'hibernate.transaction.jta.platform' to enable JTA platform integration)
2026-03-02T20:31:38.167-05:00  INFO 632714 --- [           main] j.LocalContainerEntityManagerFactoryBean : Initialized JPA EntityManagerFactory for persistence unit 'default'
2026-03-02T20:31:38.257-05:00  WARN 632714 --- [           main] i.m.c.i.binder.jvm.JvmGcMetrics          : GC notifications will not be available because no GarbageCollectorMXBean of the JVM provides any. GCs=[young generation scavenger, complete scavenger]
2026-03-02T20:31:38.269-05:00  INFO 632714 --- [           main] o.s.b.a.e.web.EndpointLinksResolver      : Exposing 1 endpoint beneath base path '/actuator'
2026-03-02T20:31:38.277-05:00  INFO 632714 --- [           main] o.s.b.w.embedded.tomcat.TomcatWebServer  : Tomcat started on port 8080 (http) with context path '/'
2026-03-02T20:31:38.278-05:00  INFO 632714 --- [           main] org.acme.SpringBoot3Application          : Started SpringBoot3Application in 0.597 seconds (process running for 0.836)
2026-03-02T20:32:09.196-05:00  INFO 632714 --- [nio-8080-exec-1] o.a.c.c.C.[Tomcat].[localhost].[/]       : Initializing Spring DispatcherServlet 'dispatcherServlet'
2026-03-02T20:32:09.196-05:00  INFO 632714 --- [nio-8080-exec-1] o.s.web.servlet.DispatcherServlet        : Initializing Servlet 'dispatcherServlet'
2026-03-02T20:32:09.197-05:00  INFO 632714 --- [nio-8080-exec-1] o.s.web.servlet.DispatcherServlet        : Completed initialization in 1 ms
2026-03-02T20:32:10.152-05:00  INFO 632714 --- [ionShutdownHook] o.s.b.w.e.tomcat.GracefulShutdown        : Commencing graceful shutdown. Waiting for active requests to complete
2026-03-02T20:32:10.152-05:00  INFO 632714 --- [tomcat-shutdown] o.s.b.w.e.tomcat.GracefulShutdown        : Graceful shutdown complete
2026-03-02T20:32:10.155-05:00  INFO 632714 --- [ionShutdownHook] j.LocalContainerEntityManagerFactoryBean : Closing JPA EntityManagerFactory for persistence unit 'default'
2026-03-02T20:32:10.156-05:00  INFO 632714 --- [ionShutdownHook] com.zaxxer.hikari.HikariDataSource       : HikariPool-1 - Shutdown initiated...
2026-03-02T20:32:10.156-05:00  INFO 632714 --- [ionShutdownHook] com.zaxxer.hikari.HikariDataSource       : HikariPool-1 - Shutdown completed.
