Linux 5.14.0-570.60.1.el9_6.x86_64 *****) 	03/02/2026 	_x86_64_	(64 CPU)

06:31:41 PM   UID       PID    %usr %system  %guest   %wait    %CPU   CPU  Command
06:31:42 PM  1000    539255  235.00    7.00    0.00    0.00  242.00     0  java
06:31:43 PM  1000    539255   49.00    2.00    0.00    0.00   51.00     0  java
06:31:44 PM  1000    539255    0.00    0.00    0.00    0.00    0.00     0  java
06:31:45 PM  1000    539255    0.00    0.00    0.00    0.00    0.00     0  java
06:31:46 PM  1000    539255    0.00    0.00    0.00    0.00    0.00     0  java
06:31:47 PM  1000    539255    0.00    0.00    0.00    0.00    0.00     0  java
06:31:48 PM  1000    539255    0.00    0.00    0.00    0.00    0.00     0  java
06:31:49 PM  1000    539255   15.00    2.00    0.00    0.00   17.00     0  java
06:31:50 PM  1000    539255  335.00   26.00    0.00    0.00  361.00     0  java
06:31:51 PM  1000    539255  370.00   25.00    0.00    0.00  395.00     0  java
06:31:52 PM  1000    539255  361.00   33.00    0.00    0.00  394.00     0  java
06:31:53 PM  1000    539255  346.00   45.00    0.00    0.00  391.00     0  java
06:31:54 PM  1000    539255  337.00   54.00    0.00    0.00  391.00     0  java
06:31:55 PM  1000    539255  311.00   75.00    0.00    0.00  386.00     0  java
06:31:56 PM  1000    539255  314.00   74.00    0.00    0.00  388.00     0  java
06:31:57 PM  1000    539255  308.00   79.00    0.00    0.00  387.00     0  java
06:31:58 PM  1000    539255  305.00   80.00    0.00    0.00  385.00     0  java
06:31:59 PM  1000    539255  306.00   81.00    0.00    0.00  387.00     0  java
06:32:00 PM  1000    539255  301.00   86.00    0.00    0.00  387.00     0  java
06:32:01 PM  1000    539255  299.00   87.00    0.00    0.00  386.00     0  java
06:32:02 PM  1000    539255  298.00   88.00    0.00    0.00  386.00     0  java
06:32:03 PM  1000    539255  304.00   82.00    0.00    0.00  386.00     0  java
06:32:04 PM  1000    539255  300.00   86.00    0.00    0.00  386.00     0  java
06:32:05 PM  1000    539255  294.00   92.00    0.00    0.00  386.00     0  java
06:32:06 PM  1000    539255  299.00   87.00    0.00    0.00  386.00     0  java
06:32:07 PM  1000    539255  289.00   96.00    0.00    0.00  385.00     0  java
06:32:08 PM  1000    539255  294.00   90.00    0.00    0.00  384.00     0  java
06:32:09 PM  1000    539255  287.00   99.00    0.00    0.00  386.00     0  java
06:32:10 PM  1000    539255  281.00  102.00    0.00    0.00  383.00     0  java
06:32:11 PM  1000    539255  276.00  108.00    0.00    0.00  384.00     0  java
06:32:12 PM  1000    539255  290.00   97.00    0.00    0.00  387.00     0  java
06:32:13 PM  1000    539255  259.00  121.00    0.00    0.00  380.00     0  java
06:32:14 PM  1000    539255  265.00  119.00    0.00    0.00  384.00     0  java
06:32:15 PM  1000    539255  257.00  125.00    0.00    0.00  382.00     0  java
06:32:16 PM  1000    539255  253.00  129.00    0.00    0.00  382.00     0  java
06:32:17 PM  1000    539255  260.00  124.00    0.00    0.00  384.00     0  java
06:32:18 PM  1000    539255  242.00  139.00    0.00    0.00  381.00     0  java
06:32:19 PM  1000    539255  249.00  132.00    0.00    0.00  381.00     0  java
06:32:20 PM  1000    539255  235.00  147.00    0.00    0.00  382.00     0  java
06:32:21 PM  1000    539255  240.00  141.00    0.00    0.00  381.00     0  java
06:32:22 PM  1000    539255  235.00  147.00    0.00    0.00  382.00     0  java
06:32:23 PM  1000    539255  233.00  148.00    0.00    0.00  381.00     0  java
06:32:24 PM  1000    539255  206.00  174.00    0.00    0.00  380.00     0  java
06:32:25 PM  1000    539255  206.00  173.00    0.00    0.00  379.00     0  java
06:32:26 PM  1000    539255  201.00  178.00    0.00    0.00  379.00     0  java
06:32:27 PM  1000    539255  200.00  177.00    0.00    0.00  377.00     0  java
06:32:28 PM  1000    539255  195.00  183.00    0.00    0.00  378.00     0  java
06:32:29 PM  1000    539255  196.00  181.00    0.00    0.00  377.00     0  java
06:32:30 PM  1000    539255  197.00  179.00    0.00    0.00  376.00     0  java
06:32:31 PM  1000    539255  197.00  181.00    0.00    0.00  378.00     0  java
06:32:32 PM  1000    539255  185.00  191.00    0.00    0.00  376.00     0  java
06:32:33 PM  1000    539255  188.00  189.00    0.00    0.00  377.00     0  java
06:32:34 PM  1000    539255  199.00  179.00    0.00    0.00  378.00     0  java
06:32:35 PM  1000    539255  185.00  193.00    0.00    0.00  378.00     0  java
06:32:36 PM  1000    539255  191.00  187.00    0.00    0.00  378.00     0  java
06:32:37 PM  1000    539255  194.00  184.00    0.00    0.00  378.00     0  java
06:32:38 PM  1000    539255  195.00  183.00    0.00    0.00  378.00     0  java
06:32:39 PM  1000    539255  173.00  203.00    0.00    0.00  376.00     0  java
06:32:40 PM  1000    539255  160.00  215.00    0.00    0.00  375.00     0  java
06:32:41 PM  1000    539255  157.00  217.00    0.00    0.00  374.00     0  java
06:32:42 PM  1000    539255  154.00  220.00    0.00    0.00  374.00     0  java
06:32:43 PM  1000    539255  166.00  209.00    0.00    0.00  375.00     0  java
06:32:44 PM  1000    539255  151.00  223.00    0.00    0.00  374.00     0  java
06:32:45 PM  1000    539255  145.00  228.00    0.00    0.00  373.00     0  java
06:32:46 PM  1000    539255  142.00  232.00    0.00    0.00  374.00     0  java
06:32:47 PM  1000    539255  148.00  226.00    0.00    0.00  374.00     0  java
06:32:48 PM  1000    539255  147.00  225.00    0.00    0.00  372.00     0  java
06:32:49 PM  1000    539255  144.00  230.00    0.00    0.00  374.00     0  java
06:32:50 PM  1000    539255  146.00  228.00    0.00    0.00  374.00     0  java
06:32:51 PM  1000    539255  146.00  228.00    0.00    0.00  374.00     0  java
06:32:52 PM  1000    539255  139.00  234.00    0.00    0.00  373.00     0  java
06:32:53 PM  1000    539255  145.00  221.00    0.00    0.00  366.00     0  java
06:32:54 PM  1000    539255  144.00  230.00    0.00    0.00  374.00     0  java
06:32:55 PM  1000    539255  146.00  227.00    0.00    0.00  373.00     0  java
06:32:56 PM  1000    539255  143.00  230.00    0.00    0.00  373.00     0  java
06:32:57 PM  1000    539255  145.00  229.00    0.00    0.00  374.00     0  java
06:32:58 PM  1000    539255  141.00  233.00    0.00    0.00  374.00     0  java
06:32:59 PM  1000    539255  143.00  230.00    0.00    0.00  373.00     0  java
06:33:00 PM  1000    539255  144.00  229.00    0.00    0.00  373.00     0  java
06:33:01 PM  1000    539255  145.00  228.00    0.00    0.00  373.00     0  java
06:33:02 PM  1000    539255  141.00  232.00    0.00    0.00  373.00     0  java
06:33:03 PM  1000    539255  138.00  235.00    0.00    0.00  373.00     0  java
06:33:04 PM  1000    539255  140.00  234.00    0.00    0.00  374.00     0  java
06:33:05 PM  1000    539255  141.00  230.00    0.00    0.00  371.00     0  java
06:33:06 PM  1000    539255  141.00  233.00    0.00    0.00  374.00     0  java
06:33:07 PM  1000    539255  140.00  233.00    0.00    0.00  373.00     0  java
06:33:08 PM  1000    539255  138.00  235.00    0.00    0.00  373.00     0  java
06:33:09 PM  1000    539255  140.00  232.00    0.00    0.00  372.00     0  java
06:33:10 PM  1000    539255  140.00  233.00    0.00    0.00  373.00     0  java
06:33:11 PM  1000    539255  146.00  228.00    0.00    0.00  374.00     0  java
06:33:12 PM  1000    539255  142.00  231.00    0.00    0.00  373.00     0  java
06:33:13 PM  1000    539255  141.00  232.00    0.00    0.00  373.00     0  java
06:33:14 PM  1000    539255  139.00  234.00    0.00    0.00  373.00     0  java
06:33:15 PM  1000    539255  139.00  234.00    0.00    0.00  373.00     0  java
06:33:16 PM  1000    539255  134.00  237.00    0.00    0.00  371.00     0  java
06:33:17 PM  1000    539255  145.00  227.00    0.00    0.00  372.00     0  java
06:33:18 PM  1000    539255  133.00  239.00    0.00    0.00  372.00     0  java
06:33:19 PM  1000    539255  140.00  233.00    0.00    0.00  373.00     0  java
06:33:20 PM  1000    539255  147.00  226.00    0.00    0.00  373.00     0  java
06:33:21 PM  1000    539255  139.00  233.00    0.00    0.00  372.00     0  java
06:33:22 PM  1000    539255  135.00  238.00    0.00    0.00  373.00     0  java
06:33:23 PM  1000    539255  139.00  234.00    0.00    0.00  373.00     0  java
06:33:24 PM  1000    539255  137.00  236.00    0.00    0.00  373.00     0  java
06:33:25 PM  1000    539255  139.00  233.00    0.00    0.00  372.00     0  java
06:33:26 PM  1000    539255  139.00  234.00    0.00    0.00  373.00     0  java
06:33:27 PM  1000    539255  134.00  239.00    0.00    0.00  373.00     0  java
06:33:28 PM  1000    539255  130.00  243.00    0.00    0.00  373.00     0  java
06:33:29 PM  1000    539255  135.00  240.00    0.00    0.00  375.00     0  java
06:33:30 PM  1000    539255  135.00  237.00    0.00    0.00  372.00     0  java
06:33:31 PM  1000    539255  136.00  237.00    0.00    0.00  373.00     0  java
06:33:32 PM  1000    539255  137.00  235.00    0.00    0.00  372.00     0  java
06:33:33 PM  1000    539255  142.00  232.00    0.00    0.00  374.00     0  java
06:33:34 PM  1000    539255  145.00  228.00    0.00    0.00  373.00     0  java
06:33:35 PM  1000    539255  135.00  237.00    0.00    0.00  372.00     0  java
06:33:36 PM  1000    539255  142.00  231.00    0.00    0.00  373.00     0  java
06:33:37 PM  1000    539255  138.00  235.00    0.00    0.00  373.00     0  java
06:33:38 PM  1000    539255  139.00  233.00    0.00    0.00  372.00     0  java
06:33:39 PM  1000    539255  139.00  234.00    0.00    0.00  373.00     0  java
06:33:40 PM  1000    539255  135.00  237.00    0.00    0.00  372.00     0  java
06:33:41 PM  1000    539255  141.00  232.00    0.00    0.00  373.00     0  java
06:33:42 PM  1000    539255  164.00  211.00    0.00    0.00  375.00     0  java
06:33:43 PM  1000    539255  141.00  231.00    0.00    0.00  372.00     0  java
06:33:44 PM  1000    539255  136.00  237.00    0.00    0.00  373.00     0  java
06:33:45 PM  1000    539255  137.00  236.00    0.00    0.00  373.00     0  java
06:33:46 PM  1000    539255  143.00  230.00    0.00    0.00  373.00     0  java
06:33:47 PM  1000    539255  136.00  236.00    0.00    0.00  372.00     0  java
06:33:48 PM  1000    539255  144.00  230.00    0.00    0.00  374.00     0  java
06:33:49 PM  1000    539255  139.00  233.00    0.00    0.00  372.00     0  java
06:33:50 PM  1000    539255  137.00  236.00    0.00    0.00  373.00     0  java
06:33:51 PM  1000    539255  136.00  237.00    0.00    0.00  373.00     0  java
06:33:52 PM  1000    539255  142.00  231.00    0.00    0.00  373.00     0  java
06:33:53 PM  1000    539255  137.00  236.00    0.00    0.00  373.00     0  java
06:33:54 PM  1000    539255  134.00  239.00    0.00    0.00  373.00     0  java
06:33:55 PM  1000    539255  148.00  219.00    0.00    0.00  367.00     0  java
06:33:56 PM  1000    539255    5.00    0.00    0.00    0.00    5.00     0  java
06:33:57 PM  1000    539255    1.00    0.00    0.00    0.00    1.00     0  java
06:33:58 PM  1000    539255    0.00    0.00    0.00    0.00    0.00     0  java
06:33:59 PM  1000    539255    0.00    0.00    0.00    0.00    0.00     0  java
06:34:00 PM  1000    539255    0.00    0.00    0.00    0.00    0.00     0  java
06:34:01 PM  1000    539255    0.00    0.00    0.00    0.00    0.00     0  java
06:34:02 PM  1000    539255    0.00    0.00    0.00    0.00    0.00     0  java
06:34:03 PM  1000    539255    0.00    0.00    0.00    0.00    0.00     0  java
06:34:04 PM  1000    539255    0.00    0.00    0.00    0.00    0.00     0  java
06:34:05 PM  1000    539255    0.00    0.00    0.00    0.00    0.00     0  java
06:34:06 PM  1000    539255    0.00    0.00    0.00    0.00    0.00     0  java
06:34:07 PM  1000    539255    0.00    0.00    0.00    0.00    0.00     0  java
06:34:08 PM  1000    539255    0.00    0.00    0.00    0.00    0.00     0  java
06:34:09 PM  1000    539255    0.00    0.00    0.00    0.00    0.00     0  java
06:34:10 PM  1000    539255    0.00    0.00    0.00    0.00    0.00     0  java
06:34:11 PM  1000    539255    0.00    0.00    0.00    0.00    0.00     0  java
06:34:12 PM  1000    539255    0.00    0.00    0.00    0.00    0.00     0  java
06:34:13 PM  1000    539255    0.00    0.00    0.00    0.00    0.00     0  java
06:34:14 PM  1000    539255    0.00    0.00    0.00    0.00    0.00     0  java
06:34:15 PM  1000    539255    0.00    0.00    0.00    0.00    0.00     0  java
06:34:16 PM  1000    539255    0.00    0.00    0.00    0.00    0.00     0  java
06:34:17 PM  1000    539255    0.00    0.00    0.00    0.00    0.00     0  java
06:34:18 PM  1000    539255    0.00    0.00    0.00    0.00    0.00     0  java
06:34:19 PM  1000    539255    0.00    0.00    0.00    0.00    0.00     0  java
06:34:20 PM  1000    539255    0.00    0.00    0.00    0.00    0.00     0  java
06:34:21 PM  1000    539255    0.00    0.00    0.00    0.00    0.00     0  java
06:34:22 PM  1000    539255    0.00    0.00    0.00    0.00    0.00     0  java
06:34:23 PM  1000    539255    0.00    0.00    0.00    0.00    0.00     0  java
06:34:24 PM  1000    539255    0.00    0.00    0.00    0.00    0.00     0  java
06:34:25 PM  1000    539255    1.00    0.00    0.00    0.00    1.00     0  java
06:34:26 PM  1000    539255    0.00    0.00    0.00    0.00    0.00     0  java
06:34:27 PM  1000    539255    0.00    0.00    0.00    0.00    0.00     0  java
06:34:28 PM  1000    539255    0.00    0.00    0.00    0.00    0.00     0  java
06:34:29 PM  1000    539255    0.00    0.00    0.00    0.00    0.00     0  java
06:34:30 PM  1000    539255   38.00   14.00    0.00    0.00   52.00     0  java
06:34:31 PM  1000    539255  181.00  196.00    0.00    0.00  377.00     0  java
06:34:32 PM  1000    539255  182.00  197.00    0.00    0.00  379.00     0  java
06:34:33 PM  1000    539255  151.00  222.00    0.00    0.00  373.00     0  java
06:34:34 PM  1000    539255  144.00  228.00    0.00    0.00  372.00     0  java
06:34:35 PM  1000    539255  142.00  231.00    0.00    0.00  373.00     0  java
06:34:36 PM  1000    539255  135.00  236.00    0.00    0.00  371.00     0  java
06:34:37 PM  1000    539255  139.00  235.00    0.00    0.00  374.00     0  java
06:34:38 PM  1000    539255  139.00  234.00    0.00    0.00  373.00     0  java
06:34:39 PM  1000    539255  145.00  228.00    0.00    0.00  373.00     0  java
06:34:40 PM  1000    539255  143.00  231.00    0.00    0.00  374.00     0  java
06:34:41 PM  1000    539255  141.00  231.00    0.00    0.00  372.00     0  java
06:34:42 PM  1000    539255  139.00  235.00    0.00    0.00  374.00     0  java
06:34:43 PM  1000    539255  143.00  230.00    0.00    0.00  373.00     0  java
06:34:44 PM  1000    539255  143.00  229.00    0.00    0.00  372.00     0  java
06:34:45 PM  1000    539255  145.00  228.00    0.00    0.00  373.00     0  java
06:34:46 PM  1000    539255  137.00  236.00    0.00    0.00  373.00     0  java
06:34:47 PM  1000    539255  138.00  235.00    0.00    0.00  373.00     0  java
06:34:48 PM  1000    539255  142.00  231.00    0.00    0.00  373.00     0  java
06:34:49 PM  1000    539255  136.00  237.00    0.00    0.00  373.00     0  java
06:34:50 PM  1000    539255  145.00  228.00    0.00    0.00  373.00     0  java
06:34:51 PM  1000    539255  142.00  231.00    0.00    0.00  373.00     0  java
06:34:52 PM  1000    539255  142.00  230.00    0.00    0.00  372.00     0  java
06:34:53 PM  1000    539255  138.00  235.00    0.00    0.00  373.00     0  java
06:34:54 PM  1000    539255  140.00  233.00    0.00    0.00  373.00     0  java
06:34:55 PM  1000    539255  141.00  232.00    0.00    0.00  373.00     0  java
06:34:56 PM  1000    539255  142.00  231.00    0.00    0.00  373.00     0  java
06:34:57 PM  1000    539255  142.00  231.00    0.00    0.00  373.00     0  java
06:34:58 PM  1000    539255  140.00  233.00    0.00    0.00  373.00     0  java
06:34:59 PM  1000    539255  142.00  231.00    0.00    0.00  373.00     0  java
06:35:00 PM  1000    539255  139.00  233.00    0.00    0.00  372.00     0  java
06:35:01 PM  1000    539255  138.00  234.00    0.00    0.00  372.00     0  java
06:35:02 PM  1000    539255  136.00  238.00    0.00    0.00  374.00     0  java
06:35:03 PM  1000    539255  141.00  231.00    0.00    0.00  372.00     0  java
06:35:04 PM  1000    539255  139.00  234.00    0.00    0.00  373.00     0  java
06:35:05 PM  1000    539255  143.00  230.00    0.00    0.00  373.00     0  java
06:35:06 PM  1000    539255  129.00  206.00    0.00    0.00  335.00     0  java
06:35:07 PM  1000    539255    0.00    0.00    0.00    0.00    0.00     0  java
06:35:08 PM  1000    539255    0.00    0.00    0.00    0.00    0.00     0  java
06:35:09 PM  1000    539255    0.00    0.00    0.00    0.00    0.00     0  java
