Linux 5.14.0-570.60.1.el9_6.x86_64 *****) 	03/02/2026 	_x86_64_	(64 CPU)

10:08:27 PM   UID       PID    %usr %system  %guest   %wait    %CPU   CPU  Command
10:08:28 PM  1000    708272    0.00    0.00    0.00    0.00    0.00     0  springboot4
10:08:29 PM  1000    708272    0.00    0.00    0.00    0.00    0.00     0  springboot4
10:08:30 PM  1000    708272    0.00    0.00    0.00    0.00    0.00     0  springboot4
10:08:31 PM  1000    708272    0.00    0.00    0.00    0.00    0.00     0  springboot4
10:08:32 PM  1000    708272    0.00    0.00    0.00    0.00    0.00     0  springboot4
10:08:33 PM  1000    708272    0.00    0.00    0.00    0.00    0.00     0  springboot4
10:08:34 PM  1000    708272    0.00    0.00    0.00    0.00    0.00     0  springboot4
10:08:35 PM  1000    708272    0.00    0.00    0.00    0.00    0.00     0  springboot4
10:08:36 PM  1000    708272  204.00  115.00    0.00    0.00  319.00     1  springboot4
10:08:37 PM  1000    708272  243.00  131.00    0.00    0.00  374.00     3  springboot4
10:08:38 PM  1000    708272  247.00  116.00    0.00    0.00  363.00     3  springboot4
10:08:39 PM  1000    708272  262.00  103.00    0.00    0.00  365.00     3  springboot4
10:08:40 PM  1000    708272  242.00  127.00    0.00    0.00  369.00     3  springboot4
10:08:41 PM  1000    708272  240.00  131.00    0.00    0.00  371.00     3  springboot4
10:08:42 PM  1000    708272  234.00  130.00    0.00    0.00  364.00     3  springboot4
10:08:43 PM  1000    708272  240.00  132.00    0.00    0.00  372.00     3  springboot4
10:08:44 PM  1000    708272  252.00  111.00    0.00    0.00  363.00     3  springboot4
10:08:45 PM  1000    708272  254.00  118.00    0.00    0.00  372.00     3  springboot4
10:08:46 PM  1000    708272  235.00  132.00    0.00    0.00  367.00     3  springboot4
10:08:47 PM  1000    708272  250.00  121.00    0.00    0.00  371.00     3  springboot4
10:08:48 PM  1000    708272  247.00  117.00    0.00    0.00  364.00     3  springboot4
10:08:49 PM  1000    708272  218.00  158.00    0.00    0.00  376.00     3  springboot4
10:08:50 PM  1000    708272  247.00  117.00    0.00    0.00  364.00     3  springboot4
10:08:51 PM  1000    708272  250.00  121.00    0.00    0.00  371.00     3  springboot4
10:08:52 PM  1000    708272  263.00  102.00    0.00    0.00  365.00     3  springboot4
10:08:53 PM  1000    708272  251.00  105.00    0.00    0.00  356.00     3  springboot4
10:08:54 PM  1000    708272  223.00  154.00    0.00    0.00  377.00     3  springboot4
10:08:55 PM  1000    708272  218.00  157.00    0.00    0.00  375.00     3  springboot4
10:08:56 PM  1000    708272  231.00  134.00    0.00    0.00  365.00     3  springboot4
10:08:57 PM  1000    708272  248.00  113.00    0.00    0.00  361.00     3  springboot4
10:08:58 PM  1000    708272  218.00  157.00    0.00    0.00  375.00     3  springboot4
10:08:59 PM  1000    708272  240.00  135.00    0.00    0.00  375.00     3  springboot4
10:09:00 PM  1000    708272  249.00  114.00    0.00    0.00  363.00     3  springboot4
10:09:01 PM  1000    708272  219.00  145.00    0.00    0.00  364.00     3  springboot4
10:09:02 PM  1000    708272  261.00  110.00    0.00    0.00  371.00     3  springboot4
10:09:03 PM  1000    708272  223.00  142.00    0.00    0.00  365.00     3  springboot4
10:09:04 PM  1000    708272  235.00  136.00    0.00    0.00  371.00     3  springboot4
10:09:05 PM  1000    708272  255.00  108.00    0.00    0.00  363.00     3  springboot4
10:09:06 PM  1000    708272  224.00  149.00    0.00    0.00  373.00     3  springboot4
10:09:07 PM  1000    708272  259.00  101.00    0.00    0.00  360.00     3  springboot4
10:09:08 PM  1000    708272  269.00  100.00    0.00    0.00  369.00     3  springboot4
10:09:09 PM  1000    708272  241.00  122.00    0.00    0.00  363.00     3  springboot4
10:09:10 PM  1000    708272  218.00  158.00    0.00    0.00  376.00     3  springboot4
10:09:11 PM  1000    708272  259.00  102.00    0.00    0.00  361.00     3  springboot4
10:09:12 PM  1000    708272  261.00  105.00    0.00    0.00  366.00     3  springboot4
10:09:13 PM  1000    708272  250.00  111.00    0.00    0.00  361.00     3  springboot4
10:09:14 PM  1000    708272  244.00  128.00    0.00    0.00  372.00     3  springboot4
10:09:15 PM  1000    708272  236.00  128.00    0.00    0.00  364.00     3  springboot4
10:09:16 PM  1000    708272  268.00  102.00    0.00    0.00  370.00     3  springboot4
10:09:17 PM  1000    708272  244.00  119.00    0.00    0.00  363.00     3  springboot4
10:09:18 PM  1000    708272  245.00  119.00    0.00    0.00  364.00     3  springboot4
10:09:19 PM  1000    708272  245.00  119.00    0.00    0.00  364.00     3  springboot4
10:09:20 PM  1000    708272  247.00  125.00    0.00    0.00  372.00     3  springboot4
10:09:21 PM  1000    708272  228.00  136.00    0.00    0.00  364.00     3  springboot4
10:09:22 PM  1000    708272  235.00  140.00    0.00    0.00  375.00     3  springboot4
10:09:23 PM  1000    708272  243.00  121.00    0.00    0.00  364.00     3  springboot4
10:09:24 PM  1000    708272  238.00  136.00    0.00    0.00  374.00     3  springboot4
10:09:25 PM  1000    708272  230.00  135.00    0.00    0.00  365.00     3  springboot4
10:09:26 PM  1000    708272  259.00  109.00    0.00    0.00  368.00     3  springboot4
10:09:27 PM  1000    708272  250.00  109.00    0.00    0.00  359.00     3  springboot4
10:09:28 PM  1000    708272  245.00  125.00    0.00    0.00  370.00     3  springboot4
10:09:29 PM  1000    708272  261.00  110.00    0.00    0.00  371.00     3  springboot4
10:09:30 PM  1000    708272  243.00  119.00    0.00    0.00  362.00     3  springboot4
10:09:31 PM  1000    708272  272.00   97.00    0.00    0.00  369.00     3  springboot4
10:09:32 PM  1000    708272  237.00  123.00    0.00    0.00  360.00     3  springboot4
10:09:33 PM  1000    708272  238.00  126.00    0.00    0.00  364.00     3  springboot4
10:09:34 PM  1000    708272  226.00  137.00    0.00    0.00  363.00     3  springboot4
10:09:35 PM  1000    708272  245.00  119.00    0.00    0.00  364.00     3  springboot4
10:09:36 PM  1000    708272  229.00  133.00    0.00    0.00  362.00     3  springboot4
10:09:37 PM  1000    708272  239.00  134.00    0.00    0.00  373.00     3  springboot4
10:09:38 PM  1000    708272  176.00  196.00    0.00    0.00  372.00     3  springboot4
10:09:39 PM  1000    708272  256.00  112.00    0.00    0.00  368.00     3  springboot4
10:09:40 PM  1000    708272  239.00  125.00    0.00    0.00  364.00     3  springboot4
10:09:41 PM  1000    708272  261.00   94.00    0.00    0.00  355.00     3  springboot4
10:09:42 PM  1000    708272  240.00  124.00    0.00    0.00  364.00     3  springboot4
10:09:43 PM  1000    708272  265.00  103.00    0.00    0.00  368.00     3  springboot4
10:09:44 PM  1000    708272  256.00  106.00    0.00    0.00  362.00     3  springboot4
10:09:45 PM  1000    708272  257.00  104.00    0.00    0.00  361.00     3  springboot4
10:09:46 PM  1000    708272  198.00  179.00    0.00    0.00  377.00     3  springboot4
10:09:47 PM  1000    708272  244.00  126.00    0.00    0.00  370.00     3  springboot4
10:09:48 PM  1000    708272  239.00  125.00    0.00    0.00  364.00     3  springboot4
10:09:49 PM  1000    708272  253.00  114.00    0.00    0.00  367.00     3  springboot4
10:09:50 PM  1000    708272  243.00  122.00    0.00    0.00  365.00     3  springboot4
10:09:51 PM  1000    708272  221.00  154.00    0.00    0.00  375.00     3  springboot4
10:09:52 PM  1000    708272  237.00  128.00    0.00    0.00  365.00     3  springboot4
10:09:53 PM  1000    708272  265.00  104.00    0.00    0.00  369.00     3  springboot4
10:09:54 PM  1000    708272  262.00  100.00    0.00    0.00  362.00     3  springboot4
10:09:55 PM  1000    708272  255.00  115.00    0.00    0.00  370.00     3  springboot4
10:09:56 PM  1000    708272  238.00  127.00    0.00    0.00  365.00     3  springboot4
10:09:57 PM  1000    708272  226.00  148.00    0.00    0.00  374.00     3  springboot4
10:09:58 PM  1000    708272  246.00  117.00    0.00    0.00  363.00     3  springboot4
10:09:59 PM  1000    708272  251.00  121.00    0.00    0.00  372.00     3  springboot4
10:10:00 PM  1000    708272  253.00  108.00    0.00    0.00  361.00     3  springboot4
10:10:01 PM  1000    708272  241.00  126.00    0.00    0.00  367.00     3  springboot4
10:10:02 PM  1000    708272  235.00  128.00    0.00    0.00  363.00     3  springboot4
10:10:03 PM  1000    708272  255.00  117.00    0.00    0.00  372.00     3  springboot4
10:10:04 PM  1000    708272  251.00  111.00    0.00    0.00  362.00     3  springboot4
10:10:05 PM  1000    708272  257.00  115.00    0.00    0.00  372.00     3  springboot4
10:10:06 PM  1000    708272  255.00  107.00    0.00    0.00  362.00     3  springboot4
10:10:07 PM  1000    708272  237.00  135.00    0.00    0.00  372.00     3  springboot4
10:10:08 PM  1000    708272  243.00  123.00    0.00    0.00  366.00     3  springboot4
10:10:09 PM  1000    708272  209.00  167.00    0.00    0.00  376.00     3  springboot4
10:10:10 PM  1000    708272  231.00  134.00    0.00    0.00  365.00     3  springboot4
10:10:11 PM  1000    708272  250.00  120.00    0.00    0.00  370.00     3  springboot4
10:10:12 PM  1000    708272  247.00  115.00    0.00    0.00  362.00     1  springboot4
10:10:13 PM  1000    708272  260.00  111.00    0.00    0.00  371.00     1  springboot4
10:10:14 PM  1000    708272  245.00  120.00    0.00    0.00  365.00     1  springboot4
10:10:15 PM  1000    708272  248.00  113.00    0.00    0.00  361.00     1  springboot4
10:10:16 PM  1000    708272  254.00  121.00    0.00    0.00  375.00     1  springboot4
10:10:17 PM  1000    708272  228.00  144.00    0.00    0.00  372.00     1  springboot4
10:10:18 PM  1000    708272  241.00  121.00    0.00    0.00  362.00     1  springboot4
10:10:19 PM  1000    708272  253.00  120.00    0.00    0.00  373.00     1  springboot4
10:10:20 PM  1000    708272  257.00  105.00    0.00    0.00  362.00     1  springboot4
10:10:21 PM  1000    708272  241.00  130.00    0.00    0.00  371.00     1  springboot4
10:10:22 PM  1000    708272  244.00  120.00    0.00    0.00  364.00     1  springboot4
10:10:23 PM  1000    708272  249.00  122.00    0.00    0.00  371.00     1  springboot4
10:10:24 PM  1000    708272  246.00  117.00    0.00    0.00  363.00     1  springboot4
10:10:25 PM  1000    708272  250.00  121.00    0.00    0.00  371.00     1  springboot4
10:10:26 PM  1000    708272  247.00  118.00    0.00    0.00  365.00     1  springboot4
10:10:27 PM  1000    708272  246.00  117.00    0.00    0.00  363.00     1  springboot4
10:10:28 PM  1000    708272  250.00  119.00    0.00    0.00  369.00     1  springboot4
10:10:29 PM  1000    708272  250.00  115.00    0.00    0.00  365.00     1  springboot4
10:10:30 PM  1000    708272  259.00  110.00    0.00    0.00  369.00     1  springboot4
10:10:31 PM  1000    708272  242.00  122.00    0.00    0.00  364.00     1  springboot4
10:10:32 PM  1000    708272  253.00  119.00    0.00    0.00  372.00     1  springboot4
10:10:33 PM  1000    708272  232.00  134.00    0.00    0.00  366.00     1  springboot4
10:10:34 PM  1000    708272  233.00  139.00    0.00    0.00  372.00     1  springboot4
10:10:35 PM  1000    708272  240.00  124.00    0.00    0.00  364.00     1  springboot4
10:10:36 PM  1000    708272  255.00  116.00    0.00    0.00  371.00     1  springboot4
10:10:37 PM  1000    708272  251.00  107.00    0.00    0.00  358.00     1  springboot4
10:10:38 PM  1000    708272  242.00  132.00    0.00    0.00  374.00     1  springboot4
10:10:39 PM  1000    708272  237.00  128.00    0.00    0.00  365.00     1  springboot4
10:10:40 PM  1000    708272  243.00  128.00    0.00    0.00  371.00     1  springboot4
10:10:41 PM  1000    708272  239.00  125.00    0.00    0.00  364.00     1  springboot4
10:10:42 PM  1000    708272   17.00    8.00    0.00    0.00   25.00     1  springboot4
10:10:43 PM  1000    708272    0.00    0.00    0.00    0.00    0.00     1  springboot4
10:10:44 PM  1000    708272    0.00    0.00    0.00    0.00    0.00     1  springboot4
10:10:45 PM  1000    708272    0.00    0.00    0.00    0.00    0.00     1  springboot4
10:10:46 PM  1000    708272    0.00    0.00    0.00    0.00    0.00     1  springboot4
10:10:47 PM  1000    708272    0.00    0.00    0.00    0.00    0.00     1  springboot4
10:10:48 PM  1000    708272    0.00    0.00    0.00    0.00    0.00     1  springboot4
10:10:49 PM  1000    708272    0.00    0.00    0.00    0.00    0.00     1  springboot4
10:10:50 PM  1000    708272    0.00    0.00    0.00    0.00    0.00     1  springboot4
10:10:51 PM  1000    708272    0.00    0.00    0.00    0.00    0.00     1  springboot4
10:10:52 PM  1000    708272    0.00    0.00    0.00    0.00    0.00     1  springboot4
10:10:53 PM  1000    708272    0.00    0.00    0.00    0.00    0.00     1  springboot4
10:10:54 PM  1000    708272    0.00    0.00    0.00    0.00    0.00     1  springboot4
10:10:55 PM  1000    708272    0.00    0.00    0.00    0.00    0.00     1  springboot4
10:10:56 PM  1000    708272    0.00    0.00    0.00    0.00    0.00     1  springboot4
10:10:57 PM  1000    708272    0.00    0.00    0.00    0.00    0.00     1  springboot4
10:10:58 PM  1000    708272    0.00    0.00    0.00    0.00    0.00     1  springboot4
10:10:59 PM  1000    708272    0.00    0.00    0.00    0.00    0.00     1  springboot4
10:11:00 PM  1000    708272    0.00    0.00    0.00    0.00    0.00     1  springboot4
10:11:01 PM  1000    708272    0.00    0.00    0.00    0.00    0.00     1  springboot4
10:11:02 PM  1000    708272    0.00    0.00    0.00    0.00    0.00     1  springboot4
10:11:03 PM  1000    708272    0.00    0.00    0.00    0.00    0.00     1  springboot4
10:11:04 PM  1000    708272    0.00    0.00    0.00    0.00    0.00     1  springboot4
10:11:05 PM  1000    708272    0.00    0.00    0.00    0.00    0.00     1  springboot4
10:11:06 PM  1000    708272    0.00    0.00    0.00    0.00    0.00     1  springboot4
10:11:07 PM  1000    708272    0.00    0.00    0.00    0.00    0.00     1  springboot4
10:11:08 PM  1000    708272    0.00    0.00    0.00    0.00    0.00     1  springboot4
10:11:09 PM  1000    708272    0.00    0.00    0.00    0.00    0.00     1  springboot4
10:11:10 PM  1000    708272    0.00    0.00    0.00    0.00    0.00     1  springboot4
10:11:11 PM  1000    708272    0.00    0.00    0.00    0.00    0.00     1  springboot4
10:11:12 PM  1000    708272    0.00    0.00    0.00    0.00    0.00     1  springboot4
10:11:13 PM  1000    708272    0.00    0.00    0.00    0.00    0.00     1  springboot4
10:11:14 PM  1000    708272    0.00    0.00    0.00    0.00    0.00     1  springboot4
10:11:15 PM  1000    708272    0.00    0.00    0.00    0.00    0.00     1  springboot4
10:11:16 PM  1000    708272    0.00    0.00    0.00    0.00    0.00     1  springboot4
10:11:17 PM  1000    708272  240.00  110.00    0.00    0.00  350.00     0  springboot4
10:11:18 PM  1000    708272  248.00  115.00    0.00    0.00  363.00     0  springboot4
10:11:19 PM  1000    708272  243.00  129.00    0.00    0.00  372.00     0  springboot4
10:11:20 PM  1000    708272  255.00  109.00    0.00    0.00  364.00     0  springboot4
10:11:21 PM  1000    708272  252.00  112.00    0.00    0.00  364.00     0  springboot4
10:11:22 PM  1000    708272  250.00  119.00    0.00    0.00  369.00     0  springboot4
10:11:23 PM  1000    708272  245.00  118.00    0.00    0.00  363.00     0  springboot4
10:11:24 PM  1000    708272  246.00  114.00    0.00    0.00  360.00     0  springboot4
10:11:25 PM  1000    708272  252.00  120.00    0.00    0.00  372.00     0  springboot4
10:11:26 PM  1000    708272  241.00  129.00    0.00    0.00  370.00     0  springboot4
10:11:27 PM  1000    708272  235.00  137.00    0.00    0.00  372.00     0  springboot4
10:11:28 PM  1000    708272  253.00  111.00    0.00    0.00  364.00     0  springboot4
10:11:29 PM  1000    708272  249.00  113.00    0.00    0.00  362.00     0  springboot4
10:11:30 PM  1000    708272  259.00  113.00    0.00    0.00  372.00     0  springboot4
10:11:31 PM  1000    708272  256.00  107.00    0.00    0.00  363.00     0  springboot4
10:11:32 PM  1000    708272  243.00  129.00    0.00    0.00  372.00     0  springboot4
10:11:33 PM  1000    708272  233.00  133.00    0.00    0.00  366.00     0  springboot4
10:11:34 PM  1000    708272  259.00  105.00    0.00    0.00  364.00     0  springboot4
10:11:35 PM  1000    708272  257.00  115.00    0.00    0.00  372.00     0  springboot4
10:11:36 PM  1000    708272  254.00  110.00    0.00    0.00  364.00     0  springboot4
10:11:37 PM  1000    708272  247.00  126.00    0.00    0.00  373.00     0  springboot4
10:11:38 PM  1000    708272  250.00  107.00    0.00    0.00  357.00     0  springboot4
10:11:39 PM  1000    708272  238.00  127.00    0.00    0.00  365.00     0  springboot4
10:11:40 PM  1000    708272  259.00  110.00    0.00    0.00  369.00     0  springboot4
10:11:41 PM  1000    708272  237.00  127.00    0.00    0.00  364.00     0  springboot4
10:11:42 PM  1000    708272  249.00  123.00    0.00    0.00  372.00     0  springboot4
10:11:43 PM  1000    708272  234.00  129.00    0.00    0.00  363.00     0  springboot4
10:11:44 PM  1000    708272  237.00  126.00    0.00    0.00  363.00     0  springboot4
10:11:45 PM  1000    708272  257.00  116.00    0.00    0.00  373.00     0  springboot4
10:11:46 PM  1000    708272  250.00  116.00    0.00    0.00  366.00     0  springboot4
10:11:47 PM  1000    708272  247.00  119.00    0.00    0.00  366.00     0  springboot4
10:11:48 PM  1000    708272  240.00  129.00    0.00    0.00  369.00     0  springboot4
10:11:49 PM  1000    708272  249.00  115.00    0.00    0.00  364.00     0  springboot4
10:11:50 PM  1000    708272  258.00  103.00    0.00    0.00  361.00     0  springboot4
10:11:51 PM  1000    708272  258.00  113.00    0.00    0.00  371.00     0  springboot4
10:11:52 PM  1000    708272  249.00  116.00    0.00    0.00  365.00     0  springboot4
10:11:53 PM  1000    708272   20.00   17.00    0.00    0.00   37.00     0  springboot4
10:11:54 PM  1000    708272    0.00    1.00    0.00    0.00    1.00     0  springboot4
10:11:55 PM  1000    708272    0.00    0.00    0.00    0.00    0.00     0  springboot4
