Linux 5.14.0-570.60.1.el9_6.x86_64 *****) 	03/02/2026 	_x86_64_	(64 CPU)

07:13:01 PM   UID       PID    %usr %system  %guest   %wait    %CPU   CPU  Command
07:13:02 PM  1000    566575    0.00    0.00    0.00    0.00    0.00     0  quarkus3-runner
07:13:03 PM  1000    566575    0.00    0.00    0.00    0.00    0.00     0  quarkus3-runner
07:13:04 PM  1000    566575    0.00    0.00    0.00    0.00    0.00     0  quarkus3-runner
07:13:05 PM  1000    566575    0.00    0.00    0.00    0.00    0.00     0  quarkus3-runner
07:13:06 PM  1000    566575    0.00    0.00    0.00    0.00    0.00     0  quarkus3-runner
07:13:07 PM  1000    566575    0.00    0.00    0.00    0.00    0.00     0  quarkus3-runner
07:13:08 PM  1000    566575    0.00    0.00    0.00    0.00    0.00     0  quarkus3-runner
07:13:09 PM  1000    566575    1.00    0.00    0.00    0.00    1.00     0  quarkus3-runner
07:13:10 PM  1000    566575  232.00  117.00    0.00    0.00  349.00     0  quarkus3-runner
07:13:11 PM  1000    566575  236.00  123.00    0.00    0.00  359.00     0  quarkus3-runner
07:13:12 PM  1000    566575  243.00  135.00    0.00    0.00  378.00     0  quarkus3-runner
07:13:13 PM  1000    566575  245.00  131.00    0.00    0.00  376.00     0  quarkus3-runner
07:13:14 PM  1000    566575  240.00  130.00    0.00    0.00  370.00     0  quarkus3-runner
07:13:15 PM  1000    566575  239.00  133.00    0.00    0.00  372.00     0  quarkus3-runner
07:13:16 PM  1000    566575  249.00  127.00    0.00    0.00  376.00     0  quarkus3-runner
07:13:17 PM  1000    566575  245.00  125.00    0.00    0.00  370.00     0  quarkus3-runner
07:13:18 PM  1000    566575  246.00  130.00    0.00    0.00  376.00     0  quarkus3-runner
07:13:19 PM  1000    566575  242.00  133.00    0.00    0.00  375.00     0  quarkus3-runner
07:13:20 PM  1000    566575  240.00  129.00    0.00    0.00  369.00     0  quarkus3-runner
07:13:21 PM  1000    566575  240.00  135.00    0.00    0.00  375.00     0  quarkus3-runner
07:13:22 PM  1000    566575  241.00  133.00    0.00    0.00  374.00     0  quarkus3-runner
07:13:23 PM  1000    566575  237.00  129.00    0.00    0.00  366.00     0  quarkus3-runner
07:13:24 PM  1000    566575  239.00  134.00    0.00    0.00  373.00     0  quarkus3-runner
07:13:25 PM  1000    566575  240.00  124.00    0.00    0.00  364.00     0  quarkus3-runner
07:13:26 PM  1000    566575  239.00  126.00    0.00    0.00  365.00     0  quarkus3-runner
07:13:27 PM  1000    566575  244.00  127.00    0.00    0.00  371.00     0  quarkus3-runner
07:13:28 PM  1000    566575  236.00  127.00    0.00    0.00  363.00     0  quarkus3-runner
07:13:29 PM  1000    566575  237.00  123.00    0.00    0.00  360.00     0  quarkus3-runner
07:13:30 PM  1000    566575  237.00  128.00    0.00    0.00  365.00     0  quarkus3-runner
07:13:31 PM  1000    566575  237.00  132.00    0.00    0.00  369.00     0  quarkus3-runner
07:13:32 PM  1000    566575  234.00  131.00    0.00    0.00  365.00     0  quarkus3-runner
07:13:33 PM  1000    566575  238.00  124.00    0.00    0.00  362.00     0  quarkus3-runner
07:13:34 PM  1000    566575  241.00  128.00    0.00    0.00  369.00     0  quarkus3-runner
07:13:35 PM  1000    566575  233.00  130.00    0.00    0.00  363.00     0  quarkus3-runner
07:13:36 PM  1000    566575  236.00  125.00    0.00    0.00  361.00     0  quarkus3-runner
07:13:37 PM  1000    566575  238.00  132.00    0.00    0.00  370.00     0  quarkus3-runner
07:13:38 PM  1000    566575  243.00  120.00    0.00    0.00  363.00     0  quarkus3-runner
07:13:39 PM  1000    566575  240.00  124.00    0.00    0.00  364.00     0  quarkus3-runner
07:13:40 PM  1000    566575  232.00  132.00    0.00    0.00  364.00     0  quarkus3-runner
07:13:41 PM  1000    566575  242.00  126.00    0.00    0.00  368.00     0  quarkus3-runner
07:13:42 PM  1000    566575  241.00  123.00    0.00    0.00  364.00     0  quarkus3-runner
07:13:43 PM  1000    566575  235.00  130.00    0.00    0.00  365.00     0  quarkus3-runner
07:13:44 PM  1000    566575  239.00  130.00    0.00    0.00  369.00     0  quarkus3-runner
07:13:45 PM  1000    566575  235.00  128.00    0.00    0.00  363.00     0  quarkus3-runner
07:13:46 PM  1000    566575  241.00  123.00    0.00    0.00  364.00     0  quarkus3-runner
07:13:47 PM  1000    566575  236.00  127.00    0.00    0.00  363.00     0  quarkus3-runner
07:13:48 PM  1000    566575  245.00  119.00    0.00    0.00  364.00     0  quarkus3-runner
07:13:49 PM  1000    566575  242.00  126.00    0.00    0.00  368.00     0  quarkus3-runner
07:13:50 PM  1000    566575  241.00  123.00    0.00    0.00  364.00     0  quarkus3-runner
07:13:51 PM  1000    566575  234.00  132.00    0.00    0.00  366.00     0  quarkus3-runner
07:13:52 PM  1000    566575  237.00  128.00    0.00    0.00  365.00     0  quarkus3-runner
07:13:53 PM  1000    566575  242.00  122.00    0.00    0.00  364.00     0  quarkus3-runner
07:13:54 PM  1000    566575  240.00  125.00    0.00    0.00  365.00     0  quarkus3-runner
07:13:55 PM  1000    566575  246.00  126.00    0.00    0.00  372.00     0  quarkus3-runner
07:13:56 PM  1000    566575  237.00  128.00    0.00    0.00  365.00     0  quarkus3-runner
07:13:57 PM  1000    566575  239.00  126.00    0.00    0.00  365.00     0  quarkus3-runner
07:13:58 PM  1000    566575  236.00  126.00    0.00    0.00  362.00     0  quarkus3-runner
07:13:59 PM  1000    566575  238.00  127.00    0.00    0.00  365.00     0  quarkus3-runner
07:14:00 PM  1000    566575  240.00  126.00    0.00    0.00  366.00     0  quarkus3-runner
07:14:01 PM  1000    566575  241.00  123.00    0.00    0.00  364.00     0  quarkus3-runner
07:14:02 PM  1000    566575  239.00  128.00    0.00    0.00  367.00     0  quarkus3-runner
07:14:03 PM  1000    566575  237.00  128.00    0.00    0.00  365.00     0  quarkus3-runner
07:14:04 PM  1000    566575  235.00  132.00    0.00    0.00  367.00     0  quarkus3-runner
07:14:05 PM  1000    566575  238.00  127.00    0.00    0.00  365.00     0  quarkus3-runner
07:14:06 PM  1000    566575  240.00  125.00    0.00    0.00  365.00     0  quarkus3-runner
07:14:07 PM  1000    566575  241.00  123.00    0.00    0.00  364.00     0  quarkus3-runner
07:14:08 PM  1000    566575  240.00  127.00    0.00    0.00  367.00     0  quarkus3-runner
07:14:09 PM  1000    566575  241.00  125.00    0.00    0.00  366.00     0  quarkus3-runner
07:14:10 PM  1000    566575  242.00  127.00    0.00    0.00  369.00     0  quarkus3-runner
07:14:11 PM  1000    566575  233.00  131.00    0.00    0.00  364.00     0  quarkus3-runner
07:14:12 PM  1000    566575  239.00  126.00    0.00    0.00  365.00     0  quarkus3-runner
07:14:13 PM  1000    566575  243.00  123.00    0.00    0.00  366.00     0  quarkus3-runner
07:14:14 PM  1000    566575  241.00  125.00    0.00    0.00  366.00     0  quarkus3-runner
07:14:15 PM  1000    566575  235.00  128.00    0.00    0.00  363.00     0  quarkus3-runner
07:14:16 PM  1000    566575  241.00  124.00    0.00    0.00  365.00     0  quarkus3-runner
07:14:17 PM  1000    566575  239.00  127.00    0.00    0.00  366.00     0  quarkus3-runner
07:14:18 PM  1000    566575  239.00  127.00    0.00    0.00  366.00     0  quarkus3-runner
07:14:19 PM  1000    566575  241.00  123.00    0.00    0.00  364.00     0  quarkus3-runner
07:14:20 PM  1000    566575  243.00  130.00    0.00    0.00  373.00     0  quarkus3-runner
07:14:21 PM  1000    566575  234.00  130.00    0.00    0.00  364.00     0  quarkus3-runner
07:14:22 PM  1000    566575  236.00  127.00    0.00    0.00  363.00     0  quarkus3-runner
07:14:23 PM  1000    566575  239.00  126.00    0.00    0.00  365.00     0  quarkus3-runner
07:14:24 PM  1000    566575  234.00  132.00    0.00    0.00  366.00     0  quarkus3-runner
07:14:25 PM  1000    566575  233.00  132.00    0.00    0.00  365.00     0  quarkus3-runner
07:14:26 PM  1000    566575  235.00  131.00    0.00    0.00  366.00     0  quarkus3-runner
07:14:27 PM  1000    566575  240.00  127.00    0.00    0.00  367.00     0  quarkus3-runner
07:14:28 PM  1000    566575  238.00  125.00    0.00    0.00  363.00     0  quarkus3-runner
07:14:29 PM  1000    566575  240.00  131.00    0.00    0.00  371.00     0  quarkus3-runner
07:14:30 PM  1000    566575  237.00  128.00    0.00    0.00  365.00     0  quarkus3-runner
07:14:31 PM  1000    566575  236.00  130.00    0.00    0.00  366.00     0  quarkus3-runner
07:14:32 PM  1000    566575  237.00  127.00    0.00    0.00  364.00     0  quarkus3-runner
07:14:33 PM  1000    566575  237.00  130.00    0.00    0.00  367.00     0  quarkus3-runner
07:14:34 PM  1000    566575  232.00  133.00    0.00    0.00  365.00     0  quarkus3-runner
07:14:35 PM  1000    566575  237.00  127.00    0.00    0.00  364.00     0  quarkus3-runner
07:14:36 PM  1000    566575  238.00  127.00    0.00    0.00  365.00     0  quarkus3-runner
07:14:37 PM  1000    566575  241.00  125.00    0.00    0.00  366.00     0  quarkus3-runner
07:14:38 PM  1000    566575  241.00  129.00    0.00    0.00  370.00     0  quarkus3-runner
07:14:39 PM  1000    566575  242.00  121.00    0.00    0.00  363.00     0  quarkus3-runner
07:14:40 PM  1000    566575  241.00  125.00    0.00    0.00  366.00     0  quarkus3-runner
07:14:41 PM  1000    566575  237.00  129.00    0.00    0.00  366.00     0  quarkus3-runner
07:14:42 PM  1000    566575  237.00  128.00    0.00    0.00  365.00     0  quarkus3-runner
07:14:43 PM  1000    566575  240.00  123.00    0.00    0.00  363.00     0  quarkus3-runner
07:14:44 PM  1000    566575  237.00  128.00    0.00    0.00  365.00     0  quarkus3-runner
07:14:45 PM  1000    566575  239.00  126.00    0.00    0.00  365.00     0  quarkus3-runner
07:14:46 PM  1000    566575  236.00  130.00    0.00    0.00  366.00     0  quarkus3-runner
07:14:47 PM  1000    566575  240.00  123.00    0.00    0.00  363.00     0  quarkus3-runner
07:14:48 PM  1000    566575  237.00  129.00    0.00    0.00  366.00     0  quarkus3-runner
07:14:49 PM  1000    566575  241.00  129.00    0.00    0.00  370.00     0  quarkus3-runner
07:14:50 PM  1000    566575  237.00  128.00    0.00    0.00  365.00     0  quarkus3-runner
07:14:51 PM  1000    566575  240.00  125.00    0.00    0.00  365.00     0  quarkus3-runner
07:14:52 PM  1000    566575  235.00  131.00    0.00    0.00  366.00     0  quarkus3-runner
07:14:53 PM  1000    566575  239.00  126.00    0.00    0.00  365.00     0  quarkus3-runner
07:14:54 PM  1000    566575  233.00  131.00    0.00    0.00  364.00     0  quarkus3-runner
07:14:55 PM  1000    566575  243.00  124.00    0.00    0.00  367.00     0  quarkus3-runner
07:14:56 PM  1000    566575  239.00  127.00    0.00    0.00  366.00     0  quarkus3-runner
07:14:57 PM  1000    566575  236.00  130.00    0.00    0.00  366.00     0  quarkus3-runner
07:14:58 PM  1000    566575  236.00  128.00    0.00    0.00  364.00     0  quarkus3-runner
07:14:59 PM  1000    566575  241.00  124.00    0.00    0.00  365.00     0  quarkus3-runner
07:15:00 PM  1000    566575  238.00  128.00    0.00    0.00  366.00     0  quarkus3-runner
07:15:01 PM  1000    566575  236.00  130.00    0.00    0.00  366.00     0  quarkus3-runner
07:15:02 PM  1000    566575  233.00  130.00    0.00    0.00  363.00     0  quarkus3-runner
07:15:03 PM  1000    566575  240.00  132.00    0.00    0.00  372.00     0  quarkus3-runner
07:15:04 PM  1000    566575  235.00  129.00    0.00    0.00  364.00     0  quarkus3-runner
07:15:05 PM  1000    566575  238.00  128.00    0.00    0.00  366.00     0  quarkus3-runner
07:15:06 PM  1000    566575  238.00  125.00    0.00    0.00  363.00     0  quarkus3-runner
07:15:07 PM  1000    566575  236.00  128.00    0.00    0.00  364.00     0  quarkus3-runner
07:15:08 PM  1000    566575  233.00  133.00    0.00    0.00  366.00     0  quarkus3-runner
07:15:09 PM  1000    566575  236.00  129.00    0.00    0.00  365.00     0  quarkus3-runner
07:15:10 PM  1000    566575  237.00  127.00    0.00    0.00  364.00     0  quarkus3-runner
07:15:11 PM  1000    566575  235.00  130.00    0.00    0.00  365.00     0  quarkus3-runner
07:15:12 PM  1000    566575  238.00  127.00    0.00    0.00  365.00     0  quarkus3-runner
07:15:13 PM  1000    566575  235.00  128.00    0.00    0.00  363.00     0  quarkus3-runner
07:15:14 PM  1000    566575  236.00  130.00    0.00    0.00  366.00     0  quarkus3-runner
07:15:15 PM  1000    566575  235.00  129.00    0.00    0.00  364.00     0  quarkus3-runner
07:15:16 PM  1000    566575    1.00    1.00    0.00    0.00    2.00     0  quarkus3-runner
07:15:17 PM  1000    566575    0.00    0.00    0.00    0.00    0.00     0  quarkus3-runner
07:15:18 PM  1000    566575    0.00    0.00    0.00    0.00    0.00     0  quarkus3-runner
07:15:19 PM  1000    566575    0.00    0.00    0.00    0.00    0.00     0  quarkus3-runner
07:15:20 PM  1000    566575    0.00    0.00    0.00    0.00    0.00     0  quarkus3-runner
07:15:21 PM  1000    566575    0.00    0.00    0.00    0.00    0.00     0  quarkus3-runner
07:15:22 PM  1000    566575    0.00    0.00    0.00    0.00    0.00     0  quarkus3-runner
07:15:23 PM  1000    566575    0.00    0.00    0.00    0.00    0.00     0  quarkus3-runner
07:15:24 PM  1000    566575    0.00    0.00    0.00    0.00    0.00     0  quarkus3-runner
07:15:25 PM  1000    566575    0.00    0.00    0.00    0.00    0.00     0  quarkus3-runner
07:15:26 PM  1000    566575    0.00    0.00    0.00    0.00    0.00     0  quarkus3-runner
07:15:27 PM  1000    566575    0.00    0.00    0.00    0.00    0.00     0  quarkus3-runner
07:15:28 PM  1000    566575    0.00    0.00    0.00    0.00    0.00     0  quarkus3-runner
07:15:29 PM  1000    566575    0.00    0.00    0.00    0.00    0.00     0  quarkus3-runner
07:15:30 PM  1000    566575    0.00    0.00    0.00    0.00    0.00     0  quarkus3-runner
07:15:31 PM  1000    566575    0.00    0.00    0.00    0.00    0.00     0  quarkus3-runner
07:15:32 PM  1000    566575    0.00    0.00    0.00    0.00    0.00     0  quarkus3-runner
07:15:33 PM  1000    566575    0.00    0.00    0.00    0.00    0.00     0  quarkus3-runner
07:15:34 PM  1000    566575    0.00    0.00    0.00    0.00    0.00     0  quarkus3-runner
07:15:35 PM  1000    566575    0.00    0.00    0.00    0.00    0.00     0  quarkus3-runner
07:15:36 PM  1000    566575    0.00    0.00    0.00    0.00    0.00     0  quarkus3-runner
07:15:37 PM  1000    566575    0.00    0.00    0.00    0.00    0.00     0  quarkus3-runner
07:15:38 PM  1000    566575    0.00    0.00    0.00    0.00    0.00     0  quarkus3-runner
07:15:39 PM  1000    566575    0.00    0.00    0.00    0.00    0.00     0  quarkus3-runner
07:15:40 PM  1000    566575    0.00    0.00    0.00    0.00    0.00     0  quarkus3-runner
07:15:41 PM  1000    566575    0.00    0.00    0.00    0.00    0.00     0  quarkus3-runner
07:15:42 PM  1000    566575    0.00    0.00    0.00    0.00    0.00     0  quarkus3-runner
07:15:43 PM  1000    566575    0.00    0.00    0.00    0.00    0.00     0  quarkus3-runner
07:15:44 PM  1000    566575    0.00    0.00    0.00    0.00    0.00     0  quarkus3-runner
07:15:45 PM  1000    566575    0.00    0.00    0.00    0.00    0.00     0  quarkus3-runner
07:15:46 PM  1000    566575    0.00    0.00    0.00    0.00    0.00     0  quarkus3-runner
07:15:47 PM  1000    566575    0.00    0.00    0.00    0.00    0.00     0  quarkus3-runner
07:15:48 PM  1000    566575    0.00    0.00    0.00    0.00    0.00     0  quarkus3-runner
07:15:49 PM  1000    566575    0.00    0.00    0.00    0.00    0.00     0  quarkus3-runner
07:15:50 PM  1000    566575    3.00    1.00    0.00    0.00    4.00     0  quarkus3-runner
07:15:51 PM  1000    566575  241.00  120.00    0.00    0.00  361.00     0  quarkus3-runner
07:15:52 PM  1000    566575  242.00  123.00    0.00    0.00  365.00     0  quarkus3-runner
07:15:53 PM  1000    566575  242.00  121.00    0.00    0.00  363.00     0  quarkus3-runner
07:15:54 PM  1000    566575  236.00  129.00    0.00    0.00  365.00     0  quarkus3-runner
07:15:55 PM  1000    566575  242.00  128.00    0.00    0.00  370.00     0  quarkus3-runner
07:15:56 PM  1000    566575  239.00  124.00    0.00    0.00  363.00     0  quarkus3-runner
07:15:57 PM  1000    566575  239.00  124.00    0.00    0.00  363.00     0  quarkus3-runner
07:15:58 PM  1000    566575  242.00  124.00    0.00    0.00  366.00     0  quarkus3-runner
07:15:59 PM  1000    566575  241.00  125.00    0.00    0.00  366.00     0  quarkus3-runner
07:16:00 PM  1000    566575  239.00  126.00    0.00    0.00  365.00     0  quarkus3-runner
07:16:01 PM  1000    566575  235.00  131.00    0.00    0.00  366.00     0  quarkus3-runner
07:16:02 PM  1000    566575  242.00  128.00    0.00    0.00  370.00     0  quarkus3-runner
07:16:03 PM  1000    566575  236.00  127.00    0.00    0.00  363.00     0  quarkus3-runner
07:16:04 PM  1000    566575  239.00  125.00    0.00    0.00  364.00     0  quarkus3-runner
07:16:05 PM  1000    566575  239.00  126.00    0.00    0.00  365.00     0  quarkus3-runner
07:16:06 PM  1000    566575  235.00  129.00    0.00    0.00  364.00     0  quarkus3-runner
07:16:07 PM  1000    566575  236.00  128.00    0.00    0.00  364.00     0  quarkus3-runner
07:16:08 PM  1000    566575  238.00  127.00    0.00    0.00  365.00     0  quarkus3-runner
07:16:09 PM  1000    566575  242.00  128.00    0.00    0.00  370.00     0  quarkus3-runner
07:16:10 PM  1000    566575  238.00  126.00    0.00    0.00  364.00     0  quarkus3-runner
07:16:11 PM  1000    566575  229.00  133.00    0.00    0.00  362.00     0  quarkus3-runner
07:16:12 PM  1000    566575  242.00  123.00    0.00    0.00  365.00     0  quarkus3-runner
07:16:13 PM  1000    566575  238.00  125.00    0.00    0.00  363.00     0  quarkus3-runner
07:16:14 PM  1000    566575  240.00  125.00    0.00    0.00  365.00     0  quarkus3-runner
07:16:15 PM  1000    566575  242.00  122.00    0.00    0.00  364.00     0  quarkus3-runner
07:16:16 PM  1000    566575  240.00  127.00    0.00    0.00  367.00     0  quarkus3-runner
07:16:17 PM  1000    566575  238.00  125.00    0.00    0.00  363.00     0  quarkus3-runner
07:16:18 PM  1000    566575  242.00  128.00    0.00    0.00  370.00     0  quarkus3-runner
07:16:19 PM  1000    566575  234.00  131.00    0.00    0.00  365.00     0  quarkus3-runner
07:16:20 PM  1000    566575  239.00  127.00    0.00    0.00  366.00     0  quarkus3-runner
07:16:21 PM  1000    566575  237.00  127.00    0.00    0.00  364.00     0  quarkus3-runner
07:16:22 PM  1000    566575  240.00  126.00    0.00    0.00  366.00     0  quarkus3-runner
07:16:23 PM  1000    566575  235.00  130.00    0.00    0.00  365.00     0  quarkus3-runner
07:16:24 PM  1000    566575  237.00  127.00    0.00    0.00  364.00     0  quarkus3-runner
07:16:25 PM  1000    566575  236.00  130.00    0.00    0.00  366.00     0  quarkus3-runner
07:16:26 PM  1000    566575  236.00  129.00    0.00    0.00  365.00     0  quarkus3-runner
07:16:27 PM  1000    566575    0.00    0.00    0.00    0.00    0.00     0  quarkus3-runner
07:16:28 PM  1000    566575    0.00    0.00    0.00    0.00    0.00     0  quarkus3-runner
07:16:29 PM  1000    566575    0.00    0.00    0.00    0.00    0.00     0  quarkus3-runner
07:16:30 PM  1000    566575    0.00    0.00    0.00    0.00    0.00     0  quarkus3-runner
