procs -----------memory---------- ---swap-- -----io---- -system-- ------cpu-----
 r  b   swpd   free   buff  cache   si   so    bi    bo   in   cs us sy id wa st
 1  0      0 390398560      0 329432    0    0     1     1    0    0  0  0 100  0  0
 0  0      0 390346432      0 374268    0    0 45132     0 3762 3853  0  0 99  0  0
 1  0      0 390330848      0 374332    0    0    52   952 6554 4205  0  1 99  0  0
 2  0      0 390308480      0 376092    0    0  1916     0 6681 4850  1  0 98  0  0
 3  0      0 390316608      0 392608    0    0 18552    12 5035 7176  3  0 97  0  0
 4  0      0 390252640      0 402336    0    0 10092    36 4043 4409  3  0 97  0  0
 0  0      0 390229280      0 403536    0    0  1060     4 1111 1411  1  0 99  0  0
 9  0      0 390099040      0 406424    0    0  2344   664 10124 22873  3  0 96  0  0
23  0      0 389968768      0 407328    0    0   796     4 9373 18514  6  1 93  0  0
22  0      0 389900160      0 407336    0    0     0    44 8392 22912  6  1 93  0  0
22  0      0 389797600      0 407600    0    0     8    28 9496 28173  7  1 92  0  0
26  0      0 389794400      0 407664    0    0    24   116 9499 34184  7  1 92  0  0
28  0      0 389780032      0 407724    0    0    56     4 11312 47341  6  1 92  0  0
26  0      0 389751072      0 407784    0    0    52     4 14363 60145  6  2 92  0  0
27  0      0 389704736      0 407788    0    0     0     8 16076 64917  6  2 92  0  0
24  0      0 389698368      0 410536    0    0    24     0 15527 68039  6  2 92  0  0
30  0      0 389683232      0 410544    0    0     0     4 14444 67297  5  2 93  0  0
32  0      0 389667904      0 410548    0    0     0    40 14775 68497  6  2 93  0  0
30  0      0 389667136      0 410560    0    0     0     4 15189 67827  6  2 93  0  0
25  0      0 389667136      0 410564    0    0     0     8 14984 71143  5  2 93  0  0
14  0      0 389666464      0 410572    0    0     4   536 15942 71258  5  2 93  0  0
procs -----------memory---------- ---swap-- -----io---- -system-- ------cpu-----
 r  b   swpd   free   buff  cache   si   so    bi    bo   in   cs us sy id wa st
18  0      0 389664992      0 410576    0    0     0     0 15334 72684  5  2 93  0  0
15  0      0 389664256      0 410584    0    0     0     4 15112 70539  6  2 93  0  0
23  0      0 389662016      0 410588    0    0     0    40 15980 75273  5  2 93  0  0
28  0      0 389660256      0 410596    0    0     0     4 16004 76569  5  2 93  0  0
28  0      0 389658528      0 410672    0    0     0     0 16476 76986  5  2 93  0  0
30  0      0 389658272      0 410680    0    0     0     4 16562 77920  5  2 93  0  0
25  0      0 389659584      0 410688    0    0    32     0 16015 77159  5  2 93  0  0
21  0      0 389659648      0 410692    0    0    16    52 17302 82177  5  2 93  0  0
13  0      0 389658432      0 410700    0    0     0    44 17383 82188  5  2 93  0  0
25  0      0 389658688      0 410704    0    0     0     4 17476 85011  5  2 93  0  0
21  0      0 389656480      0 410712    0    0     0    72 17278 86203  5  2 92  0  0
26  0      0 389655808      0 410720    0    0     0     8 18853 93183  5  3 92  0  0
28  0      0 389655328      0 410724    0    0     0     0 19041 93420  5  3 92  0  0
31  0      0 389653408      0 410736    0    0     0     4 19633 95041  5  3 92  0  0
26  0      0 389652416      0 410812    0    0     0    40 19732 92902  5  3 92  0  0
28  0      0 389651744      0 410820    0    0     0     4 25343 109753  5  3 92  0  0
22  0      0 389654592      0 410824    0    0     0     8 26613 110950  5  4 92  0  0
19  0      0 389651520      0 410832    0    0    32   304 25959 111787  5  4 92  0  0
22  0      0 389651808      0 410836    0    0     0   308 27882 119376  5  4 92  0  0
22  0      0 389637504      0 410844    0    0     0   440 26171 119004  5  4 92  0  0
11  0      0 389637056      0 410852    0    0     0    44 27538 128348  4  4 91  0  0
procs -----------memory---------- ---swap-- -----io---- -system-- ------cpu-----
 r  b   swpd   free   buff  cache   si   so    bi    bo   in   cs us sy id wa st
22  0      0 389636928      0 410856    0    0     0     4 28821 132680  4  4 91  0  0
13  0      0 389639744      0 410872    0    0     0     0 29243 133714  4  4 91  0  0
25  0      0 389638368      0 410876    0    0     0     8 30954 144847  4  5 91  0  0
35  0      0 389637440      0 410884    0    0     0     0 36479 162520  4  5 91  0  0
31  0      0 389638944      0 410688    0    0     0     4 35999 163564  4  5 91  0  0
25  0      0 389639840      0 410696    0    0     0    40 36599 166312  4  6 91  0  0
33  0      0 389640480      0 410776    0    0     0     8 34655 160372  4  5 91  0  0
22  0      0 389639872      0 410780    0    0    16     0 35601 160922  4  5 91  0  0
26  0      0 389640544      0 410788    0    0     0     4 36610 161571  4  5 91  0  0
41  0      0 389640800      0 410764    0    0     0    72 35605 156314  4  5 91  0  0
24  0      0 389639456      0 410772    0    0     0     8 36085 161451  4  5 91  0  0
23  0      0 389638080      0 410776    0    0     0    40 37321 164287  4  5 91  0  0
30  0      0 389637664      0 410784    0    0     0     8 35227 157919  4  5 91  0  0
25  0      0 389637216      0 410860    0    0     0     0 40481 171103  4  6 90  0  0
26  0      0 389636096      0 410864    0    0     0     8 42723 176565  4  6 90  0  0
32  0      0 389638272      0 410872    0    0     0     0 48368 183118  3  7 90  0  0
32  0      0 389640416      0 410876    0    0     0    20 46319 181911  3  7 90  0  0
32  0      0 389640448      0 410888    0    0     0    44 36610 188435  3  6 90  0  0
41  0      0 389640096      0 410852    0    0     0    80 36922 188310  3  6 90  0  0
41  0      0 389638048      0 410860    0    0     0     8 36598 187832  3  6 90  0  0
20  0      0 389637536      0 410864    0    0     0     0 36618 187632  3  6 90  0  0
procs -----------memory---------- ---swap-- -----io---- -system-- ------cpu-----
 r  b   swpd   free   buff  cache   si   so    bi    bo   in   cs us sy id wa st
33  0      0 389635648      0 410872    0    0     0     0 37152 188753  3  6 90  0  0
24  0      0 389635008      0 410880    0    0     0     4 35967 187772  3  6 90  0  0
41  0      0 389637184      0 410956    0    0     0    40 36628 188600  3  6 90  0  0
34  0      0 389636512      0 410868    0    0     0     4 37191 188271  3  6 90  0  0
33  0      0 389636480      0 410876    0    0     0     0 36682 189146  3  6 90  0  0
18  0      0 389635424      0 410884    0    0     0     8 36597 188864  3  6 90  0  0
34  0      0 389635744      0 410888    0    0     0    12 37071 188245  3  6 90  0  0
38  0      0 389635328      0 410900    0    0    20   176 36740 189098  3  6 90  0  0
35  0      0 389637952      0 410908    0    0     0   128 36956 188623  3  6 90  0  0
33  0      0 389637696      0 410912    0    0     0     4 37101 189535  3  6 90  0  0
45  0      0 389639680      0 410920    0    0     0     0 35818 185000  3  6 90  0  0
33  0      0 389638816      0 410924    0    0     0     4 37493 187842  3  6 90  0  0
40  0      0 389635264      0 412812    0    0  1740     0 41142 187356  4  7 90  0  0
38  0      0 389634432      0 412816    0    0     0     4 49591 183989  3  7 90  0  0
34  0      0 389634048      0 412824    0    0     0    40 42223 186591  3  7 90  0  0
27  0      0 389633184      0 412828    0    0     0     4 37224 187393  3  6 90  0  0
31  0      0 389629696      0 412836    0    0     0     8 37122 188557  3  6 90  0  0
30  0      0 389628000      0 413064    0    0     0   784 35889 185134  3  6 90  0  0
37  0      0 389628256      0 413068    0    0     0     0 37384 188461  4  6 90  0  0
 4  0      0 389625440      0 413076    0    0     0     4 37619 189718  3  6 90  0  0
48  0      0 389621696      0 413084    0    0     0    40 37567 189977  3  6 90  0  0
procs -----------memory---------- ---swap-- -----io---- -system-- ------cpu-----
 r  b   swpd   free   buff  cache   si   so    bi    bo   in   cs us sy id wa st
38  0      0 389618912      0 413092    0    0     0     4 37435 190076  3  6 90  0  0
40  0      0 389617824      0 413164    0    0     0     8 37672 189912  3  7 90  0  0
33  0      0 389617696      0 413176    0    0     0     0 37520 189599  3  6 90  0  0
22  0      0 389617920      0 413184    0    0     0     0 37185 189743  3  6 90  0  0
35  0      0 389616736      0 413188    0    0     0     4 37272 189708  3  6 90  0  0
22  0      0 389614816      0 413196    0    0     0    60 36702 189785  3  6 90  0  0
29  0      0 389617216      0 413232    0    0     0     8 37116 190157  3  6 90  0  0
44  0      0 389614816      0 413244    0    0     0    72 35647 185766  3  6 90  0  0
19  0      0 389612544      0 413248    0    0     0     8 37047 187839  3  6 90  0  0
38  0      0 389610272      0 413256    0    0     0     0 36771 190027  3  6 90  0  0
44  0      0 389607840      0 413260    0    0     0     4 37320 188980  3  6 90  0  0
17  0      0 389606112      0 413268    0    0     0    40 37302 189730  4  6 90  0  0
22  0      0 389602784      0 413276    0    0     0     4 38276 189396  3  6 90  0  0
24  0      0 389600480      0 413280    0    0     0     0 37496 190558  3  6 90  0  0
40  0      0 389597088      0 413288    0    0     0     4 37065 190303  3  6 90  0  0
35  0      0 389595392      0 413300    0    0     0    12 37933 189033  3  6 90  0  0
45  0      0 389594016      0 413308    0    0     0   108 38438 190480  3  6 90  0  0
36  0      0 389592864      0 413384    0    0     0    68 37099 190402  3  6 90  0  0
38  0      0 389589440      0 413392    0    0     0     4 38117 189531  3  6 90  0  0
44  0      0 389586912      0 413400    0    0     0     8 38145 190359  3  6 90  0  0
38  0      0 389583168      0 413404    0    0     0     0 37834 188899  4  6 90  0  0
procs -----------memory---------- ---swap-- -----io---- -system-- ------cpu-----
 r  b   swpd   free   buff  cache   si   so    bi    bo   in   cs us sy id wa st
40  0      0 389580192      0 413480    0    0     0     0 37905 189703  3  6 90  0  0
16  0      0 389579488      0 413484    0    0     0     8 40695 188101  3  6 90  0  0
37  0      0 389575936      0 413496    0    0     0    44 37092 190376  3  6 90  0  0
22  0      0 389573536      0 413500    0    0     0     4 37659 190609  3  6 90  0  0
31  0      0 389569856      0 413508    0    0     0     0 36842 189645  3  6 90  0  0
36  0      0 389568192      0 413512    0    0     0     8 37438 190115  3  6 90  0  0
24  0      0 389564896      0 413520    0    0     0    72 37537 189692  3  6 90  0  0
26  0      0 389560800      0 413528    0    0     0     4 37158 189078  3  6 90  0  0
31  0      0 389557952      0 413528    0    0     0    40 36180 188403  3  6 90  0  0
41  0      0 389556960      0 413528    0    0     0     4 37597 190463  3  6 90  0  0
45  0      0 389553376      0 413596    0    0     0     0 37562 191588  3  6 90  0  0
33  0      0 389550080      0 413596    0    0     0     8 37986 189820  3  6 90  0  0
44  0      0 389547584      0 413596    0    0     0     0 39531 187797  3  6 90  0  0
47  0      0 389543680      0 413596    0    0     0     4 40326 185589  3  6 90  0  0
27  0      0 389540864      0 413596    0    0     0    44 35694 183570  4  6 90  0  0
25  0      0 389536576      0 413596    0    0     0    96 35839 187066  3  6 90  0  0
29  0      0 389533920      0 413596    0    0     0     0 37148 189857  3  6 90  0  0
46  0      0 389530112      0 413660    0    0     0     4 36985 188877  3  6 90  0  0
34  0      0 389528672      0 413672    0    0     0     0 37223 189353  3  6 90  0  0
32  0      0 389524800      0 413676    0    0     0     4 35453 185874  3  6 90  0  0
18  0      0 389521280      0 413684    0    0     0    40 35218 183804  3  6 90  0  0
procs -----------memory---------- ---swap-- -----io---- -system-- ------cpu-----
 r  b   swpd   free   buff  cache   si   so    bi    bo   in   cs us sy id wa st
41  0      0 389518464      0 413688    0    0     0     4 35329 185774  3  6 90  0  0
36  0      0 389516032      0 413696    0    0     0     8 36590 188261  3  6 90  0  0
40  0      0 389512736      0 413704    0    0     0     0 37326 189462  3  6 90  0  0
50  0      0 389508928      0 413712    0    0     0     0 38050 190180  3  6 90  0  0
48  0      0 389505664      0 413720    0    0     0   264 37274 189353  3  6 90  0  0
37  0      0 389501728      0 413728    0    0     0   128 37352 189012  3  6 90  0  0
27  0      0 389500864      0 413808    0    0     0     8 37321 189251  3  6 90  0  0
 0  0      0 389472928      0 414096    0    0    76     0 16443 76009  3  3 95  0  0
 0  0      0 389836096      0 413932    0    0    32     8  544  654  0  0 100  0  0
 0  0      0 389838048      0 414444    0    0     0     0  538  384  0  0 100  0  0
 0  0      0 389838048      0 414444    0    0     0     4  151  218  0  0 100  0  0
 0  0      0 389838048      0 414444    0    0     0    44  156  218  0  0 100  0  0
 0  0      0 389838048      0 414444    0    0     0     8  240  366  0  0 100  0  0
 0  0      0 389838048      0 414444    0    0     0     0  143  212  0  0 100  0  0
 0  0      0 389838304      0 414444    0    0     0   532  169  232  0  0 100  0  0
 0  0      0 389838304      0 414444    0    0     0     0  167  230  0  0 100  0  0
 0  0      0 389838816      0 414444    0    0     0     4  277  409  0  0 100  0  0
 0  0      0 389838464      0 414552    0    0     0    40  201  283  0  0 100  0  0
 0  0      0 389838464      0 414560    0    0     0     4  170  216  0  0 100  0  0
 0  0      0 389838976      0 414564    0    0     0     4  465  433  0  0 100  0  0
 0  0      0 389839232      0 414572    0    0     0     0  231  341  0  0 100  0  0
procs -----------memory---------- ---swap-- -----io---- -system-- ------cpu-----
 r  b   swpd   free   buff  cache   si   so    bi    bo   in   cs us sy id wa st
 0  0      0 389839232      0 414580    0    0     0     0  148  207  0  0 100  0  0
 0  0      0 389839232      0 414588    0    0     0     4  178  216  0  0 100  0  0
 0  0      0 389839232      0 414592    0    0     0    40  137  204  0  0 100  0  0
 0  0      0 389839232      0 414600    0    0     0    92  233  348  0  0 100  0  0
 0  0      0 389839232      0 414612    0    0     0     8  152  210  0  0 100  0  0
 0  0      0 389839488      0 414616    0    0     0     0  195  216  0  0 100  0  0
 0  0      0 389839488      0 414624    0    0     0     0  174  219  0  0 100  0  0
 0  0      0 389839488      0 414628    0    0     0     8  248  359  0  0 100  0  0
 0  0      0 389839232      0 414764    0    0     0    44  346  299  0  0 100  0  0
 0  0      0 389839328      0 414764    0    0     0     4  160  212  0  0 100  0  0
 0  0      0 389839328      0 414764    0    0     0     0  144  208  0  0 100  0  0
 0  0      0 389839840      0 414764    0    0     0     8  243  358  0  0 100  0  0
 0  0      0 389840320      0 414764    0    0     0     0  145  208  0  0 100  0  0
 0  0      0 389840576      0 414764    0    0     0    52  202  243  0  0 100  0  0
 0  0      0 389840576      0 414764    0    0     0   124  183  240  0  0 100  0  0
 0  0      0 389841344      0 414764    0    0     0     4  236  350  0  0 100  0  0
 0  0      0 389842880      0 414764    0    0     0     0  638  533  0  0 100  0  0
 1  0      0 389820448      0 414764    0    0     0     8  667 1166  0  0 100  0  0
 2  0      0 389824736      0 414944    0    0     0     0 3728 4916  3  0 96  0  0
 3  0      0 389803840      0 415116    0    0     0   408 3158 3507  3  0 97  0  0
 0  0      0 389796032      0 415124    0    0     0    44  619  612  0  0 100  0  0
procs -----------memory---------- ---swap-- -----io---- -system-- ------cpu-----
 r  b   swpd   free   buff  cache   si   so    bi    bo   in   cs us sy id wa st
26  0      0 389759008      0 415228    0    0   240     4 21374 101629  6  3 91  0  0
28  0      0 389752256      0 415448    0    0     0     4 32798 166002  6  5 88  0  0
28  0      0 389751904      0 415452    0    0     0    76 32798 175570  5  6 89  0  0
43  0      0 389752416      0 415464    0    0     0     0 34395 184609  4  6 90  0  0
26  0      0 389758144      0 415468    0    0     0     4 34759 184082  4  6 90  0  0
19  0      0 389755072      0 415480    0    0     0    40 35037 183862  3  6 90  0  0
46  0      0 389754336      0 415488    0    0     0    16 35523 183132  4  6 90  0  0
40  0      0 389754112      0 415560    0    0     0     0 36490 185490  4  6 90  0  0
23  0      0 389752000      0 415568    0    0     0     8 36072 187121  4  6 90  0  0
39  0      0 389751264      0 415572    0    0     0     0 36399 186414  3  6 90  0  0
42  0      0 389749408      0 415580    0    0     0     4 35292 185658  4  6 90  0  0
40  0      0 389743648      0 415588    0    0     0    40 40285 184852  3  6 90  0  0
34  0      0 389741920      0 415596    0    0     0     4 44037 178085  3  7 90  0  0
55  0      0 389737184      0 415600    0    0     0    88 39046 182490  3  6 90  0  0
27  0      0 389734240      0 415608    0    0     0     8 36328 185625  4  6 90  0  0
31  0      0 389732704      0 415616    0    0     0     0 36354 187048  3  6 90  0  0
34  0      0 389733952      0 415620    0    0     0     4 38546 185306  3  6 90  0  0
55  0      0 389737888      0 415628    0    0     0    44 44184 181943  3  7 90  0  0
48  0      0 389739424      0 415700    0    0     0     4 42291 183881  3  6 90  0  0
31  0      0 389736768      0 415700    0    0     0     8 36014 186281  3  6 90  0  0
26  0      0 389735232      0 415700    0    0     0     0 36183 186022  3  6 90  0  0
procs -----------memory---------- ---swap-- -----io---- -system-- ------cpu-----
 r  b   swpd   free   buff  cache   si   so    bi    bo   in   cs us sy id wa st
38  0      0 389735008      0 415700    0    0     0     0 36421 186745  3  6 90  0  0
31  0      0 389733824      0 415700    0    0     0   196 36046 185143  3  6 90  0  0
23  0      0 389732544      0 415700    0    0     0    64 41016 183856  3  6 90  0  0
44  0      0 389731776      0 415700    0    0     0     4 36895 187502  3  6 90  0  0
39  0      0 389732384      0 415700    0    0     0     4 44468 184068  4  6 90  0  0
55  0      0 389735328      0 415700    0    0     0     0 47764 181223  3  7 90  0  0
21  0      0 389740832      0 416236    0    0     0    12 43598 184549  3  7 90  0  0
32  0      0 389737856      0 416308    0    0     0     4 36030 188053  3  6 90  0  0
40  0      0 389736256      0 416312    0    0     4   240 36323 186093  3  6 90  0  0
40  0      0 389734592      0 416320    0    0     0     4 35596 187688  3  6 90  0  0
31  0      0 389733344      0 416328    0    0     0     0 36205 187550  3  6 90  0  0
37  0      0 389734080      0 416236    0    0     0     8 40996 180350  3  7 90  0  0
28  0      0 389732992      0 416244    0    0     0   548 44789 181979  3  7 90  0  0
38  0      0 389729056      0 416252    0    0     0   108 35677 187202  3  6 90  0  0
38  0      0 389727104      0 416264    0    0     0    44 35381 188622  3  6 90  0  0
 0  0      0 389716928      0 416496    0    0    16     4 12250 61246  2  2 96  0  0
 0  0      0 389711904      0 416340    0    0     0     0  822  873  0  0 100  0  0
 0  0      0 389813504      0 416216    0    0     0     8  616  682  0  0 100  0  0
 0  0      0 389813760      0 416220    0    0     0     0  571  494  0  0 100  0  0
