procs -----------memory---------- ---swap-- -----io---- -system-- ------cpu-----
 r  b   swpd   free   buff  cache   si   so    bi    bo   in   cs us sy id wa st
 5  0      0 390808576      0 295208    0    0     1     1    0    0  0  0 100  0  0
 4  0      0 390736960      0 355716    0    0 61448     0 9525 7875  5  0 94  1  0
 1  0      0 390657696      0 362196    0    0  5752   708 9923 7461  3  1 96  0  0
 4  0      0 390636736      0 364816    0    0  3232    16 10195 4766  5  1 95  0  0
 3  0      0 390654784      0 376840    0    0 13956    16 5830 7100  4  0 96  0  0
 4  0      0 390618560      0 389516    0    0 12296    32 3641 4682  2  0 97  0  0
 0  0      0 390589440      0 392484    0    0  3900     4 2532 2519  2  0 98  0  0
 5  0      0 390542560      0 393956    0    0  1560     0 3117 7027  2  0 98  0  0
53  0      0 390521408      0 395228    0    0   916    12 9493 68083  6  1 93  0  0
48  0      0 390478912      0 395324    0    0   584     4 9821 25095  7  1 93  0  0
64  0      0 390476320      0 396204    0    0   368     4 11802 28472  7  1 92  0  0
48  0      0 390474560      0 396228    0    0    16    44 10847 29424  7  1 92  0  0
51  0      0 390473728      0 396292    0    0    56   300 10902 31013  6  1 93  0  0
50  0      0 390471008      0 396488    0    0    60    16 11924 34922  7  1 92  0  0
39  0      0 390448832      0 396704    0    0     0     0 12249 34115  6  1 93  0  0
62  0      0 390448096      0 396712    0    0     0    44 12285 59835  6  1 93  0  0
38  0      0 390447328      0 396724    0    0     0     4 12293 36594  6  1 93  0  0
40  0      0 390446080      0 396728    0    0    16    40 12745 37687  6  1 93  0  0
33  0      0 390439008      0 396740    0    0     0     4 12827 38401  6  1 93  0  0
50  0      0 390440032      0 396744    0    0     0     0 13180 40787  6  1 93  0  0
65  0      0 390439552      0 396756    0    0     0    16 13493 42255  6  1 93  0  0
procs -----------memory---------- ---swap-- -----io---- -system-- ------cpu-----
 r  b   swpd   free   buff  cache   si   so    bi    bo   in   cs us sy id wa st
63  0      0 390434272      0 396760    0    0     0     0 13743 42873  6  1 93  0  0
71  0      0 390434752      0 396772    0    0     0     8 14301 45631  6  1 93  0  0
53  0      0 390432992      0 396848    0    0     0    40 14687 46081  6  1 93  0  0
63  0      0 390432512      0 396860    0    0     0     4 14254 88853  6  2 93  0  0
53  0      0 390432256      0 396868    0    0     0     0 13990 45869  6  1 93  0  0
49  0      0 390431744      0 396876    0    0     0    16 14164 48001  6  2 93  0  0
47  0      0 390430240      0 396884    0    0     4    12 14136 48232  6  2 93  0  0
52  0      0 390429216      0 396892    0    0     4    36 14662 50798  6  2 93  0  0
44  0      0 390429472      0 396904    0    0     0    52 15112 52813  5  2 93  0  0
48  0      0 390429760      0 396908    0    0     0     4 15107 67208  5  2 93  0  0
44  0      0 390429504      0 396920    0    0     0    20 15224 54381  5  2 93  0  0
53  0      0 390430016      0 396928    0    0     0   476 15958 56824  5  2 93  0  0
46  0      0 390430496      0 397004    0    0     0   284 16447 60760  5  2 93  0  0
43  0      0 390430272      0 396980    0    0     0   292 16491 60284  5  2 93  0  0
41  0      0 390429760      0 396956    0    0     0    40 16867 62459  5  2 93  0  0
54  0      0 390429280      0 396964    0    0     0     4 16708 62214  5  2 93  0  0
42  0      0 390426496      0 396972    0    0     0     0 17458 65637  5  2 93  0  0
58  0      0 390421248      0 396980    0    0    52   320 17616 66252  5  2 93  0  0
60  0      0 390415456      0 396988    0    0     0     4 18211 69065  5  2 93  0  0
69  0      0 390415968      0 396996    0    0     0     4 18247 145826  5  2 93  0  0
59  0      0 390411840      0 397008    0    0     0    44 19488 80376  5  3 92  0  0
procs -----------memory---------- ---swap-- -----io---- -system-- ------cpu-----
 r  b   swpd   free   buff  cache   si   so    bi    bo   in   cs us sy id wa st
45  0      0 390410560      0 397012    0    0     0     4 19280 78396  5  2 92  0  0
64  0      0 390409696      0 399524    0    0     4     4 20093 196686  5  3 92  0  0
61  0      0 390402400      0 399528    0    0     0    16 18487 619283  4  3 93  0  0
72  0      0 390400384      0 399540    0    0     0     0 19854 262914  5  3 92  0  0
55  0      0 390399872      0 399544    0    0     0     4 20924 110525  5  3 92  0  0
74  0      0 390381504      0 399556    0    0     0    40 18865 613847  4  3 93  0  0
49  0      0 390380736      0 399568    0    0     0     8 19198 455852  5  3 93  0  0
52  0      0 390379776      0 399576    0    0     0     0 18879 514163  5  3 93  0  0
59  0      0 390380608      0 399584    0    0     0    16 19655 415009  5  3 93  0  0
65  0      0 390380128      0 399592    0    0     0     0 18302 633262  4  3 93  0  0
56  0      0 390380672      0 399600    0    0     0     8 19588 591198  4  3 93  0  0
62  0      0 390379456      0 399608    0    0     0    40 20006 134775  5  3 92  0  0
57  0      0 390379264      0 399616    0    0     0     4 19519 809321  4  3 93  0  0
45  0      0 390380544      0 399696    0    0     0    16 20158 422993  5  3 93  0  0
43  0      0 390379264      0 399704    0    0     0     0 19521 665830  4  3 93  0  0
60  0      0 390379328      0 399712    0    0     0     4 19717 944649  4  3 93  0  0
48  0      0 390379520      0 399720    0    0     0     4 18990 529021  5  3 93  0  0
56  0      0 390379040      0 399728    0    0     0    56 19978 328207  5  3 92  0  0
55  0      0 390379392      0 399736    0    0     0     4 20185 586241  5  3 93  0  0
58  0      0 390376448      0 399744    0    0     0     0 19527 486001  5  3 93  0  0
55  0      0 390378464      0 399756    0    0    20    16 20644 439330  5  3 92  0  0
procs -----------memory---------- ---swap-- -----io---- -system-- ------cpu-----
 r  b   swpd   free   buff  cache   si   so    bi    bo   in   cs us sy id wa st
40  0      0 390370944      0 399832    0    0     0    60 20748 283137  5  3 92  0  0
41  0      0 390371168      0 399844    0    0     0   160 20608 354924  5  3 92  0  0
67  0      0 390371008      0 399848    0    0     0    40 19531 960169  4  3 93  0  0
63  0      0 390373120      0 399860    0    0     0     4 20828 461969  5  3 92  0  0
55  0      0 390372480      0 399864    0    0     0     0 20307 744042  4  3 93  0  0
88  0      0 390373536      0 399876    0    0     0    16 20139 490279  5  3 92  0  0
58  0      0 390374560      0 399880    0    0     0    12 19414 901304  4  3 93  0  0
73  0      0 390374336      0 399892    0    0     0     4 20776 465916  5  3 92  0  0
61  0      0 390374944      0 399900    0    0     0    44 19836 418167  5  3 93  0  0
50  0      0 390374752      0 399908    0    0     0     4 20553 577960  5  3 92  0  0
39  0      0 390375488      0 399988    0    0     0    16 20837 235245  5  3 92  0  0
62  0      0 390373024      0 399996    0    0     0   728 20420 660014  4  3 93  0  0
54  0      0 390371904      0 400004    0    0     0     0 20371 563642  5  3 92  0  0
38  0      0 390372032      0 400012    0    0     0     4 20455 369783  5  3 92  0  0
44  0      0 390372192      0 400020    0    0     0    40 19318 388959  5  3 93  0  0
74  0      0 390369408      0 400028    0    0     0     4 20598 688810  4  3 93  0  0
62  0      0 390366720      0 400036    0    0     0     0 20718 466222  5  3 93  0  0
39  0      0 390362624      0 400048    0    0     0    16 20049 491896  4  3 92  0  0
46  0      0 390362272      0 400052    0    0     0     0 20243 701748  4  3 92  0  0
57  0      0 390361600      0 400064    0    0     0     4 20982 362258  5  3 92  0  0
66  0      0 390361024      0 400072    0    0     0    40 21618 152095  5  3 92  0  0
procs -----------memory---------- ---swap-- -----io---- -system-- ------cpu-----
 r  b   swpd   free   buff  cache   si   so    bi    bo   in   cs us sy id wa st
72  0      0 390360768      0 400080    0    0     0     4 20897 270388  5  3 92  0  0
46  0      0 390361088      0 400088    0    0     0     0 20585 578682  4  3 92  0  0
46  0      0 390361120      0 400168    0    0     0    20 21327 264613  5  3 92  0  0
59  0      0 390360608      0 400180    0    0     0     0 19505 654716  4  3 92  0  0
68  0      0 390366464      0 400184    0    0     0     4 20600 218810  5  3 92  0  0
58  0      0 390366144      0 400196    0    0     0    56 21153 253423  5  3 92  0  0
52  0      0 390365408      0 400200    0    0     0     8 20376 765454  4  3 93  0  0
65  0      0 390364672      0 400212    0    0     0     0 20318 341823  5  3 92  0  0
49  0      0 390364160      0 400216    0    0     0    16 20163 404246  5  3 92  0  0
40  0      0 390364544      0 400296    0    0     0   164 22206 279972  5  3 92  0  0
50  0      0 390364096      0 400300    0    0     0    40 22013 177471  5  3 92  0  0
47  0      0 390364416      0 400312    0    0     0    40 21511 270153  5  3 92  0  0
48  0      0 390364032      0 400320    0    0     0     4 21088 439987  4  3 92  0  0
45  0      0 390364480      0 400328    0    0     0    16 20662 446537  5  3 92  0  0
53  0      0 390363968      0 400336    0    0     0     0 19410 413489  5  3 93  0  0
50  0      0 390363072      0 400348    0    0     0    12 21525 368239  5  3 92  0  0
46  0      0 390362432      0 400356    0    0     0     8 21623 200895  5  3 92  0  0
50  0      0 390362432      0 400364    0    0     0    40 20090 355189  5  3 92  0  0
47  0      0 390361952      0 400372    0    0     0     4 21564 437506  5  3 92  0  0
66  0      0 390367328      0 400892    0    0     0     0 21538 511904  5  3 92  0  0
58  0      0 390366368      0 400896    0    0     0    16 20029 1181541  4  3 93  0  0
procs -----------memory---------- ---swap-- -----io---- -system-- ------cpu-----
 r  b   swpd   free   buff  cache   si   so    bi    bo   in   cs us sy id wa st
 4  0      0 390365888      0 400908    0    0     0     0 18305 1308050  4  3 93  0  0
47  0      0 390364992      0 400912    0    0     0     4 21634 383483  5  3 92  0  0
86  0      0 390366240      0 400924    0    0     0    44 21580 498057  5  3 92  0  0
47  0      0 390365856      0 400928    0    0     0     4 21549 654094  4  3 92  0  0
49  0      0 390365344      0 400940    0    0     0     0 19992 1186800  4  4 93  0  0
76  0      0 390365600      0 400948    0    0     0    16 21028 716049  4  3 92  0  0
56  0      0 390365184      0 400956    0    0     0     0 19158 761325  4  3 93  0  0
48  0      0 390364960      0 400968    0    0     0     4 20680 624774  4  3 92  0  0
23  0      0 390364704      0 400972    0    0     0    40 20420 625049  5  3 92  0  0
51  0      0 390364224      0 400984    0    0     0   676 20899 465492  5  3 92  0  0
51  0      0 390364480      0 400988    0    0     0    16 21229 524682  5  3 92  0  0
52  0      0 390363776      0 401000    0    0     0     0 21044 651303  4  3 92  0  0
84  0      0 390363296      0 401004    0    0     0     0 20785 1163918  4  4 93  0  0
55  0      0 390362784      0 401084    0    0     0     4 21999 550130  4  3 92  0  0
52  0      0 390361792      0 401092    0    0     0    44 22786 451576  5  3 92  0  0
22  0      0 390361024      0 401100    0    0     0    20 20132 538104  5  3 92  0  0
56  0      0 390359360      0 401108    0    0     0    16 20307 158043  5  3 92  0  0
60  0      0 390358656      0 401116    0    0     0     0 21571 457610  4  3 92  0  0
45  0      0 390358656      0 401192    0    0     0    20 22210 683971  4  3 92  0  0
47  0      0 390357440      0 401200    0    0     0     8 21761 680563  4  4 92  0  0
40  0      0 390356960      0 401208    0    0     0    40 19106 244411  5  3 92  0  0
procs -----------memory---------- ---swap-- -----io---- -system-- ------cpu-----
 r  b   swpd   free   buff  cache   si   so    bi    bo   in   cs us sy id wa st
56  0      0 390356448      0 401216    0    0     0     4 20614 536291  4  3 92  0  0
56  0      0 390355744      0 401224    0    0     0     0 23265 253498  5  3 92  0  0
48  0      0 390354272      0 401236    0    0     0    16 20819 316195  5  3 92  0  0
57  0      0 390354272      0 401244    0    0     0     0 20759 692213  4  4 92  0  0
50  0      0 390354784      0 401256    0    0     0    12 21635 540330  4  3 92  0  0
60  0      0 390354688      0 401260    0    0     0    40 24548 390426  4  4 92  0  0
57  0      0 390353696      0 401272    0    0     0     8 21836 743772  4  4 92  0  0
 3  0      0 390326784      0 401376    0    0    36     0 20224 299530  5  3 92  0  0
 2  0      0 390561408      0 401512    0    0    36    16 2589  819  3  0 97  0  0
 2  0      0 390561152      0 401520    0    0     0    52 2278  531  3  0 97  0  0
 2  0      0 390560384      0 401528    0    0     0     4 2224  311  3  0 97  0  0
 2  0      0 390560928      0 401540    0    0   240    92 2345  442  3  0 97  0  0
 2  0      0 390560928      0 401544    0    0     0     4 2289  490  3  0 97  0  0
 2  0      0 390560160      0 401556    0    0     0    24 2241  459  3  0 97  0  0
 0  0      0 390559424      0 401672    0    0     0     0 1826  632  2  0 98  0  0
 0  0      0 390559424      0 401684    0    0     0     0  171  212  0  0 100  0  0
 0  0      0 390559424      0 401692    0    0     0   120  286  452  0  0 100  0  0
 0  0      0 390559200      0 401768    0    0     0    40  525  442  0  0 100  0  0
 0  0      0 390559200      0 401776    0    0     0     4  184  233  0  0 100  0  0
 0  0      0 390559200      0 401784    0    0     0     0  203  226  0  0 100  0  0
 0  0      0 390559200      0 401792    0    0     0    16  232  346  0  0 100  0  0
procs -----------memory---------- ---swap-- -----io---- -system-- ------cpu-----
 r  b   swpd   free   buff  cache   si   so    bi    bo   in   cs us sy id wa st
 0  0      0 390559456      0 401800    0    0     0     0  186  218  0  0 100  0  0
 0  0      0 390559936      0 401808    0    0     0     4  229  227  0  0 100  0  0
 0  0      0 390560960      0 401816    0    0     0    40  200  233  0  0 100  0  0
 0  0      0 390561216      0 401824    0    0     0     4  256  370  0  0 100  0  0
 0  0      0 390561472      0 401840    0    0     0    12  205  241  0  0 100  0  0
 0  0      0 390561472      0 401844    0    0     0    16  177  230  0  0 100  0  0
 0  0      0 390562208      0 401872    0    0     0   332  446  369  0  0 100  0  0
 0  0      0 390562208      0 401876    0    0     0    20  257  368  0  0 100  0  0
 0  0      0 390562464      0 401888    0    0     0   328  223  244  0  0 100  0  0
 0  0      0 390562464      0 401892    0    0     0     4  188  231  0  0 100  0  0
 0  0      0 390563232      0 401904    0    0     0     0  173  218  0  0 100  0  0
 0  0      0 390563520      0 401912    0    0     0    16  223  354  0  0 100  0  0
 0  0      0 390563520      0 401920    0    0     0     0  164  216  0  0 100  0  0
 0  0      0 390563776      0 401928    0    0     0     4  176  236  0  0 100  0  0
 0  0      0 390564256      0 401988    0    0     0    40  169  230  0  0 100  0  0
 0  0      0 390564512      0 401996    0    0     0     4  235  358  0  0 100  0  0
 0  0      0 390570656      0 402524    0    0     0    16  784  897  0  0 100  0  0
 0  0      0 390570656      0 402536    0    0     0     0  148  214  0  0 100  0  0
 1  0      0 390576480      0 402572    0    0     0     0 2762 3776  2  0 97  0  0
 2  0      0 390505408      0 402684    0    0     4   436 2970 4291  3  0 97  0  0
 0  0      0 390469664      0 402692    0    0     0    44 1983 1659  2  0 98  0  0
procs -----------memory---------- ---swap-- -----io---- -system-- ------cpu-----
 r  b   swpd   free   buff  cache   si   so    bi    bo   in   cs us sy id wa st
69  0      0 390464672      0 402800    0    0    16     8 7265 655119  2  1 97  0  0
50  0      0 390459488      0 402812    0    0     0     0 23482 687692  5  4 91  0  0
35  0      0 390458784      0 402820    0    0     0    16 25417 940054  5  4 90  0  0
46  0      0 390456512      0 402828    0    0     0     0 25521 714021  4  5 91  0  0
68  0      0 390458624      0 402836    0    0     0     4 26810 1460732  3  5 92  0  0
46  0      0 390458144      0 402912    0    0     0    40 28568 565902  4  5 91  0  0
59  0      0 390459072      0 402932    0    0     0    12 27985 1016213  4  5 91  0  0
16  0      0 390458400      0 402936    0    0     0     0 27310 1122147  3  5 92  0  0
18  0      0 390457728      0 402948    0    0     0    16 25857 1353756  3  5 92  0  0
58  0      0 390457984      0 402952    0    0     0     4 26370 1500120  3  5 92  0  0
39  0      0 390457792      0 402964    0    0     0     4 27390 1529029  3  5 92  0  0
39  0      0 390457696      0 402968    0    0     0    40 28223 1222756  3  5 92  0  0
38  0      0 390459232      0 402980    0    0     0     4 28308 1025327  3  5 92  0  0
57  0      0 390459488      0 402984    0    0     0    32 26656 1273529  3  5 92  0  0
47  0      0 390461248      0 402996    0    0     0     0 25968 1115128  3  5 92  0  0
51  0      0 390462880      0 403072    0    0     0    40 26338 1079854  3  5 92  0  0
43  0      0 390464160      0 403080    0    0     0    28 26448 1170918  3  5 92  0  0
38  0      0 390463680      0 403088    0    0     0    44 24034 2131593  2  5 92  0  0
35  0      0 390462048      0 403096    0    0     0     4 24827 1014141  3  5 92  0  0
58  0      0 390461920      0 403104    0    0     0     0 25829 1207354  3  5 92  0  0
56  0      0 390462688      0 403112    0    0     0    16 25712 1379401  3  5 92  0  0
procs -----------memory---------- ---swap-- -----io---- -system-- ------cpu-----
 r  b   swpd   free   buff  cache   si   so    bi    bo   in   cs us sy id wa st
50  0      0 390463328      0 403120    0    0     0     0 25110 1209330  3  5 92  0  0
21  0      0 390463968      0 403132    0    0     0     4 25804 1225265  3  5 92  0  0
80  0      0 390464064      0 403140    0    0     0    40 24474 1640612  3  5 92  0  0
52  0      0 390465024      0 403148    0    0     0     4 25572 1014416  3  5 92  0  0
10  0      0 390466944      0 403156    0    0     0     0 26448 759664  3  5 92  0  0
43  0      0 390467456      0 403164    0    0     0   760 25547 1472052  3  5 92  0  0
62  0      0 390467008      0 403172    0    0     0     0 23756 1766655  3  5 92  0  0
46  0      0 390468576      0 403180    0    0     0     4 26408 912617  3  5 92  0  0
57  0      0 390468192      0 403188    0    0    28   244 26271 1034195  3  5 92  0  0
15  0      0 390469248      0 403196    0    0     0     4 26380 1311780  3  5 92  0  0
54  0      0 390470624      0 403208    0    0     0     0 27887 974615  3  5 92  0  0
70  0      0 390473024      0 403212    0    0     0    16 25398 1473946  3  5 92  0  0
11  0      0 390473216      0 403224    0    0     0     0 25381 1122812  3  5 92  0  0
82  0      0 390475264      0 403232    0    0     0   108 23695 1262697  3  5 92  0  0
47  0      0 390476064      0 403384    0    0     0    44 24687 1263324  3  5 92  0  0
 1  0      0 390469408      0 403604    0    0     0     4 21782 717697  3  4 93  0  0
 0  0      0 390530944      0 403288    0    0     4    16  872  852  0  0 99  0  0
 0  0      0 390529952      0 403296    0    0     0     0  670  657  0  0 100  0  0
 0  0      0 390529696      0 403304    0    0    36     0  589  493  0  0 100  0  0
