procs -----------memory---------- ---swap-- -----io---- -system-- ------cpu-----
 r  b   swpd   free   buff  cache   si   so    bi    bo   in   cs us sy id wa st
 5  0      0 391383872      0 296016    0    0     1     1    0    0  0  0 100  0  0
 3  0      0 391277312      0 357208    0    0 61632     0 8862 7525  4  0 95  1  0
 3  0      0 391191424      0 362376    0    0  4856     0 10330 7058  3  1 96  0  0
 4  0      0 391143744      0 366140    0    0  4116    20 10969 5256  5  1 94  0  0
 1  0      0 391147072      0 379076    0    0 14376     4 5764 6921  4  0 96  0  0
 2  0      0 391089376      0 390084    0    0 11916    32 3884 5161  2  0 97  0  0
 0  0      0 391054336      0 392328    0    0  2132     4 1644 1551  1  0 99  0  0
 7  0      0 391019680      0 395600    0    0  2496   864 3973 6645  3  0 97  0  0
 7  0      0 391008064      0 395628    0    0     4     0 8392 20301  6  0 93  0  0
 9  0      0 390948128      0 395636    0    0   188     4 10137 28412  7  1 93  0  0
 8  0      0 390944160      0 395832    0    0     0     4 12722 39662  8  1 92  0  0
 8  0      0 390925760      0 395856    0    0    16    44 14884 54457  7  1 92  0  0
 6  0      0 390925024      0 395984    0    0    48     4 15481 67885  6  1 92  0  0
 7  0      0 390900352      0 395992    0    0     0     8 14574 62996  6  1 92  0  0
 6  0      0 390898624      0 396000    0    0     0    16 16164 75365  6  1 93  0  0
 9  0      0 390891328      0 396008    0    0     0     0 16057 75933  6  2 92  0  0
 7  0      0 390883520      0 396020    0    0     0     4 16453 80393  6  2 93  0  0
 6  0      0 390879296      0 396024    0    0     0    40 17697 86912  6  2 92  0  0
 7  0      0 390878464      0 396036    0    0     0     4 18497 91468  6  2 92  0  0
 7  0      0 390877696      0 396040    0    0     0     0 20188 99415  6  2 92  0  0
 6  0      0 390876288      0 396052    0    0     0    56 21301 104248  6  2 92  0  0
procs -----------memory---------- ---swap-- -----io---- -system-- ------cpu-----
 r  b   swpd   free   buff  cache   si   so    bi    bo   in   cs us sy id wa st
 8  0      0 390875712      0 396056    0    0     0    20 22752 118154  6  2 92  0  0
 7  0      0 390873440      0 398720    0    0     4     4 24369 123458  6  2 92  0  0
 5  0      0 390873408      0 398724    0    0     0    40 18577 109631  6  2 92  0  0
 8  0      0 390875424      0 398736    0    0     0     4 27164 141845  6  3 92  0  0
 8  0      0 390858880      0 398744    0    0     0    16 31124 162394  6  3 91  0  0
10  0      0 390855872      0 398752    0    0     0     0 40876 215728  5  5 90  0  0
 8  0      0 390854208      0 398760    0    0     4    12 39295 227219  5  5 90  0  0
 5  0      0 390859680      0 398768    0    0     4    36 40945 241490  5  5 90  0  0
 7  0      0 390859648      0 398780    0    0     0    44 41552 241109  5  5 90  0  0
 7  0      0 390857920      0 398784    0    0     0     4 43107 228143  5  5 90  0  0
 7  0      0 390860992      0 398796    0    0     0     0 38432 239557  5  5 90  0  0
 6  0      0 390862560      0 398872    0    0     0    20 39365 243475  5  5 90  0  0
 6  0      0 390864640      0 398880    0    0     4   672 40540 242729  5  5 90  0  0
 5  0      0 390871552      0 398888    0    0     0     4 38966 246770  5  5 90  0  0
 5  0      0 390875392      0 398896    0    0     0    40 40722 244710  5  5 90  0  0
 6  0      0 390873536      0 398904    0    0     0     4 39679 249799  5  5 90  0  0
 8  0      0 390878112      0 398912    0    0     0     0 43607 234539  5  5 90  0  0
 8  0      0 390877024      0 398920    0    0    12   324 43626 240878  5  5 90  0  0
 4  0      0 390880864      0 398924    0    0     0     0 42167 235419  5  5 90  0  0
 5  0      0 390881216      0 398924    0    0     0     4 39671 249149  5  5 90  0  0
11  0      0 390881248      0 398924    0    0     0    44 40824 243909  5  5 90  0  0
procs -----------memory---------- ---swap-- -----io---- -system-- ------cpu-----
 r  b   swpd   free   buff  cache   si   so    bi    bo   in   cs us sy id wa st
 7  0      0 390885408      0 398992    0    0     0     4 40085 237811  5  5 90  0  0
 7  0      0 390884544      0 398992    0    0     0     0 41015 244370  5  5 90  0  0
 5  0      0 390884032      0 398992    0    0     0    16 44335 231179  5  5 90  0  0
 5  0      0 390884512      0 398992    0    0     0     0 46168 229548  5  5 90  0  0
 7  0      0 390885984      0 398992    0    0     0     4 40193 239436  5  5 90  0  0
 7  0      0 390885056      0 398992    0    0     0    40 40554 245445  5  5 90  0  0
 7  0      0 390885376      0 398992    0    0     0     8 43959 229028  5  5 90  0  0
 8  0      0 390892096      0 399088    0    0     0    16 44319 234608  5  5 90  0  0
 5  0      0 390892320      0 399096    0    0     0   308 39903 246530  5  5 90  0  0
 8  0      0 390893056      0 399104    0    0     0   344 42704 224906  5  5 90  0  0
 7  0      0 390891488      0 399184    0    0     0     8 42079 236039  5  5 90  0  0
 7  0      0 390892992      0 399160    0    0     4    92 41741 234586  5  5 90  0  0
 5  0      0 390890624      0 399168    0    0     0     4 43828 228748  5  5 90  0  0
 6  0      0 390891520      0 399180    0    0    16     0 44800 229865  5  5 90  0  0
 6  0      0 390891136      0 399188    0    0     0    16 39928 247712  5  5 90  0  0
 6  0      0 390893888      0 399196    0    0     0     0 39675 243319  5  5 90  0  0
 7  0      0 390892448      0 399204    0    0     0     4 40030 239377  5  5 90  0  0
 6  0      0 390893760      0 399212    0    0     0    56 40670 240434  5  5 90  0  0
 7  0      0 390896128      0 399048    0    0     0     8 41964 237359  5  5 90  0  0
 8  0      0 390893632      0 399048    0    0     0     0 37767 219372  5  4 91  0  0
 5  0      0 390892320      0 399120    0    0    20    16 43375 239491  5  5 90  0  0
procs -----------memory---------- ---swap-- -----io---- -system-- ------cpu-----
 r  b   swpd   free   buff  cache   si   so    bi    bo   in   cs us sy id wa st
 8  0      0 390892192      0 399120    0    0     0     0 42575 243287  5  5 90  0  0
 7  0      0 390895776      0 399120    0    0     0     4 43749 220607  5  5 90  0  0
 7  0      0 390893248      0 399120    0    0     0    40 44477 230907  5  5 90  0  0
 7  0      0 390894848      0 399120    0    0     0     4 40039 243735  5  5 90  0  0
 7  0      0 390896544      0 399120    0    0     0    16 42095 235598  5  5 90  0  0
 5  0      0 390896224      0 399120    0    0     0     0 41471 230469  5  5 90  0  0
 8  0      0 390899264      0 399120    0    0     0    12 42888 230776  5  5 90  0  0
 6  0      0 390900576      0 399208    0    0     0     4 45602 223688  5  5 90  0  0
 8  0      0 390901664      0 399216    0    0     0    44 41507 240847  5  5 90  0  0
 7  0      0 390900864      0 399292    0    0     0     4 43587 231819  5  5 90  0  0
 6  0      0 390903424      0 399236    0    0     0   300 44394 229326  5  5 90  0  0
 7  0      0 390903232      0 399244    0    0     0     0 43670 229693  5  5 90  0  0
 7  0      0 390903424      0 399252    0    0     0     0 40978 235452  5  5 90  0  0
 6  0      0 390901728      0 399260    0    0     0     4 40472 239972  5  5 90  0  0
 7  0      0 390899872      0 399268    0    0     0    40 43776 233550  5  5 90  0  0
 7  0      0 390896160      0 399276    0    0     0     4 40056 243348  5  5 90  0  0
 8  0      0 390897920      0 399284    0    0     0     0 44342 227245  5  5 90  0  0
 9  0      0 390898432      0 399296    0    0     0    16 43227 232749  5  5 90  0  0
 7  0      0 390903296      0 399300    0    0     0    92 44390 233544  5  5 90  0  0
 7  0      0 390904928      0 399804    0    0     0    12 41948 239174  5  5 90  0  0
 6  0      0 390902752      0 399804    0    0     0    40 43873 228157  5  5 90  0  0
procs -----------memory---------- ---swap-- -----io---- -system-- ------cpu-----
 r  b   swpd   free   buff  cache   si   so    bi    bo   in   cs us sy id wa st
 7  0      0 390902464      0 399804    0    0     0     4 42158 238248  5  5 90  0  0
 8  0      0 390904384      0 399804    0    0     0     0 40213 228329  5  5 90  0  0
 6  0      0 390901152      0 399804    0    0     0    20 45774 230501  5  5 90  0  0
 7  0      0 390904128      0 399804    0    0     0     0 41172 235843  5  5 90  0  0
 9  0      0 390901056      0 399804    0    0     0     4 39280 233937  5  5 90  0  0
 4  0      0 390898688      0 399804    0    0     0    56 41919 244117  5  5 90  0  0
 9  0      0 390898240      0 399804    0    0     0     8 43807 237804  5  5 90  0  0
 7  0      0 390902592      0 399896    0    0     0    16 40351 242815  5  5 90  0  0
 7  0      0 390902464      0 399968    0    0     0     0 39679 244846  5  5 90  0  0
 7  0      0 390906048      0 399980    0    0     0     0 41160 240033  5  5 90  0  0
 8  0      0 390907040      0 399984    0    0     0     4 40953 242752  5  5 90  0  0
 8  0      0 390911104      0 399996    0    0     0    48 38517 227393  5  5 90  0  0
 6  0      0 390909760      0 400004    0    0     0     0 37425 247943  5  5 90  0  0
 5  0      0 390912064      0 400012    0    0     0     0 40961 239881  5  5 90  0  0
 8  0      0 390909888      0 400020    0    0     0    16 39440 222302  5  4 90  0  0
 7  0      0 390906144      0 400032    0    0     0     0 39325 237614  5  5 90  0  0
 6  0      0 390905792      0 400040    0    0     0    20 42232 236370  5  5 90  0  0
 6  0      0 390909984      0 400048    0    0     0    44 40741 227155  5  5 90  0  0
 6  0      0 390910720      0 400128    0    0     0     0 42702 236060  5  5 90  0  0
 8  0      0 390909920      0 400128    0    0     0     0 44777 227717  5  5 90  0  0
 7  0      0 390909056      0 400128    0    0     0    16 41987 235022  5  5 90  0  0
procs -----------memory---------- ---swap-- -----io---- -system-- ------cpu-----
 r  b   swpd   free   buff  cache   si   so    bi    bo   in   cs us sy id wa st
 6  0      0 390910848      0 400128    0    0     0     0 43726 229809  5  5 90  0  0
 6  0      0 390909856      0 400128    0    0     0     4 42967 231096  5  5 90  0  0
 6  0      0 390908640      0 400128    0    0     0    48 40053 231368  5  5 90  0  0
 5  0      0 390906400      0 400128    0    0     0     0 41942 235508  5  5 90  0  0
 7  0      0 390908192      0 400128    0    0     0     0 44208 233207  5  5 90  0  0
 8  0      0 390907776      0 400128    0    0     0    16 43431 235874  5  5 90  0  0
 7  0      0 390906432      0 400128    0    0     0    40 43376 228956  5  5 90  0  0
 5  0      0 390908448      0 400284    0    0     0   748 41422 229742  5  5 90  0  0
 7  0      0 390909024      0 400288    0    0     0    44 41927 233970  5  5 90  0  0
 5  0      0 390906752      0 400300    0    0     0     0 41515 226938  5  5 90  0  0
 9  0      0 390903648      0 400304    0    0     0    16 41611 239762  5  5 90  0  0
 8  0      0 390900512      0 400316    0    0     0     0 45463 230531  5  5 90  0  0
 8  0      0 390901376      0 400320    0    0     0     0 41656 231266  5  5 90  0  0
 7  0      0 390900864      0 400332    0    0     0     4 44607 228235  5  5 90  0  0
 6  0      0 390900352      0 400340    0    0     0    48 41957 224952  5  5 90  0  0
 7  0      0 390897952      0 400348    0    0     0    12 38948 245135  5  5 90  0  0
 8  0      0 390895168      0 400356    0    0     0     0 39213 244688  5  5 90  0  0
 5  0      0 390893504      0 400432    0    0     0    16 42538 231329  5  5 90  0  0
 6  0      0 390896704      0 400440    0    0     0     0 45626 225241  5  5 90  0  0
 9  0      0 390894272      0 400448    0    0     0     4 42968 238502  5  5 90  0  0
 8  0      0 390893568      0 400456    0    0     0    44 45542 227021  5  5 90  0  0
procs -----------memory---------- ---swap-- -----io---- -system-- ------cpu-----
 r  b   swpd   free   buff  cache   si   so    bi    bo   in   cs us sy id wa st
 8  0      0 390890016      0 400464    0    0     0     0 41910 235354  5  5 90  0  0
 8  0      0 390888832      0 400472    0    0     0     0 42835 239396  5  5 90  0  0
 6  0      0 390886528      0 400484    0    0     0    16 40781 242745  5  5 90  0  0
 6  0      0 390887328      0 400492    0    0     0     0 48671 224020  5  5 90  0  0
 9  0      0 390884672      0 400504    0    0     0    12 39539 243659  5  5 90  0  0
 7  0      0 390885376      0 400508    0    0     0    48 41217 235693  5  5 90  0  0
 9  0      0 390880736      0 400588    0    0     0     0 45438 228147  5  5 90  0  0
 0  0      0 390864608      0 400836    0    0    36    16 28191 142011  4  3 93  0  0
 0  0      0 391198144      0 400672    0    0    36     0  398  478  0  0 100  0  0
 0  0      0 391197888      0 400672    0    0     0     0  242  255  0  0 100  0  0
 0  0      0 391198144      0 400672    0    0     0     4  200  240  0  0 100  0  0
 0  0      0 391198656      0 400672    0    0     0    48  269  386  0  0 100  0  0
 0  0      0 391199168      0 400672    0    0     0     4  232  276  0  0 100  0  0
 0  0      0 391199328      0 400672    0    0     0     0  187  228  0  0 100  0  0
 0  0      0 391199328      0 400672    0    0     0    20  204  246  0  0 100  0  0
 0  0      0 391199840      0 400672    0    0     0    44  253  372  0  0 100  0  0
 0  0      0 391198816      0 401172    0    0     0     8  497  430  0  0 100  0  0
 0  0      0 391198816      0 401172    0    0     0    44  175  242  0  0 100  0  0
 0  0      0 391198816      0 401172    0    0     0     0  158  222  0  0 100  0  0
 0  0      0 391199744      0 401276    0    0     0     0  237  370  0  0 100  0  0
 0  0      0 391199488      0 401284    0    0     0    16  179  238  0  0 100  0  0
procs -----------memory---------- ---swap-- -----io---- -system-- ------cpu-----
 r  b   swpd   free   buff  cache   si   so    bi    bo   in   cs us sy id wa st
 0  0      0 391199744      0 401292    0    0     0     0  198  242  0  0 100  0  0
 0  0      0 391199744      0 401300    0    0     0     4  231  248  0  0 100  0  0
 0  0      0 391199744      0 401308    0    0     0    44  226  362  0  0 100  0  0
 0  0      0 391199744      0 401316    0    0     0     0  179  246  0  0 100  0  0
 0  0      0 391200000      0 401332    0    0     0    12  207  244  0  0 100  0  0
 0  0      0 391200000      0 401404    0    0     0   680  499  442  0  0 100  0  0
 0  0      0 391200000      0 401416    0    0     0     0  232  352  0  0 100  0  0
 0  0      0 391200000      0 401420    0    0     0     8  158  226  0  0 100  0  0
 0  0      0 391200000      0 401432    0    0     0    48  184  242  0  0 100  0  0
 0  0      0 391199552      0 401436    0    0     0     0  177  238  0  0 100  0  0
 0  0      0 391200064      0 401448    0    0     0    16  265  386  0  0 100  0  0
 0  0      0 391200320      0 401456    0    0     0     0  187  236  0  0 100  0  0
 0  0      0 391200320      0 401464    0    0     0     0  198  236  0  0 100  0  0
 0  0      0 391200320      0 401472    0    0     0     4  183  242  0  0 100  0  0
 0  0      0 391200576      0 401480    0    0     0    44  234  360  0  0 100  0  0
 0  0      0 391200320      0 401560    0    0     0     0  317  284  0  0 100  0  0
 0  0      0 391200832      0 401568    0    0     0     0  233  272  0  0 100  0  0
 0  0      0 391200832      0 401580    0    0     0    16  173  239  0  0 100  0  0
 2  0      0 391169088      0 402248    0    0   680     0 3470 4792  3  0 97  0  0
 2  0      0 391102656      0 402228    0    0    28   396 3020 4048  3  0 97  0  0
 0  0      0 391084800      0 402432    0    0     0    48 1471 1108  1  0 99  0  0
procs -----------memory---------- ---swap-- -----io---- -system-- ------cpu-----
 r  b   swpd   free   buff  cache   si   so    bi    bo   in   cs us sy id wa st
10  0      0 391098368      0 402540    0    0     0     0 17803 73379  4  1 94  0  0
 6  0      0 391096032      0 402552    0    0     0     0 52717 235017  7  5 88  0  0
 8  0      0 391092256      0 402560    0    0     0    16 54697 226206  7  5 88  0  0
 7  0      0 391090112      0 402568    0    0     0   104 49795 224106  5  5 90  0  0
 5  0      0 391089440      0 402644    0    0     0    32 45150 231376  6  5 89  0  0
 8  0      0 391086528      0 402656    0    0     0   100 40268 243208  5  5 90  0  0
 8  0      0 391083200      0 402732    0    0    60     4 42361 237450  6  5 90  0  0
 7  0      0 391080896      0 402736    0    0     0    16 40223 232287  6  5 89  0  0
 9  0      0 391080544      0 402748    0    0     0     0 40485 235190  5  5 90  0  0
 8  0      0 391077152      0 402752    0    0     0     0 41749 242967  5  5 90  0  0
 8  0      0 391076864      0 402764    0    0     0     4 40403 237218  5  5 90  0  0
 7  0      0 391078592      0 402768    0    0     0    44 39436 241895  5  5 90  0  0
 6  0      0 391077088      0 402780    0    0     0     4 44282 229769  5  5 90  0  0
 6  0      0 391076224      0 402784    0    0     0    28 44604 236321  5  5 90  0  0
 5  0      0 391074944      0 402864    0    0     0     0 42378 236316  5  5 90  0  0
 7  0      0 391074496      0 402872    0    0     0     0 42392 232555  5  5 90  0  0
 7  0      0 391076160      0 402880    0    0     0     4 41779 228935  5  5 90  0  0
 5  0      0 391076384      0 402888    0    0     0    48 41869 238947  5  5 90  0  0
 9  0      0 391072032      0 402896    0    0     0     0 40330 244684  5  5 90  0  0
 7  0      0 391075360      0 402904    0    0     0     0 41535 243634  5  5 90  0  0
 1  0      0 391074656      0 402912    0    0     0    16 38740 239991  5  5 90  0  0
procs -----------memory---------- ---swap-- -----io---- -system-- ------cpu-----
 r  b   swpd   free   buff  cache   si   so    bi    bo   in   cs us sy id wa st
 7  0      0 391073216      0 402920    0    0     0     0 43892 238153  5  5 90  0  0
 8  0      0 391071136      0 402932    0    0     0     4 42852 242841  5  5 90  0  0
12  0      0 391067456      0 402940    0    0     0    44 42739 248173  5  5 90  0  0
 7  0      0 391064000      0 403016    0    0     0     0 42334 242388  5  5 90  0  0
 6  0      0 391066112      0 403024    0    0     0   284 46494 235080  5  5 90  0  0
 6  0      0 391065216      0 403032    0    0     0    20 42695 244380  5  5 90  0  0
 5  0      0 391065248      0 403040    0    0     0     0 41029 249513  5  5 90  0  0
 6  0      0 391065472      0 403048    0    0     0     4 41803 239625  5  5 90  0  0
 8  0      0 391069504      0 403056    0    0     0   248 39931 241608  5  5 90  0  0
 7  0      0 391067392      0 403064    0    0     0     0 40910 248701  5  5 90  0  0
 7  0      0 391068448      0 403076    0    0     0    16 40500 248805  5  5 90  0  0
 7  0      0 391067072      0 403080    0    0     0     0 40663 248991  5  5 90  0  0
13  0      0 391068256      0 403092    0    0     0   204 46723 231164  5  5 90  0  0
 6  0      0 391066080      0 403604    0    0     0   148 48017 227019  5  5 90  0  0
 7  0      0 391065920      0 403552    0    0     4    52 47216 224040  5  5 90  0  0
 0  0      0 391052544      0 403808    0    0    16     0 26754 127869  4  3 94  0  0
 0  0      0 391048928      0 403656    0    0     4     0  643  938  0  0 100  0  0
 0  0      0 391189536      0 403532    0    0     0    16  403  475  0  0 100  0  0
 0  0      0 391187904      0 403476    0    0     0     0  582  559  0  0 100  0  0
 0  0      0 391187136      0 403484    0    0    36     4  639  519  0  0 100  0  0
