procs -----------memory---------- ---swap-- -----io---- -system-- ------cpu-----
 r  b   swpd   free   buff  cache   si   so    bi    bo   in   cs us sy id wa st
 1  0      0 390500576      0 329644    0    0     1     1    0    0  0  0 100  0  0
 0  0      0 390449984      0 375948    0    0 46200   948 3556 4598  0  0 99  0  0
 1  0      0 390431232      0 376064    0    0    48     0 6262 3409  0  0 99  0  0
 3  0      0 390408512      0 377824    0    0  1836     0 6748 4821  1  1 98  0  0
 3  0      0 390412800      0 394540    0    0 18632    12 5273 6977  3  0 97  0  0
 2  0      0 390408128      0 405492    0    0  9976    32 4366 4628  2  0 97  0  0
 0  0      0 390403840      0 407572    0    0  1224     8 1038  835  1  0 99  0  0
65  0      0 390299936      0 409928    0    0  2420   668 10234 21782  4  0 96  0  0
22  0      0 390192480      0 410952    0    0   772     4 9789 19448  6  1 93  0  0
24  0      0 390110432      0 410960    0    0     0     0 8954 24585  6  1 93  0  0
24  0      0 390038880      0 410976    0    0    12   512 9879 32893  7  1 92  0  0
31  0      0 389978944      0 411120    0    0    24    44 11786 44622  7  1 92  0  0
20  0      0 389967168      0 411184    0    0    56     4 13985 61796  6  2 92  0  0
25  0      0 389890592      0 411248    0    0    52     4 16842 70662  6  2 92  0  0
23  0      0 389862944      0 411252    0    0     0     8 17603 73183  6  2 92  0  0
 6  0      0 389859872      0 411260    0    0     0     0 19205 80964  5  2 92  0  0
22  0      0 389853600      0 411268    0    0     0     4 17570 74914  5  2 93  0  0
16  0      0 389853088      0 411272    0    0     0    40 19647 82374  5  2 92  0  0
20  0      0 389850112      0 411284    0    0     0     4 19560 81648  5  3 92  0  0
27  0      0 389848000      0 411288    0    0     0     8 20543 85187  5  3 92  0  0
30  0      0 389846048      0 411296    0    0     0    72 21191 82296  5  2 92  0  0
procs -----------memory---------- ---swap-- -----io---- -system-- ------cpu-----
 r  b   swpd   free   buff  cache   si   so    bi    bo   in   cs us sy id wa st
21  0      0 389842592      0 411300    0    0     0     0 21491 81906  5  2 92  0  0
33  0      0 389841440      0 411376    0    0     0     4 21409 87402  5  3 92  0  0
26  0      0 389841024      0 411376    0    0     0    40 20772 85796  5  3 92  0  0
29  0      0 389840960      0 411376    0    0     0     4 20641 85984  5  3 92  0  0
34  0      0 389839776      0 411444    0    0     0     0 21511 86610  5  3 92  0  0
26  0      0 389838304      0 411444    0    0     0     4 22438 90842  5  3 92  0  0
36  0      0 389836352      0 411444    0    0     0     0 22765 92454  5  3 92  0  0
28  0      0 389835424      0 411444    0    0    40    48 24012 96298  5  3 92  0  0
29  0      0 389837248      0 411444    0    0     0    44 23223 88189  5  3 92  0  0
31  0      0 389834784      0 411444    0    0     0    80 28707 107645  5  3 92  0  0
20  0      0 389835328      0 411428    0    0     0   100 32005 111422  5  3 92  0  0
15  0      0 389833792      0 411428    0    0     0   276 29049 112788  5  3 92  0  0
27  0      0 389833920      0 411500    0    0     0     4 30623 118877  5  4 92  0  0
22  0      0 389832704      0 411512    0    0     0     4 28063 113179  5  3 92  0  0
30  0      0 389830080      0 411588    0    0     0    40 30397 122538  5  4 92  0  0
14  0      0 389829376      0 411596    0    0     0     4 33691 126740  4  4 92  0  0
34  0      0 389811872      0 411600    0    0     0     0 30331 124590  5  4 91  0  0
40  0      0 389812224      0 411608    0    0    24   312 32736 131835  4  4 91  0  0
30  0      0 389812384      0 411612    0    0     0     0 31407 132687  4  4 91  0  0
24  0      0 389813280      0 411620    0    0     0    80 32207 137486  4  4 91  0  0
27  0      0 389811648      0 411628    0    0     0    44 32709 143345  4  4 91  0  0
procs -----------memory---------- ---swap-- -----io---- -system-- ------cpu-----
 r  b   swpd   free   buff  cache   si   so    bi    bo   in   cs us sy id wa st
28  0      0 389808800      0 411632    0    0     0     4 34989 148677  4  5 91  0  0
22  0      0 389809952      0 411464    0    0     0    12 36312 149204  4  5 91  0  0
27  0      0 389809856      0 411368    0    0     0     0 37013 155568  4  5 91  0  0
19  0      0 389810112      0 411436    0    0     0     0 32827 157348  4  5 91  0  0
27  0      0 389810272      0 411436    0    0     0     4 29805 161651  4  5 91  0  0
36  0      0 389810880      0 411436    0    0     0    40 31273 161605  4  5 91  0  0
21  0      0 389809504      0 411436    0    0     0     8 31077 161363  4  5 91  0  0
33  0      0 389807680      0 411436    0    0     0     0 31444 166030  4  5 91  0  0
29  0      0 389806016      0 411436    0    0     0    80 31050 165087  4  5 91  0  0
27  0      0 389803296      0 411436    0    0     0     0 30583 164767  4  5 91  0  0
36  0      0 389802048      0 411436    0    0     0     8 30588 167149  4  5 91  0  0
33  0      0 389799040      0 411436    0    0     0    40 30559 165884  4  5 91  0  0
24  0      0 389795680      0 411512    0    0     0     4 30246 166704  4  5 91  0  0
41  0      0 389794528      0 411520    0    0     0     0 30148 161765  4  5 91  0  0
33  0      0 389792384      0 411524    0    0     0     8 30829 168652  4  5 91  0  0
35  0      0 389791232      0 411532    0    0     0     0 40236 172761  4  6 90  0  0
32  0      0 389795584      0 411536    0    0     0    20 34633 178673  4  6 90  0  0
35  0      0 389795424      0 411548    0    0     0    44 33287 180616  4  6 90  0  0
38  0      0 389791456      0 411552    0    0     0    76 33865 181473  4  6 90  0  0
23  0      0 389785728      0 411560    0    0     0   320 32806 179968  4  6 90  0  0
26  0      0 389786976      0 411564    0    0     0   116 33912 183098  4  6 90  0  0
procs -----------memory---------- ---swap-- -----io---- -system-- ------cpu-----
 r  b   swpd   free   buff  cache   si   so    bi    bo   in   cs us sy id wa st
41  0      0 389782912      0 411572    0    0     0     0 34169 183310  3  6 90  0  0
46  0      0 389781952      0 411648    0    0     0     4 34946 185447  3  6 90  0  0
32  0      0 389779904      0 412204    0    0     0    40 35600 185188  4  6 90  0  0
41  0      0 389777536      0 412212    0    0     0     4 34917 184493  4  6 90  0  0
25  0      0 389776480      0 412220    0    0     0     8 35482 185132  3  6 90  0  0
48  0      0 389780000      0 412228    0    0     0     0 35040 185321  3  6 90  0  0
32  0      0 389776896      0 412236    0    0    20    12 34812 184729  3  6 90  0  0
34  0      0 389773632      0 412244    0    0     0   536 34237 181863  3  6 91  0  0
39  0      0 389770784      0 412252    0    0     0    44 35555 186636  3  6 90  0  0
25  0      0 389768544      0 412256    0    0     0     4 35438 185883  3  6 90  0  0
31  0      0 389766656      0 412328    0    0     0     0 35245 186175  4  6 90  0  0
37  0      0 389763456      0 412332    0    0     0     4 35510 185987  3  6 90  0  0
38  0      0 389760320      0 412528    0    0     0     0 35443 185258  4  6 90  0  0
40  0      0 389757824      0 412528    0    0     0     4 35926 186629  3  6 90  0  0
36  0      0 389754016      0 412528    0    0     0    40 35435 186836  3  6 90  0  0
29  0      0 389751168      0 412528    0    0     0     8 35846 186506  4  6 90  0  0
34  0      0 389748512      0 412528    0    0     0     0 35865 186189  3  6 90  0  0
43  0      0 389746496      0 412528    0    0     0    80 34771 185186  3  6 90  0  0
27  0      0 389744640      0 412528    0    0     0     0 36592 187593  3  6 90  0  0
28  0      0 389740832      0 412528    0    0     0     4 36466 189173  3  6 90  0  0
33  0      0 389736000      0 412528    0    0     0    40 35748 187531  4  6 90  0  0
procs -----------memory---------- ---swap-- -----io---- -system-- ------cpu-----
 r  b   swpd   free   buff  cache   si   so    bi    bo   in   cs us sy id wa st
46  0      0 389734848      0 412528    0    0     0     4 35920 188323  3  6 90  0  0
26  0      0 389737440      0 412608    0    0     0     8 36879 189515  3  6 90  0  0
35  0      0 389737792      0 412620    0    0     0     0 36008 187600  3  6 90  0  0
31  0      0 389736640      0 412628    0    0     0     0 36628 189533  3  6 90  0  0
17  0      0 389737120      0 412632    0    0     0     4 35751 188753  3  6 90  0  0
47  0      0 389735040      0 412640    0    0     0    56 36030 188287  4  6 90  0  0
40  0      0 389734912      0 412644    0    0     0    84 35277 184238  3  6 90  0  0
36  0      0 389735360      0 412656    0    0     0   128 35260 185129  3  6 90  0  0
42  0      0 389736160      0 412660    0    0     0    16 36995 190185  3  6 90  0  0
38  0      0 389735744      0 412668    0    0     0     0 36957 189325  3  6 90  0  0
26  0      0 389735424      0 412672    0    0     0     4 36464 188698  3  6 90  0  0
33  0      0 389736160      0 412752    0    0     0    40 36501 189084  3  6 90  0  0
38  0      0 389735296      0 412752    0    0     0     4 36777 190702  3  6 90  0  0
41  0      0 389735680      0 412752    0    0     0     0 36831 189468  3  6 90  0  0
23  0      0 389734816      0 412752    0    0     0     4 36438 190064  3  6 90  0  0
34  0      0 389735616      0 412752    0    0     0    12 36477 189070  3  6 90  0  0
36  0      0 389735616      0 412752    0    0     0    84 36943 188785  3  6 90  0  0
29  0      0 389735936      0 412752    0    0     0    40 37163 188883  3  6 90  0  0
33  0      0 389735328      0 412752    0    0     0     4 36541 188981  3  6 90  0  0
34  0      0 389736064      0 412752    0    0     0     8 36425 188142  3  6 90  0  0
34  0      0 389736960      0 412752    0    0     8     0 36905 189623  3  6 90  0  0
procs -----------memory---------- ---swap-- -----io---- -system-- ------cpu-----
 r  b   swpd   free   buff  cache   si   so    bi    bo   in   cs us sy id wa st
51  0      0 389741952      0 412784    0    0     0     0 47829 183298  3  7 90  0  0
32  0      0 389748576      0 412928    0    0     0     4 47622 182067  3  7 90  0  0
40  0      0 389748032      0 412940    0    0     0    44 37406 188578  3  6 90  0  0
35  0      0 389748960      0 412944    0    0     0     4 36718 189605  3  6 90  0  0
31  0      0 389747776      0 412952    0    0     0     8 36233 189751  3  6 90  0  0
28  0      0 389749792      0 412956    0    0     0    76 43900 185567  3  6 90  0  0
32  0      0 389749984      0 412964    0    0     0     0 37912 189960  3  6 90  0  0
33  0      0 389750240      0 412972    0    0     0     4 36133 186052  3  6 90  0  0
44  0      0 389750720      0 412976    0    0     0    40 36122 187287  3  6 90  0  0
38  0      0 389750624      0 412984    0    0     0     4 37895 189278  3  6 90  0  0
20  0      0 389751168      0 413060    0    0     0     0 37269 188793  3  6 90  0  0
24  0      0 389750176      0 413068    0    0     0     8 36739 189100  3  6 90  0  0
20  0      0 389750624      0 413072    0    0     0     0 37259 188467  3  6 90  0  0
25  0      0 389751296      0 413080    0    0     0     4 37625 189801  3  6 90  0  0
23  0      0 389748352      0 413088    0    0     0    44 35613 183330  4  6 90  0  0
41  0      0 389749376      0 413092    0    0     0    92 35931 186882  4  6 90  0  0
38  0      0 389749600      0 413100    0    0     0    24 36734 186956  3  6 90  0  0
41  0      0 389748320      0 413104    0    0     0    28 37181 189147  3  6 90  0  0
14  0      0 389747744      0 413116    0    0     0     0 36758 189546  3  6 90  0  0
18  0      0 389747424      0 413120    0    0     0     4 37047 189175  3  6 90  0  0
27  0      0 389747392      0 413632    0    0     0    40 37178 190076  3  6 90  0  0
procs -----------memory---------- ---swap-- -----io---- -system-- ------cpu-----
 r  b   swpd   free   buff  cache   si   so    bi    bo   in   cs us sy id wa st
35  0      0 389747200      0 413636    0    0     0     4 37124 188956  3  6 90  0  0
34  0      0 389746624      0 413660    0    0     0     8 36561 188227  3  6 90  0  0
43  0      0 389747200      0 413660    0    0     0     0 37033 188563  3  6 90  0  0
46  0      0 389746208      0 413660    0    0     0     0 35570 187957  3  6 90  0  0
53  0      0 389746912      0 413660    0    0     0   544 36659 188743  3  6 90  0  0
39  0      0 389747744      0 413660    0    0     0    40 36902 189329  3  6 90  0  0
33  0      0 389747776      0 413660    0    0     0     8 37045 190219  3  6 90  0  0
 0  0      0 389731200      0 413916    0    0    56     0 15846 75105  3  2 95  0  0
 0  0      0 389994592      0 413784    0    0    32     8  413  434  0  0 100  0  0
 0  0      0 389995104      0 413852    0    0     0     0  322  297  0  0 100  0  0
 0  0      0 389995104      0 413852    0    0     0     4  232  346  0  0 100  0  0
 0  0      0 389995104      0 413852    0    0     0    44  150  234  0  0 100  0  0
 0  0      0 389994848      0 413864    0    0     0     4  217  277  0  0 100  0  0
 0  0      0 389994848      0 413876    0    0     0     4  164  230  0  0 100  0  0
 0  0      0 389995104      0 413880    0    0     0    80  255  362  0  0 100  0  0
 0  0      0 389995360      0 413888    0    0     0     0  168  227  0  0 100  0  0
 0  0      0 389995840      0 413896    0    0     0     4  190  262  0  0 100  0  0
 0  0      0 389995840      0 413900    0    0     0    40  219  274  0  0 100  0  0
 0  0      0 389996096      0 413908    0    0     0     4  269  358  0  0 100  0  0
 0  0      0 389996352      0 413912    0    0     0     0  483  344  0  0 100  0  0
 0  0      0 389996608      0 413920    0    0     0     4  169  216  0  0 100  0  0
procs -----------memory---------- ---swap-- -----io---- -system-- ------cpu-----
 r  b   swpd   free   buff  cache   si   so    bi    bo   in   cs us sy id wa st
 0  0      0 389996608      0 413928    0    0     0     0  152  204  0  0 100  0  0
 0  0      0 389996608      0 413936    0    0     0     4  246  356  0  0 100  0  0
 0  0      0 389996608      0 414012    0    0     0    40  190  232  0  0 100  0  0
 0  0      0 389996864      0 414020    0    0     0   100  177  226  0  0 100  0  0
 0  0      0 389997120      0 414032    0    0     0    48  168  240  0  0 100  0  0
 0  0      0 389997632      0 414036    0    0     0     8  233  344  0  0 100  0  0
 0  0      0 389997632      0 414044    0    0     0     4  165  218  0  0 100  0  0
 0  0      0 389997632      0 414048    0    0     0     8  175  220  0  0 100  0  0
 0  0      0 389997632      0 414128    0    0     0    44  349  288  0  0 100  0  0
 0  0      0 389997632      0 414132    0    0     0     4  234  342  0  0 100  0  0
 0  0      0 389997632      0 414140    0    0     0     0  191  244  0  0 100  0  0
 0  0      0 389997632      0 414148    0    0     0     8  174  240  0  0 100  0  0
 0  0      0 389997856      0 414152    0    0     0     0  158  229  0  0 100  0  0
 0  0      0 389998368      0 414160    0    0     0    76  241  370  0  0 100  0  0
 0  0      0 389998368      0 414164    0    0     0    40  201  228  0  0 100  0  0
 0  0      0 389998880      0 414172    0    0     0     4  161  223  0  0 100  0  0
 0  0      0 390000608      0 414180    0    0     0     4  653  575  0  0 100  0  0
 2  0      0 389991072      0 414188    0    0     0     8  771 1440  0  0 100  0  0
 2  0      0 389978368      0 414224    0    0     0     0 3799 5033  4  0 96  0  0
 3  0      0 389916160      0 414364    0    0    20   372 3103 3257  3  0 97  0  0
 0  0      0 389911104      0 414340    0    0     0    44  592  536  0  0 100  0  0
procs -----------memory---------- ---swap-- -----io---- -system-- ------cpu-----
 r  b   swpd   free   buff  cache   si   so    bi    bo   in   cs us sy id wa st
21  0      0 389887904      0 414448    0    0     0     4 20847 106119  5  3 91  0  0
25  0      0 389882400      0 414460    0    0     0     4 30052 165364  6  6 89  0  0
30  0      0 389879072      0 414532    0    0     0    76 29167 172451  5  6 89  0  0
19  0      0 389875200      0 414532    0    0     0     0 34272 184271  4  6 90  0  0
27  0      0 389876192      0 414532    0    0     0     4 34641 183816  4  6 90  0  0
36  0      0 389879520      0 414532    0    0     0    40 41233 182382  3  6 90  0  0
29  0      0 389880064      0 414532    0    0     0    12 36760 184304  4  6 90  0  0
30  0      0 389882912      0 414600    0    0     0     8 37211 186642  3  6 90  0  0
42  0      0 389883744      0 414600    0    0     0     0 36385 186485  3  6 90  0  0
33  0      0 389883968      0 414600    0    0     0     0 35699 187012  4  6 90  0  0
19  0      0 389884608      0 414600    0    0     0     4 35637 186481  4  6 90  0  0
16  0      0 389885184      0 414600    0    0     0    40 43602 182205  3  6 90  0  0
32  0      0 389883648      0 414600    0    0     0    76 38110 185938  4  6 90  0  0
27  0      0 389882592      0 414680    0    0     0    12 34999 180951  4  6 90  0  0
26  0      0 389880480      0 414688    0    0     0   160 36221 186859  3  6 90  0  0
41  0      0 389880576      0 414696    0    0     0    32 34388 179505  3  6 90  0  0
34  0      0 389877280      0 414700    0    0     0     4 33839 181655  3  6 90  0  0
38  0      0 389877568      0 415212    0    0     0    44 36238 188264  4  6 90  0  0
35  0      0 389873504      0 415216    0    0     0     4 35636 188292  3  6 90  0  0
39  0      0 389872224      0 415228    0    0     0     0 35547 188005  3  6 90  0  0
21  0      0 389871232      0 415232    0    0     0     8 35944 188531  3  6 90  0  0
procs -----------memory---------- ---swap-- -----io---- -system-- ------cpu-----
 r  b   swpd   free   buff  cache   si   so    bi    bo   in   cs us sy id wa st
31  0      0 389874624      0 415240    0    0     0     0 35845 189256  3  6 90  0  0
46  0      0 389874624      0 415248    0    0     0   528 34488 187934  3  6 90  0  0
44  0      0 389874016      0 415260    0    0     0    40 37642 187064  3  6 90  0  0
44  0      0 389874208      0 415260    0    0     0     4 35395 187814  3  6 90  0  0
34  0      0 389871616      0 415260    0    0     0     4 35690 188765  3  6 90  0  0
34  0      0 389871648      0 415260    0    0     0     0 35932 188958  3  6 90  0  0
29  0      0 389871104      0 415328    0    0     0     0 36292 189434  4  6 90  0  0
23  0      0 389867776      0 415328    0    0    12   208 36346 188876  3  6 90  0  0
40  0      0 389861984      0 415328    0    0     0    40 35237 188476  3  6 90  0  0
29  0      0 389857536      0 415328    0    0     0     4 35057 188842  3  6 90  0  0
38  0      0 389853920      0 415328    0    0     0     4 35350 189321  3  6 90  0  0
39  0      0 389849888      0 415328    0    0     0    80 35779 189085  3  6 90  0  0
44  0      0 389847776      0 415328    0    0     0     0 35775 188117  3  6 90  0  0
22  0      0 389845760      0 415404    0    0     0   108 34052 182200  3  6 90  0  0
40  0      0 389844960      0 415416    0    0     0    44 35870 187106  3  6 90  0  0
 0  0      0 389832640      0 415632    0    0    76     4 12120 57925  2  2 96  0  0
 0  0      0 390006304      0 415344    0    0     0     0 1244 1148  0  0 100  0  0
 0  0      0 390005568      0 415352    0    0     0     8  581  502  0  0 100  0  0
